01F01L01|http://webapps.fitzmuseum.cam.ac.uk/wndev/assets/01/01F01L01/.jpg|404 
01P001L01|http://webapps.fitzmuseum.cam.ac.uk/wndev/assets/01/01P001L01/.jpg|404 
01P001L12|http://webapps.fitzmuseum.cam.ac.uk/wndev/assets/01/01P001L12/.jpg|404 
01P001L17|http://webapps.fitzmuseum.cam.ac.uk/wndev/assets/01/01P001L17/.jpg|404 
01P002L01|http://webapps.fitzmuseum.cam.ac.uk/wndev/assets/01/01P002L01/.jpg|404 
01P002L11|http://webapps.fitzmuseum.cam.ac.uk/wndev/assets/01/01P002L11/.jpg|404 
01P002L13|http://webapps.fitzmuseum.cam.ac.uk/wndev/assets/01/01P002L13/.jpg|404 
01P003L01|http://webapps.fitzmuseum.cam.ac.uk/wndev/assets/01/01P003L01/.jpg|404 
01P003L03|http://webapps.fitzmuseum.cam.ac.uk/wndev/assets/01/01P003L03/.jpg|404 
01P003L08|http://webapps.fitzmuseum.cam.ac.uk/wndev/assets/01/01P003L08/.jpg|404 
01P003L09|http://webapps.fitzmuseum.cam.ac.uk/wndev/assets/01/01P003L09/.jpg|404 
01P004L01|http://webapps.fitzmuseum.cam.ac.uk/wndev/assets/01/01P004L01/.jpg|404 
01P004L05|http://webapps.fitzmuseum.cam.ac.uk/wndev/assets/01/01P004L05/.jpg|404 
01P004L09|http://webapps.fitzmuseum.cam.ac.uk/wndev/assets/01/01P004L09/.jpg|404 
01P004L11|http://webapps.fitzmuseum.cam.ac.uk/wndev/assets/01/01P004L11/.jpg|404 
01P004L15|http://webapps.fitzmuseum.cam.ac.uk/wndev/assets/01/01P004L15/.jpg|404 
01P004L19|http://webapps.fitzmuseum.cam.ac.uk/wndev/assets/01/01P004L19/.jpg|404 
01P005L01|http://webapps.fitzmuseum.cam.ac.uk/wndev/assets/01/01P005L01/.jpg|404 
01P005L05|http://webapps.fitzmuseum.cam.ac.uk/wndev/assets/01/01P005L05/.jpg|404 
01P005L07|http://webapps.fitzmuseum.cam.ac.uk/wndev/assets/01/01P005L07/.jpg|404 
01P005L10|http://webapps.fitzmuseum.cam.ac.uk/wndev/assets/01/01P005L10/.jpg|404 
01P005L14|http://webapps.fitzmuseum.cam.ac.uk/wndev/assets/01/01P005L14/.jpg|404 
01P005L15|http://webapps.fitzmuseum.cam.ac.uk/wndev/assets/01/01P005L15/.jpg|404 
01P005L18|http://webapps.fitzmuseum.cam.ac.uk/wndev/assets/01/01P005L18/.jpg|404 
01P006L01|http://webapps.fitzmuseum.cam.ac.uk/wndev/assets/01/01P006L01/.jpg|404 
01P006L04|http://webapps.fitzmuseum.cam.ac.uk/wndev/assets/01/01P006L04/.jpg|404 
01P006L07|http://webapps.fitzmuseum.cam.ac.uk/wndev/assets/01/01P006L07/.jpg|404 
01P006L08|http://webapps.fitzmuseum.cam.ac.uk/wndev/assets/01/01P006L08/.jpg|404 
01P006L09|http://webapps.fitzmuseum.cam.ac.uk/wndev/assets/01/01P006L09/.jpg|404 
01P006L10|http://webapps.fitzmuseum.cam.ac.uk/wndev/assets/01/01P006L10/.jpg|404 
01P006L11|http://webapps.fitzmuseum.cam.ac.uk/wndev/assets/01/01P006L11/.jpg|404 
01P006L16|http://webapps.fitzmuseum.cam.ac.uk/wndev/assets/01/01P006L16/.jpg|404 
01P006L17|http://webapps.fitzmuseum.cam.ac.uk/wndev/assets/01/01P006L17/.jpg|404 
01P006L19|http://webapps.fitzmuseum.cam.ac.uk/wndev/assets/01/01P006L19/.jpg|404 
01P007L01|http://webapps.fitzmuseum.cam.ac.uk/wndev/assets/01/01P007L01/.jpg|404 
01P007L08|http://webapps.fitzmuseum.cam.ac.uk/wndev/assets/01/01P007L08/.jpg|404 
01P007L15|http://webapps.fitzmuseum.cam.ac.uk/wndev/assets/01/01P007L15/.jpg|404 
01P007L18|http://webapps.fitzmuseum.cam.ac.uk/wndev/assets/01/01P007L18/.jpg|404 
01P008L01|http://webapps.fitzmuseum.cam.ac.uk/wndev/assets/01/01P008L01/.jpg|404 
01P008L03|http://webapps.fitzmuseum.cam.ac.uk/wndev/assets/01/01P008L03/.jpg|404 
01P008L05|http://webapps.fitzmuseum.cam.ac.uk/wndev/assets/01/01P008L05/.jpg|404 
01P008L10|http://webapps.fitzmuseum.cam.ac.uk/wndev/assets/01/01P008L10/.jpg|404 
01P008L13|http://webapps.fitzmuseum.cam.ac.uk/wndev/assets/01/01P008L13/.jpg|404 
01P008L15|http://webapps.fitzmuseum.cam.ac.uk/wndev/assets/01/01P008L15/.jpg|404 
01P009L01|http://webapps.fitzmuseum.cam.ac.uk/wndev/assets/01/01P009L01/.jpg|404 
01P009L03|http://webapps.fitzmuseum.cam.ac.uk/wndev/assets/01/01P009L03/.jpg|404 
01P009L06|http://webapps.fitzmuseum.cam.ac.uk/wndev/assets/01/01P009L06/.jpg|404 
01P010L01|http://webapps.fitzmuseum.cam.ac.uk/wndev/assets/01/01P010L01/.jpg|404 
01P010L03|http://webapps.fitzmuseum.cam.ac.uk/wndev/assets/01/01P010L03/.jpg|404 
01P010L05|http://webapps.fitzmuseum.cam.ac.uk/wndev/assets/01/01P010L05/.jpg|404 
01P010L07|http://webapps.fitzmuseum.cam.ac.uk/wndev/assets/01/01P010L07/.jpg|404 
01P010L09|http://webapps.fitzmuseum.cam.ac.uk/wndev/assets/01/01P010L09/.jpg|404 
01P010L14|http://webapps.fitzmuseum.cam.ac.uk/wndev/assets/01/01P010L14/.jpg|404 
01P010L19|http://webapps.fitzmuseum.cam.ac.uk/wndev/assets/01/01P010L19/.jpg|404 
01P011L01|http://webapps.fitzmuseum.cam.ac.uk/wndev/assets/01/01P011L01/.jpg|404 
01P011L05|http://webapps.fitzmuseum.cam.ac.uk/wndev/assets/01/01P011L05/.jpg|404 
01P011L07|http://webapps.fitzmuseum.cam.ac.uk/wndev/assets/01/01P011L07/.jpg|404 
01P011L13|http://webapps.fitzmuseum.cam.ac.uk/wndev/assets/01/01P011L13/.jpg|404 
01P011L15|http://webapps.fitzmuseum.cam.ac.uk/wndev/assets/01/01P011L15/.jpg|404 
01P011L21|http://webapps.fitzmuseum.cam.ac.uk/wndev/assets/01/01P011L21/.jpg|404 
01F01L01|http://webapps.fitzmuseum.cam.ac.uk/wndev/assets/01/01F01L01/.jpg|404 
01P001L01|http://webapps.fitzmuseum.cam.ac.uk/wndev/assets/01/01P001L01/.jpg|404 
01P001L12|http://webapps.fitzmuseum.cam.ac.uk/wndev/assets/01/01P001L12/.jpg|404 
01P001L17|http://webapps.fitzmuseum.cam.ac.uk/wndev/assets/01/01P001L17/.jpg|404 
01P002L01|http://webapps.fitzmuseum.cam.ac.uk/wndev/assets/01/01P002L01/.jpg|404 
01P002L11|http://webapps.fitzmuseum.cam.ac.uk/wndev/assets/01/01P002L11/.jpg|404 
01P002L13|http://webapps.fitzmuseum.cam.ac.uk/wndev/assets/01/01P002L13/.jpg|404 
01P003L01|http://webapps.fitzmuseum.cam.ac.uk/wndev/assets/01/01P003L01/.jpg|404 
01P003L03|http://webapps.fitzmuseum.cam.ac.uk/wndev/assets/01/01P003L03/.jpg|404 
01P003L08|http://webapps.fitzmuseum.cam.ac.uk/wndev/assets/01/01P003L08/.jpg|404 
01P003L09|http://webapps.fitzmuseum.cam.ac.uk/wndev/assets/01/01P003L09/.jpg|404 
01P004L01|http://webapps.fitzmuseum.cam.ac.uk/wndev/assets/01/01P004L01/.jpg|404 
01P004L05|http://webapps.fitzmuseum.cam.ac.uk/wndev/assets/01/01P004L05/.jpg|404 
01P004L09|http://webapps.fitzmuseum.cam.ac.uk/wndev/assets/01/01P004L09/.jpg|404 
01P004L11|http://webapps.fitzmuseum.cam.ac.uk/wndev/assets/01/01P004L11/.jpg|404 
01P004L15|http://webapps.fitzmuseum.cam.ac.uk/wndev/assets/01/01P004L15/.jpg|404 
01P004L19|http://webapps.fitzmuseum.cam.ac.uk/wndev/assets/01/01P004L19/.jpg|404 
01P005L01|http://webapps.fitzmuseum.cam.ac.uk/wndev/assets/01/01P005L01/.jpg|404 
01P005L05|http://webapps.fitzmuseum.cam.ac.uk/wndev/assets/01/01P005L05/.jpg|404 
01P005L07|http://webapps.fitzmuseum.cam.ac.uk/wndev/assets/01/01P005L07/.jpg|404 
01P005L10|http://webapps.fitzmuseum.cam.ac.uk/wndev/assets/01/01P005L10/.jpg|404 
01P005L14|http://webapps.fitzmuseum.cam.ac.uk/wndev/assets/01/01P005L14/.jpg|404 
01P005L15|http://webapps.fitzmuseum.cam.ac.uk/wndev/assets/01/01P005L15/.jpg|404 
01P005L18|http://webapps.fitzmuseum.cam.ac.uk/wndev/assets/01/01P005L18/.jpg|404 
01P006L01|http://webapps.fitzmuseum.cam.ac.uk/wndev/assets/01/01P006L01/.jpg|404 
01P006L04|http://webapps.fitzmuseum.cam.ac.uk/wndev/assets/01/01P006L04/.jpg|404 
01P006L07|http://webapps.fitzmuseum.cam.ac.uk/wndev/assets/01/01P006L07/.jpg|404 
01P006L08|http://webapps.fitzmuseum.cam.ac.uk/wndev/assets/01/01P006L08/.jpg|404 
01P006L09|http://webapps.fitzmuseum.cam.ac.uk/wndev/assets/01/01P006L09/.jpg|404 
01P006L10|http://webapps.fitzmuseum.cam.ac.uk/wndev/assets/01/01P006L10/.jpg|404 
01P006L11|http://webapps.fitzmuseum.cam.ac.uk/wndev/assets/01/01P006L11/.jpg|404 
01P006L16|http://webapps.fitzmuseum.cam.ac.uk/wndev/assets/01/01P006L16/.jpg|404 
01P006L17|http://webapps.fitzmuseum.cam.ac.uk/wndev/assets/01/01P006L17/.jpg|404 
01P006L19|http://webapps.fitzmuseum.cam.ac.uk/wndev/assets/01/01P006L19/.jpg|404 
01P007L01|http://webapps.fitzmuseum.cam.ac.uk/wndev/assets/01/01P007L01/.jpg|404 
01P007L08|http://webapps.fitzmuseum.cam.ac.uk/wndev/assets/01/01P007L08/.jpg|404 
01P007L15|http://webapps.fitzmuseum.cam.ac.uk/wndev/assets/01/01P007L15/.jpg|404 
01P007L18|http://webapps.fitzmuseum.cam.ac.uk/wndev/assets/01/01P007L18/.jpg|404 
01P008L01|http://webapps.fitzmuseum.cam.ac.uk/wndev/assets/01/01P008L01/.jpg|404 
01P008L03|http://webapps.fitzmuseum.cam.ac.uk/wndev/assets/01/01P008L03/.jpg|404 
01P008L05|http://webapps.fitzmuseum.cam.ac.uk/wndev/assets/01/01P008L05/.jpg|404 
01P008L10|http://webapps.fitzmuseum.cam.ac.uk/wndev/assets/01/01P008L10/.jpg|404 
01P008L13|http://webapps.fitzmuseum.cam.ac.uk/wndev/assets/01/01P008L13/.jpg|404 
01P008L15|http://webapps.fitzmuseum.cam.ac.uk/wndev/assets/01/01P008L15/.jpg|404 
01P009L01|http://webapps.fitzmuseum.cam.ac.uk/wndev/assets/01/01P009L01/.jpg|404 
01P009L03|http://webapps.fitzmuseum.cam.ac.uk/wndev/assets/01/01P009L03/.jpg|404 
01P009L06|http://webapps.fitzmuseum.cam.ac.uk/wndev/assets/01/01P009L06/.jpg|404 
01P010L01|http://webapps.fitzmuseum.cam.ac.uk/wndev/assets/01/01P010L01/.jpg|404 
01P010L03|http://webapps.fitzmuseum.cam.ac.uk/wndev/assets/01/01P010L03/.jpg|404 
01P010L05|http://webapps.fitzmuseum.cam.ac.uk/wndev/assets/01/01P010L05/.jpg|404 
01P010L07|http://webapps.fitzmuseum.cam.ac.uk/wndev/assets/01/01P010L07/.jpg|404 
01P010L09|http://webapps.fitzmuseum.cam.ac.uk/wndev/assets/01/01P010L09/.jpg|404 
01P010L14|http://webapps.fitzmuseum.cam.ac.uk/wndev/assets/01/01P010L14/.jpg|404 
01P010L19|http://webapps.fitzmuseum.cam.ac.uk/wndev/assets/01/01P010L19/.jpg|404 
01P011L01|http://webapps.fitzmuseum.cam.ac.uk/wndev/assets/01/01P011L01/.jpg|404 
01P011L05|http://webapps.fitzmuseum.cam.ac.uk/wndev/assets/01/01P011L05/.jpg|404 
01P011L07|http://webapps.fitzmuseum.cam.ac.uk/wndev/assets/01/01P011L07/.jpg|404 
01P011L13|http://webapps.fitzmuseum.cam.ac.uk/wndev/assets/01/01P011L13/.jpg|404 
01P011L15|http://webapps.fitzmuseum.cam.ac.uk/wndev/assets/01/01P011L15/.jpg|404 
01P011L21|http://webapps.fitzmuseum.cam.ac.uk/wndev/assets/01/01P011L21/.jpg|404 
01P012L01|http://webapps.fitzmuseum.cam.ac.uk/wndev/assets/01/01P012L01/.jpg|404 
01P012L04|http://webapps.fitzmuseum.cam.ac.uk/wndev/assets/01/01P012L04/.jpg|404 
01P012L11|http://webapps.fitzmuseum.cam.ac.uk/wndev/assets/01/01P012L11/.jpg|404 
01P012L13|http://webapps.fitzmuseum.cam.ac.uk/wndev/assets/01/01P012L13/.jpg|404 
01P012L16|http://webapps.fitzmuseum.cam.ac.uk/wndev/assets/01/01P012L16/.jpg|404 
01P012L17|http://webapps.fitzmuseum.cam.ac.uk/wndev/assets/01/01P012L17/.jpg|404 
01P013L01|http://webapps.fitzmuseum.cam.ac.uk/wndev/assets/01/01P013L01/.jpg|404 
01P013L03|http://webapps.fitzmuseum.cam.ac.uk/wndev/assets/01/01P013L03/.jpg|404 
01P013L06|http://webapps.fitzmuseum.cam.ac.uk/wndev/assets/01/01P013L06/.jpg|404 
01P013L08|http://webapps.fitzmuseum.cam.ac.uk/wndev/assets/01/01P013L08/.jpg|404 
01P013L10|http://webapps.fitzmuseum.cam.ac.uk/wndev/assets/01/01P013L10/.jpg|404 
01P013L13|http://webapps.fitzmuseum.cam.ac.uk/wndev/assets/01/01P013L13/.jpg|404 
01P013L15|http://webapps.fitzmuseum.cam.ac.uk/wndev/assets/01/01P013L15/.jpg|404 
01F01L01|http://webapps.fitzmuseum.cam.ac.uk/wndev/assets/01/01F01L01/.jpg|404 
01P001L01|http://webapps.fitzmuseum.cam.ac.uk/wndev/assets/01/01P001L01/.jpg|404 
01P001L12|http://webapps.fitzmuseum.cam.ac.uk/wndev/assets/01/01P001L12/.jpg|404 
01P001L17|http://webapps.fitzmuseum.cam.ac.uk/wndev/assets/01/01P001L17/.jpg|404 
01P002L01|http://webapps.fitzmuseum.cam.ac.uk/wndev/assets/01/01P002L01/.jpg|404 
01P002L11|http://webapps.fitzmuseum.cam.ac.uk/wndev/assets/01/01P002L11/.jpg|404 
01P002L13|http://webapps.fitzmuseum.cam.ac.uk/wndev/assets/01/01P002L13/.jpg|404 
01P003L01|http://webapps.fitzmuseum.cam.ac.uk/wndev/assets/01/01P003L01/.jpg|404 
01P003L03|http://webapps.fitzmuseum.cam.ac.uk/wndev/assets/01/01P003L03/.jpg|404 
01P003L08|http://webapps.fitzmuseum.cam.ac.uk/wndev/assets/01/01P003L08/.jpg|404 
01P003L09|http://webapps.fitzmuseum.cam.ac.uk/wndev/assets/01/01P003L09/.jpg|404 
01P004L01|http://webapps.fitzmuseum.cam.ac.uk/wndev/assets/01/01P004L01/.jpg|404 
01P004L05|http://webapps.fitzmuseum.cam.ac.uk/wndev/assets/01/01P004L05/.jpg|404 
01P004L09|http://webapps.fitzmuseum.cam.ac.uk/wndev/assets/01/01P004L09/.jpg|404 
01P004L11|http://webapps.fitzmuseum.cam.ac.uk/wndev/assets/01/01P004L11/.jpg|404 
01P004L15|http://webapps.fitzmuseum.cam.ac.uk/wndev/assets/01/01P004L15/.jpg|404 
01P004L19|http://webapps.fitzmuseum.cam.ac.uk/wndev/assets/01/01P004L19/.jpg|404 
01P005L01|http://webapps.fitzmuseum.cam.ac.uk/wndev/assets/01/01P005L01/.jpg|404 
01P005L05|http://webapps.fitzmuseum.cam.ac.uk/wndev/assets/01/01P005L05/.jpg|404 
01P005L07|http://webapps.fitzmuseum.cam.ac.uk/wndev/assets/01/01P005L07/.jpg|404 
01P005L10|http://webapps.fitzmuseum.cam.ac.uk/wndev/assets/01/01P005L10/.jpg|404 
01P005L14|http://webapps.fitzmuseum.cam.ac.uk/wndev/assets/01/01P005L14/.jpg|404 
01P005L15|http://webapps.fitzmuseum.cam.ac.uk/wndev/assets/01/01P005L15/.jpg|404 
01P005L18|http://webapps.fitzmuseum.cam.ac.uk/wndev/assets/01/01P005L18/.jpg|404 
01P006L01|http://webapps.fitzmuseum.cam.ac.uk/wndev/assets/01/01P006L01/.jpg|404 
01P006L04|http://webapps.fitzmuseum.cam.ac.uk/wndev/assets/01/01P006L04/.jpg|404 
01P006L07|http://webapps.fitzmuseum.cam.ac.uk/wndev/assets/01/01P006L07/.jpg|404 
01P006L08|http://webapps.fitzmuseum.cam.ac.uk/wndev/assets/01/01P006L08/.jpg|404 
01P006L09|http://webapps.fitzmuseum.cam.ac.uk/wndev/assets/01/01P006L09/.jpg|404 
01P006L10|http://webapps.fitzmuseum.cam.ac.uk/wndev/assets/01/01P006L10/.jpg|404 
01P006L11|http://webapps.fitzmuseum.cam.ac.uk/wndev/assets/01/01P006L11/.jpg|404 
01P006L16|http://webapps.fitzmuseum.cam.ac.uk/wndev/assets/01/01P006L16/.jpg|404 
01P006L17|http://webapps.fitzmuseum.cam.ac.uk/wndev/assets/01/01P006L17/.jpg|404 
01P006L19|http://webapps.fitzmuseum.cam.ac.uk/wndev/assets/01/01P006L19/.jpg|404 
01P007L01|http://webapps.fitzmuseum.cam.ac.uk/wndev/assets/01/01P007L01/.jpg|404 
01P007L08|http://webapps.fitzmuseum.cam.ac.uk/wndev/assets/01/01P007L08/.jpg|404 
01P007L15|http://webapps.fitzmuseum.cam.ac.uk/wndev/assets/01/01P007L15/.jpg|404 
01P007L18|http://webapps.fitzmuseum.cam.ac.uk/wndev/assets/01/01P007L18/.jpg|404 
01P008L01|http://webapps.fitzmuseum.cam.ac.uk/wndev/assets/01/01P008L01/.jpg|404 
01P008L03|http://webapps.fitzmuseum.cam.ac.uk/wndev/assets/01/01P008L03/.jpg|404 
01P008L05|http://webapps.fitzmuseum.cam.ac.uk/wndev/assets/01/01P008L05/.jpg|404 
01P008L10|http://webapps.fitzmuseum.cam.ac.uk/wndev/assets/01/01P008L10/.jpg|404 
01P008L13|http://webapps.fitzmuseum.cam.ac.uk/wndev/assets/01/01P008L13/.jpg|404 
01P008L15|http://webapps.fitzmuseum.cam.ac.uk/wndev/assets/01/01P008L15/.jpg|404 
01P009L01|http://webapps.fitzmuseum.cam.ac.uk/wndev/assets/01/01P009L01/.jpg|404 
01P009L03|http://webapps.fitzmuseum.cam.ac.uk/wndev/assets/01/01P009L03/.jpg|404 
01P009L06|http://webapps.fitzmuseum.cam.ac.uk/wndev/assets/01/01P009L06/.jpg|404 
01P010L01|http://webapps.fitzmuseum.cam.ac.uk/wndev/assets/01/01P010L01/.jpg|404 
01P010L03|http://webapps.fitzmuseum.cam.ac.uk/wndev/assets/01/01P010L03/.jpg|404 
01P010L05|http://webapps.fitzmuseum.cam.ac.uk/wndev/assets/01/01P010L05/.jpg|404 
01P010L07|http://webapps.fitzmuseum.cam.ac.uk/wndev/assets/01/01P010L07/.jpg|404 
01P010L09|http://webapps.fitzmuseum.cam.ac.uk/wndev/assets/01/01P010L09/.jpg|404 
01P010L14|http://webapps.fitzmuseum.cam.ac.uk/wndev/assets/01/01P010L14/.jpg|404 
01P010L19|http://webapps.fitzmuseum.cam.ac.uk/wndev/assets/01/01P010L19/.jpg|404 
01P011L01|http://webapps.fitzmuseum.cam.ac.uk/wndev/assets/01/01P011L01/.jpg|404 
01P011L05|http://webapps.fitzmuseum.cam.ac.uk/wndev/assets/01/01P011L05/.jpg|404 
01P011L07|http://webapps.fitzmuseum.cam.ac.uk/wndev/assets/01/01P011L07/.jpg|404 
01P011L13|http://webapps.fitzmuseum.cam.ac.uk/wndev/assets/01/01P011L13/.jpg|404 
01P011L15|http://webapps.fitzmuseum.cam.ac.uk/wndev/assets/01/01P011L15/.jpg|404 
01P011L21|http://webapps.fitzmuseum.cam.ac.uk/wndev/assets/01/01P011L21/.jpg|404 
01P012L01|http://webapps.fitzmuseum.cam.ac.uk/wndev/assets/01/01P012L01/.jpg|404 
01P012L04|http://webapps.fitzmuseum.cam.ac.uk/wndev/assets/01/01P012L04/.jpg|404 
01P012L11|http://webapps.fitzmuseum.cam.ac.uk/wndev/assets/01/01P012L11/.jpg|404 
01P012L13|http://webapps.fitzmuseum.cam.ac.uk/wndev/assets/01/01P012L13/.jpg|404 
01P012L16|http://webapps.fitzmuseum.cam.ac.uk/wndev/assets/01/01P012L16/.jpg|404 
01P012L17|http://webapps.fitzmuseum.cam.ac.uk/wndev/assets/01/01P012L17/.jpg|404 
01P013L01|http://webapps.fitzmuseum.cam.ac.uk/wndev/assets/01/01P013L01/.jpg|404 
01P013L03|http://webapps.fitzmuseum.cam.ac.uk/wndev/assets/01/01P013L03/.jpg|404 
01P013L06|http://webapps.fitzmuseum.cam.ac.uk/wndev/assets/01/01P013L06/.jpg|404 
01P013L08|http://webapps.fitzmuseum.cam.ac.uk/wndev/assets/01/01P013L08/.jpg|404 
01P013L10|http://webapps.fitzmuseum.cam.ac.uk/wndev/assets/01/01P013L10/.jpg|404 
01P013L13|http://webapps.fitzmuseum.cam.ac.uk/wndev/assets/01/01P013L13/.jpg|404 
01P013L15|http://webapps.fitzmuseum.cam.ac.uk/wndev/assets/01/01P013L15/.jpg|404 
01P013L17|http://webapps.fitzmuseum.cam.ac.uk/wndev/assets/01/01P013L17/.jpg|404 
01P014L01|http://webapps.fitzmuseum.cam.ac.uk/wndev/assets/01/01P014L01/.jpg|404 
01P014L03|http://webapps.fitzmuseum.cam.ac.uk/wndev/assets/01/01P014L03/.jpg|404 
01P014L06|http://webapps.fitzmuseum.cam.ac.uk/wndev/assets/01/01P014L06/.jpg|404 
01P014L08|http://webapps.fitzmuseum.cam.ac.uk/wndev/assets/01/01P014L08/.jpg|404 
01P014L12|http://webapps.fitzmuseum.cam.ac.uk/wndev/assets/01/01P014L12/.jpg|404 
01P014L15|http://webapps.fitzmuseum.cam.ac.uk/wndev/assets/01/01P014L15/.jpg|404 
01P015L01|http://webapps.fitzmuseum.cam.ac.uk/wndev/assets/01/01P015L01/.jpg|404 
01P015L06|http://webapps.fitzmuseum.cam.ac.uk/wndev/assets/01/01P015L06/.jpg|404 
01P015L08|http://webapps.fitzmuseum.cam.ac.uk/wndev/assets/01/01P015L08/.jpg|404 
01P015L10|http://webapps.fitzmuseum.cam.ac.uk/wndev/assets/01/01P015L10/.jpg|404 
01P015L12|http://webapps.fitzmuseum.cam.ac.uk/wndev/assets/01/01P015L12/.jpg|404 
01P015L15|http://webapps.fitzmuseum.cam.ac.uk/wndev/assets/01/01P015L15/.jpg|404 
01P016L01|http://webapps.fitzmuseum.cam.ac.uk/wndev/assets/01/01P016L01/.jpg|404 
01P016L05|http://webapps.fitzmuseum.cam.ac.uk/wndev/assets/01/01P016L05/.jpg|404 
01F01L01|http://webapps.fitzmuseum.cam.ac.uk/wndev/assets/01/01F01L01.jpg|404 
01P001L01|http://webapps.fitzmuseum.cam.ac.uk/wndev/assets/01/01P001L01.jpg|404 
01P001L12|http://webapps.fitzmuseum.cam.ac.uk/wndev/assets/01/01P001L12.jpg|404 
01P001L17|http://webapps.fitzmuseum.cam.ac.uk/wndev/assets/01/01P001L17.jpg|404 
01P002L01|http://webapps.fitzmuseum.cam.ac.uk/wndev/assets/01/01P002L01.jpg|404 
01P002L11|http://webapps.fitzmuseum.cam.ac.uk/wndev/assets/01/01P002L11.jpg|404 
01P002L13|http://webapps.fitzmuseum.cam.ac.uk/wndev/assets/01/01P002L13.jpg|404 
01P003L01|http://webapps.fitzmuseum.cam.ac.uk/wndev/assets/01/01P003L01.jpg|404 
01P003L03|http://webapps.fitzmuseum.cam.ac.uk/wndev/assets/01/01P003L03.jpg|404 
01P003L08|http://webapps.fitzmuseum.cam.ac.uk/wndev/assets/01/01P003L08.jpg|404 
01P003L09|http://webapps.fitzmuseum.cam.ac.uk/wndev/assets/01/01P003L09.jpg|404 
01P004L01|http://webapps.fitzmuseum.cam.ac.uk/wndev/assets/01/01P004L01.jpg|404 
01P004L05|http://webapps.fitzmuseum.cam.ac.uk/wndev/assets/01/01P004L05.jpg|404 
01P004L09|http://webapps.fitzmuseum.cam.ac.uk/wndev/assets/01/01P004L09.jpg|404 
01P004L11|http://webapps.fitzmuseum.cam.ac.uk/wndev/assets/01/01P004L11.jpg|404 
01P004L15|http://webapps.fitzmuseum.cam.ac.uk/wndev/assets/01/01P004L15.jpg|404 
01P004L19|http://webapps.fitzmuseum.cam.ac.uk/wndev/assets/01/01P004L19.jpg|404 
01P005L01|http://webapps.fitzmuseum.cam.ac.uk/wndev/assets/01/01P005L01.jpg|404 
01P005L05|http://webapps.fitzmuseum.cam.ac.uk/wndev/assets/01/01P005L05.jpg|404 
01P005L07|http://webapps.fitzmuseum.cam.ac.uk/wndev/assets/01/01P005L07.jpg|404 
01P005L10|http://webapps.fitzmuseum.cam.ac.uk/wndev/assets/01/01P005L10.jpg|404 
01P005L14|http://webapps.fitzmuseum.cam.ac.uk/wndev/assets/01/01P005L14.jpg|404 
01P005L15|http://webapps.fitzmuseum.cam.ac.uk/wndev/assets/01/01P005L15.jpg|404 
01P005L18|http://webapps.fitzmuseum.cam.ac.uk/wndev/assets/01/01P005L18.jpg|404 
01P006L01|http://webapps.fitzmuseum.cam.ac.uk/wndev/assets/01/01P006L01.jpg|404 
01P006L04|http://webapps.fitzmuseum.cam.ac.uk/wndev/assets/01/01P006L04.jpg|404 
01P006L07|http://webapps.fitzmuseum.cam.ac.uk/wndev/assets/01/01P006L07.jpg|404 
01P006L08|http://webapps.fitzmuseum.cam.ac.uk/wndev/assets/01/01P006L08.jpg|404 
01P006L09|http://webapps.fitzmuseum.cam.ac.uk/wndev/assets/01/01P006L09.jpg|404 
01P006L10|http://webapps.fitzmuseum.cam.ac.uk/wndev/assets/01/01P006L10.jpg|404 
01P006L11|http://webapps.fitzmuseum.cam.ac.uk/wndev/assets/01/01P006L11.jpg|404 
01P006L16|http://webapps.fitzmuseum.cam.ac.uk/wndev/assets/01/01P006L16.jpg|404 
01P006L17|http://webapps.fitzmuseum.cam.ac.uk/wndev/assets/01/01P006L17.jpg|404 
01P006L19|http://webapps.fitzmuseum.cam.ac.uk/wndev/assets/01/01P006L19.jpg|404 
01P007L01|http://webapps.fitzmuseum.cam.ac.uk/wndev/assets/01/01P007L01.jpg|404 
01P007L08|http://webapps.fitzmuseum.cam.ac.uk/wndev/assets/01/01P007L08.jpg|404 
01P007L15|http://webapps.fitzmuseum.cam.ac.uk/wndev/assets/01/01P007L15.jpg|404 
01P007L18|http://webapps.fitzmuseum.cam.ac.uk/wndev/assets/01/01P007L18.jpg|404 
01P008L01|http://webapps.fitzmuseum.cam.ac.uk/wndev/assets/01/01P008L01.jpg|404 
01P008L03|http://webapps.fitzmuseum.cam.ac.uk/wndev/assets/01/01P008L03.jpg|404 
01P008L05|http://webapps.fitzmuseum.cam.ac.uk/wndev/assets/01/01P008L05.jpg|404 
01P008L10|http://webapps.fitzmuseum.cam.ac.uk/wndev/assets/01/01P008L10.jpg|404 
01P008L13|http://webapps.fitzmuseum.cam.ac.uk/wndev/assets/01/01P008L13.jpg|404 
01P008L15|http://webapps.fitzmuseum.cam.ac.uk/wndev/assets/01/01P008L15.jpg|404 
01P009L01|http://webapps.fitzmuseum.cam.ac.uk/wndev/assets/01/01P009L01.jpg|404 
01P009L03|http://webapps.fitzmuseum.cam.ac.uk/wndev/assets/01/01P009L03.jpg|404 
01P009L06|http://webapps.fitzmuseum.cam.ac.uk/wndev/assets/01/01P009L06.jpg|404 
01P010L01|http://webapps.fitzmuseum.cam.ac.uk/wndev/assets/01/01P010L01.jpg|404 
01P010L03|http://webapps.fitzmuseum.cam.ac.uk/wndev/assets/01/01P010L03.jpg|404 
01P010L05|http://webapps.fitzmuseum.cam.ac.uk/wndev/assets/01/01P010L05.jpg|404 
01P010L07|http://webapps.fitzmuseum.cam.ac.uk/wndev/assets/01/01P010L07.jpg|404 
01P010L09|http://webapps.fitzmuseum.cam.ac.uk/wndev/assets/01/01P010L09.jpg|404 
01P010L14|http://webapps.fitzmuseum.cam.ac.uk/wndev/assets/01/01P010L14.jpg|404 
01P010L19|http://webapps.fitzmuseum.cam.ac.uk/wndev/assets/01/01P010L19.jpg|404 
01P011L01|http://webapps.fitzmuseum.cam.ac.uk/wndev/assets/01/01P011L01.jpg|404 
01P011L05|http://webapps.fitzmuseum.cam.ac.uk/wndev/assets/01/01P011L05.jpg|404 
01P011L07|http://webapps.fitzmuseum.cam.ac.uk/wndev/assets/01/01P011L07.jpg|404 
01P011L13|http://webapps.fitzmuseum.cam.ac.uk/wndev/assets/01/01P011L13.jpg|404 
01P011L15|http://webapps.fitzmuseum.cam.ac.uk/wndev/assets/01/01P011L15.jpg|404 
01P011L21|http://webapps.fitzmuseum.cam.ac.uk/wndev/assets/01/01P011L21.jpg|404 
01P012L01|http://webapps.fitzmuseum.cam.ac.uk/wndev/assets/01/01P012L01.jpg|404 
01P012L04|http://webapps.fitzmuseum.cam.ac.uk/wndev/assets/01/01P012L04.jpg|404 
01P012L11|http://webapps.fitzmuseum.cam.ac.uk/wndev/assets/01/01P012L11.jpg|404 
01P012L13|http://webapps.fitzmuseum.cam.ac.uk/wndev/assets/01/01P012L13.jpg|404 
01F01L01|http://webapps.fitzmuseum.cam.ac.uk/wndev/assets/01/01F01L01.jpg|404 
01P001L01|http://webapps.fitzmuseum.cam.ac.uk/wndev/assets/01/01P001L01.jpg|404 
01P001L12|http://webapps.fitzmuseum.cam.ac.uk/wndev/assets/01/01P001L12.jpg|404 
01P001L17|http://webapps.fitzmuseum.cam.ac.uk/wndev/assets/01/01P001L17.jpg|404 
01P002L01|http://webapps.fitzmuseum.cam.ac.uk/wndev/assets/01/01P002L01.jpg|404 
01P002L11|http://webapps.fitzmuseum.cam.ac.uk/wndev/assets/01/01P002L11.jpg|404 
01P002L13|http://webapps.fitzmuseum.cam.ac.uk/wndev/assets/01/01P002L13.jpg|404 
01P003L01|http://webapps.fitzmuseum.cam.ac.uk/wndev/assets/01/01P003L01.jpg|404 
01P003L03|http://webapps.fitzmuseum.cam.ac.uk/wndev/assets/01/01P003L03.jpg|404 
01P003L08|http://webapps.fitzmuseum.cam.ac.uk/wndev/assets/01/01P003L08.jpg|404 
01P003L09|http://webapps.fitzmuseum.cam.ac.uk/wndev/assets/01/01P003L09.jpg|404 
01P004L01|http://webapps.fitzmuseum.cam.ac.uk/wndev/assets/01/01P004L01.jpg|404 
01P004L05|http://webapps.fitzmuseum.cam.ac.uk/wndev/assets/01/01P004L05.jpg|404 
01P004L09|http://webapps.fitzmuseum.cam.ac.uk/wndev/assets/01/01P004L09.jpg|404 
01P004L11|http://webapps.fitzmuseum.cam.ac.uk/wndev/assets/01/01P004L11.jpg|404 
01P004L15|http://webapps.fitzmuseum.cam.ac.uk/wndev/assets/01/01P004L15.jpg|404 
01P004L19|http://webapps.fitzmuseum.cam.ac.uk/wndev/assets/01/01P004L19.jpg|404 
01P005L01|http://webapps.fitzmuseum.cam.ac.uk/wndev/assets/01/01P005L01.jpg|404 
01P005L05|http://webapps.fitzmuseum.cam.ac.uk/wndev/assets/01/01P005L05.jpg|404 
01P005L07|http://webapps.fitzmuseum.cam.ac.uk/wndev/assets/01/01P005L07.jpg|404 
01P005L10|http://webapps.fitzmuseum.cam.ac.uk/wndev/assets/01/01P005L10.jpg|404 
01P005L14|http://webapps.fitzmuseum.cam.ac.uk/wndev/assets/01/01P005L14.jpg|404 
01P005L15|http://webapps.fitzmuseum.cam.ac.uk/wndev/assets/01/01P005L15.jpg|404 
01P005L18|http://webapps.fitzmuseum.cam.ac.uk/wndev/assets/01/01P005L18.jpg|404 
01P006L01|http://webapps.fitzmuseum.cam.ac.uk/wndev/assets/01/01P006L01.jpg|404 
01P006L04|http://webapps.fitzmuseum.cam.ac.uk/wndev/assets/01/01P006L04.jpg|404 
01P006L07|http://webapps.fitzmuseum.cam.ac.uk/wndev/assets/01/01P006L07.jpg|404 
01P006L08|http://webapps.fitzmuseum.cam.ac.uk/wndev/assets/01/01P006L08.jpg|404 
01P006L09|http://webapps.fitzmuseum.cam.ac.uk/wndev/assets/01/01P006L09.jpg|404 
01P006L10|http://webapps.fitzmuseum.cam.ac.uk/wndev/assets/01/01P006L10.jpg|404 
01P006L11|http://webapps.fitzmuseum.cam.ac.uk/wndev/assets/01/01P006L11.jpg|404 
01P006L16|http://webapps.fitzmuseum.cam.ac.uk/wndev/assets/01/01P006L16.jpg|404 
01P006L17|http://webapps.fitzmuseum.cam.ac.uk/wndev/assets/01/01P006L17.jpg|404 
01P006L19|http://webapps.fitzmuseum.cam.ac.uk/wndev/assets/01/01P006L19.jpg|404 
01P007L01|http://webapps.fitzmuseum.cam.ac.uk/wndev/assets/01/01P007L01.jpg|404 
01P007L08|http://webapps.fitzmuseum.cam.ac.uk/wndev/assets/01/01P007L08.jpg|404 
01P007L15|http://webapps.fitzmuseum.cam.ac.uk/wndev/assets/01/01P007L15.jpg|404 
01P007L18|http://webapps.fitzmuseum.cam.ac.uk/wndev/assets/01/01P007L18.jpg|404 
01P008L01|http://webapps.fitzmuseum.cam.ac.uk/wndev/assets/01/01P008L01.jpg|404 
01P008L03|http://webapps.fitzmuseum.cam.ac.uk/wndev/assets/01/01P008L03.jpg|404 
01P008L05|http://webapps.fitzmuseum.cam.ac.uk/wndev/assets/01/01P008L05.jpg|404 
01P008L10|http://webapps.fitzmuseum.cam.ac.uk/wndev/assets/01/01P008L10.jpg|404 
01P008L13|http://webapps.fitzmuseum.cam.ac.uk/wndev/assets/01/01P008L13.jpg|404 
01P008L15|http://webapps.fitzmuseum.cam.ac.uk/wndev/assets/01/01P008L15.jpg|404 
01P009L01|http://webapps.fitzmuseum.cam.ac.uk/wndev/assets/01/01P009L01.jpg|404 
01P009L03|http://webapps.fitzmuseum.cam.ac.uk/wndev/assets/01/01P009L03.jpg|404 
01P009L06|http://webapps.fitzmuseum.cam.ac.uk/wndev/assets/01/01P009L06.jpg|404 
01P010L01|http://webapps.fitzmuseum.cam.ac.uk/wndev/assets/01/01P010L01.jpg|404 
01P010L03|http://webapps.fitzmuseum.cam.ac.uk/wndev/assets/01/01P010L03.jpg|404 
01P010L05|http://webapps.fitzmuseum.cam.ac.uk/wndev/assets/01/01P010L05.jpg|404 
01P010L07|http://webapps.fitzmuseum.cam.ac.uk/wndev/assets/01/01P010L07.jpg|404 
01P010L09|http://webapps.fitzmuseum.cam.ac.uk/wndev/assets/01/01P010L09.jpg|404 
01P010L14|http://webapps.fitzmuseum.cam.ac.uk/wndev/assets/01/01P010L14.jpg|404 
01P010L19|http://webapps.fitzmuseum.cam.ac.uk/wndev/assets/01/01P010L19.jpg|404 
01P011L01|http://webapps.fitzmuseum.cam.ac.uk/wndev/assets/01/01P011L01.jpg|404 
01P011L05|http://webapps.fitzmuseum.cam.ac.uk/wndev/assets/01/01P011L05.jpg|404 
01P011L07|http://webapps.fitzmuseum.cam.ac.uk/wndev/assets/01/01P011L07.jpg|404 
01P011L13|http://webapps.fitzmuseum.cam.ac.uk/wndev/assets/01/01P011L13.jpg|404 
01P011L15|http://webapps.fitzmuseum.cam.ac.uk/wndev/assets/01/01P011L15.jpg|404 
01P011L21|http://webapps.fitzmuseum.cam.ac.uk/wndev/assets/01/01P011L21.jpg|404 
01P012L01|http://webapps.fitzmuseum.cam.ac.uk/wndev/assets/01/01P012L01.jpg|404 
01P012L04|http://webapps.fitzmuseum.cam.ac.uk/wndev/assets/01/01P012L04.jpg|404 
01P012L11|http://webapps.fitzmuseum.cam.ac.uk/wndev/assets/01/01P012L11.jpg|404 
01P012L13|http://webapps.fitzmuseum.cam.ac.uk/wndev/assets/01/01P012L13.jpg|404 
01P012L16|http://webapps.fitzmuseum.cam.ac.uk/wndev/assets/01/01P012L16.jpg|404 
01P012L17|http://webapps.fitzmuseum.cam.ac.uk/wndev/assets/01/01P012L17.jpg|404 
01P013L01|http://webapps.fitzmuseum.cam.ac.uk/wndev/assets/01/01P013L01.jpg|404 
01P013L03|http://webapps.fitzmuseum.cam.ac.uk/wndev/assets/01/01P013L03.jpg|404 
01P013L06|http://webapps.fitzmuseum.cam.ac.uk/wndev/assets/01/01P013L06.jpg|404 
01P013L08|http://webapps.fitzmuseum.cam.ac.uk/wndev/assets/01/01P013L08.jpg|404 
01P013L10|http://webapps.fitzmuseum.cam.ac.uk/wndev/assets/01/01P013L10.jpg|404 
01P013L13|http://webapps.fitzmuseum.cam.ac.uk/wndev/assets/01/01P013L13.jpg|404 
01P013L15|http://webapps.fitzmuseum.cam.ac.uk/wndev/assets/01/01P013L15.jpg|404 
01P013L17|http://webapps.fitzmuseum.cam.ac.uk/wndev/assets/01/01P013L17.jpg|404 
01P014L01|http://webapps.fitzmuseum.cam.ac.uk/wndev/assets/01/01P014L01.jpg|404 
01P014L03|http://webapps.fitzmuseum.cam.ac.uk/wndev/assets/01/01P014L03.jpg|404 
01P014L06|http://webapps.fitzmuseum.cam.ac.uk/wndev/assets/01/01P014L06.jpg|404 
01P014L08|http://webapps.fitzmuseum.cam.ac.uk/wndev/assets/01/01P014L08.jpg|404 
01P014L12|http://webapps.fitzmuseum.cam.ac.uk/wndev/assets/01/01P014L12.jpg|404 
01P014L15|http://webapps.fitzmuseum.cam.ac.uk/wndev/assets/01/01P014L15.jpg|404 
01P015L01|http://webapps.fitzmuseum.cam.ac.uk/wndev/assets/01/01P015L01.jpg|404 
01P015L06|http://webapps.fitzmuseum.cam.ac.uk/wndev/assets/01/01P015L06.jpg|404 
01P015L08|http://webapps.fitzmuseum.cam.ac.uk/wndev/assets/01/01P015L08.jpg|404 
01P015L10|http://webapps.fitzmuseum.cam.ac.uk/wndev/assets/01/01P015L10.jpg|404 
01P015L12|http://webapps.fitzmuseum.cam.ac.uk/wndev/assets/01/01P015L12.jpg|404 
01P015L15|http://webapps.fitzmuseum.cam.ac.uk/wndev/assets/01/01P015L15.jpg|404 
01P016L01|http://webapps.fitzmuseum.cam.ac.uk/wndev/assets/01/01P016L01.jpg|404 
01P016L05|http://webapps.fitzmuseum.cam.ac.uk/wndev/assets/01/01P016L05.jpg|404 
01P016L07|http://webapps.fitzmuseum.cam.ac.uk/wndev/assets/01/01P016L07.jpg|404 
01P016L10|http://webapps.fitzmuseum.cam.ac.uk/wndev/assets/01/01P016L10.jpg|404 
01P016L12|http://webapps.fitzmuseum.cam.ac.uk/wndev/assets/01/01P016L12.jpg|404 
01P016L15|http://webapps.fitzmuseum.cam.ac.uk/wndev/assets/01/01P016L15.jpg|404 
01P017L01|http://webapps.fitzmuseum.cam.ac.uk/wndev/assets/01/01P017L01.jpg|404 
01P017L04|http://webapps.fitzmuseum.cam.ac.uk/wndev/assets/01/01P017L04.jpg|404 
01P017L07|http://webapps.fitzmuseum.cam.ac.uk/wndev/assets/01/01P017L07.jpg|404 
01P017L09|http://webapps.fitzmuseum.cam.ac.uk/wndev/assets/01/01P017L09.jpg|404 
01P017L10|http://webapps.fitzmuseum.cam.ac.uk/wndev/assets/01/01P017L10.jpg|404 
01P017L12|http://webapps.fitzmuseum.cam.ac.uk/wndev/assets/01/01P017L12.jpg|404 
01P017L13|http://webapps.fitzmuseum.cam.ac.uk/wndev/assets/01/01P017L13.jpg|404 
01P017L15|http://webapps.fitzmuseum.cam.ac.uk/wndev/assets/01/01P017L15.jpg|404 
01P018L01|http://webapps.fitzmuseum.cam.ac.uk/wndev/assets/01/01P018L01.jpg|404 
01P018L12|http://webapps.fitzmuseum.cam.ac.uk/wndev/assets/01/01P018L12.jpg|404 
01P018L15|http://webapps.fitzmuseum.cam.ac.uk/wndev/assets/01/01P018L15.jpg|404 
01P019L01|http://webapps.fitzmuseum.cam.ac.uk/wndev/assets/01/01P019L01.jpg|404 
01P019L05|http://webapps.fitzmuseum.cam.ac.uk/wndev/assets/01/01P019L05.jpg|404 
01P019L08|http://webapps.fitzmuseum.cam.ac.uk/wndev/assets/01/01P019L08.jpg|404 
01P019L11|http://webapps.fitzmuseum.cam.ac.uk/wndev/assets/01/01P019L11.jpg|404 
01P019L14|http://webapps.fitzmuseum.cam.ac.uk/wndev/assets/01/01P019L14.jpg|404 
01P019L16|http://webapps.fitzmuseum.cam.ac.uk/wndev/assets/01/01P019L16.jpg|404 
01P019L18|http://webapps.fitzmuseum.cam.ac.uk/wndev/assets/01/01P019L18.jpg|404 
01P020L01|http://webapps.fitzmuseum.cam.ac.uk/wndev/assets/01/01P020L01.jpg|404 
01P020L04|http://webapps.fitzmuseum.cam.ac.uk/wndev/assets/01/01P020L04.jpg|404 
01P020L06|http://webapps.fitzmuseum.cam.ac.uk/wndev/assets/01/01P020L06.jpg|404 
01P020L09|http://webapps.fitzmuseum.cam.ac.uk/wndev/assets/01/01P020L09.jpg|404 
01P020L16|http://webapps.fitzmuseum.cam.ac.uk/wndev/assets/01/01P020L16.jpg|404 
01P021L01|http://webapps.fitzmuseum.cam.ac.uk/wndev/assets/01/01P021L01.jpg|404 
01P021L03|http://webapps.fitzmuseum.cam.ac.uk/wndev/assets/01/01P021L03.jpg|404 
01P021L05|http://webapps.fitzmuseum.cam.ac.uk/wndev/assets/01/01P021L05.jpg|404 
01P021L06|http://webapps.fitzmuseum.cam.ac.uk/wndev/assets/01/01P021L06.jpg|404 
01P021L09|http://webapps.fitzmuseum.cam.ac.uk/wndev/assets/01/01P021L09.jpg|404 
01P021L11|http://webapps.fitzmuseum.cam.ac.uk/wndev/assets/01/01P021L11.jpg|404 
01P021L13|http://webapps.fitzmuseum.cam.ac.uk/wndev/assets/01/01P021L13.jpg|404 
01P021L15|http://webapps.fitzmuseum.cam.ac.uk/wndev/assets/01/01P021L15.jpg|404 
01P021L17|http://webapps.fitzmuseum.cam.ac.uk/wndev/assets/01/01P021L17.jpg|404 
01P021L19|http://webapps.fitzmuseum.cam.ac.uk/wndev/assets/01/01P021L19.jpg|404 
01P022L01|http://webapps.fitzmuseum.cam.ac.uk/wndev/assets/01/01P022L01.jpg|404 
01P022L08|http://webapps.fitzmuseum.cam.ac.uk/wndev/assets/01/01P022L08.jpg|404 
01P022L09|http://webapps.fitzmuseum.cam.ac.uk/wndev/assets/01/01P022L09.jpg|404 
01P022L12|http://webapps.fitzmuseum.cam.ac.uk/wndev/assets/01/01P022L12.jpg|404 
01P022L14|http://webapps.fitzmuseum.cam.ac.uk/wndev/assets/01/01P022L14.jpg|404 
01P022L18|http://webapps.fitzmuseum.cam.ac.uk/wndev/assets/01/01P022L18.jpg|404 
01P022L21|http://webapps.fitzmuseum.cam.ac.uk/wndev/assets/01/01P022L21.jpg|404 
01P023L01|http://webapps.fitzmuseum.cam.ac.uk/wndev/assets/01/01P023L01.jpg|404 
01P023L08|http://webapps.fitzmuseum.cam.ac.uk/wndev/assets/01/01P023L08.jpg|404 
01P023L17|http://webapps.fitzmuseum.cam.ac.uk/wndev/assets/01/01P023L17.jpg|404 
01P023L19|http://webapps.fitzmuseum.cam.ac.uk/wndev/assets/01/01P023L19.jpg|404 
01P023L21|http://webapps.fitzmuseum.cam.ac.uk/wndev/assets/01/01P023L21.jpg|404 
01P024L01|http://webapps.fitzmuseum.cam.ac.uk/wndev/assets/01/01P024L01.jpg|404 
01P025L01|http://webapps.fitzmuseum.cam.ac.uk/wndev/assets/01/01P025L01.jpg|404 
01P025L08|http://webapps.fitzmuseum.cam.ac.uk/wndev/assets/01/01P025L08.jpg|404 
01P025L10|http://webapps.fitzmuseum.cam.ac.uk/wndev/assets/01/01P025L10.jpg|404 
01P026L10|http://webapps.fitzmuseum.cam.ac.uk/wndev/assets/01/01P026L10.jpg|404 
01P026L15|http://webapps.fitzmuseum.cam.ac.uk/wndev/assets/01/01P026L15.jpg|404 
01P026L22|http://webapps.fitzmuseum.cam.ac.uk/wndev/assets/01/01P026L22.jpg|404 
01P027L01|http://webapps.fitzmuseum.cam.ac.uk/wndev/assets/01/01P027L01.jpg|404 
01P027L03|http://webapps.fitzmuseum.cam.ac.uk/wndev/assets/01/01P027L03.jpg|404 
01P027L05|http://webapps.fitzmuseum.cam.ac.uk/wndev/assets/01/01P027L05.jpg|404 
01P027L09|http://webapps.fitzmuseum.cam.ac.uk/wndev/assets/01/01P027L09.jpg|404 
01P027L13|http://webapps.fitzmuseum.cam.ac.uk/wndev/assets/01/01P027L13.jpg|404 
01P027L15|http://webapps.fitzmuseum.cam.ac.uk/wndev/assets/01/01P027L15.jpg|404 
01P027L16|http://webapps.fitzmuseum.cam.ac.uk/wndev/assets/01/01P027L16.jpg|404 
01P028L01|http://webapps.fitzmuseum.cam.ac.uk/wndev/assets/01/01P028L01.jpg|404 
01P028L06|http://webapps.fitzmuseum.cam.ac.uk/wndev/assets/01/01P028L06.jpg|404 
01P028L11|http://webapps.fitzmuseum.cam.ac.uk/wndev/assets/01/01P028L11.jpg|404 
01P028L18|http://webapps.fitzmuseum.cam.ac.uk/wndev/assets/01/01P028L18.jpg|404 
01P029L01|http://webapps.fitzmuseum.cam.ac.uk/wndev/assets/01/01P029L01.jpg|404 
01P030L01|http://webapps.fitzmuseum.cam.ac.uk/wndev/assets/01/01P030L01.jpg|404 
01P030L07|http://webapps.fitzmuseum.cam.ac.uk/wndev/assets/01/01P030L07.jpg|404 
01P030L08|http://webapps.fitzmuseum.cam.ac.uk/wndev/assets/01/01P030L08.jpg|404 
01P030L12|http://webapps.fitzmuseum.cam.ac.uk/wndev/assets/01/01P030L12.jpg|404 
01P030L15|http://webapps.fitzmuseum.cam.ac.uk/wndev/assets/01/01P030L15.jpg|404 
01P030L20|http://webapps.fitzmuseum.cam.ac.uk/wndev/assets/01/01P030L20.jpg|404 
01P030L22|http://webapps.fitzmuseum.cam.ac.uk/wndev/assets/01/01P030L22.jpg|404 
01P031L01|http://webapps.fitzmuseum.cam.ac.uk/wndev/assets/01/01P031L01.jpg|404 
01P031L03|http://webapps.fitzmuseum.cam.ac.uk/wndev/assets/01/01P031L03.jpg|404 
01P031L06|http://webapps.fitzmuseum.cam.ac.uk/wndev/assets/01/01P031L06.jpg|404 
01P031L08|http://webapps.fitzmuseum.cam.ac.uk/wndev/assets/01/01P031L08.jpg|404 
01P031L10|http://webapps.fitzmuseum.cam.ac.uk/wndev/assets/01/01P031L10.jpg|404 
01P031L18|http://webapps.fitzmuseum.cam.ac.uk/wndev/assets/01/01P031L18.jpg|404 
01P031L20|http://webapps.fitzmuseum.cam.ac.uk/wndev/assets/01/01P031L20.jpg|404 
01P032L01|http://webapps.fitzmuseum.cam.ac.uk/wndev/assets/01/01P032L01.jpg|404 
01P032L06|http://webapps.fitzmuseum.cam.ac.uk/wndev/assets/01/01P032L06.jpg|404 
01P032L14|http://webapps.fitzmuseum.cam.ac.uk/wndev/assets/01/01P032L14.jpg|404 
01P032L18|http://webapps.fitzmuseum.cam.ac.uk/wndev/assets/01/01P032L18.jpg|404 
01P032L20|http://webapps.fitzmuseum.cam.ac.uk/wndev/assets/01/01P032L20.jpg|404 
01P033L01|http://webapps.fitzmuseum.cam.ac.uk/wndev/assets/01/01P033L01.jpg|404 
01P033L03|http://webapps.fitzmuseum.cam.ac.uk/wndev/assets/01/01P033L03.jpg|404 
01P033L06|http://webapps.fitzmuseum.cam.ac.uk/wndev/assets/01/01P033L06.jpg|404 
01P033L09|http://webapps.fitzmuseum.cam.ac.uk/wndev/assets/01/01P033L09.jpg|404 
01P033L10|http://webapps.fitzmuseum.cam.ac.uk/wndev/assets/01/01P033L10.jpg|404 
01P033L12|http://webapps.fitzmuseum.cam.ac.uk/wndev/assets/01/01P033L12.jpg|404 
01P033L13|http://webapps.fitzmuseum.cam.ac.uk/wndev/assets/01/01P033L13.jpg|404 
01P033L15|http://webapps.fitzmuseum.cam.ac.uk/wndev/assets/01/01P033L15.jpg|404 
01P033L16|http://webapps.fitzmuseum.cam.ac.uk/wndev/assets/01/01P033L16.jpg|404 
01P033L20|http://webapps.fitzmuseum.cam.ac.uk/wndev/assets/01/01P033L20.jpg|404 
01P034L01|http://webapps.fitzmuseum.cam.ac.uk/wndev/assets/01/01P034L01.jpg|404 
01P034L04|http://webapps.fitzmuseum.cam.ac.uk/wndev/assets/01/01P034L04.jpg|404 
01P034L15|http://webapps.fitzmuseum.cam.ac.uk/wndev/assets/01/01P034L15.jpg|404 
01P035L01|http://webapps.fitzmuseum.cam.ac.uk/wndev/assets/01/01P035L01.jpg|404 
01P035L04|http://webapps.fitzmuseum.cam.ac.uk/wndev/assets/01/01P035L04.jpg|404 
01P035L05|http://webapps.fitzmuseum.cam.ac.uk/wndev/assets/01/01P035L05.jpg|404 
01P035L07|http://webapps.fitzmuseum.cam.ac.uk/wndev/assets/01/01P035L07.jpg|404 
01P035L11|http://webapps.fitzmuseum.cam.ac.uk/wndev/assets/01/01P035L11.jpg|404 
01P035L14|http://webapps.fitzmuseum.cam.ac.uk/wndev/assets/01/01P035L14.jpg|404 
01P035L17|http://webapps.fitzmuseum.cam.ac.uk/wndev/assets/01/01P035L17.jpg|404 
01P036L01|http://webapps.fitzmuseum.cam.ac.uk/wndev/assets/01/01P036L01.jpg|404 
01P037L07|http://webapps.fitzmuseum.cam.ac.uk/wndev/assets/01/01P037L07.jpg|404 
01P037L15|http://webapps.fitzmuseum.cam.ac.uk/wndev/assets/01/01P037L15.jpg|404 
01P038L01|http://webapps.fitzmuseum.cam.ac.uk/wndev/assets/01/01P038L01.jpg|404 
01P038L03|http://webapps.fitzmuseum.cam.ac.uk/wndev/assets/01/01P038L03.jpg|404 
01P038L06|http://webapps.fitzmuseum.cam.ac.uk/wndev/assets/01/01P038L06.jpg|404 
01P038L07|http://webapps.fitzmuseum.cam.ac.uk/wndev/assets/01/01P038L07.jpg|404 
01P038L09|http://webapps.fitzmuseum.cam.ac.uk/wndev/assets/01/01P038L09.jpg|404 
01P038L12|http://webapps.fitzmuseum.cam.ac.uk/wndev/assets/01/01P038L12.jpg|404 
01P038L13|http://webapps.fitzmuseum.cam.ac.uk/wndev/assets/01/01P038L13.jpg|404 
01P038L17|http://webapps.fitzmuseum.cam.ac.uk/wndev/assets/01/01P038L17.jpg|404 
01P039L01|http://webapps.fitzmuseum.cam.ac.uk/wndev/assets/01/01P039L01.jpg|404 
01P039L04|http://webapps.fitzmuseum.cam.ac.uk/wndev/assets/01/01P039L04.jpg|404 
01P039L08|http://webapps.fitzmuseum.cam.ac.uk/wndev/assets/01/01P039L08.jpg|404 
01P039L13|http://webapps.fitzmuseum.cam.ac.uk/wndev/assets/01/01P039L13.jpg|404 
01P039L16|http://webapps.fitzmuseum.cam.ac.uk/wndev/assets/01/01P039L16.jpg|404 
01P039L19|http://webapps.fitzmuseum.cam.ac.uk/wndev/assets/01/01P039L19.jpg|404 
01P040L01|http://webapps.fitzmuseum.cam.ac.uk/wndev/assets/01/01P040L01.jpg|404 
01P040L05|http://webapps.fitzmuseum.cam.ac.uk/wndev/assets/01/01P040L05.jpg|404 
01P040L10|http://webapps.fitzmuseum.cam.ac.uk/wndev/assets/01/01P040L10.jpg|404 
01P040L16|http://webapps.fitzmuseum.cam.ac.uk/wndev/assets/01/01P040L16.jpg|404 
01P040L18|http://webapps.fitzmuseum.cam.ac.uk/wndev/assets/01/01P040L18.jpg|404 
01P040L20|http://webapps.fitzmuseum.cam.ac.uk/wndev/assets/01/01P040L20.jpg|404 
02COVERL01|http://webapps.fitzmuseum.cam.ac.uk/wndev/assets/02/02COVERL01.jpg|404 
02P001L01|http://webapps.fitzmuseum.cam.ac.uk/wndev/assets/02/02P001L01.jpg|404 
02P001L09|http://webapps.fitzmuseum.cam.ac.uk/wndev/assets/02/02P001L09.jpg|404 
02P002L01|http://webapps.fitzmuseum.cam.ac.uk/wndev/assets/02/02P002L01.jpg|404 
02P002L06|http://webapps.fitzmuseum.cam.ac.uk/wndev/assets/02/02P002L06.jpg|404 
02P002L15|http://webapps.fitzmuseum.cam.ac.uk/wndev/assets/02/02P002L15.jpg|404 
02P002L18|http://webapps.fitzmuseum.cam.ac.uk/wndev/assets/02/02P002L18.jpg|404 
02P002L19|http://webapps.fitzmuseum.cam.ac.uk/wndev/assets/02/02P002L19.jpg|404 
02P003L01|http://webapps.fitzmuseum.cam.ac.uk/wndev/assets/02/02P003L01.jpg|404 
02P004L09|http://webapps.fitzmuseum.cam.ac.uk/wndev/assets/02/02P004L09.jpg|404 
02P005L10|http://webapps.fitzmuseum.cam.ac.uk/wndev/assets/02/02P005L10.jpg|404 
02P005L17|http://webapps.fitzmuseum.cam.ac.uk/wndev/assets/02/02P005L17.jpg|404 
02P006L01|http://webapps.fitzmuseum.cam.ac.uk/wndev/assets/02/02P006L01.jpg|404 
02P008L01|http://webapps.fitzmuseum.cam.ac.uk/wndev/assets/02/02P008L01.jpg|404 
02P008L09|http://webapps.fitzmuseum.cam.ac.uk/wndev/assets/02/02P008L09.jpg|404 
02P009L01|http://webapps.fitzmuseum.cam.ac.uk/wndev/assets/02/02P009L01.jpg|404 
02P009L07|http://webapps.fitzmuseum.cam.ac.uk/wndev/assets/02/02P009L07.jpg|404 
02P009L12|http://webapps.fitzmuseum.cam.ac.uk/wndev/assets/02/02P009L12.jpg|404 
02P009L15|http://webapps.fitzmuseum.cam.ac.uk/wndev/assets/02/02P009L15.jpg|404 
02P009L19|http://webapps.fitzmuseum.cam.ac.uk/wndev/assets/02/02P009L19.jpg|404 
02P010L01|http://webapps.fitzmuseum.cam.ac.uk/wndev/assets/02/02P010L01.jpg|404 
02P010L03|http://webapps.fitzmuseum.cam.ac.uk/wndev/assets/02/02P010L03.jpg|404 
02P010L06|http://webapps.fitzmuseum.cam.ac.uk/wndev/assets/02/02P010L06.jpg|404 
02P010L11|http://webapps.fitzmuseum.cam.ac.uk/wndev/assets/02/02P010L11.jpg|404 
02P010L17|http://webapps.fitzmuseum.cam.ac.uk/wndev/assets/02/02P010L17.jpg|404 
02P010L19|http://webapps.fitzmuseum.cam.ac.uk/wndev/assets/02/02P010L19.jpg|404 
02P010L20|http://webapps.fitzmuseum.cam.ac.uk/wndev/assets/02/02P010L20.jpg|404 
02P011L01|http://webapps.fitzmuseum.cam.ac.uk/wndev/assets/02/02P011L01.jpg|404 
02P011L05|http://webapps.fitzmuseum.cam.ac.uk/wndev/assets/02/02P011L05.jpg|404 
02P011L09|http://webapps.fitzmuseum.cam.ac.uk/wndev/assets/02/02P011L09.jpg|404 
02P011L13|http://webapps.fitzmuseum.cam.ac.uk/wndev/assets/02/02P011L13.jpg|404 
02P011L15|http://webapps.fitzmuseum.cam.ac.uk/wndev/assets/02/02P011L15.jpg|404 
02P011L18|http://webapps.fitzmuseum.cam.ac.uk/wndev/assets/02/02P011L18.jpg|404 
02P012L01|http://webapps.fitzmuseum.cam.ac.uk/wndev/assets/02/02P012L01.jpg|404 
02P012L07|http://webapps.fitzmuseum.cam.ac.uk/wndev/assets/02/02P012L07.jpg|404 
02P012L14|http://webapps.fitzmuseum.cam.ac.uk/wndev/assets/02/02P012L14.jpg|404 
02P012L18|http://webapps.fitzmuseum.cam.ac.uk/wndev/assets/02/02P012L18.jpg|404 
02P013L01|http://webapps.fitzmuseum.cam.ac.uk/wndev/assets/02/02P013L01.jpg|404 
02P013L07|http://webapps.fitzmuseum.cam.ac.uk/wndev/assets/02/02P013L07.jpg|404 
02P013L12|http://webapps.fitzmuseum.cam.ac.uk/wndev/assets/02/02P013L12.jpg|404 
02P013L16|http://webapps.fitzmuseum.cam.ac.uk/wndev/assets/02/02P013L16.jpg|404 
02P014L01|http://webapps.fitzmuseum.cam.ac.uk/wndev/assets/02/02P014L01.jpg|404 
02P014L03|http://webapps.fitzmuseum.cam.ac.uk/wndev/assets/02/02P014L03.jpg|404 
02P014L09|http://webapps.fitzmuseum.cam.ac.uk/wndev/assets/02/02P014L09.jpg|404 
02P014L12|http://webapps.fitzmuseum.cam.ac.uk/wndev/assets/02/02P014L12.jpg|404 
02P014L15|http://webapps.fitzmuseum.cam.ac.uk/wndev/assets/02/02P014L15.jpg|404 
02P014L17|http://webapps.fitzmuseum.cam.ac.uk/wndev/assets/02/02P014L17.jpg|404 
02P015L01|http://webapps.fitzmuseum.cam.ac.uk/wndev/assets/02/02P015L01.jpg|404 
02P015L05|http://webapps.fitzmuseum.cam.ac.uk/wndev/assets/02/02P015L05.jpg|404 
02P015L08|http://webapps.fitzmuseum.cam.ac.uk/wndev/assets/02/02P015L08.jpg|404 
02P015L13|http://webapps.fitzmuseum.cam.ac.uk/wndev/assets/02/02P015L13.jpg|404 
02P016L01|http://webapps.fitzmuseum.cam.ac.uk/wndev/assets/02/02P016L01.jpg|404 
02P016L14|http://webapps.fitzmuseum.cam.ac.uk/wndev/assets/02/02P016L14.jpg|404 
02P016L15|http://webapps.fitzmuseum.cam.ac.uk/wndev/assets/02/02P016L15.jpg|404 
02P016L21|http://webapps.fitzmuseum.cam.ac.uk/wndev/assets/02/02P016L21.jpg|404 
02P017L01|http://webapps.fitzmuseum.cam.ac.uk/wndev/assets/02/02P017L01.jpg|404 
02P017L14|http://webapps.fitzmuseum.cam.ac.uk/wndev/assets/02/02P017L14.jpg|404 
02P017L17|http://webapps.fitzmuseum.cam.ac.uk/wndev/assets/02/02P017L17.jpg|404 
02P017L19|http://webapps.fitzmuseum.cam.ac.uk/wndev/assets/02/02P017L19.jpg|404 
02P018L01|http://webapps.fitzmuseum.cam.ac.uk/wndev/assets/02/02P018L01.jpg|404 
02P018L06|http://webapps.fitzmuseum.cam.ac.uk/wndev/assets/02/02P018L06.jpg|404 
02P018L10|http://webapps.fitzmuseum.cam.ac.uk/wndev/assets/02/02P018L10.jpg|404 
02P018L17|http://webapps.fitzmuseum.cam.ac.uk/wndev/assets/02/02P018L17.jpg|404 
02P018L21|http://webapps.fitzmuseum.cam.ac.uk/wndev/assets/02/02P018L21.jpg|404 
02P019L01|http://webapps.fitzmuseum.cam.ac.uk/wndev/assets/02/02P019L01.jpg|404 
02P019L06|http://webapps.fitzmuseum.cam.ac.uk/wndev/assets/02/02P019L06.jpg|404 
02P019L07|http://webapps.fitzmuseum.cam.ac.uk/wndev/assets/02/02P019L07.jpg|404 
02P019L14|http://webapps.fitzmuseum.cam.ac.uk/wndev/assets/02/02P019L14.jpg|404 
02P019L16|http://webapps.fitzmuseum.cam.ac.uk/wndev/assets/02/02P019L16.jpg|404 
02P019L20|http://webapps.fitzmuseum.cam.ac.uk/wndev/assets/02/02P019L20.jpg|404 
02P020L01|http://webapps.fitzmuseum.cam.ac.uk/wndev/assets/02/02P020L01.jpg|404 
02P020L06|http://webapps.fitzmuseum.cam.ac.uk/wndev/assets/02/02P020L06.jpg|404 
02P020L08|http://webapps.fitzmuseum.cam.ac.uk/wndev/assets/02/02P020L08.jpg|404 
02P020L10|http://webapps.fitzmuseum.cam.ac.uk/wndev/assets/02/02P020L10.jpg|404 
02P020L12|http://webapps.fitzmuseum.cam.ac.uk/wndev/assets/02/02P020L12.jpg|404 
02P020L14|http://webapps.fitzmuseum.cam.ac.uk/wndev/assets/02/02P020L14.jpg|404 
02P021L01|http://webapps.fitzmuseum.cam.ac.uk/wndev/assets/02/02P021L01.jpg|404 
02P021L09|http://webapps.fitzmuseum.cam.ac.uk/wndev/assets/02/02P021L09.jpg|404 
02P021L16|http://webapps.fitzmuseum.cam.ac.uk/wndev/assets/02/02P021L16.jpg|404 
02P021L19|http://webapps.fitzmuseum.cam.ac.uk/wndev/assets/02/02P021L19.jpg|404 
02P022L01|http://webapps.fitzmuseum.cam.ac.uk/wndev/assets/02/02P022L01.jpg|404 
02P022L06|http://webapps.fitzmuseum.cam.ac.uk/wndev/assets/02/02P022L06.jpg|404 
02P022L17|http://webapps.fitzmuseum.cam.ac.uk/wndev/assets/02/02P022L17.jpg|404 
02P023L01|http://webapps.fitzmuseum.cam.ac.uk/wndev/assets/02/02P023L01.jpg|404 
02P023L04|http://webapps.fitzmuseum.cam.ac.uk/wndev/assets/02/02P023L04.jpg|404 
02P023L05|http://webapps.fitzmuseum.cam.ac.uk/wndev/assets/02/02P023L05.jpg|404 
02P023L06|http://webapps.fitzmuseum.cam.ac.uk/wndev/assets/02/02P023L06.jpg|404 
02P023L08|http://webapps.fitzmuseum.cam.ac.uk/wndev/assets/02/02P023L08.jpg|404 
02P023L11|http://webapps.fitzmuseum.cam.ac.uk/wndev/assets/02/02P023L11.jpg|404 
02P023L17|http://webapps.fitzmuseum.cam.ac.uk/wndev/assets/02/02P023L17.jpg|404 
02P023L90|http://webapps.fitzmuseum.cam.ac.uk/wndev/assets/02/02P023L90.jpg|404 
02P024L01|http://webapps.fitzmuseum.cam.ac.uk/wndev/assets/02/02P024L01.jpg|404 
02P024L06|http://webapps.fitzmuseum.cam.ac.uk/wndev/assets/02/02P024L06.jpg|404 
02P024L11|http://webapps.fitzmuseum.cam.ac.uk/wndev/assets/02/02P024L11.jpg|404 
02P024L20|http://webapps.fitzmuseum.cam.ac.uk/wndev/assets/02/02P024L20.jpg|404 
02P025L01|http://webapps.fitzmuseum.cam.ac.uk/wndev/assets/02/02P025L01.jpg|404 
02P025L06|http://webapps.fitzmuseum.cam.ac.uk/wndev/assets/02/02P025L06.jpg|404 
02P025L18|http://webapps.fitzmuseum.cam.ac.uk/wndev/assets/02/02P025L18.jpg|404 
02P025L20|http://webapps.fitzmuseum.cam.ac.uk/wndev/assets/02/02P025L20.jpg|404 
02P026L01|http://webapps.fitzmuseum.cam.ac.uk/wndev/assets/02/02P026L01.jpg|404 
02P026L06|http://webapps.fitzmuseum.cam.ac.uk/wndev/assets/02/02P026L06.jpg|404 
02P026L14|http://webapps.fitzmuseum.cam.ac.uk/wndev/assets/02/02P026L14.jpg|404 
02P026L17|http://webapps.fitzmuseum.cam.ac.uk/wndev/assets/02/02P026L17.jpg|404 
02P026L19|http://webapps.fitzmuseum.cam.ac.uk/wndev/assets/02/02P026L19.jpg|404 
02P026L22|http://webapps.fitzmuseum.cam.ac.uk/wndev/assets/02/02P026L22.jpg|404 
02P027L01|http://webapps.fitzmuseum.cam.ac.uk/wndev/assets/02/02P027L01.jpg|404 
02P027L04|http://webapps.fitzmuseum.cam.ac.uk/wndev/assets/02/02P027L04.jpg|404 
02P027L07|http://webapps.fitzmuseum.cam.ac.uk/wndev/assets/02/02P027L07.jpg|404 
02P028L01|http://webapps.fitzmuseum.cam.ac.uk/wndev/assets/02/02P028L01.jpg|404 
02P028L03|http://webapps.fitzmuseum.cam.ac.uk/wndev/assets/02/02P028L03.jpg|404 
02P028L06|http://webapps.fitzmuseum.cam.ac.uk/wndev/assets/02/02P028L06.jpg|404 
02P028L08|http://webapps.fitzmuseum.cam.ac.uk/wndev/assets/02/02P028L08.jpg|404 
02P028L12|http://webapps.fitzmuseum.cam.ac.uk/wndev/assets/02/02P028L12.jpg|404 
02P028L14|http://webapps.fitzmuseum.cam.ac.uk/wndev/assets/02/02P028L14.jpg|404 
02P028L16|http://webapps.fitzmuseum.cam.ac.uk/wndev/assets/02/02P028L16.jpg|404 
02P028L17|http://webapps.fitzmuseum.cam.ac.uk/wndev/assets/02/02P028L17.jpg|404 
02P028L18|http://webapps.fitzmuseum.cam.ac.uk/wndev/assets/02/02P028L18.jpg|404 
02P029L01|http://webapps.fitzmuseum.cam.ac.uk/wndev/assets/02/02P029L01.jpg|404 
02P029L03|http://webapps.fitzmuseum.cam.ac.uk/wndev/assets/02/02P029L03.jpg|404 
02P029L05|http://webapps.fitzmuseum.cam.ac.uk/wndev/assets/02/02P029L05.jpg|404 
02P029L08|http://webapps.fitzmuseum.cam.ac.uk/wndev/assets/02/02P029L08.jpg|404 
02P029L10|http://webapps.fitzmuseum.cam.ac.uk/wndev/assets/02/02P029L10.jpg|404 
02P029L12|http://webapps.fitzmuseum.cam.ac.uk/wndev/assets/02/02P029L12.jpg|404 
02P029L15|http://webapps.fitzmuseum.cam.ac.uk/wndev/assets/02/02P029L15.jpg|404 
02P029L17|http://webapps.fitzmuseum.cam.ac.uk/wndev/assets/02/02P029L17.jpg|404 
02P029L20|http://webapps.fitzmuseum.cam.ac.uk/wndev/assets/02/02P029L20.jpg|404 
02P030L01|http://webapps.fitzmuseum.cam.ac.uk/wndev/assets/02/02P030L01.jpg|404 
02P030L15|http://webapps.fitzmuseum.cam.ac.uk/wndev/assets/02/02P030L15.jpg|404 
02P030L16|http://webapps.fitzmuseum.cam.ac.uk/wndev/assets/02/02P030L16.jpg|404 
02P030L19|http://webapps.fitzmuseum.cam.ac.uk/wndev/assets/02/02P030L19.jpg|404 
02P031L01|http://webapps.fitzmuseum.cam.ac.uk/wndev/assets/02/02P031L01.jpg|404 
02P031L08|http://webapps.fitzmuseum.cam.ac.uk/wndev/assets/02/02P031L08.jpg|404 
02P031L10|http://webapps.fitzmuseum.cam.ac.uk/wndev/assets/02/02P031L10.jpg|404 
02P031L14|http://webapps.fitzmuseum.cam.ac.uk/wndev/assets/02/02P031L14.jpg|404 
02P031L16|http://webapps.fitzmuseum.cam.ac.uk/wndev/assets/02/02P031L16.jpg|404 
02P031L19|http://webapps.fitzmuseum.cam.ac.uk/wndev/assets/02/02P031L19.jpg|404 
02P031L20|http://webapps.fitzmuseum.cam.ac.uk/wndev/assets/02/02P031L20.jpg|404 
02P032L01|http://webapps.fitzmuseum.cam.ac.uk/wndev/assets/02/02P032L01.jpg|404 
02P032L02|http://webapps.fitzmuseum.cam.ac.uk/wndev/assets/02/02P032L02.jpg|404 
02P032L04|http://webapps.fitzmuseum.cam.ac.uk/wndev/assets/02/02P032L04.jpg|404 
02P032L12|http://webapps.fitzmuseum.cam.ac.uk/wndev/assets/02/02P032L12.jpg|404 
02P032L13|http://webapps.fitzmuseum.cam.ac.uk/wndev/assets/02/02P032L13.jpg|404 
02P033L01|http://webapps.fitzmuseum.cam.ac.uk/wndev/assets/02/02P033L01.jpg|404 
02P033L03|http://webapps.fitzmuseum.cam.ac.uk/wndev/assets/02/02P033L03.jpg|404 
02P033L09|http://webapps.fitzmuseum.cam.ac.uk/wndev/assets/02/02P033L09.jpg|404 
02P033L11|http://webapps.fitzmuseum.cam.ac.uk/wndev/assets/02/02P033L11.jpg|404 
02P033L13|http://webapps.fitzmuseum.cam.ac.uk/wndev/assets/02/02P033L13.jpg|404 
02P034L01|http://webapps.fitzmuseum.cam.ac.uk/wndev/assets/02/02P034L01.jpg|404 
02P034L12|http://webapps.fitzmuseum.cam.ac.uk/wndev/assets/02/02P034L12.jpg|404 
02P034L14|http://webapps.fitzmuseum.cam.ac.uk/wndev/assets/02/02P034L14.jpg|404 
02P034L19|http://webapps.fitzmuseum.cam.ac.uk/wndev/assets/02/02P034L19.jpg|404 
02P035L01|http://webapps.fitzmuseum.cam.ac.uk/wndev/assets/02/02P035L01.jpg|404 
02P035L13|http://webapps.fitzmuseum.cam.ac.uk/wndev/assets/02/02P035L13.jpg|404 
02P036L01|http://webapps.fitzmuseum.cam.ac.uk/wndev/assets/02/02P036L01.jpg|404 
02P037L01|http://webapps.fitzmuseum.cam.ac.uk/wndev/assets/02/02P037L01.jpg|404 
02P037L07|http://webapps.fitzmuseum.cam.ac.uk/wndev/assets/02/02P037L07.jpg|404 
02P037L09|http://webapps.fitzmuseum.cam.ac.uk/wndev/assets/02/02P037L09.jpg|404 
02P037L13|http://webapps.fitzmuseum.cam.ac.uk/wndev/assets/02/02P037L13.jpg|404 
02P038L01|http://webapps.fitzmuseum.cam.ac.uk/wndev/assets/02/02P038L01.jpg|404 
02P038L04|http://webapps.fitzmuseum.cam.ac.uk/wndev/assets/02/02P038L04.jpg|404 
02P038L17|http://webapps.fitzmuseum.cam.ac.uk/wndev/assets/02/02P038L17.jpg|404 
02P039L12|http://webapps.fitzmuseum.cam.ac.uk/wndev/assets/02/02P039L12.jpg|404 
02P039L13|http://webapps.fitzmuseum.cam.ac.uk/wndev/assets/02/02P039L13.jpg|404 
02P040L03|http://webapps.fitzmuseum.cam.ac.uk/wndev/assets/02/02P040L03.jpg|404 
02P040L14|http://webapps.fitzmuseum.cam.ac.uk/wndev/assets/02/02P040L14.jpg|404 
02P041L14|http://webapps.fitzmuseum.cam.ac.uk/wndev/assets/02/02P041L14.jpg|404 
02P041L16|http://webapps.fitzmuseum.cam.ac.uk/wndev/assets/02/02P041L16.jpg|404 
02P041L17|http://webapps.fitzmuseum.cam.ac.uk/wndev/assets/02/02P041L17.jpg|404 
02P042L01|http://webapps.fitzmuseum.cam.ac.uk/wndev/assets/02/02P042L01.jpg|404 
02P042L11|http://webapps.fitzmuseum.cam.ac.uk/wndev/assets/02/02P042L11.jpg|404 
02P043L01|http://webapps.fitzmuseum.cam.ac.uk/wndev/assets/02/02P043L01.jpg|404 
02P043L05|http://webapps.fitzmuseum.cam.ac.uk/wndev/assets/02/02P043L05.jpg|404 
02P043L08|http://webapps.fitzmuseum.cam.ac.uk/wndev/assets/02/02P043L08.jpg|404 
02P043L16|http://webapps.fitzmuseum.cam.ac.uk/wndev/assets/02/02P043L16.jpg|404 
02P044L01|http://webapps.fitzmuseum.cam.ac.uk/wndev/assets/02/02P044L01.jpg|404 
02P044L05|http://webapps.fitzmuseum.cam.ac.uk/wndev/assets/02/02P044L05.jpg|404 
02P044L08|http://webapps.fitzmuseum.cam.ac.uk/wndev/assets/02/02P044L08.jpg|404 
02P044L18|http://webapps.fitzmuseum.cam.ac.uk/wndev/assets/02/02P044L18.jpg|404 
02Z01L01|http://webapps.fitzmuseum.cam.ac.uk/wndev/assets/02/02Z01L01.jpg|404 
02Z01L06|http://webapps.fitzmuseum.cam.ac.uk/wndev/assets/02/02Z01L06.jpg|404 
02Z01L09|http://webapps.fitzmuseum.cam.ac.uk/wndev/assets/02/02Z01L09.jpg|404 
02Z01L13|http://webapps.fitzmuseum.cam.ac.uk/wndev/assets/02/02Z01L13.jpg|404 
02Z01L16|http://webapps.fitzmuseum.cam.ac.uk/wndev/assets/02/02Z01L16.jpg|404 
03COVERL01|http://webapps.fitzmuseum.cam.ac.uk/wndev/assets/03/03COVERL01.jpg|404 
03P001L01|http://webapps.fitzmuseum.cam.ac.uk/wndev/assets/03/03P001L01.jpg|404 
03P001L16|http://webapps.fitzmuseum.cam.ac.uk/wndev/assets/03/03P001L16.jpg|404 
03P002L10|http://webapps.fitzmuseum.cam.ac.uk/wndev/assets/03/03P002L10.jpg|404 
03P003L01|http://webapps.fitzmuseum.cam.ac.uk/wndev/assets/03/03P003L01.jpg|404 
03P003L05|http://webapps.fitzmuseum.cam.ac.uk/wndev/assets/03/03P003L05.jpg|404 
03P003L10|http://webapps.fitzmuseum.cam.ac.uk/wndev/assets/03/03P003L10.jpg|404 
03P003L16|http://webapps.fitzmuseum.cam.ac.uk/wndev/assets/03/03P003L16.jpg|404 
03P004L01|http://webapps.fitzmuseum.cam.ac.uk/wndev/assets/03/03P004L01.jpg|404 
03P004L05|http://webapps.fitzmuseum.cam.ac.uk/wndev/assets/03/03P004L05.jpg|404 
03P004L07|http://webapps.fitzmuseum.cam.ac.uk/wndev/assets/03/03P004L07.jpg|404 
03P004L09|http://webapps.fitzmuseum.cam.ac.uk/wndev/assets/03/03P004L09.jpg|404 
03P004L13|http://webapps.fitzmuseum.cam.ac.uk/wndev/assets/03/03P004L13.jpg|404 
03P004L16|http://webapps.fitzmuseum.cam.ac.uk/wndev/assets/03/03P004L16.jpg|404 
03P005L01|http://webapps.fitzmuseum.cam.ac.uk/wndev/assets/03/03P005L01.jpg|404 
03P005L03|http://webapps.fitzmuseum.cam.ac.uk/wndev/assets/03/03P005L03.jpg|404 
03P005L10|http://webapps.fitzmuseum.cam.ac.uk/wndev/assets/03/03P005L10.jpg|404 
03P005L13|http://webapps.fitzmuseum.cam.ac.uk/wndev/assets/03/03P005L13.jpg|404 
03P005L15|http://webapps.fitzmuseum.cam.ac.uk/wndev/assets/03/03P005L15.jpg|404 
03P006L01|http://webapps.fitzmuseum.cam.ac.uk/wndev/assets/03/03P006L01.jpg|404 
03P006L14|http://webapps.fitzmuseum.cam.ac.uk/wndev/assets/03/03P006L14.jpg|404 
03P006L20|http://webapps.fitzmuseum.cam.ac.uk/wndev/assets/03/03P006L20.jpg|404 
03P007L01|http://webapps.fitzmuseum.cam.ac.uk/wndev/assets/03/03P007L01.jpg|404 
03P007L12|http://webapps.fitzmuseum.cam.ac.uk/wndev/assets/03/03P007L12.jpg|404 
03P008L01|http://webapps.fitzmuseum.cam.ac.uk/wndev/assets/03/03P008L01.jpg|404 
03P008L08|http://webapps.fitzmuseum.cam.ac.uk/wndev/assets/03/03P008L08.jpg|404 
03P009L01|http://webapps.fitzmuseum.cam.ac.uk/wndev/assets/03/03P009L01.jpg|404 
03P009L09|http://webapps.fitzmuseum.cam.ac.uk/wndev/assets/03/03P009L09.jpg|404 
03P012L07|http://webapps.fitzmuseum.cam.ac.uk/wndev/assets/03/03P012L07.jpg|404 
03P012L10|http://webapps.fitzmuseum.cam.ac.uk/wndev/assets/03/03P012L10.jpg|404 
03P012L16|http://webapps.fitzmuseum.cam.ac.uk/wndev/assets/03/03P012L16.jpg|404 
03P013L05|http://webapps.fitzmuseum.cam.ac.uk/wndev/assets/03/03P013L05.jpg|404 
03P013L10|http://webapps.fitzmuseum.cam.ac.uk/wndev/assets/03/03P013L10.jpg|404 
03P013L16|http://webapps.fitzmuseum.cam.ac.uk/wndev/assets/03/03P013L16.jpg|404 
03P013L19|http://webapps.fitzmuseum.cam.ac.uk/wndev/assets/03/03P013L19.jpg|404 
03P014L01|http://webapps.fitzmuseum.cam.ac.uk/wndev/assets/03/03P014L01.jpg|404 
03P015L01|http://webapps.fitzmuseum.cam.ac.uk/wndev/assets/03/03P015L01.jpg|404 
03P015L03|http://webapps.fitzmuseum.cam.ac.uk/wndev/assets/03/03P015L03.jpg|404 
03P015L09|http://webapps.fitzmuseum.cam.ac.uk/wndev/assets/03/03P015L09.jpg|404 
03P015L11|http://webapps.fitzmuseum.cam.ac.uk/wndev/assets/03/03P015L11.jpg|404 
03P016L01|http://webapps.fitzmuseum.cam.ac.uk/wndev/assets/03/03P016L01.jpg|404 
03P016L09|http://webapps.fitzmuseum.cam.ac.uk/wndev/assets/03/03P016L09.jpg|404 
03P016L12|http://webapps.fitzmuseum.cam.ac.uk/wndev/assets/03/03P016L12.jpg|404 
03P016L13|http://webapps.fitzmuseum.cam.ac.uk/wndev/assets/03/03P016L13.jpg|404 
03P017L01|http://webapps.fitzmuseum.cam.ac.uk/wndev/assets/03/03P017L01.jpg|404 
03P017L03|http://webapps.fitzmuseum.cam.ac.uk/wndev/assets/03/03P017L03.jpg|404 
03P017L07|http://webapps.fitzmuseum.cam.ac.uk/wndev/assets/03/03P017L07.jpg|404 
03P017L11|http://webapps.fitzmuseum.cam.ac.uk/wndev/assets/03/03P017L11.jpg|404 
03P018L01|http://webapps.fitzmuseum.cam.ac.uk/wndev/assets/03/03P018L01.jpg|404 
03P018L08|http://webapps.fitzmuseum.cam.ac.uk/wndev/assets/03/03P018L08.jpg|404 
03P018L12|http://webapps.fitzmuseum.cam.ac.uk/wndev/assets/03/03P018L12.jpg|404 
03P018L16|http://webapps.fitzmuseum.cam.ac.uk/wndev/assets/03/03P018L16.jpg|404 
03P019L01|http://webapps.fitzmuseum.cam.ac.uk/wndev/assets/03/03P019L01.jpg|404 
03P019L15|http://webapps.fitzmuseum.cam.ac.uk/wndev/assets/03/03P019L15.jpg|404 
03P020L01|http://webapps.fitzmuseum.cam.ac.uk/wndev/assets/03/03P020L01.jpg|404 
03P022L15|http://webapps.fitzmuseum.cam.ac.uk/wndev/assets/03/03P022L15.jpg|404 
03P022L17|http://webapps.fitzmuseum.cam.ac.uk/wndev/assets/03/03P022L17.jpg|404 
03P023L01|http://webapps.fitzmuseum.cam.ac.uk/wndev/assets/03/03P023L01.jpg|404 
03P023L06|http://webapps.fitzmuseum.cam.ac.uk/wndev/assets/03/03P023L06.jpg|404 
03P024L01|http://webapps.fitzmuseum.cam.ac.uk/wndev/assets/03/03P024L01.jpg|404 
03P024L06|http://webapps.fitzmuseum.cam.ac.uk/wndev/assets/03/03P024L06.jpg|404 
03P024L16|http://webapps.fitzmuseum.cam.ac.uk/wndev/assets/03/03P024L16.jpg|404 
03P024L17|http://webapps.fitzmuseum.cam.ac.uk/wndev/assets/03/03P024L17.jpg|404 
03P025L01|http://webapps.fitzmuseum.cam.ac.uk/wndev/assets/03/03P025L01.jpg|404 
03P025L08|http://webapps.fitzmuseum.cam.ac.uk/wndev/assets/03/03P025L08.jpg|404 
03P026L01|http://webapps.fitzmuseum.cam.ac.uk/wndev/assets/03/03P026L01.jpg|404 
03P026L11|http://webapps.fitzmuseum.cam.ac.uk/wndev/assets/03/03P026L11.jpg|404 
03P027L01|http://webapps.fitzmuseum.cam.ac.uk/wndev/assets/03/03P027L01.jpg|404 
03P027L04|http://webapps.fitzmuseum.cam.ac.uk/wndev/assets/03/03P027L04.jpg|404 
03P027L06|http://webapps.fitzmuseum.cam.ac.uk/wndev/assets/03/03P027L06.jpg|404 
03P027L07|http://webapps.fitzmuseum.cam.ac.uk/wndev/assets/03/03P027L07.jpg|404 
03P027L08|http://webapps.fitzmuseum.cam.ac.uk/wndev/assets/03/03P027L08.jpg|404 
03P027L15|http://webapps.fitzmuseum.cam.ac.uk/wndev/assets/03/03P027L15.jpg|404 
03P028L01|http://webapps.fitzmuseum.cam.ac.uk/wndev/assets/03/03P028L01.jpg|404 
03P028L11|http://webapps.fitzmuseum.cam.ac.uk/wndev/assets/03/03P028L11.jpg|404 
03P028L15|http://webapps.fitzmuseum.cam.ac.uk/wndev/assets/03/03P028L15.jpg|404 
03P028L18|http://webapps.fitzmuseum.cam.ac.uk/wndev/assets/03/03P028L18.jpg|404 
03P029L01|http://webapps.fitzmuseum.cam.ac.uk/wndev/assets/03/03P029L01.jpg|404 
03P029L06|http://webapps.fitzmuseum.cam.ac.uk/wndev/assets/03/03P029L06.jpg|404 
03P029L12|http://webapps.fitzmuseum.cam.ac.uk/wndev/assets/03/03P029L12.jpg|404 
03P029L17|http://webapps.fitzmuseum.cam.ac.uk/wndev/assets/03/03P029L17.jpg|404 
03P030L01|http://webapps.fitzmuseum.cam.ac.uk/wndev/assets/03/03P030L01.jpg|404 
03P030L02|http://webapps.fitzmuseum.cam.ac.uk/wndev/assets/03/03P030L02.jpg|404 
03P030L06|http://webapps.fitzmuseum.cam.ac.uk/wndev/assets/03/03P030L06.jpg|404 
03P030L11|http://webapps.fitzmuseum.cam.ac.uk/wndev/assets/03/03P030L11.jpg|404 
03P030L15|http://webapps.fitzmuseum.cam.ac.uk/wndev/assets/03/03P030L15.jpg|404 
03P031L01|http://webapps.fitzmuseum.cam.ac.uk/wndev/assets/03/03P031L01.jpg|404 
03P031L02|http://webapps.fitzmuseum.cam.ac.uk/wndev/assets/03/03P031L02.jpg|404 
03P031L08|http://webapps.fitzmuseum.cam.ac.uk/wndev/assets/03/03P031L08.jpg|404 
03P031L14|http://webapps.fitzmuseum.cam.ac.uk/wndev/assets/03/03P031L14.jpg|404 
03P031L15|http://webapps.fitzmuseum.cam.ac.uk/wndev/assets/03/03P031L15.jpg|404 
03P031L17|http://webapps.fitzmuseum.cam.ac.uk/wndev/assets/03/03P031L17.jpg|404 
03P032L01|http://webapps.fitzmuseum.cam.ac.uk/wndev/assets/03/03P032L01.jpg|404 
03P032L04|http://webapps.fitzmuseum.cam.ac.uk/wndev/assets/03/03P032L04.jpg|404 
03P032L06|http://webapps.fitzmuseum.cam.ac.uk/wndev/assets/03/03P032L06.jpg|404 
03P032L19|http://webapps.fitzmuseum.cam.ac.uk/wndev/assets/03/03P032L19.jpg|404 
03P032L23|http://webapps.fitzmuseum.cam.ac.uk/wndev/assets/03/03P032L23.jpg|404 
03P033L01|http://webapps.fitzmuseum.cam.ac.uk/wndev/assets/03/03P033L01.jpg|404 
03P033L05|http://webapps.fitzmuseum.cam.ac.uk/wndev/assets/03/03P033L05.jpg|404 
03P033L13|http://webapps.fitzmuseum.cam.ac.uk/wndev/assets/03/03P033L13.jpg|404 
03P033L18|http://webapps.fitzmuseum.cam.ac.uk/wndev/assets/03/03P033L18.jpg|404 
03P034L01|http://webapps.fitzmuseum.cam.ac.uk/wndev/assets/03/03P034L01.jpg|404 
03P034L06|http://webapps.fitzmuseum.cam.ac.uk/wndev/assets/03/03P034L06.jpg|404 
03P034L08|http://webapps.fitzmuseum.cam.ac.uk/wndev/assets/03/03P034L08.jpg|404 
03P036L01|http://webapps.fitzmuseum.cam.ac.uk/wndev/assets/03/03P036L01.jpg|404 
03P036L08|http://webapps.fitzmuseum.cam.ac.uk/wndev/assets/03/03P036L08.jpg|404 
03P036L12|http://webapps.fitzmuseum.cam.ac.uk/wndev/assets/03/03P036L12.jpg|404 
03P037L01|http://webapps.fitzmuseum.cam.ac.uk/wndev/assets/03/03P037L01.jpg|404 
03P037L13|http://webapps.fitzmuseum.cam.ac.uk/wndev/assets/03/03P037L13.jpg|404 
03P037L17|http://webapps.fitzmuseum.cam.ac.uk/wndev/assets/03/03P037L17.jpg|404 
03P037L18|http://webapps.fitzmuseum.cam.ac.uk/wndev/assets/03/03P037L18.jpg|404 
03P038L01|http://webapps.fitzmuseum.cam.ac.uk/wndev/assets/03/03P038L01.jpg|404 
03P039L01|http://webapps.fitzmuseum.cam.ac.uk/wndev/assets/03/03P039L01.jpg|404 
03P039L03|http://webapps.fitzmuseum.cam.ac.uk/wndev/assets/03/03P039L03.jpg|404 
03P039L07|http://webapps.fitzmuseum.cam.ac.uk/wndev/assets/03/03P039L07.jpg|404 
03P039L09|http://webapps.fitzmuseum.cam.ac.uk/wndev/assets/03/03P039L09.jpg|404 
03P039L12|http://webapps.fitzmuseum.cam.ac.uk/wndev/assets/03/03P039L12.jpg|404 
03P039L14|http://webapps.fitzmuseum.cam.ac.uk/wndev/assets/03/03P039L14.jpg|404 
03P040L01|http://webapps.fitzmuseum.cam.ac.uk/wndev/assets/03/03P040L01.jpg|404 
03P041L08|http://webapps.fitzmuseum.cam.ac.uk/wndev/assets/03/03P041L08.jpg|404 
03P041L14|http://webapps.fitzmuseum.cam.ac.uk/wndev/assets/03/03P041L14.jpg|404 
03P041L20|http://webapps.fitzmuseum.cam.ac.uk/wndev/assets/03/03P041L20.jpg|404 
03P042L01|http://webapps.fitzmuseum.cam.ac.uk/wndev/assets/03/03P042L01.jpg|404 
03P042L12|http://webapps.fitzmuseum.cam.ac.uk/wndev/assets/03/03P042L12.jpg|404 
03P043L01|http://webapps.fitzmuseum.cam.ac.uk/wndev/assets/03/03P043L01.jpg|404 
03P043L08|http://webapps.fitzmuseum.cam.ac.uk/wndev/assets/03/03P043L08.jpg|404 
03P043L10|http://webapps.fitzmuseum.cam.ac.uk/wndev/assets/03/03P043L10.jpg|404 
03P043L13|http://webapps.fitzmuseum.cam.ac.uk/wndev/assets/03/03P043L13.jpg|404 
03P044L04|http://webapps.fitzmuseum.cam.ac.uk/wndev/assets/03/03P044L04.jpg|404 
03P044L07|http://webapps.fitzmuseum.cam.ac.uk/wndev/assets/03/03P044L07.jpg|404 
04COVERL01|http://webapps.fitzmuseum.cam.ac.uk/wndev/assets/04/04COVERL01.jpg|404 
04P001L01|http://webapps.fitzmuseum.cam.ac.uk/wndev/assets/04/04P001L01.jpg|404 
04P001L05|http://webapps.fitzmuseum.cam.ac.uk/wndev/assets/04/04P001L05.jpg|404 
04P001L08|http://webapps.fitzmuseum.cam.ac.uk/wndev/assets/04/04P001L08.jpg|404 
04P001L10|http://webapps.fitzmuseum.cam.ac.uk/wndev/assets/04/04P001L10.jpg|404 
04P001L13|http://webapps.fitzmuseum.cam.ac.uk/wndev/assets/04/04P001L13.jpg|404 
04P001L14|http://webapps.fitzmuseum.cam.ac.uk/wndev/assets/04/04P001L14.jpg|404 
04P002L01|http://webapps.fitzmuseum.cam.ac.uk/wndev/assets/04/04P002L01.jpg|404 
04P002L05|http://webapps.fitzmuseum.cam.ac.uk/wndev/assets/04/04P002L05.jpg|404 
04P002L07|http://webapps.fitzmuseum.cam.ac.uk/wndev/assets/04/04P002L07.jpg|404 
04P002L10|http://webapps.fitzmuseum.cam.ac.uk/wndev/assets/04/04P002L10.jpg|404 
04P002L14|http://webapps.fitzmuseum.cam.ac.uk/wndev/assets/04/04P002L14.jpg|404 
04P002L17|http://webapps.fitzmuseum.cam.ac.uk/wndev/assets/04/04P002L17.jpg|404 
04P003L01|http://webapps.fitzmuseum.cam.ac.uk/wndev/assets/04/04P003L01.jpg|404 
04P003L03|http://webapps.fitzmuseum.cam.ac.uk/wndev/assets/04/04P003L03.jpg|404 
04P003L06|http://webapps.fitzmuseum.cam.ac.uk/wndev/assets/04/04P003L06.jpg|404 
04P003L09|http://webapps.fitzmuseum.cam.ac.uk/wndev/assets/04/04P003L09.jpg|404 
04P003L13|http://webapps.fitzmuseum.cam.ac.uk/wndev/assets/04/04P003L13.jpg|404 
04P003L15|http://webapps.fitzmuseum.cam.ac.uk/wndev/assets/04/04P003L15.jpg|404 
04P003L17|http://webapps.fitzmuseum.cam.ac.uk/wndev/assets/04/04P003L17.jpg|404 
04P004L01|http://webapps.fitzmuseum.cam.ac.uk/wndev/assets/04/04P004L01.jpg|404 
04P004L02|http://webapps.fitzmuseum.cam.ac.uk/wndev/assets/04/04P004L02.jpg|404 
04P004L06|http://webapps.fitzmuseum.cam.ac.uk/wndev/assets/04/04P004L06.jpg|404 
04P004L07|http://webapps.fitzmuseum.cam.ac.uk/wndev/assets/04/04P004L07.jpg|404 
04P004L10|http://webapps.fitzmuseum.cam.ac.uk/wndev/assets/04/04P004L10.jpg|404 
04P004L13|http://webapps.fitzmuseum.cam.ac.uk/wndev/assets/04/04P004L13.jpg|404 
04P005L01|http://webapps.fitzmuseum.cam.ac.uk/wndev/assets/04/04P005L01.jpg|404 
04P005L05|http://webapps.fitzmuseum.cam.ac.uk/wndev/assets/04/04P005L05.jpg|404 
04P005L09|http://webapps.fitzmuseum.cam.ac.uk/wndev/assets/04/04P005L09.jpg|404 
04P005L10|http://webapps.fitzmuseum.cam.ac.uk/wndev/assets/04/04P005L10.jpg|404 
04P005L15|http://webapps.fitzmuseum.cam.ac.uk/wndev/assets/04/04P005L15.jpg|404 
04P005L17|http://webapps.fitzmuseum.cam.ac.uk/wndev/assets/04/04P005L17.jpg|404 
04P006L01|http://webapps.fitzmuseum.cam.ac.uk/wndev/assets/04/04P006L01.jpg|404 
04P006L07|http://webapps.fitzmuseum.cam.ac.uk/wndev/assets/04/04P006L07.jpg|404 
04P006L11|http://webapps.fitzmuseum.cam.ac.uk/wndev/assets/04/04P006L11.jpg|404 
04P006L19|http://webapps.fitzmuseum.cam.ac.uk/wndev/assets/04/04P006L19.jpg|404 
04P007L01|http://webapps.fitzmuseum.cam.ac.uk/wndev/assets/04/04P007L01.jpg|404 
04P007L04|http://webapps.fitzmuseum.cam.ac.uk/wndev/assets/04/04P007L04.jpg|404 
04P007L11|http://webapps.fitzmuseum.cam.ac.uk/wndev/assets/04/04P007L11.jpg|404 
04P007L13|http://webapps.fitzmuseum.cam.ac.uk/wndev/assets/04/04P007L13.jpg|404 
04P007L19|http://webapps.fitzmuseum.cam.ac.uk/wndev/assets/04/04P007L19.jpg|404 
04P008L01|http://webapps.fitzmuseum.cam.ac.uk/wndev/assets/04/04P008L01.jpg|404 
04P008L04|http://webapps.fitzmuseum.cam.ac.uk/wndev/assets/04/04P008L04.jpg|404 
04P008L06|http://webapps.fitzmuseum.cam.ac.uk/wndev/assets/04/04P008L06.jpg|404 
04P008L15|http://webapps.fitzmuseum.cam.ac.uk/wndev/assets/04/04P008L15.jpg|404 
04P008L17|http://webapps.fitzmuseum.cam.ac.uk/wndev/assets/04/04P008L17.jpg|404 
04P009L01|http://webapps.fitzmuseum.cam.ac.uk/wndev/assets/04/04P009L01.jpg|404 
04P010L01|http://webapps.fitzmuseum.cam.ac.uk/wndev/assets/04/04P010L01.jpg|404 
04P011L15|http://webapps.fitzmuseum.cam.ac.uk/wndev/assets/04/04P011L15.jpg|404 
04P012L01|http://webapps.fitzmuseum.cam.ac.uk/wndev/assets/04/04P012L01.jpg|404 
04P012L16|http://webapps.fitzmuseum.cam.ac.uk/wndev/assets/04/04P012L16.jpg|404 
04P013L01|http://webapps.fitzmuseum.cam.ac.uk/wndev/assets/04/04P013L01.jpg|404 
04P013L06|http://webapps.fitzmuseum.cam.ac.uk/wndev/assets/04/04P013L06.jpg|404 
04P013L10|http://webapps.fitzmuseum.cam.ac.uk/wndev/assets/04/04P013L10.jpg|404 
04P013L15|http://webapps.fitzmuseum.cam.ac.uk/wndev/assets/04/04P013L15.jpg|404 
04P014L01|http://webapps.fitzmuseum.cam.ac.uk/wndev/assets/04/04P014L01.jpg|404 
04P014L18|http://webapps.fitzmuseum.cam.ac.uk/wndev/assets/04/04P014L18.jpg|404 
04P015L01|http://webapps.fitzmuseum.cam.ac.uk/wndev/assets/04/04P015L01.jpg|404 
04P015L07|http://webapps.fitzmuseum.cam.ac.uk/wndev/assets/04/04P015L07.jpg|404 
04P015L09|http://webapps.fitzmuseum.cam.ac.uk/wndev/assets/04/04P015L09.jpg|404 
04P015L10|http://webapps.fitzmuseum.cam.ac.uk/wndev/assets/04/04P015L10.jpg|404 
04P016L01|http://webapps.fitzmuseum.cam.ac.uk/wndev/assets/04/04P016L01.jpg|404 
04P016L04|http://webapps.fitzmuseum.cam.ac.uk/wndev/assets/04/04P016L04.jpg|404 
04P016L12|http://webapps.fitzmuseum.cam.ac.uk/wndev/assets/04/04P016L12.jpg|404 
04P018L01|http://webapps.fitzmuseum.cam.ac.uk/wndev/assets/04/04P018L01.jpg|404 
04P018L02|http://webapps.fitzmuseum.cam.ac.uk/wndev/assets/04/04P018L02.jpg|404 
04P018L04|http://webapps.fitzmuseum.cam.ac.uk/wndev/assets/04/04P018L04.jpg|404 
04P018L07|http://webapps.fitzmuseum.cam.ac.uk/wndev/assets/04/04P018L07.jpg|404 
04P018L12|http://webapps.fitzmuseum.cam.ac.uk/wndev/assets/04/04P018L12.jpg|404 
04P018L14|http://webapps.fitzmuseum.cam.ac.uk/wndev/assets/04/04P018L14.jpg|404 
04P019L01|http://webapps.fitzmuseum.cam.ac.uk/wndev/assets/04/04P019L01.jpg|404 
04P020L01|http://webapps.fitzmuseum.cam.ac.uk/wndev/assets/04/04P020L01.jpg|404 
04P020L04|http://webapps.fitzmuseum.cam.ac.uk/wndev/assets/04/04P020L04.jpg|404 
04P021L01|http://webapps.fitzmuseum.cam.ac.uk/wndev/assets/04/04P021L01.jpg|404 
04P024L01|http://webapps.fitzmuseum.cam.ac.uk/wndev/assets/04/04P024L01.jpg|404 
04P025L01|http://webapps.fitzmuseum.cam.ac.uk/wndev/assets/04/04P025L01.jpg|404 
04P026L01|http://webapps.fitzmuseum.cam.ac.uk/wndev/assets/04/04P026L01.jpg|404 
04P027L01|http://webapps.fitzmuseum.cam.ac.uk/wndev/assets/04/04P027L01.jpg|404 
04P030L01|http://webapps.fitzmuseum.cam.ac.uk/wndev/assets/04/04P030L01.jpg|404 
04P032L01|http://webapps.fitzmuseum.cam.ac.uk/wndev/assets/04/04P032L01.jpg|404 
04P032L03|http://webapps.fitzmuseum.cam.ac.uk/wndev/assets/04/04P032L03.jpg|404 
04P032L06|http://webapps.fitzmuseum.cam.ac.uk/wndev/assets/04/04P032L06.jpg|404 
04P032L11|http://webapps.fitzmuseum.cam.ac.uk/wndev/assets/04/04P032L11.jpg|404 
04P032L18|http://webapps.fitzmuseum.cam.ac.uk/wndev/assets/04/04P032L18.jpg|404 
04P033L01|http://webapps.fitzmuseum.cam.ac.uk/wndev/assets/04/04P033L01.jpg|404 
04P033L08|http://webapps.fitzmuseum.cam.ac.uk/wndev/assets/04/04P033L08.jpg|404 
04P033L18|http://webapps.fitzmuseum.cam.ac.uk/wndev/assets/04/04P033L18.jpg|404 
04P034L11|http://webapps.fitzmuseum.cam.ac.uk/wndev/assets/04/04P034L11.jpg|404 
04P034L18|http://webapps.fitzmuseum.cam.ac.uk/wndev/assets/04/04P034L18.jpg|404 
04P035L01|http://webapps.fitzmuseum.cam.ac.uk/wndev/assets/04/04P035L01.jpg|404 
04P035L05|http://webapps.fitzmuseum.cam.ac.uk/wndev/assets/04/04P035L05.jpg|404 
04P035L10|http://webapps.fitzmuseum.cam.ac.uk/wndev/assets/04/04P035L10.jpg|404 
04P035L12|http://webapps.fitzmuseum.cam.ac.uk/wndev/assets/04/04P035L12.jpg|404 
04P035L17|http://webapps.fitzmuseum.cam.ac.uk/wndev/assets/04/04P035L17.jpg|404 
04P036L01|http://webapps.fitzmuseum.cam.ac.uk/wndev/assets/04/04P036L01.jpg|404 
04P036L09|http://webapps.fitzmuseum.cam.ac.uk/wndev/assets/04/04P036L09.jpg|404 
04P036L14|http://webapps.fitzmuseum.cam.ac.uk/wndev/assets/04/04P036L14.jpg|404 
04P036L17|http://webapps.fitzmuseum.cam.ac.uk/wndev/assets/04/04P036L17.jpg|404 
04P037L01|http://webapps.fitzmuseum.cam.ac.uk/wndev/assets/04/04P037L01.jpg|404 
04P037L05|http://webapps.fitzmuseum.cam.ac.uk/wndev/assets/04/04P037L05.jpg|404 
04P037L15|http://webapps.fitzmuseum.cam.ac.uk/wndev/assets/04/04P037L15.jpg|404 
04P038L01|http://webapps.fitzmuseum.cam.ac.uk/wndev/assets/04/04P038L01.jpg|404 
04P038L12|http://webapps.fitzmuseum.cam.ac.uk/wndev/assets/04/04P038L12.jpg|404 
04P039L01|http://webapps.fitzmuseum.cam.ac.uk/wndev/assets/04/04P039L01.jpg|404 
04P041L05|http://webapps.fitzmuseum.cam.ac.uk/wndev/assets/04/04P041L05.jpg|404 
04P042L01|http://webapps.fitzmuseum.cam.ac.uk/wndev/assets/04/04P042L01.jpg|404 
04P042L03|http://webapps.fitzmuseum.cam.ac.uk/wndev/assets/04/04P042L03.jpg|404 
04P042L12|http://webapps.fitzmuseum.cam.ac.uk/wndev/assets/04/04P042L12.jpg|404 
04P042L14|http://webapps.fitzmuseum.cam.ac.uk/wndev/assets/04/04P042L14.jpg|404 
05COVERL01|http://webapps.fitzmuseum.cam.ac.uk/wndev/assets/05/05COVERL01.jpg|404 
05P001L01|http://webapps.fitzmuseum.cam.ac.uk/wndev/assets/05/05P001L01.jpg|404 
05P003L01|http://webapps.fitzmuseum.cam.ac.uk/wndev/assets/05/05P003L01.jpg|404 
05P003L07|http://webapps.fitzmuseum.cam.ac.uk/wndev/assets/05/05P003L07.jpg|404 
05P005L01|http://webapps.fitzmuseum.cam.ac.uk/wndev/assets/05/05P005L01.jpg|404 
05P005L10|http://webapps.fitzmuseum.cam.ac.uk/wndev/assets/05/05P005L10.jpg|404 
05P006L01|http://webapps.fitzmuseum.cam.ac.uk/wndev/assets/05/05P006L01.jpg|404 
05P006L06|http://webapps.fitzmuseum.cam.ac.uk/wndev/assets/05/05P006L06.jpg|404 
05P007L01|http://webapps.fitzmuseum.cam.ac.uk/wndev/assets/05/05P007L01.jpg|404 
05P007L05|http://webapps.fitzmuseum.cam.ac.uk/wndev/assets/05/05P007L05.jpg|404 
05P008L07|http://webapps.fitzmuseum.cam.ac.uk/wndev/assets/05/05P008L07.jpg|404 
05P008L16|http://webapps.fitzmuseum.cam.ac.uk/wndev/assets/05/05P008L16.jpg|404 
05P009L03|http://webapps.fitzmuseum.cam.ac.uk/wndev/assets/05/05P009L03.jpg|404 
05P009L09|http://webapps.fitzmuseum.cam.ac.uk/wndev/assets/05/05P009L09.jpg|404 
05P009L20|http://webapps.fitzmuseum.cam.ac.uk/wndev/assets/05/05P009L20.jpg|404 
05P010L01|http://webapps.fitzmuseum.cam.ac.uk/wndev/assets/05/05P010L01.jpg|404 
05P010L04|http://webapps.fitzmuseum.cam.ac.uk/wndev/assets/05/05P010L04.jpg|404 
05P010L11|http://webapps.fitzmuseum.cam.ac.uk/wndev/assets/05/05P010L11.jpg|404 
05P010L17|http://webapps.fitzmuseum.cam.ac.uk/wndev/assets/05/05P010L17.jpg|404 
05P011L01|http://webapps.fitzmuseum.cam.ac.uk/wndev/assets/05/05P011L01.jpg|404 
05P011L08|http://webapps.fitzmuseum.cam.ac.uk/wndev/assets/05/05P011L08.jpg|404 
05P011L10|http://webapps.fitzmuseum.cam.ac.uk/wndev/assets/05/05P011L10.jpg|404 
05P011L13|http://webapps.fitzmuseum.cam.ac.uk/wndev/assets/05/05P011L13.jpg|404 
05P011L16|http://webapps.fitzmuseum.cam.ac.uk/wndev/assets/05/05P011L16.jpg|404 
05P012L01|http://webapps.fitzmuseum.cam.ac.uk/wndev/assets/05/05P012L01.jpg|404 
05P012L17|http://webapps.fitzmuseum.cam.ac.uk/wndev/assets/05/05P012L17.jpg|404 
05P013L01|http://webapps.fitzmuseum.cam.ac.uk/wndev/assets/05/05P013L01.jpg|404 
05P013L06|http://webapps.fitzmuseum.cam.ac.uk/wndev/assets/05/05P013L06.jpg|404 
05P013L16|http://webapps.fitzmuseum.cam.ac.uk/wndev/assets/05/05P013L16.jpg|404 
05P014L01|http://webapps.fitzmuseum.cam.ac.uk/wndev/assets/05/05P014L01.jpg|404 
05P014L05|http://webapps.fitzmuseum.cam.ac.uk/wndev/assets/05/05P014L05.jpg|404 
05P014L10|http://webapps.fitzmuseum.cam.ac.uk/wndev/assets/05/05P014L10.jpg|404 
05P014L12|http://webapps.fitzmuseum.cam.ac.uk/wndev/assets/05/05P014L12.jpg|404 
05P014L13|http://webapps.fitzmuseum.cam.ac.uk/wndev/assets/05/05P014L13.jpg|404 
05P015L01|http://webapps.fitzmuseum.cam.ac.uk/wndev/assets/05/05P015L01.jpg|404 
05P015L03|http://webapps.fitzmuseum.cam.ac.uk/wndev/assets/05/05P015L03.jpg|404 
05P015L16|http://webapps.fitzmuseum.cam.ac.uk/wndev/assets/05/05P015L16.jpg|404 
05P015L20|http://webapps.fitzmuseum.cam.ac.uk/wndev/assets/05/05P015L20.jpg|404 
05P016L01|http://webapps.fitzmuseum.cam.ac.uk/wndev/assets/05/05P016L01.jpg|404 
05P016L04|http://webapps.fitzmuseum.cam.ac.uk/wndev/assets/05/05P016L04.jpg|404 
05P016L07|http://webapps.fitzmuseum.cam.ac.uk/wndev/assets/05/05P016L07.jpg|404 
05P016L09|http://webapps.fitzmuseum.cam.ac.uk/wndev/assets/05/05P016L09.jpg|404 
05P016L12|http://webapps.fitzmuseum.cam.ac.uk/wndev/assets/05/05P016L12.jpg|404 
05P017L01|http://webapps.fitzmuseum.cam.ac.uk/wndev/assets/05/05P017L01.jpg|404 
05P017L07|http://webapps.fitzmuseum.cam.ac.uk/wndev/assets/05/05P017L07.jpg|404 
05P017L10|http://webapps.fitzmuseum.cam.ac.uk/wndev/assets/05/05P017L10.jpg|404 
05P018L01|http://webapps.fitzmuseum.cam.ac.uk/wndev/assets/05/05P018L01.jpg|404 
05P018L05|http://webapps.fitzmuseum.cam.ac.uk/wndev/assets/05/05P018L05.jpg|404 
05P018L10|http://webapps.fitzmuseum.cam.ac.uk/wndev/assets/05/05P018L10.jpg|404 
05P019L01|http://webapps.fitzmuseum.cam.ac.uk/wndev/assets/05/05P019L01.jpg|404 
05P019L11|http://webapps.fitzmuseum.cam.ac.uk/wndev/assets/05/05P019L11.jpg|404 
05P019L14|http://webapps.fitzmuseum.cam.ac.uk/wndev/assets/05/05P019L14.jpg|404 
05P020L01|http://webapps.fitzmuseum.cam.ac.uk/wndev/assets/05/05P020L01.jpg|404 
05P020L07|http://webapps.fitzmuseum.cam.ac.uk/wndev/assets/05/05P020L07.jpg|404 
05P020L12|http://webapps.fitzmuseum.cam.ac.uk/wndev/assets/05/05P020L12.jpg|404 
05P020L15|http://webapps.fitzmuseum.cam.ac.uk/wndev/assets/05/05P020L15.jpg|404 
05P020L16|http://webapps.fitzmuseum.cam.ac.uk/wndev/assets/05/05P020L16.jpg|404 
05P020L18|http://webapps.fitzmuseum.cam.ac.uk/wndev/assets/05/05P020L18.jpg|404 
05P021L01|http://webapps.fitzmuseum.cam.ac.uk/wndev/assets/05/05P021L01.jpg|404 
05P022L01|http://webapps.fitzmuseum.cam.ac.uk/wndev/assets/05/05P022L01.jpg|404 
05P022L11|http://webapps.fitzmuseum.cam.ac.uk/wndev/assets/05/05P022L11.jpg|404 
05P022L13|http://webapps.fitzmuseum.cam.ac.uk/wndev/assets/05/05P022L13.jpg|404 
05P023L01|http://webapps.fitzmuseum.cam.ac.uk/wndev/assets/05/05P023L01.jpg|404 
05P023L07|http://webapps.fitzmuseum.cam.ac.uk/wndev/assets/05/05P023L07.jpg|404 
05P023L14|http://webapps.fitzmuseum.cam.ac.uk/wndev/assets/05/05P023L14.jpg|404 
05P024L01|http://webapps.fitzmuseum.cam.ac.uk/wndev/assets/05/05P024L01.jpg|404 
05P024L08|http://webapps.fitzmuseum.cam.ac.uk/wndev/assets/05/05P024L08.jpg|404 
05P024L15|http://webapps.fitzmuseum.cam.ac.uk/wndev/assets/05/05P024L15.jpg|404 
05P025L01|http://webapps.fitzmuseum.cam.ac.uk/wndev/assets/05/05P025L01.jpg|404 
05P026L01|http://webapps.fitzmuseum.cam.ac.uk/wndev/assets/05/05P026L01.jpg|404 
05P026L16|http://webapps.fitzmuseum.cam.ac.uk/wndev/assets/05/05P026L16.jpg|404 
05P027L01|http://webapps.fitzmuseum.cam.ac.uk/wndev/assets/05/05P027L01.jpg|404 
05P027L11|http://webapps.fitzmuseum.cam.ac.uk/wndev/assets/05/05P027L11.jpg|404 
05P027L15|http://webapps.fitzmuseum.cam.ac.uk/wndev/assets/05/05P027L15.jpg|404 
05P027L17|http://webapps.fitzmuseum.cam.ac.uk/wndev/assets/05/05P027L17.jpg|404 
05P028L01|http://webapps.fitzmuseum.cam.ac.uk/wndev/assets/05/05P028L01.jpg|404 
05P028L12|http://webapps.fitzmuseum.cam.ac.uk/wndev/assets/05/05P028L12.jpg|404 
05P028L14|http://webapps.fitzmuseum.cam.ac.uk/wndev/assets/05/05P028L14.jpg|404 
05P028L17|http://webapps.fitzmuseum.cam.ac.uk/wndev/assets/05/05P028L17.jpg|404 
05P028L18|http://webapps.fitzmuseum.cam.ac.uk/wndev/assets/05/05P028L18.jpg|404 
05P029L01|http://webapps.fitzmuseum.cam.ac.uk/wndev/assets/05/05P029L01.jpg|404 
05P029L03|http://webapps.fitzmuseum.cam.ac.uk/wndev/assets/05/05P029L03.jpg|404 
05P029L05|http://webapps.fitzmuseum.cam.ac.uk/wndev/assets/05/05P029L05.jpg|404 
05P029L07|http://webapps.fitzmuseum.cam.ac.uk/wndev/assets/05/05P029L07.jpg|404 
05P029L09|http://webapps.fitzmuseum.cam.ac.uk/wndev/assets/05/05P029L09.jpg|404 
05P029L11|http://webapps.fitzmuseum.cam.ac.uk/wndev/assets/05/05P029L11.jpg|404 
05P029L12|http://webapps.fitzmuseum.cam.ac.uk/wndev/assets/05/05P029L12.jpg|404 
05P029L14|http://webapps.fitzmuseum.cam.ac.uk/wndev/assets/05/05P029L14.jpg|404 
05P030L01|http://webapps.fitzmuseum.cam.ac.uk/wndev/assets/05/05P030L01.jpg|404 
05P030L11|http://webapps.fitzmuseum.cam.ac.uk/wndev/assets/05/05P030L11.jpg|404 
05P030L13|http://webapps.fitzmuseum.cam.ac.uk/wndev/assets/05/05P030L13.jpg|404 
05P030L21|http://webapps.fitzmuseum.cam.ac.uk/wndev/assets/05/05P030L21.jpg|404 
05P031L01|http://webapps.fitzmuseum.cam.ac.uk/wndev/assets/05/05P031L01.jpg|404 
05P032L11|http://webapps.fitzmuseum.cam.ac.uk/wndev/assets/05/05P032L11.jpg|404 
05P032L14|http://webapps.fitzmuseum.cam.ac.uk/wndev/assets/05/05P032L14.jpg|404 
05P032L18|http://webapps.fitzmuseum.cam.ac.uk/wndev/assets/05/05P032L18.jpg|404 
05P033L01|http://webapps.fitzmuseum.cam.ac.uk/wndev/assets/05/05P033L01.jpg|404 
05P033L04|http://webapps.fitzmuseum.cam.ac.uk/wndev/assets/05/05P033L04.jpg|404 
05P034L01|http://webapps.fitzmuseum.cam.ac.uk/wndev/assets/05/05P034L01.jpg|404 
05P034L08|http://webapps.fitzmuseum.cam.ac.uk/wndev/assets/05/05P034L08.jpg|404 
05P035L01|http://webapps.fitzmuseum.cam.ac.uk/wndev/assets/05/05P035L01.jpg|404 
05P035L11|http://webapps.fitzmuseum.cam.ac.uk/wndev/assets/05/05P035L11.jpg|404 
05P035L21|http://webapps.fitzmuseum.cam.ac.uk/wndev/assets/05/05P035L21.jpg|404 
05P036L01|http://webapps.fitzmuseum.cam.ac.uk/wndev/assets/05/05P036L01.jpg|404 
05P036L10|http://webapps.fitzmuseum.cam.ac.uk/wndev/assets/05/05P036L10.jpg|404 
05P036L13|http://webapps.fitzmuseum.cam.ac.uk/wndev/assets/05/05P036L13.jpg|404 
05P036L15|http://webapps.fitzmuseum.cam.ac.uk/wndev/assets/05/05P036L15.jpg|404 
05P036L19|http://webapps.fitzmuseum.cam.ac.uk/wndev/assets/05/05P036L19.jpg|404 
05P037L01|http://webapps.fitzmuseum.cam.ac.uk/wndev/assets/05/05P037L01.jpg|404 
05P037L06|http://webapps.fitzmuseum.cam.ac.uk/wndev/assets/05/05P037L06.jpg|404 
05P037L10|http://webapps.fitzmuseum.cam.ac.uk/wndev/assets/05/05P037L10.jpg|404 
05P037L16|http://webapps.fitzmuseum.cam.ac.uk/wndev/assets/05/05P037L16.jpg|404 
05P037L18|http://webapps.fitzmuseum.cam.ac.uk/wndev/assets/05/05P037L18.jpg|404 
05P038L01|http://webapps.fitzmuseum.cam.ac.uk/wndev/assets/05/05P038L01.jpg|404 
05P040L01|http://webapps.fitzmuseum.cam.ac.uk/wndev/assets/05/05P040L01.jpg|404 
05P042L01|http://webapps.fitzmuseum.cam.ac.uk/wndev/assets/05/05P042L01.jpg|404 
05P042L09|http://webapps.fitzmuseum.cam.ac.uk/wndev/assets/05/05P042L09.jpg|404 
05P042L14|http://webapps.fitzmuseum.cam.ac.uk/wndev/assets/05/05P042L14.jpg|404 
05P042L16|http://webapps.fitzmuseum.cam.ac.uk/wndev/assets/05/05P042L16.jpg|404 
05P042L17|http://webapps.fitzmuseum.cam.ac.uk/wndev/assets/05/05P042L17.jpg|404 
05P043L01|http://webapps.fitzmuseum.cam.ac.uk/wndev/assets/05/05P043L01.jpg|404 
05P043L03|http://webapps.fitzmuseum.cam.ac.uk/wndev/assets/05/05P043L03.jpg|404 
05P043L05|http://webapps.fitzmuseum.cam.ac.uk/wndev/assets/05/05P043L05.jpg|404 
05P044L01|http://webapps.fitzmuseum.cam.ac.uk/wndev/assets/05/05P044L01.jpg|404 
05P044L13|http://webapps.fitzmuseum.cam.ac.uk/wndev/assets/05/05P044L13.jpg|404 
05P044L14|http://webapps.fitzmuseum.cam.ac.uk/wndev/assets/05/05P044L14.jpg|404 
05P044L16|http://webapps.fitzmuseum.cam.ac.uk/wndev/assets/05/05P044L16.jpg|404 
05P044L19|http://webapps.fitzmuseum.cam.ac.uk/wndev/assets/05/05P044L19.jpg|404 
06COVERL01|http://webapps.fitzmuseum.cam.ac.uk/wndev/assets/06/06COVERL01.jpg|404 
06P001L01|http://webapps.fitzmuseum.cam.ac.uk/wndev/assets/06/06P001L01.jpg|404 
06P001L10|http://webapps.fitzmuseum.cam.ac.uk/wndev/assets/06/06P001L10.jpg|404 
06P001L14|http://webapps.fitzmuseum.cam.ac.uk/wndev/assets/06/06P001L14.jpg|404 
06P003L08|http://webapps.fitzmuseum.cam.ac.uk/wndev/assets/06/06P003L08.jpg|404 
06P003L11|http://webapps.fitzmuseum.cam.ac.uk/wndev/assets/06/06P003L11.jpg|404 
06P003L13|http://webapps.fitzmuseum.cam.ac.uk/wndev/assets/06/06P003L13.jpg|404 
06P004L01|http://webapps.fitzmuseum.cam.ac.uk/wndev/assets/06/06P004L01.jpg|404 
06P004L12|http://webapps.fitzmuseum.cam.ac.uk/wndev/assets/06/06P004L12.jpg|404 
06P005L01|http://webapps.fitzmuseum.cam.ac.uk/wndev/assets/06/06P005L01.jpg|404 
06P005L15|http://webapps.fitzmuseum.cam.ac.uk/wndev/assets/06/06P005L15.jpg|404 
06P005L17|http://webapps.fitzmuseum.cam.ac.uk/wndev/assets/06/06P005L17.jpg|404 
06P007L01|http://webapps.fitzmuseum.cam.ac.uk/wndev/assets/06/06P007L01.jpg|404 
06P007L04|http://webapps.fitzmuseum.cam.ac.uk/wndev/assets/06/06P007L04.jpg|404 
06P007L12|http://webapps.fitzmuseum.cam.ac.uk/wndev/assets/06/06P007L12.jpg|404 
06P008L01|http://webapps.fitzmuseum.cam.ac.uk/wndev/assets/06/06P008L01.jpg|404 
06P008L07|http://webapps.fitzmuseum.cam.ac.uk/wndev/assets/06/06P008L07.jpg|404 
06P008L11|http://webapps.fitzmuseum.cam.ac.uk/wndev/assets/06/06P008L11.jpg|404 
06P008L13|http://webapps.fitzmuseum.cam.ac.uk/wndev/assets/06/06P008L13.jpg|404 
06P008L16|http://webapps.fitzmuseum.cam.ac.uk/wndev/assets/06/06P008L16.jpg|404 
06P009L01|http://webapps.fitzmuseum.cam.ac.uk/wndev/assets/06/06P009L01.jpg|404 
06P009L10|http://webapps.fitzmuseum.cam.ac.uk/wndev/assets/06/06P009L10.jpg|404 
06P010L01|http://webapps.fitzmuseum.cam.ac.uk/wndev/assets/06/06P010L01.jpg|404 
06P010L06|http://webapps.fitzmuseum.cam.ac.uk/wndev/assets/06/06P010L06.jpg|404 
06P010L11|http://webapps.fitzmuseum.cam.ac.uk/wndev/assets/06/06P010L11.jpg|404 
06P010L15|http://webapps.fitzmuseum.cam.ac.uk/wndev/assets/06/06P010L15.jpg|404 
06P011L01|http://webapps.fitzmuseum.cam.ac.uk/wndev/assets/06/06P011L01.jpg|404 
06P011L10|http://webapps.fitzmuseum.cam.ac.uk/wndev/assets/06/06P011L10.jpg|404 
06P011L17|http://webapps.fitzmuseum.cam.ac.uk/wndev/assets/06/06P011L17.jpg|404 
06P012L01|http://webapps.fitzmuseum.cam.ac.uk/wndev/assets/06/06P012L01.jpg|404 
06P012L06|http://webapps.fitzmuseum.cam.ac.uk/wndev/assets/06/06P012L06.jpg|404 
06P015L01|http://webapps.fitzmuseum.cam.ac.uk/wndev/assets/06/06P015L01.jpg|404 
06P015L05|http://webapps.fitzmuseum.cam.ac.uk/wndev/assets/06/06P015L05.jpg|404 
06P015L10|http://webapps.fitzmuseum.cam.ac.uk/wndev/assets/06/06P015L10.jpg|404 
06P016L01|http://webapps.fitzmuseum.cam.ac.uk/wndev/assets/06/06P016L01.jpg|404 
06P016L06|http://webapps.fitzmuseum.cam.ac.uk/wndev/assets/06/06P016L06.jpg|404 
06P016L13|http://webapps.fitzmuseum.cam.ac.uk/wndev/assets/06/06P016L13.jpg|404 
06P016L16|http://webapps.fitzmuseum.cam.ac.uk/wndev/assets/06/06P016L16.jpg|404 
06P016L20|http://webapps.fitzmuseum.cam.ac.uk/wndev/assets/06/06P016L20.jpg|404 
06P017L01|http://webapps.fitzmuseum.cam.ac.uk/wndev/assets/06/06P017L01.jpg|404 
06P018L01|http://webapps.fitzmuseum.cam.ac.uk/wndev/assets/06/06P018L01.jpg|404 
06P018L04|http://webapps.fitzmuseum.cam.ac.uk/wndev/assets/06/06P018L04.jpg|404 
06P018L06|http://webapps.fitzmuseum.cam.ac.uk/wndev/assets/06/06P018L06.jpg|404 
06P018L13|http://webapps.fitzmuseum.cam.ac.uk/wndev/assets/06/06P018L13.jpg|404 
06P019L01|http://webapps.fitzmuseum.cam.ac.uk/wndev/assets/06/06P019L01.jpg|404 
06P020L01|http://webapps.fitzmuseum.cam.ac.uk/wndev/assets/06/06P020L01.jpg|404 
06P021L05|http://webapps.fitzmuseum.cam.ac.uk/wndev/assets/06/06P021L05.jpg|404 
06P021L20|http://webapps.fitzmuseum.cam.ac.uk/wndev/assets/06/06P021L20.jpg|404 
06P022L01|http://webapps.fitzmuseum.cam.ac.uk/wndev/assets/06/06P022L01.jpg|404 
06P022L09|http://webapps.fitzmuseum.cam.ac.uk/wndev/assets/06/06P022L09.jpg|404 
06P022L17|http://webapps.fitzmuseum.cam.ac.uk/wndev/assets/06/06P022L17.jpg|404 
06P023L01|http://webapps.fitzmuseum.cam.ac.uk/wndev/assets/06/06P023L01.jpg|404 
06P023L08|http://webapps.fitzmuseum.cam.ac.uk/wndev/assets/06/06P023L08.jpg|404 
06P023L11|http://webapps.fitzmuseum.cam.ac.uk/wndev/assets/06/06P023L11.jpg|404 
06P023L12|http://webapps.fitzmuseum.cam.ac.uk/wndev/assets/06/06P023L12.jpg|404 
06P023L14|http://webapps.fitzmuseum.cam.ac.uk/wndev/assets/06/06P023L14.jpg|404 
06P024L01|http://webapps.fitzmuseum.cam.ac.uk/wndev/assets/06/06P024L01.jpg|404 
06P026L01|http://webapps.fitzmuseum.cam.ac.uk/wndev/assets/06/06P026L01.jpg|404 
06P026L12|http://webapps.fitzmuseum.cam.ac.uk/wndev/assets/06/06P026L12.jpg|404 
06P026L19|http://webapps.fitzmuseum.cam.ac.uk/wndev/assets/06/06P026L19.jpg|404 
06P027L01|http://webapps.fitzmuseum.cam.ac.uk/wndev/assets/06/06P027L01.jpg|404 
06P027L13|http://webapps.fitzmuseum.cam.ac.uk/wndev/assets/06/06P027L13.jpg|404 
06P027L18|http://webapps.fitzmuseum.cam.ac.uk/wndev/assets/06/06P027L18.jpg|404 
06P028L13|http://webapps.fitzmuseum.cam.ac.uk/wndev/assets/06/06P028L13.jpg|404 
06P029L01|http://webapps.fitzmuseum.cam.ac.uk/wndev/assets/06/06P029L01.jpg|404 
06P030L01|http://webapps.fitzmuseum.cam.ac.uk/wndev/assets/06/06P030L01.jpg|404 
06P030L06|http://webapps.fitzmuseum.cam.ac.uk/wndev/assets/06/06P030L06.jpg|404 
06P030L16|http://webapps.fitzmuseum.cam.ac.uk/wndev/assets/06/06P030L16.jpg|404 
06P031L01|http://webapps.fitzmuseum.cam.ac.uk/wndev/assets/06/06P031L01.jpg|404 
06P031L06|http://webapps.fitzmuseum.cam.ac.uk/wndev/assets/06/06P031L06.jpg|404 
06P031L11|http://webapps.fitzmuseum.cam.ac.uk/wndev/assets/06/06P031L11.jpg|404 
06P032L01|http://webapps.fitzmuseum.cam.ac.uk/wndev/assets/06/06P032L01.jpg|404 
06P032L04|http://webapps.fitzmuseum.cam.ac.uk/wndev/assets/06/06P032L04.jpg|404 
06P032L08|http://webapps.fitzmuseum.cam.ac.uk/wndev/assets/06/06P032L08.jpg|404 
06P032L09|http://webapps.fitzmuseum.cam.ac.uk/wndev/assets/06/06P032L09.jpg|404 
06P032L14|http://webapps.fitzmuseum.cam.ac.uk/wndev/assets/06/06P032L14.jpg|404 
06P033L01|http://webapps.fitzmuseum.cam.ac.uk/wndev/assets/06/06P033L01.jpg|404 
06P033L04|http://webapps.fitzmuseum.cam.ac.uk/wndev/assets/06/06P033L04.jpg|404 
06P033L09|http://webapps.fitzmuseum.cam.ac.uk/wndev/assets/06/06P033L09.jpg|404 
06P033L12|http://webapps.fitzmuseum.cam.ac.uk/wndev/assets/06/06P033L12.jpg|404 
06P033L15|http://webapps.fitzmuseum.cam.ac.uk/wndev/assets/06/06P033L15.jpg|404 
06P034L01|http://webapps.fitzmuseum.cam.ac.uk/wndev/assets/06/06P034L01.jpg|404 
06P034L03|http://webapps.fitzmuseum.cam.ac.uk/wndev/assets/06/06P034L03.jpg|404 
06P034L13|http://webapps.fitzmuseum.cam.ac.uk/wndev/assets/06/06P034L13.jpg|404 
06P034L16|http://webapps.fitzmuseum.cam.ac.uk/wndev/assets/06/06P034L16.jpg|404 
06P035L09|http://webapps.fitzmuseum.cam.ac.uk/wndev/assets/06/06P035L09.jpg|404 
06P035L12|http://webapps.fitzmuseum.cam.ac.uk/wndev/assets/06/06P035L12.jpg|404 
06P036L01|http://webapps.fitzmuseum.cam.ac.uk/wndev/assets/06/06P036L01.jpg|404 
06P036L19|http://webapps.fitzmuseum.cam.ac.uk/wndev/assets/06/06P036L19.jpg|404 
06P037L01|http://webapps.fitzmuseum.cam.ac.uk/wndev/assets/06/06P037L01.jpg|404 
06P037L10|http://webapps.fitzmuseum.cam.ac.uk/wndev/assets/06/06P037L10.jpg|404 
06P038L01|http://webapps.fitzmuseum.cam.ac.uk/wndev/assets/06/06P038L01.jpg|404 
06P038L06|http://webapps.fitzmuseum.cam.ac.uk/wndev/assets/06/06P038L06.jpg|404 
06P038L16|http://webapps.fitzmuseum.cam.ac.uk/wndev/assets/06/06P038L16.jpg|404 
06P039L01|http://webapps.fitzmuseum.cam.ac.uk/wndev/assets/06/06P039L01.jpg|404 
06P039L06|http://webapps.fitzmuseum.cam.ac.uk/wndev/assets/06/06P039L06.jpg|404 
06P039L15|http://webapps.fitzmuseum.cam.ac.uk/wndev/assets/06/06P039L15.jpg|404 
06P040L01|http://webapps.fitzmuseum.cam.ac.uk/wndev/assets/06/06P040L01.jpg|404 
06P040L09|http://webapps.fitzmuseum.cam.ac.uk/wndev/assets/06/06P040L09.jpg|404 
06P041L01|http://webapps.fitzmuseum.cam.ac.uk/wndev/assets/06/06P041L01.jpg|404 
06P041L10|http://webapps.fitzmuseum.cam.ac.uk/wndev/assets/06/06P041L10.jpg|404 
06P041L16|http://webapps.fitzmuseum.cam.ac.uk/wndev/assets/06/06P041L16.jpg|404 
06P042L01|http://webapps.fitzmuseum.cam.ac.uk/wndev/assets/06/06P042L01.jpg|404 
07COVERL01|http://webapps.fitzmuseum.cam.ac.uk/wndev/assets/07/07COVERL01.jpg|404 
07P001L01|http://webapps.fitzmuseum.cam.ac.uk/wndev/assets/07/07P001L01.jpg|404 
07P002L01|http://webapps.fitzmuseum.cam.ac.uk/wndev/assets/07/07P002L01.jpg|404 
07P004L01|http://webapps.fitzmuseum.cam.ac.uk/wndev/assets/07/07P004L01.jpg|404 
07P007L01|http://webapps.fitzmuseum.cam.ac.uk/wndev/assets/07/07P007L01.jpg|404 
07P007L12|http://webapps.fitzmuseum.cam.ac.uk/wndev/assets/07/07P007L12.jpg|404 
07P007L19|http://webapps.fitzmuseum.cam.ac.uk/wndev/assets/07/07P007L19.jpg|404 
07P008L01|http://webapps.fitzmuseum.cam.ac.uk/wndev/assets/07/07P008L01.jpg|404 
07P008L19|http://webapps.fitzmuseum.cam.ac.uk/wndev/assets/07/07P008L19.jpg|404 
07P009L01|http://webapps.fitzmuseum.cam.ac.uk/wndev/assets/07/07P009L01.jpg|404 
07P010L01|http://webapps.fitzmuseum.cam.ac.uk/wndev/assets/07/07P010L01.jpg|404 
07P011L01|http://webapps.fitzmuseum.cam.ac.uk/wndev/assets/07/07P011L01.jpg|404 
07P011L14|http://webapps.fitzmuseum.cam.ac.uk/wndev/assets/07/07P011L14.jpg|404 
07P012L01|http://webapps.fitzmuseum.cam.ac.uk/wndev/assets/07/07P012L01.jpg|404 
07P014L09|http://webapps.fitzmuseum.cam.ac.uk/wndev/assets/07/07P014L09.jpg|404 
07P014L21|http://webapps.fitzmuseum.cam.ac.uk/wndev/assets/07/07P014L21.jpg|404 
07P015L01|http://webapps.fitzmuseum.cam.ac.uk/wndev/assets/07/07P015L01.jpg|404 
07P015L07|http://webapps.fitzmuseum.cam.ac.uk/wndev/assets/07/07P015L07.jpg|404 
07P015L08|http://webapps.fitzmuseum.cam.ac.uk/wndev/assets/07/07P015L08.jpg|404 
07P015L16|http://webapps.fitzmuseum.cam.ac.uk/wndev/assets/07/07P015L16.jpg|404 
07P015L18|http://webapps.fitzmuseum.cam.ac.uk/wndev/assets/07/07P015L18.jpg|404 
07P016L01|http://webapps.fitzmuseum.cam.ac.uk/wndev/assets/07/07P016L01.jpg|404 
07P016L06|http://webapps.fitzmuseum.cam.ac.uk/wndev/assets/07/07P016L06.jpg|404 
07P016L09|http://webapps.fitzmuseum.cam.ac.uk/wndev/assets/07/07P016L09.jpg|404 
07P016L12|http://webapps.fitzmuseum.cam.ac.uk/wndev/assets/07/07P016L12.jpg|404 
07P016L16|http://webapps.fitzmuseum.cam.ac.uk/wndev/assets/07/07P016L16.jpg|404 
07P017L01|http://webapps.fitzmuseum.cam.ac.uk/wndev/assets/07/07P017L01.jpg|404 
07P017L07|http://webapps.fitzmuseum.cam.ac.uk/wndev/assets/07/07P017L07.jpg|404 
07P017L08|http://webapps.fitzmuseum.cam.ac.uk/wndev/assets/07/07P017L08.jpg|404 
07P018L06|http://webapps.fitzmuseum.cam.ac.uk/wndev/assets/07/07P018L06.jpg|404 
07P018L12|http://webapps.fitzmuseum.cam.ac.uk/wndev/assets/07/07P018L12.jpg|404 
07P019L01|http://webapps.fitzmuseum.cam.ac.uk/wndev/assets/07/07P019L01.jpg|404 
07P019L06|http://webapps.fitzmuseum.cam.ac.uk/wndev/assets/07/07P019L06.jpg|404 
07P019L16|http://webapps.fitzmuseum.cam.ac.uk/wndev/assets/07/07P019L16.jpg|404 
07P019L21|http://webapps.fitzmuseum.cam.ac.uk/wndev/assets/07/07P019L21.jpg|404 
07P020L07|http://webapps.fitzmuseum.cam.ac.uk/wndev/assets/07/07P020L07.jpg|404 
07P020L11|http://webapps.fitzmuseum.cam.ac.uk/wndev/assets/07/07P020L11.jpg|404 
07P020L14|http://webapps.fitzmuseum.cam.ac.uk/wndev/assets/07/07P020L14.jpg|404 
07P020L19|http://webapps.fitzmuseum.cam.ac.uk/wndev/assets/07/07P020L19.jpg|404 
07P021L01|http://webapps.fitzmuseum.cam.ac.uk/wndev/assets/07/07P021L01.jpg|404 
07P021L04|http://webapps.fitzmuseum.cam.ac.uk/wndev/assets/07/07P021L04.jpg|404 
07P021L12|http://webapps.fitzmuseum.cam.ac.uk/wndev/assets/07/07P021L12.jpg|404 
07P022L01|http://webapps.fitzmuseum.cam.ac.uk/wndev/assets/07/07P022L01.jpg|404 
07P022L06|http://webapps.fitzmuseum.cam.ac.uk/wndev/assets/07/07P022L06.jpg|404 
07P022L11|http://webapps.fitzmuseum.cam.ac.uk/wndev/assets/07/07P022L11.jpg|404 
07P022L18|http://webapps.fitzmuseum.cam.ac.uk/wndev/assets/07/07P022L18.jpg|404 
07P023L01|http://webapps.fitzmuseum.cam.ac.uk/wndev/assets/07/07P023L01.jpg|404 
07P025L01|http://webapps.fitzmuseum.cam.ac.uk/wndev/assets/07/07P025L01.jpg|404 
07P026L01|http://webapps.fitzmuseum.cam.ac.uk/wndev/assets/07/07P026L01.jpg|404 
07P026L10|http://webapps.fitzmuseum.cam.ac.uk/wndev/assets/07/07P026L10.jpg|404 
07P027L10|http://webapps.fitzmuseum.cam.ac.uk/wndev/assets/07/07P027L10.jpg|404 
07P028L01|http://webapps.fitzmuseum.cam.ac.uk/wndev/assets/07/07P028L01.jpg|404 
07P028L16|http://webapps.fitzmuseum.cam.ac.uk/wndev/assets/07/07P028L16.jpg|404 
07P029L01|http://webapps.fitzmuseum.cam.ac.uk/wndev/assets/07/07P029L01.jpg|404 
07P029L10|http://webapps.fitzmuseum.cam.ac.uk/wndev/assets/07/07P029L10.jpg|404 
07P029L19|http://webapps.fitzmuseum.cam.ac.uk/wndev/assets/07/07P029L19.jpg|404 
07P029L24|http://webapps.fitzmuseum.cam.ac.uk/wndev/assets/07/07P029L24.jpg|404 
07P029L27|http://webapps.fitzmuseum.cam.ac.uk/wndev/assets/07/07P029L27.jpg|404 
07P030L01|http://webapps.fitzmuseum.cam.ac.uk/wndev/assets/07/07P030L01.jpg|404 
07P030L05|http://webapps.fitzmuseum.cam.ac.uk/wndev/assets/07/07P030L05.jpg|404 
07P030L12|http://webapps.fitzmuseum.cam.ac.uk/wndev/assets/07/07P030L12.jpg|404 
07P030L14|http://webapps.fitzmuseum.cam.ac.uk/wndev/assets/07/07P030L14.jpg|404 
07P030L16|http://webapps.fitzmuseum.cam.ac.uk/wndev/assets/07/07P030L16.jpg|404 
07P030L33|http://webapps.fitzmuseum.cam.ac.uk/wndev/assets/07/07P030L33.jpg|404 
07P031L01|http://webapps.fitzmuseum.cam.ac.uk/wndev/assets/07/07P031L01.jpg|404 
07P031L09|http://webapps.fitzmuseum.cam.ac.uk/wndev/assets/07/07P031L09.jpg|404 
07P032L01|http://webapps.fitzmuseum.cam.ac.uk/wndev/assets/07/07P032L01.jpg|404 
07P032L06|http://webapps.fitzmuseum.cam.ac.uk/wndev/assets/07/07P032L06.jpg|404 
07P032L18|http://webapps.fitzmuseum.cam.ac.uk/wndev/assets/07/07P032L18.jpg|404 
07P033L01|http://webapps.fitzmuseum.cam.ac.uk/wndev/assets/07/07P033L01.jpg|404 
07P033L06|http://webapps.fitzmuseum.cam.ac.uk/wndev/assets/07/07P033L06.jpg|404 
07P033L08|http://webapps.fitzmuseum.cam.ac.uk/wndev/assets/07/07P033L08.jpg|404 
07P033L14|http://webapps.fitzmuseum.cam.ac.uk/wndev/assets/07/07P033L14.jpg|404 
07P034L01|http://webapps.fitzmuseum.cam.ac.uk/wndev/assets/07/07P034L01.jpg|404 
07P034L12|http://webapps.fitzmuseum.cam.ac.uk/wndev/assets/07/07P034L12.jpg|404 
07P034L14|http://webapps.fitzmuseum.cam.ac.uk/wndev/assets/07/07P034L14.jpg|404 
07P035L01|http://webapps.fitzmuseum.cam.ac.uk/wndev/assets/07/07P035L01.jpg|404 
07P035L09|http://webapps.fitzmuseum.cam.ac.uk/wndev/assets/07/07P035L09.jpg|404 
07P036L01|http://webapps.fitzmuseum.cam.ac.uk/wndev/assets/07/07P036L01.jpg|404 
07P036L09|http://webapps.fitzmuseum.cam.ac.uk/wndev/assets/07/07P036L09.jpg|404 
07P037L01|http://webapps.fitzmuseum.cam.ac.uk/wndev/assets/07/07P037L01.jpg|404 
07P037L05|http://webapps.fitzmuseum.cam.ac.uk/wndev/assets/07/07P037L05.jpg|404 
07P037L06|http://webapps.fitzmuseum.cam.ac.uk/wndev/assets/07/07P037L06.jpg|404 
07P037L09|http://webapps.fitzmuseum.cam.ac.uk/wndev/assets/07/07P037L09.jpg|404 
07P037L17|http://webapps.fitzmuseum.cam.ac.uk/wndev/assets/07/07P037L17.jpg|404 
07P038L01|http://webapps.fitzmuseum.cam.ac.uk/wndev/assets/07/07P038L01.jpg|404 
07P038L05|http://webapps.fitzmuseum.cam.ac.uk/wndev/assets/07/07P038L05.jpg|404 
07P038L08|http://webapps.fitzmuseum.cam.ac.uk/wndev/assets/07/07P038L08.jpg|404 
07P038L18|http://webapps.fitzmuseum.cam.ac.uk/wndev/assets/07/07P038L18.jpg|404 
07P039L01|http://webapps.fitzmuseum.cam.ac.uk/wndev/assets/07/07P039L01.jpg|404 
07P039L03|http://webapps.fitzmuseum.cam.ac.uk/wndev/assets/07/07P039L03.jpg|404 
07P039L04|http://webapps.fitzmuseum.cam.ac.uk/wndev/assets/07/07P039L04.jpg|404 
07P039L08|http://webapps.fitzmuseum.cam.ac.uk/wndev/assets/07/07P039L08.jpg|404 
07P039L10|http://webapps.fitzmuseum.cam.ac.uk/wndev/assets/07/07P039L10.jpg|404 
07P040L01|http://webapps.fitzmuseum.cam.ac.uk/wndev/assets/07/07P040L01.jpg|404 
07P040L17|http://webapps.fitzmuseum.cam.ac.uk/wndev/assets/07/07P040L17.jpg|404 
07P041L01|http://webapps.fitzmuseum.cam.ac.uk/wndev/assets/07/07P041L01.jpg|404 
07P041L07|http://webapps.fitzmuseum.cam.ac.uk/wndev/assets/07/07P041L07.jpg|404 
07P042L01|http://webapps.fitzmuseum.cam.ac.uk/wndev/assets/07/07P042L01.jpg|404 
07P042L12|http://webapps.fitzmuseum.cam.ac.uk/wndev/assets/07/07P042L12.jpg|404 
07P043L01|http://webapps.fitzmuseum.cam.ac.uk/wndev/assets/07/07P043L01.jpg|404 
07P043L09|http://webapps.fitzmuseum.cam.ac.uk/wndev/assets/07/07P043L09.jpg|404 
07P043L11|http://webapps.fitzmuseum.cam.ac.uk/wndev/assets/07/07P043L11.jpg|404 
07P043L13|http://webapps.fitzmuseum.cam.ac.uk/wndev/assets/07/07P043L13.jpg|404 
07P044L12|http://webapps.fitzmuseum.cam.ac.uk/wndev/assets/07/07P044L12.jpg|404 
07P045L01|http://webapps.fitzmuseum.cam.ac.uk/wndev/assets/07/07P045L01.jpg|404 
07P045L04|http://webapps.fitzmuseum.cam.ac.uk/wndev/assets/07/07P045L04.jpg|404 
07P045L08|http://webapps.fitzmuseum.cam.ac.uk/wndev/assets/07/07P045L08.jpg|404 
07P046L01|http://webapps.fitzmuseum.cam.ac.uk/wndev/assets/07/07P046L01.jpg|404 
07P046L16|http://webapps.fitzmuseum.cam.ac.uk/wndev/assets/07/07P046L16.jpg|404 
07P047L01|http://webapps.fitzmuseum.cam.ac.uk/wndev/assets/07/07P047L01.jpg|404 
07P050L01|http://webapps.fitzmuseum.cam.ac.uk/wndev/assets/07/07P050L01.jpg|404 
07P050L09|http://webapps.fitzmuseum.cam.ac.uk/wndev/assets/07/07P050L09.jpg|404 
07P050L11|http://webapps.fitzmuseum.cam.ac.uk/wndev/assets/07/07P050L11.jpg|404 
07P050L17|http://webapps.fitzmuseum.cam.ac.uk/wndev/assets/07/07P050L17.jpg|404 
07P051L01|http://webapps.fitzmuseum.cam.ac.uk/wndev/assets/07/07P051L01.jpg|404 
07P052L01|http://webapps.fitzmuseum.cam.ac.uk/wndev/assets/07/07P052L01.jpg|404 
07P052L06|http://webapps.fitzmuseum.cam.ac.uk/wndev/assets/07/07P052L06.jpg|404 
07P052L13|http://webapps.fitzmuseum.cam.ac.uk/wndev/assets/07/07P052L13.jpg|404 
07P052L17|http://webapps.fitzmuseum.cam.ac.uk/wndev/assets/07/07P052L17.jpg|404 
08COVERL01|http://webapps.fitzmuseum.cam.ac.uk/wndev/assets/08/08COVERL01.jpg|404 
08P001L01|http://webapps.fitzmuseum.cam.ac.uk/wndev/assets/08/08P001L01.jpg|404 
08P001L14|http://webapps.fitzmuseum.cam.ac.uk/wndev/assets/08/08P001L14.jpg|404 
08P001L19|http://webapps.fitzmuseum.cam.ac.uk/wndev/assets/08/08P001L19.jpg|404 
08P002L01|http://webapps.fitzmuseum.cam.ac.uk/wndev/assets/08/08P002L01.jpg|404 
08P002L07|http://webapps.fitzmuseum.cam.ac.uk/wndev/assets/08/08P002L07.jpg|404 
08P002L18|http://webapps.fitzmuseum.cam.ac.uk/wndev/assets/08/08P002L18.jpg|404 
08P003L01|http://webapps.fitzmuseum.cam.ac.uk/wndev/assets/08/08P003L01.jpg|404 
08P003L07|http://webapps.fitzmuseum.cam.ac.uk/wndev/assets/08/08P003L07.jpg|404 
08P003L11|http://webapps.fitzmuseum.cam.ac.uk/wndev/assets/08/08P003L11.jpg|404 
08P003L19|http://webapps.fitzmuseum.cam.ac.uk/wndev/assets/08/08P003L19.jpg|404 
08P004L01|http://webapps.fitzmuseum.cam.ac.uk/wndev/assets/08/08P004L01.jpg|404 
08P004L04|http://webapps.fitzmuseum.cam.ac.uk/wndev/assets/08/08P004L04.jpg|404 
08P006L01|http://webapps.fitzmuseum.cam.ac.uk/wndev/assets/08/08P006L01.jpg|404 
08P006L13|http://webapps.fitzmuseum.cam.ac.uk/wndev/assets/08/08P006L13.jpg|404 
08P006L18|http://webapps.fitzmuseum.cam.ac.uk/wndev/assets/08/08P006L18.jpg|404 
08P007L01|http://webapps.fitzmuseum.cam.ac.uk/wndev/assets/08/08P007L01.jpg|404 
08P007L03|http://webapps.fitzmuseum.cam.ac.uk/wndev/assets/08/08P007L03.jpg|404 
08P007L06|http://webapps.fitzmuseum.cam.ac.uk/wndev/assets/08/08P007L06.jpg|404 
08P007L16|http://webapps.fitzmuseum.cam.ac.uk/wndev/assets/08/08P007L16.jpg|404 
08P007L18|http://webapps.fitzmuseum.cam.ac.uk/wndev/assets/08/08P007L18.jpg|404 
08P008L01|http://webapps.fitzmuseum.cam.ac.uk/wndev/assets/08/08P008L01.jpg|404 
08P008L16|http://webapps.fitzmuseum.cam.ac.uk/wndev/assets/08/08P008L16.jpg|404 
08P008L19|http://webapps.fitzmuseum.cam.ac.uk/wndev/assets/08/08P008L19.jpg|404 
08P009L01|http://webapps.fitzmuseum.cam.ac.uk/wndev/assets/08/08P009L01.jpg|404 
08P009L18|http://webapps.fitzmuseum.cam.ac.uk/wndev/assets/08/08P009L18.jpg|404 
08P010L03|http://webapps.fitzmuseum.cam.ac.uk/wndev/assets/08/08P010L03.jpg|404 
08P010L18|http://webapps.fitzmuseum.cam.ac.uk/wndev/assets/08/08P010L18.jpg|404 
08P011L06|http://webapps.fitzmuseum.cam.ac.uk/wndev/assets/08/08P011L06.jpg|404 
08P011L09|http://webapps.fitzmuseum.cam.ac.uk/wndev/assets/08/08P011L09.jpg|404 
08P011L14|http://webapps.fitzmuseum.cam.ac.uk/wndev/assets/08/08P011L14.jpg|404 
08P011L16|http://webapps.fitzmuseum.cam.ac.uk/wndev/assets/08/08P011L16.jpg|404 
08P012L01|http://webapps.fitzmuseum.cam.ac.uk/wndev/assets/08/08P012L01.jpg|404 
08P013L01|http://webapps.fitzmuseum.cam.ac.uk/wndev/assets/08/08P013L01.jpg|404 
08P014L01|http://webapps.fitzmuseum.cam.ac.uk/wndev/assets/08/08P014L01.jpg|404 
08P014L10|http://webapps.fitzmuseum.cam.ac.uk/wndev/assets/08/08P014L10.jpg|404 
08P015L01|http://webapps.fitzmuseum.cam.ac.uk/wndev/assets/08/08P015L01.jpg|404 
08P015L04|http://webapps.fitzmuseum.cam.ac.uk/wndev/assets/08/08P015L04.jpg|404 
08P015L06|http://webapps.fitzmuseum.cam.ac.uk/wndev/assets/08/08P015L06.jpg|404 
08P015L08|http://webapps.fitzmuseum.cam.ac.uk/wndev/assets/08/08P015L08.jpg|404 
08P015L14|http://webapps.fitzmuseum.cam.ac.uk/wndev/assets/08/08P015L14.jpg|404 
08P016L01|http://webapps.fitzmuseum.cam.ac.uk/wndev/assets/08/08P016L01.jpg|404 
08P017L01|http://webapps.fitzmuseum.cam.ac.uk/wndev/assets/08/08P017L01.jpg|404 
08P017L11|http://webapps.fitzmuseum.cam.ac.uk/wndev/assets/08/08P017L11.jpg|404 
08P017L13|http://webapps.fitzmuseum.cam.ac.uk/wndev/assets/08/08P017L13.jpg|404 
08P017L15|http://webapps.fitzmuseum.cam.ac.uk/wndev/assets/08/08P017L15.jpg|404 
08P017L18|http://webapps.fitzmuseum.cam.ac.uk/wndev/assets/08/08P017L18.jpg|404 
08P018L01|http://webapps.fitzmuseum.cam.ac.uk/wndev/assets/08/08P018L01.jpg|404 
08P018L15|http://webapps.fitzmuseum.cam.ac.uk/wndev/assets/08/08P018L15.jpg|404 
08P019L01|http://webapps.fitzmuseum.cam.ac.uk/wndev/assets/08/08P019L01.jpg|404 
08P023L01|http://webapps.fitzmuseum.cam.ac.uk/wndev/assets/08/08P023L01.jpg|404 
08P024L01|http://webapps.fitzmuseum.cam.ac.uk/wndev/assets/08/08P024L01.jpg|404 
08P024L12|http://webapps.fitzmuseum.cam.ac.uk/wndev/assets/08/08P024L12.jpg|404 
08P025L01|http://webapps.fitzmuseum.cam.ac.uk/wndev/assets/08/08P025L01.jpg|404 
08P025L08|http://webapps.fitzmuseum.cam.ac.uk/wndev/assets/08/08P025L08.jpg|404 
08P025L14|http://webapps.fitzmuseum.cam.ac.uk/wndev/assets/08/08P025L14.jpg|404 
08P026L08|http://webapps.fitzmuseum.cam.ac.uk/wndev/assets/08/08P026L08.jpg|404 
08P026L12|http://webapps.fitzmuseum.cam.ac.uk/wndev/assets/08/08P026L12.jpg|404 
08P026L14|http://webapps.fitzmuseum.cam.ac.uk/wndev/assets/08/08P026L14.jpg|404 
08P026L17|http://webapps.fitzmuseum.cam.ac.uk/wndev/assets/08/08P026L17.jpg|404 
08P027L01|http://webapps.fitzmuseum.cam.ac.uk/wndev/assets/08/08P027L01.jpg|404 
08P027L10|http://webapps.fitzmuseum.cam.ac.uk/wndev/assets/08/08P027L10.jpg|404 
08P027L13|http://webapps.fitzmuseum.cam.ac.uk/wndev/assets/08/08P027L13.jpg|404 
08P027L17|http://webapps.fitzmuseum.cam.ac.uk/wndev/assets/08/08P027L17.jpg|404 
08P028L01|http://webapps.fitzmuseum.cam.ac.uk/wndev/assets/08/08P028L01.jpg|404 
08P028L04|http://webapps.fitzmuseum.cam.ac.uk/wndev/assets/08/08P028L04.jpg|404 
08P028L07|http://webapps.fitzmuseum.cam.ac.uk/wndev/assets/08/08P028L07.jpg|404 
08P028L14|http://webapps.fitzmuseum.cam.ac.uk/wndev/assets/08/08P028L14.jpg|404 
08P028L15|http://webapps.fitzmuseum.cam.ac.uk/wndev/assets/08/08P028L15.jpg|404 
08P029L05|http://webapps.fitzmuseum.cam.ac.uk/wndev/assets/08/08P029L05.jpg|404 
08P029L06|http://webapps.fitzmuseum.cam.ac.uk/wndev/assets/08/08P029L06.jpg|404 
08P029L18|http://webapps.fitzmuseum.cam.ac.uk/wndev/assets/08/08P029L18.jpg|404 
08P030L01|http://webapps.fitzmuseum.cam.ac.uk/wndev/assets/08/08P030L01.jpg|404 
08P030L17|http://webapps.fitzmuseum.cam.ac.uk/wndev/assets/08/08P030L17.jpg|404 
08P031L01|http://webapps.fitzmuseum.cam.ac.uk/wndev/assets/08/08P031L01.jpg|404 
08P031L05|http://webapps.fitzmuseum.cam.ac.uk/wndev/assets/08/08P031L05.jpg|404 
08P031L10|http://webapps.fitzmuseum.cam.ac.uk/wndev/assets/08/08P031L10.jpg|404 
08P031L13|http://webapps.fitzmuseum.cam.ac.uk/wndev/assets/08/08P031L13.jpg|404 
08P031L19|http://webapps.fitzmuseum.cam.ac.uk/wndev/assets/08/08P031L19.jpg|404 
08P032L01|http://webapps.fitzmuseum.cam.ac.uk/wndev/assets/08/08P032L01.jpg|404 
08P032L09|http://webapps.fitzmuseum.cam.ac.uk/wndev/assets/08/08P032L09.jpg|404 
08P032L12|http://webapps.fitzmuseum.cam.ac.uk/wndev/assets/08/08P032L12.jpg|404 
08P032L19|http://webapps.fitzmuseum.cam.ac.uk/wndev/assets/08/08P032L19.jpg|404 
08P033L01|http://webapps.fitzmuseum.cam.ac.uk/wndev/assets/08/08P033L01.jpg|404 
08P033L14|http://webapps.fitzmuseum.cam.ac.uk/wndev/assets/08/08P033L14.jpg|404 
08P033L22|http://webapps.fitzmuseum.cam.ac.uk/wndev/assets/08/08P033L22.jpg|404 
08P034L01|http://webapps.fitzmuseum.cam.ac.uk/wndev/assets/08/08P034L01.jpg|404 
08P035L01|http://webapps.fitzmuseum.cam.ac.uk/wndev/assets/08/08P035L01.jpg|404 
08P035L04|http://webapps.fitzmuseum.cam.ac.uk/wndev/assets/08/08P035L04.jpg|404 
08P035L06|http://webapps.fitzmuseum.cam.ac.uk/wndev/assets/08/08P035L06.jpg|404 
08P035L17|http://webapps.fitzmuseum.cam.ac.uk/wndev/assets/08/08P035L17.jpg|404 
08P036L01|http://webapps.fitzmuseum.cam.ac.uk/wndev/assets/08/08P036L01.jpg|404 
08P036L06|http://webapps.fitzmuseum.cam.ac.uk/wndev/assets/08/08P036L06.jpg|404 
08P036L08|http://webapps.fitzmuseum.cam.ac.uk/wndev/assets/08/08P036L08.jpg|404 
08P036L16|http://webapps.fitzmuseum.cam.ac.uk/wndev/assets/08/08P036L16.jpg|404 
08P037L01|http://webapps.fitzmuseum.cam.ac.uk/wndev/assets/08/08P037L01.jpg|404 
08P037L04|http://webapps.fitzmuseum.cam.ac.uk/wndev/assets/08/08P037L04.jpg|404 
08P037L16|http://webapps.fitzmuseum.cam.ac.uk/wndev/assets/08/08P037L16.jpg|404 
08P038L01|http://webapps.fitzmuseum.cam.ac.uk/wndev/assets/08/08P038L01.jpg|404 
08P038L11|http://webapps.fitzmuseum.cam.ac.uk/wndev/assets/08/08P038L11.jpg|404 
08P038L19|http://webapps.fitzmuseum.cam.ac.uk/wndev/assets/08/08P038L19.jpg|404 
08P039L01|http://webapps.fitzmuseum.cam.ac.uk/wndev/assets/08/08P039L01.jpg|404 
08P039L12|http://webapps.fitzmuseum.cam.ac.uk/wndev/assets/08/08P039L12.jpg|404 
08P039L17|http://webapps.fitzmuseum.cam.ac.uk/wndev/assets/08/08P039L17.jpg|404 
08P039L19|http://webapps.fitzmuseum.cam.ac.uk/wndev/assets/08/08P039L19.jpg|404 
08P040L01|http://webapps.fitzmuseum.cam.ac.uk/wndev/assets/08/08P040L01.jpg|404 
08P040L11|http://webapps.fitzmuseum.cam.ac.uk/wndev/assets/08/08P040L11.jpg|404 
08P040L15|http://webapps.fitzmuseum.cam.ac.uk/wndev/assets/08/08P040L15.jpg|404 
08P041L01|http://webapps.fitzmuseum.cam.ac.uk/wndev/assets/08/08P041L01.jpg|404 
08P042L01|http://webapps.fitzmuseum.cam.ac.uk/wndev/assets/08/08P042L01.jpg|404 
08P042L10|http://webapps.fitzmuseum.cam.ac.uk/wndev/assets/08/08P042L10.jpg|404 
08P043L10|http://webapps.fitzmuseum.cam.ac.uk/wndev/assets/08/08P043L10.jpg|404 
08P044L14|http://webapps.fitzmuseum.cam.ac.uk/wndev/assets/08/08P044L14.jpg|404 
09COVERL01|http://webapps.fitzmuseum.cam.ac.uk/wndev/assets/09/09COVERL01.jpg|404 
09P001L01|http://webapps.fitzmuseum.cam.ac.uk/wndev/assets/09/09P001L01.jpg|404 
09P001L09|http://webapps.fitzmuseum.cam.ac.uk/wndev/assets/09/09P001L09.jpg|404 
09P002L01|http://webapps.fitzmuseum.cam.ac.uk/wndev/assets/09/09P002L01.jpg|404 
09P005L12|http://webapps.fitzmuseum.cam.ac.uk/wndev/assets/09/09P005L12.jpg|404 
09P006L01|http://webapps.fitzmuseum.cam.ac.uk/wndev/assets/09/09P006L01.jpg|404 
09P008L01|http://webapps.fitzmuseum.cam.ac.uk/wndev/assets/09/09P008L01.jpg|404 
09P009L01|http://webapps.fitzmuseum.cam.ac.uk/wndev/assets/09/09P009L01.jpg|404 
09P009L15|http://webapps.fitzmuseum.cam.ac.uk/wndev/assets/09/09P009L15.jpg|404 
09P010L01|http://webapps.fitzmuseum.cam.ac.uk/wndev/assets/09/09P010L01.jpg|404 
09P014L01|http://webapps.fitzmuseum.cam.ac.uk/wndev/assets/09/09P014L01.jpg|404 
09P014L16|http://webapps.fitzmuseum.cam.ac.uk/wndev/assets/09/09P014L16.jpg|404 
09P015L01|http://webapps.fitzmuseum.cam.ac.uk/wndev/assets/09/09P015L01.jpg|404 
09P015L10|http://webapps.fitzmuseum.cam.ac.uk/wndev/assets/09/09P015L10.jpg|404 
09P015L16|http://webapps.fitzmuseum.cam.ac.uk/wndev/assets/09/09P015L16.jpg|404 
09P016L01|http://webapps.fitzmuseum.cam.ac.uk/wndev/assets/09/09P016L01.jpg|404 
09P016L05|http://webapps.fitzmuseum.cam.ac.uk/wndev/assets/09/09P016L05.jpg|404 
09P016L08|http://webapps.fitzmuseum.cam.ac.uk/wndev/assets/09/09P016L08.jpg|404 
09P016L17|http://webapps.fitzmuseum.cam.ac.uk/wndev/assets/09/09P016L17.jpg|404 
09P017L01|http://webapps.fitzmuseum.cam.ac.uk/wndev/assets/09/09P017L01.jpg|404 
09P017L13|http://webapps.fitzmuseum.cam.ac.uk/wndev/assets/09/09P017L13.jpg|404 
09P018L01|http://webapps.fitzmuseum.cam.ac.uk/wndev/assets/09/09P018L01.jpg|404 
09P021L14|http://webapps.fitzmuseum.cam.ac.uk/wndev/assets/09/09P021L14.jpg|404 
09P021L16|http://webapps.fitzmuseum.cam.ac.uk/wndev/assets/09/09P021L16.jpg|404 
09P022L01|http://webapps.fitzmuseum.cam.ac.uk/wndev/assets/09/09P022L01.jpg|404 
09P023L13|http://webapps.fitzmuseum.cam.ac.uk/wndev/assets/09/09P023L13.jpg|404 
09P024L01|http://webapps.fitzmuseum.cam.ac.uk/wndev/assets/09/09P024L01.jpg|404 
09P024L05|http://webapps.fitzmuseum.cam.ac.uk/wndev/assets/09/09P024L05.jpg|404 
09P024L12|http://webapps.fitzmuseum.cam.ac.uk/wndev/assets/09/09P024L12.jpg|404 
09P025L01|http://webapps.fitzmuseum.cam.ac.uk/wndev/assets/09/09P025L01.jpg|404 
09P026L01|http://webapps.fitzmuseum.cam.ac.uk/wndev/assets/09/09P026L01.jpg|404 
09P027L01|http://webapps.fitzmuseum.cam.ac.uk/wndev/assets/09/09P027L01.jpg|404 
09P028L01|http://webapps.fitzmuseum.cam.ac.uk/wndev/assets/09/09P028L01.jpg|404 
09P028L13|http://webapps.fitzmuseum.cam.ac.uk/wndev/assets/09/09P028L13.jpg|404 
09P029L01|http://webapps.fitzmuseum.cam.ac.uk/wndev/assets/09/09P029L01.jpg|404 
09P029L06|http://webapps.fitzmuseum.cam.ac.uk/wndev/assets/09/09P029L06.jpg|404 
09P029L12|http://webapps.fitzmuseum.cam.ac.uk/wndev/assets/09/09P029L12.jpg|404 
09P029L14|http://webapps.fitzmuseum.cam.ac.uk/wndev/assets/09/09P029L14.jpg|404 
09P030L01|http://webapps.fitzmuseum.cam.ac.uk/wndev/assets/09/09P030L01.jpg|404 
09P030L06|http://webapps.fitzmuseum.cam.ac.uk/wndev/assets/09/09P030L06.jpg|404 
09P030L11|http://webapps.fitzmuseum.cam.ac.uk/wndev/assets/09/09P030L11.jpg|404 
09P030L17|http://webapps.fitzmuseum.cam.ac.uk/wndev/assets/09/09P030L17.jpg|404 
09P031L01|http://webapps.fitzmuseum.cam.ac.uk/wndev/assets/09/09P031L01.jpg|404 
09P031L12|http://webapps.fitzmuseum.cam.ac.uk/wndev/assets/09/09P031L12.jpg|404 
09P032L01|http://webapps.fitzmuseum.cam.ac.uk/wndev/assets/09/09P032L01.jpg|404 
09P034L01|http://webapps.fitzmuseum.cam.ac.uk/wndev/assets/09/09P034L01.jpg|404 
09P036L01|http://webapps.fitzmuseum.cam.ac.uk/wndev/assets/09/09P036L01.jpg|404 
09P036L07|http://webapps.fitzmuseum.cam.ac.uk/wndev/assets/09/09P036L07.jpg|404 
09P036L13|http://webapps.fitzmuseum.cam.ac.uk/wndev/assets/09/09P036L13.jpg|404 
09P036L19|http://webapps.fitzmuseum.cam.ac.uk/wndev/assets/09/09P036L19.jpg|404 
09P037L01|http://webapps.fitzmuseum.cam.ac.uk/wndev/assets/09/09P037L01.jpg|404 
09P037L16|http://webapps.fitzmuseum.cam.ac.uk/wndev/assets/09/09P037L16.jpg|404 
09P037L18|http://webapps.fitzmuseum.cam.ac.uk/wndev/assets/09/09P037L18.jpg|404 
09P037L21|http://webapps.fitzmuseum.cam.ac.uk/wndev/assets/09/09P037L21.jpg|404 
09P038L01|http://webapps.fitzmuseum.cam.ac.uk/wndev/assets/09/09P038L01.jpg|404 
09P038L06|http://webapps.fitzmuseum.cam.ac.uk/wndev/assets/09/09P038L06.jpg|404 
09P038L17|http://webapps.fitzmuseum.cam.ac.uk/wndev/assets/09/09P038L17.jpg|404 
09P038L20|http://webapps.fitzmuseum.cam.ac.uk/wndev/assets/09/09P038L20.jpg|404 
09P039L01|http://webapps.fitzmuseum.cam.ac.uk/wndev/assets/09/09P039L01.jpg|404 
09P039L18|http://webapps.fitzmuseum.cam.ac.uk/wndev/assets/09/09P039L18.jpg|404 
09P039L20|http://webapps.fitzmuseum.cam.ac.uk/wndev/assets/09/09P039L20.jpg|404 
09P040L01|http://webapps.fitzmuseum.cam.ac.uk/wndev/assets/09/09P040L01.jpg|404 
09P040L08|http://webapps.fitzmuseum.cam.ac.uk/wndev/assets/09/09P040L08.jpg|404 
09P040L11|http://webapps.fitzmuseum.cam.ac.uk/wndev/assets/09/09P040L11.jpg|404 
09P040L19|http://webapps.fitzmuseum.cam.ac.uk/wndev/assets/09/09P040L19.jpg|404 
09P041L01|http://webapps.fitzmuseum.cam.ac.uk/wndev/assets/09/09P041L01.jpg|404 
09P041L04|http://webapps.fitzmuseum.cam.ac.uk/wndev/assets/09/09P041L04.jpg|404 
09P041L10|http://webapps.fitzmuseum.cam.ac.uk/wndev/assets/09/09P041L10.jpg|404 
09P041L12|http://webapps.fitzmuseum.cam.ac.uk/wndev/assets/09/09P041L12.jpg|404 
09P042L01|http://webapps.fitzmuseum.cam.ac.uk/wndev/assets/09/09P042L01.jpg|404 
09P042L09|http://webapps.fitzmuseum.cam.ac.uk/wndev/assets/09/09P042L09.jpg|404 
09P044L01|http://webapps.fitzmuseum.cam.ac.uk/wndev/assets/09/09P044L01.jpg|404 
09P044L18|http://webapps.fitzmuseum.cam.ac.uk/wndev/assets/09/09P044L18.jpg|404 
10COVERL01|http://webapps.fitzmuseum.cam.ac.uk/wndev/assets/10/10COVERL01.jpg|404 
10P001L01|http://webapps.fitzmuseum.cam.ac.uk/wndev/assets/10/10P001L01.jpg|404 
10P001L07|http://webapps.fitzmuseum.cam.ac.uk/wndev/assets/10/10P001L07.jpg|404 
10P001L10|http://webapps.fitzmuseum.cam.ac.uk/wndev/assets/10/10P001L10.jpg|404 
10P001L15|http://webapps.fitzmuseum.cam.ac.uk/wndev/assets/10/10P001L15.jpg|404 
10P001L17|http://webapps.fitzmuseum.cam.ac.uk/wndev/assets/10/10P001L17.jpg|404 
10P001L18|http://webapps.fitzmuseum.cam.ac.uk/wndev/assets/10/10P001L18.jpg|404 
10P002L01|http://webapps.fitzmuseum.cam.ac.uk/wndev/assets/10/10P002L01.jpg|404 
10P002L09|http://webapps.fitzmuseum.cam.ac.uk/wndev/assets/10/10P002L09.jpg|404 
10P002L17|http://webapps.fitzmuseum.cam.ac.uk/wndev/assets/10/10P002L17.jpg|404 
10P003L01|http://webapps.fitzmuseum.cam.ac.uk/wndev/assets/10/10P003L01.jpg|404 
10P004L11|http://webapps.fitzmuseum.cam.ac.uk/wndev/assets/10/10P004L11.jpg|404 
10P004L17|http://webapps.fitzmuseum.cam.ac.uk/wndev/assets/10/10P004L17.jpg|404 
10P005L08|http://webapps.fitzmuseum.cam.ac.uk/wndev/assets/10/10P005L08.jpg|404 
10P005L19|http://webapps.fitzmuseum.cam.ac.uk/wndev/assets/10/10P005L19.jpg|404 
10P006L06|http://webapps.fitzmuseum.cam.ac.uk/wndev/assets/10/10P006L06.jpg|404 
10P006L13|http://webapps.fitzmuseum.cam.ac.uk/wndev/assets/10/10P006L13.jpg|404 
10P006L18|http://webapps.fitzmuseum.cam.ac.uk/wndev/assets/10/10P006L18.jpg|404 
10P007L01|http://webapps.fitzmuseum.cam.ac.uk/wndev/assets/10/10P007L01.jpg|404 
10P008L01|http://webapps.fitzmuseum.cam.ac.uk/wndev/assets/10/10P008L01.jpg|404 
10P008L05|http://webapps.fitzmuseum.cam.ac.uk/wndev/assets/10/10P008L05.jpg|404 
10P008L10|http://webapps.fitzmuseum.cam.ac.uk/wndev/assets/10/10P008L10.jpg|404 
10P008L14|http://webapps.fitzmuseum.cam.ac.uk/wndev/assets/10/10P008L14.jpg|404 
10P009L01|http://webapps.fitzmuseum.cam.ac.uk/wndev/assets/10/10P009L01.jpg|404 
10P009L21|http://webapps.fitzmuseum.cam.ac.uk/wndev/assets/10/10P009L21.jpg|404 
10P010L01|http://webapps.fitzmuseum.cam.ac.uk/wndev/assets/10/10P010L01.jpg|404 
10P011L01|http://webapps.fitzmuseum.cam.ac.uk/wndev/assets/10/10P011L01.jpg|404 
10P013L01|http://webapps.fitzmuseum.cam.ac.uk/wndev/assets/10/10P013L01.jpg|404 
10P014L01|http://webapps.fitzmuseum.cam.ac.uk/wndev/assets/10/10P014L01.jpg|404 
10P014L06|http://webapps.fitzmuseum.cam.ac.uk/wndev/assets/10/10P014L06.jpg|404 
10P014L10|http://webapps.fitzmuseum.cam.ac.uk/wndev/assets/10/10P014L10.jpg|404 
10P014L21|http://webapps.fitzmuseum.cam.ac.uk/wndev/assets/10/10P014L21.jpg|404 
10P015L01|http://webapps.fitzmuseum.cam.ac.uk/wndev/assets/10/10P015L01.jpg|404 
10P015L16|http://webapps.fitzmuseum.cam.ac.uk/wndev/assets/10/10P015L16.jpg|404 
10P015L19|http://webapps.fitzmuseum.cam.ac.uk/wndev/assets/10/10P015L19.jpg|404 
10P016L01|http://webapps.fitzmuseum.cam.ac.uk/wndev/assets/10/10P016L01.jpg|404 
10P016L10|http://webapps.fitzmuseum.cam.ac.uk/wndev/assets/10/10P016L10.jpg|404 
10P016L13|http://webapps.fitzmuseum.cam.ac.uk/wndev/assets/10/10P016L13.jpg|404 
10P016L15|http://webapps.fitzmuseum.cam.ac.uk/wndev/assets/10/10P016L15.jpg|404 
10P017L17|http://webapps.fitzmuseum.cam.ac.uk/wndev/assets/10/10P017L17.jpg|404 
10P017L20|http://webapps.fitzmuseum.cam.ac.uk/wndev/assets/10/10P017L20.jpg|404 
10P018L07|http://webapps.fitzmuseum.cam.ac.uk/wndev/assets/10/10P018L07.jpg|404 
10P018L12|http://webapps.fitzmuseum.cam.ac.uk/wndev/assets/10/10P018L12.jpg|404 
10P018L17|http://webapps.fitzmuseum.cam.ac.uk/wndev/assets/10/10P018L17.jpg|404 
10P019L01|http://webapps.fitzmuseum.cam.ac.uk/wndev/assets/10/10P019L01.jpg|404 
10P019L03|http://webapps.fitzmuseum.cam.ac.uk/wndev/assets/10/10P019L03.jpg|404 
10P019L07|http://webapps.fitzmuseum.cam.ac.uk/wndev/assets/10/10P019L07.jpg|404 
10P019L14|http://webapps.fitzmuseum.cam.ac.uk/wndev/assets/10/10P019L14.jpg|404 
10P019L16|http://webapps.fitzmuseum.cam.ac.uk/wndev/assets/10/10P019L16.jpg|404 
10P020L01|http://webapps.fitzmuseum.cam.ac.uk/wndev/assets/10/10P020L01.jpg|404 
10P020L04|http://webapps.fitzmuseum.cam.ac.uk/wndev/assets/10/10P020L04.jpg|404 
10P020L07|http://webapps.fitzmuseum.cam.ac.uk/wndev/assets/10/10P020L07.jpg|404 
10P021L01|http://webapps.fitzmuseum.cam.ac.uk/wndev/assets/10/10P021L01.jpg|404 
10P021L10|http://webapps.fitzmuseum.cam.ac.uk/wndev/assets/10/10P021L10.jpg|404 
10P021L18|http://webapps.fitzmuseum.cam.ac.uk/wndev/assets/10/10P021L18.jpg|404 
10P021L22|http://webapps.fitzmuseum.cam.ac.uk/wndev/assets/10/10P021L22.jpg|404 
10P022L01|http://webapps.fitzmuseum.cam.ac.uk/wndev/assets/10/10P022L01.jpg|404 
10P022L05|http://webapps.fitzmuseum.cam.ac.uk/wndev/assets/10/10P022L05.jpg|404 
10P022L12|http://webapps.fitzmuseum.cam.ac.uk/wndev/assets/10/10P022L12.jpg|404 
10P022L16|http://webapps.fitzmuseum.cam.ac.uk/wndev/assets/10/10P022L16.jpg|404 
10P024L01|http://webapps.fitzmuseum.cam.ac.uk/wndev/assets/10/10P024L01.jpg|404 
10P024L10|http://webapps.fitzmuseum.cam.ac.uk/wndev/assets/10/10P024L10.jpg|404 
10P024L19|http://webapps.fitzmuseum.cam.ac.uk/wndev/assets/10/10P024L19.jpg|404 
10P025L01|http://webapps.fitzmuseum.cam.ac.uk/wndev/assets/10/10P025L01.jpg|404 
10P025L17|http://webapps.fitzmuseum.cam.ac.uk/wndev/assets/10/10P025L17.jpg|404 
10P026L17|http://webapps.fitzmuseum.cam.ac.uk/wndev/assets/10/10P026L17.jpg|404 
10P027L01|http://webapps.fitzmuseum.cam.ac.uk/wndev/assets/10/10P027L01.jpg|404 
10P027L15|http://webapps.fitzmuseum.cam.ac.uk/wndev/assets/10/10P027L15.jpg|404 
10P027L20|http://webapps.fitzmuseum.cam.ac.uk/wndev/assets/10/10P027L20.jpg|404 
10P028L01|http://webapps.fitzmuseum.cam.ac.uk/wndev/assets/10/10P028L01.jpg|404 
10P028L05|http://webapps.fitzmuseum.cam.ac.uk/wndev/assets/10/10P028L05.jpg|404 
10P028L12|http://webapps.fitzmuseum.cam.ac.uk/wndev/assets/10/10P028L12.jpg|404 
10P029L01|http://webapps.fitzmuseum.cam.ac.uk/wndev/assets/10/10P029L01.jpg|404 
10P029L05|http://webapps.fitzmuseum.cam.ac.uk/wndev/assets/10/10P029L05.jpg|404 
10P029L08|http://webapps.fitzmuseum.cam.ac.uk/wndev/assets/10/10P029L08.jpg|404 
10P029L11|http://webapps.fitzmuseum.cam.ac.uk/wndev/assets/10/10P029L11.jpg|404 
10P029L20|http://webapps.fitzmuseum.cam.ac.uk/wndev/assets/10/10P029L20.jpg|404 
10P030L01|http://webapps.fitzmuseum.cam.ac.uk/wndev/assets/10/10P030L01.jpg|404 
10P030L03|http://webapps.fitzmuseum.cam.ac.uk/wndev/assets/10/10P030L03.jpg|404 
10P030L07|http://webapps.fitzmuseum.cam.ac.uk/wndev/assets/10/10P030L07.jpg|404 
10P030L21|http://webapps.fitzmuseum.cam.ac.uk/wndev/assets/10/10P030L21.jpg|404 
10P031L01|http://webapps.fitzmuseum.cam.ac.uk/wndev/assets/10/10P031L01.jpg|404 
10P031L05|http://webapps.fitzmuseum.cam.ac.uk/wndev/assets/10/10P031L05.jpg|404 
10P031L09|http://webapps.fitzmuseum.cam.ac.uk/wndev/assets/10/10P031L09.jpg|404 
10P031L11|http://webapps.fitzmuseum.cam.ac.uk/wndev/assets/10/10P031L11.jpg|404 
10P031L13|http://webapps.fitzmuseum.cam.ac.uk/wndev/assets/10/10P031L13.jpg|404 
10P031L16|http://webapps.fitzmuseum.cam.ac.uk/wndev/assets/10/10P031L16.jpg|404 
10P031L18|http://webapps.fitzmuseum.cam.ac.uk/wndev/assets/10/10P031L18.jpg|404 
10P032L01|http://webapps.fitzmuseum.cam.ac.uk/wndev/assets/10/10P032L01.jpg|404 
10P032L08|http://webapps.fitzmuseum.cam.ac.uk/wndev/assets/10/10P032L08.jpg|404 
10P032L16|http://webapps.fitzmuseum.cam.ac.uk/wndev/assets/10/10P032L16.jpg|404 
10P033L01|http://webapps.fitzmuseum.cam.ac.uk/wndev/assets/10/10P033L01.jpg|404 
10P033L05|http://webapps.fitzmuseum.cam.ac.uk/wndev/assets/10/10P033L05.jpg|404 
10P033L17|http://webapps.fitzmuseum.cam.ac.uk/wndev/assets/10/10P033L17.jpg|404 
10P034L01|http://webapps.fitzmuseum.cam.ac.uk/wndev/assets/10/10P034L01.jpg|404 
10P036L01|http://webapps.fitzmuseum.cam.ac.uk/wndev/assets/10/10P036L01.jpg|404 
10P036L17|http://webapps.fitzmuseum.cam.ac.uk/wndev/assets/10/10P036L17.jpg|404 
10P036L21|http://webapps.fitzmuseum.cam.ac.uk/wndev/assets/10/10P036L21.jpg|404 
10P037L01|http://webapps.fitzmuseum.cam.ac.uk/wndev/assets/10/10P037L01.jpg|404 
10P037L12|http://webapps.fitzmuseum.cam.ac.uk/wndev/assets/10/10P037L12.jpg|404 
10P037L20|http://webapps.fitzmuseum.cam.ac.uk/wndev/assets/10/10P037L20.jpg|404 
10P038L01|http://webapps.fitzmuseum.cam.ac.uk/wndev/assets/10/10P038L01.jpg|404 
10P038L10|http://webapps.fitzmuseum.cam.ac.uk/wndev/assets/10/10P038L10.jpg|404 
10P038L12|http://webapps.fitzmuseum.cam.ac.uk/wndev/assets/10/10P038L12.jpg|404 
10P038L15|http://webapps.fitzmuseum.cam.ac.uk/wndev/assets/10/10P038L15.jpg|404 
10P038L21|http://webapps.fitzmuseum.cam.ac.uk/wndev/assets/10/10P038L21.jpg|404 
10P039L01|http://webapps.fitzmuseum.cam.ac.uk/wndev/assets/10/10P039L01.jpg|404 
10P042L01|http://webapps.fitzmuseum.cam.ac.uk/wndev/assets/10/10P042L01.jpg|404 
10P042L11|http://webapps.fitzmuseum.cam.ac.uk/wndev/assets/10/10P042L11.jpg|404 
10P042L18|http://webapps.fitzmuseum.cam.ac.uk/wndev/assets/10/10P042L18.jpg|404 
10P043L01|http://webapps.fitzmuseum.cam.ac.uk/wndev/assets/10/10P043L01.jpg|404 
10P043L08|http://webapps.fitzmuseum.cam.ac.uk/wndev/assets/10/10P043L08.jpg|404 
10P044L01|http://webapps.fitzmuseum.cam.ac.uk/wndev/assets/10/10P044L01.jpg|404 
10P044L07|http://webapps.fitzmuseum.cam.ac.uk/wndev/assets/10/10P044L07.jpg|404 
11COVERL01|http://webapps.fitzmuseum.cam.ac.uk/wndev/assets/11/11COVERL01.jpg|404 
11P001L01|http://webapps.fitzmuseum.cam.ac.uk/wndev/assets/11/11P001L01.jpg|404 
11P001L05|http://webapps.fitzmuseum.cam.ac.uk/wndev/assets/11/11P001L05.jpg|404 
11P001L07|http://webapps.fitzmuseum.cam.ac.uk/wndev/assets/11/11P001L07.jpg|404 
11P001L11|http://webapps.fitzmuseum.cam.ac.uk/wndev/assets/11/11P001L11.jpg|404 
11P002L01|http://webapps.fitzmuseum.cam.ac.uk/wndev/assets/11/11P002L01.jpg|404 
11P002L14|http://webapps.fitzmuseum.cam.ac.uk/wndev/assets/11/11P002L14.jpg|404 
11P003L01|http://webapps.fitzmuseum.cam.ac.uk/wndev/assets/11/11P003L01.jpg|404 
11P003L06|http://webapps.fitzmuseum.cam.ac.uk/wndev/assets/11/11P003L06.jpg|404 
11P003L08|http://webapps.fitzmuseum.cam.ac.uk/wndev/assets/11/11P003L08.jpg|404 
11P003L12|http://webapps.fitzmuseum.cam.ac.uk/wndev/assets/11/11P003L12.jpg|404 
11P003L15|http://webapps.fitzmuseum.cam.ac.uk/wndev/assets/11/11P003L15.jpg|404 
11P003L17|http://webapps.fitzmuseum.cam.ac.uk/wndev/assets/11/11P003L17.jpg|404 
11P004L01|http://webapps.fitzmuseum.cam.ac.uk/wndev/assets/11/11P004L01.jpg|404 
11P004L06|http://webapps.fitzmuseum.cam.ac.uk/wndev/assets/11/11P004L06.jpg|404 
11P004L13|http://webapps.fitzmuseum.cam.ac.uk/wndev/assets/11/11P004L13.jpg|404 
11P004L17|http://webapps.fitzmuseum.cam.ac.uk/wndev/assets/11/11P004L17.jpg|404 
11P005L01|http://webapps.fitzmuseum.cam.ac.uk/wndev/assets/11/11P005L01.jpg|404 
11P006L01|http://webapps.fitzmuseum.cam.ac.uk/wndev/assets/11/11P006L01.jpg|404 
11P006L03|http://webapps.fitzmuseum.cam.ac.uk/wndev/assets/11/11P006L03.jpg|404 
11P006L05|http://webapps.fitzmuseum.cam.ac.uk/wndev/assets/11/11P006L05.jpg|404 
11P006L08|http://webapps.fitzmuseum.cam.ac.uk/wndev/assets/11/11P006L08.jpg|404 
11P006L12|http://webapps.fitzmuseum.cam.ac.uk/wndev/assets/11/11P006L12.jpg|404 
11P006L15|http://webapps.fitzmuseum.cam.ac.uk/wndev/assets/11/11P006L15.jpg|404 
11P007L01|http://webapps.fitzmuseum.cam.ac.uk/wndev/assets/11/11P007L01.jpg|404 
11P008L05|http://webapps.fitzmuseum.cam.ac.uk/wndev/assets/11/11P008L05.jpg|404 
11P009L06|http://webapps.fitzmuseum.cam.ac.uk/wndev/assets/11/11P009L06.jpg|404 
11P009L08|http://webapps.fitzmuseum.cam.ac.uk/wndev/assets/11/11P009L08.jpg|404 
11P009L11|http://webapps.fitzmuseum.cam.ac.uk/wndev/assets/11/11P009L11.jpg|404 
11P009L16|http://webapps.fitzmuseum.cam.ac.uk/wndev/assets/11/11P009L16.jpg|404 
11P010L01|http://webapps.fitzmuseum.cam.ac.uk/wndev/assets/11/11P010L01.jpg|404 
11P012L14|http://webapps.fitzmuseum.cam.ac.uk/wndev/assets/11/11P012L14.jpg|404 
11P013L01|http://webapps.fitzmuseum.cam.ac.uk/wndev/assets/11/11P013L01.jpg|404 
11P013L21|http://webapps.fitzmuseum.cam.ac.uk/wndev/assets/11/11P013L21.jpg|404 
11P014L01|http://webapps.fitzmuseum.cam.ac.uk/wndev/assets/11/11P014L01.jpg|404 
11P014L15|http://webapps.fitzmuseum.cam.ac.uk/wndev/assets/11/11P014L15.jpg|404 
11P014L18|http://webapps.fitzmuseum.cam.ac.uk/wndev/assets/11/11P014L18.jpg|404 
11P015L01|http://webapps.fitzmuseum.cam.ac.uk/wndev/assets/11/11P015L01.jpg|404 
11P015L19|http://webapps.fitzmuseum.cam.ac.uk/wndev/assets/11/11P015L19.jpg|404 
11P016L01|http://webapps.fitzmuseum.cam.ac.uk/wndev/assets/11/11P016L01.jpg|404 
11P017L01|http://webapps.fitzmuseum.cam.ac.uk/wndev/assets/11/11P017L01.jpg|404 
11P017L14|http://webapps.fitzmuseum.cam.ac.uk/wndev/assets/11/11P017L14.jpg|404 
11P017L16|http://webapps.fitzmuseum.cam.ac.uk/wndev/assets/11/11P017L16.jpg|404 
11P017L20|http://webapps.fitzmuseum.cam.ac.uk/wndev/assets/11/11P017L20.jpg|404 
11P018L01|http://webapps.fitzmuseum.cam.ac.uk/wndev/assets/11/11P018L01.jpg|404 
11P018L14|http://webapps.fitzmuseum.cam.ac.uk/wndev/assets/11/11P018L14.jpg|404 
11P019L01|http://webapps.fitzmuseum.cam.ac.uk/wndev/assets/11/11P019L01.jpg|404 
11P019L05|http://webapps.fitzmuseum.cam.ac.uk/wndev/assets/11/11P019L05.jpg|404 
11P019L10|http://webapps.fitzmuseum.cam.ac.uk/wndev/assets/11/11P019L10.jpg|404 
11P019L19|http://webapps.fitzmuseum.cam.ac.uk/wndev/assets/11/11P019L19.jpg|404 
11P020L01|http://webapps.fitzmuseum.cam.ac.uk/wndev/assets/11/11P020L01.jpg|404 
11P020L10|http://webapps.fitzmuseum.cam.ac.uk/wndev/assets/11/11P020L10.jpg|404 
11P020L13|http://webapps.fitzmuseum.cam.ac.uk/wndev/assets/11/11P020L13.jpg|404 
11P021L01|http://webapps.fitzmuseum.cam.ac.uk/wndev/assets/11/11P021L01.jpg|404 
11P021L05|http://webapps.fitzmuseum.cam.ac.uk/wndev/assets/11/11P021L05.jpg|404 
11P021L09|http://webapps.fitzmuseum.cam.ac.uk/wndev/assets/11/11P021L09.jpg|404 
11P021L13|http://webapps.fitzmuseum.cam.ac.uk/wndev/assets/11/11P021L13.jpg|404 
11P021L16|http://webapps.fitzmuseum.cam.ac.uk/wndev/assets/11/11P021L16.jpg|404 
11P021L19|http://webapps.fitzmuseum.cam.ac.uk/wndev/assets/11/11P021L19.jpg|404 
11P022L01|http://webapps.fitzmuseum.cam.ac.uk/wndev/assets/11/11P022L01.jpg|404 
11P023L01|http://webapps.fitzmuseum.cam.ac.uk/wndev/assets/11/11P023L01.jpg|404 
11P024L01|http://webapps.fitzmuseum.cam.ac.uk/wndev/assets/11/11P024L01.jpg|404 
11P024L06|http://webapps.fitzmuseum.cam.ac.uk/wndev/assets/11/11P024L06.jpg|404 
11P024L12|http://webapps.fitzmuseum.cam.ac.uk/wndev/assets/11/11P024L12.jpg|404 
11P024L15|http://webapps.fitzmuseum.cam.ac.uk/wndev/assets/11/11P024L15.jpg|404 
11P024L17|http://webapps.fitzmuseum.cam.ac.uk/wndev/assets/11/11P024L17.jpg|404 
11P025L01|http://webapps.fitzmuseum.cam.ac.uk/wndev/assets/11/11P025L01.jpg|404 
11P025L16|http://webapps.fitzmuseum.cam.ac.uk/wndev/assets/11/11P025L16.jpg|404 
11P025L18|http://webapps.fitzmuseum.cam.ac.uk/wndev/assets/11/11P025L18.jpg|404 
11P025L20|http://webapps.fitzmuseum.cam.ac.uk/wndev/assets/11/11P025L20.jpg|404 
11P026L01|http://webapps.fitzmuseum.cam.ac.uk/wndev/assets/11/11P026L01.jpg|404 
11P026L06|http://webapps.fitzmuseum.cam.ac.uk/wndev/assets/11/11P026L06.jpg|404 
11P026L17|http://webapps.fitzmuseum.cam.ac.uk/wndev/assets/11/11P026L17.jpg|404 
11P027L01|http://webapps.fitzmuseum.cam.ac.uk/wndev/assets/11/11P027L01.jpg|404 
11P027L09|http://webapps.fitzmuseum.cam.ac.uk/wndev/assets/11/11P027L09.jpg|404 
11P027L11|http://webapps.fitzmuseum.cam.ac.uk/wndev/assets/11/11P027L11.jpg|404 
11P027L13|http://webapps.fitzmuseum.cam.ac.uk/wndev/assets/11/11P027L13.jpg|404 
11P028L01|http://webapps.fitzmuseum.cam.ac.uk/wndev/assets/11/11P028L01.jpg|404 
11P028L06|http://webapps.fitzmuseum.cam.ac.uk/wndev/assets/11/11P028L06.jpg|404 
11P028L13|http://webapps.fitzmuseum.cam.ac.uk/wndev/assets/11/11P028L13.jpg|404 
11P029L01|http://webapps.fitzmuseum.cam.ac.uk/wndev/assets/11/11P029L01.jpg|404 
11P029L11|http://webapps.fitzmuseum.cam.ac.uk/wndev/assets/11/11P029L11.jpg|404 
11P030L01|http://webapps.fitzmuseum.cam.ac.uk/wndev/assets/11/11P030L01.jpg|404 
11P031L04|http://webapps.fitzmuseum.cam.ac.uk/wndev/assets/11/11P031L04.jpg|404 
11P031L13|http://webapps.fitzmuseum.cam.ac.uk/wndev/assets/11/11P031L13.jpg|404 
11P032L01|http://webapps.fitzmuseum.cam.ac.uk/wndev/assets/11/11P032L01.jpg|404 
11P032L05|http://webapps.fitzmuseum.cam.ac.uk/wndev/assets/11/11P032L05.jpg|404 
11P032L15|http://webapps.fitzmuseum.cam.ac.uk/wndev/assets/11/11P032L15.jpg|404 
11P033L01|http://webapps.fitzmuseum.cam.ac.uk/wndev/assets/11/11P033L01.jpg|404 
11P033L19|http://webapps.fitzmuseum.cam.ac.uk/wndev/assets/11/11P033L19.jpg|404 
11P033L20|http://webapps.fitzmuseum.cam.ac.uk/wndev/assets/11/11P033L20.jpg|404 
11P034L01|http://webapps.fitzmuseum.cam.ac.uk/wndev/assets/11/11P034L01.jpg|404 
11P036L01|http://webapps.fitzmuseum.cam.ac.uk/wndev/assets/11/11P036L01.jpg|404 
11P036L12|http://webapps.fitzmuseum.cam.ac.uk/wndev/assets/11/11P036L12.jpg|404 
11P036L20|http://webapps.fitzmuseum.cam.ac.uk/wndev/assets/11/11P036L20.jpg|404 
11P037L01|http://webapps.fitzmuseum.cam.ac.uk/wndev/assets/11/11P037L01.jpg|404 
11P037L18|http://webapps.fitzmuseum.cam.ac.uk/wndev/assets/11/11P037L18.jpg|404 
11P038L01|http://webapps.fitzmuseum.cam.ac.uk/wndev/assets/11/11P038L01.jpg|404 
11P038L07|http://webapps.fitzmuseum.cam.ac.uk/wndev/assets/11/11P038L07.jpg|404 
11P038L12|http://webapps.fitzmuseum.cam.ac.uk/wndev/assets/11/11P038L12.jpg|404 
11P038L16|http://webapps.fitzmuseum.cam.ac.uk/wndev/assets/11/11P038L16.jpg|404 
11P039L01|http://webapps.fitzmuseum.cam.ac.uk/wndev/assets/11/11P039L01.jpg|404 
11P039L05|http://webapps.fitzmuseum.cam.ac.uk/wndev/assets/11/11P039L05.jpg|404 
11P039L14|http://webapps.fitzmuseum.cam.ac.uk/wndev/assets/11/11P039L14.jpg|404 
11P039L20|http://webapps.fitzmuseum.cam.ac.uk/wndev/assets/11/11P039L20.jpg|404 
11P040L01|http://webapps.fitzmuseum.cam.ac.uk/wndev/assets/11/11P040L01.jpg|404 
11Z01L01|http://webapps.fitzmuseum.cam.ac.uk/wndev/assets/11/11Z01L01.jpg|404 
12COVERL01|http://webapps.fitzmuseum.cam.ac.uk/wndev/assets/12/12COVERL01.jpg|404 
12P001L01|http://webapps.fitzmuseum.cam.ac.uk/wndev/assets/12/12P001L01.jpg|404 
12P001L03|http://webapps.fitzmuseum.cam.ac.uk/wndev/assets/12/12P001L03.jpg|404 
12P004L01|http://webapps.fitzmuseum.cam.ac.uk/wndev/assets/12/12P004L01.jpg|404 
12P005L01|http://webapps.fitzmuseum.cam.ac.uk/wndev/assets/12/12P005L01.jpg|404 
12P005L10|http://webapps.fitzmuseum.cam.ac.uk/wndev/assets/12/12P005L10.jpg|404 
12P005L13|http://webapps.fitzmuseum.cam.ac.uk/wndev/assets/12/12P005L13.jpg|404 
12P006L01|http://webapps.fitzmuseum.cam.ac.uk/wndev/assets/12/12P006L01.jpg|404 
12P006L05|http://webapps.fitzmuseum.cam.ac.uk/wndev/assets/12/12P006L05.jpg|404 
12P006L09|http://webapps.fitzmuseum.cam.ac.uk/wndev/assets/12/12P006L09.jpg|404 
12P006L14|http://webapps.fitzmuseum.cam.ac.uk/wndev/assets/12/12P006L14.jpg|404 
12P006L18|http://webapps.fitzmuseum.cam.ac.uk/wndev/assets/12/12P006L18.jpg|404 
12P007L01|http://webapps.fitzmuseum.cam.ac.uk/wndev/assets/12/12P007L01.jpg|404 
12P007L10|http://webapps.fitzmuseum.cam.ac.uk/wndev/assets/12/12P007L10.jpg|404 
12P007L11|http://webapps.fitzmuseum.cam.ac.uk/wndev/assets/12/12P007L11.jpg|404 
12P007L13|http://webapps.fitzmuseum.cam.ac.uk/wndev/assets/12/12P007L13.jpg|404 
12P008L01|http://webapps.fitzmuseum.cam.ac.uk/wndev/assets/12/12P008L01.jpg|404 
12P008L11|http://webapps.fitzmuseum.cam.ac.uk/wndev/assets/12/12P008L11.jpg|404 
12P008L14|http://webapps.fitzmuseum.cam.ac.uk/wndev/assets/12/12P008L14.jpg|404 
12P008L16|http://webapps.fitzmuseum.cam.ac.uk/wndev/assets/12/12P008L16.jpg|404 
12P009L01|http://webapps.fitzmuseum.cam.ac.uk/wndev/assets/12/12P009L01.jpg|404 
12P010L01|http://webapps.fitzmuseum.cam.ac.uk/wndev/assets/12/12P010L01.jpg|404 
12P010L07|http://webapps.fitzmuseum.cam.ac.uk/wndev/assets/12/12P010L07.jpg|404 
12P010L10|http://webapps.fitzmuseum.cam.ac.uk/wndev/assets/12/12P010L10.jpg|404 
12P010L13|http://webapps.fitzmuseum.cam.ac.uk/wndev/assets/12/12P010L13.jpg|404 
12P011L01|http://webapps.fitzmuseum.cam.ac.uk/wndev/assets/12/12P011L01.jpg|404 
12P012L01|http://webapps.fitzmuseum.cam.ac.uk/wndev/assets/12/12P012L01.jpg|404 
12P012L09|http://webapps.fitzmuseum.cam.ac.uk/wndev/assets/12/12P012L09.jpg|404 
12P012L18|http://webapps.fitzmuseum.cam.ac.uk/wndev/assets/12/12P012L18.jpg|404 
12P013L05|http://webapps.fitzmuseum.cam.ac.uk/wndev/assets/12/12P013L05.jpg|404 
12P014L01|http://webapps.fitzmuseum.cam.ac.uk/wndev/assets/12/12P014L01.jpg|404 
12P014L11|http://webapps.fitzmuseum.cam.ac.uk/wndev/assets/12/12P014L11.jpg|404 
12P014L15|http://webapps.fitzmuseum.cam.ac.uk/wndev/assets/12/12P014L15.jpg|404 
12P015L01|http://webapps.fitzmuseum.cam.ac.uk/wndev/assets/12/12P015L01.jpg|404 
12P015L14|http://webapps.fitzmuseum.cam.ac.uk/wndev/assets/12/12P015L14.jpg|404 
12P016L16|http://webapps.fitzmuseum.cam.ac.uk/wndev/assets/12/12P016L16.jpg|404 
12P017L08|http://webapps.fitzmuseum.cam.ac.uk/wndev/assets/12/12P017L08.jpg|404 
12P017L12|http://webapps.fitzmuseum.cam.ac.uk/wndev/assets/12/12P017L12.jpg|404 
12P017L13|http://webapps.fitzmuseum.cam.ac.uk/wndev/assets/12/12P017L13.jpg|404 
12P017L17|http://webapps.fitzmuseum.cam.ac.uk/wndev/assets/12/12P017L17.jpg|404 
12P018L01|http://webapps.fitzmuseum.cam.ac.uk/wndev/assets/12/12P018L01.jpg|404 
12P018L05|http://webapps.fitzmuseum.cam.ac.uk/wndev/assets/12/12P018L05.jpg|404 
12P018L06|http://webapps.fitzmuseum.cam.ac.uk/wndev/assets/12/12P018L06.jpg|404 
12P018L10|http://webapps.fitzmuseum.cam.ac.uk/wndev/assets/12/12P018L10.jpg|404 
12P018L13|http://webapps.fitzmuseum.cam.ac.uk/wndev/assets/12/12P018L13.jpg|404 
12P018L17|http://webapps.fitzmuseum.cam.ac.uk/wndev/assets/12/12P018L17.jpg|404 
12P019L01|http://webapps.fitzmuseum.cam.ac.uk/wndev/assets/12/12P019L01.jpg|404 
12P027L12|http://webapps.fitzmuseum.cam.ac.uk/wndev/assets/12/12P027L12.jpg|404 
12P028L01|http://webapps.fitzmuseum.cam.ac.uk/wndev/assets/12/12P028L01.jpg|404 
12P028L04|http://webapps.fitzmuseum.cam.ac.uk/wndev/assets/12/12P028L04.jpg|404 
12P028L08|http://webapps.fitzmuseum.cam.ac.uk/wndev/assets/12/12P028L08.jpg|404 
12P028L15|http://webapps.fitzmuseum.cam.ac.uk/wndev/assets/12/12P028L15.jpg|404 
12P028L17|http://webapps.fitzmuseum.cam.ac.uk/wndev/assets/12/12P028L17.jpg|404 
12P029L05|http://webapps.fitzmuseum.cam.ac.uk/wndev/assets/12/12P029L05.jpg|404 
12P029L06|http://webapps.fitzmuseum.cam.ac.uk/wndev/assets/12/12P029L06.jpg|404 
12P029L11|http://webapps.fitzmuseum.cam.ac.uk/wndev/assets/12/12P029L11.jpg|404 
12P029L19|http://webapps.fitzmuseum.cam.ac.uk/wndev/assets/12/12P029L19.jpg|404 
12P030L01|http://webapps.fitzmuseum.cam.ac.uk/wndev/assets/12/12P030L01.jpg|404 
12P030L20|http://webapps.fitzmuseum.cam.ac.uk/wndev/assets/12/12P030L20.jpg|404 
12P031L01|http://webapps.fitzmuseum.cam.ac.uk/wndev/assets/12/12P031L01.jpg|404 
12P031L05|http://webapps.fitzmuseum.cam.ac.uk/wndev/assets/12/12P031L05.jpg|404 
12P031L07|http://webapps.fitzmuseum.cam.ac.uk/wndev/assets/12/12P031L07.jpg|404 
12P031L15|http://webapps.fitzmuseum.cam.ac.uk/wndev/assets/12/12P031L15.jpg|404 
12P031L19|http://webapps.fitzmuseum.cam.ac.uk/wndev/assets/12/12P031L19.jpg|404 
12P032L01|http://webapps.fitzmuseum.cam.ac.uk/wndev/assets/12/12P032L01.jpg|404 
12P033L01|http://webapps.fitzmuseum.cam.ac.uk/wndev/assets/12/12P033L01.jpg|404 
12P033L10|http://webapps.fitzmuseum.cam.ac.uk/wndev/assets/12/12P033L10.jpg|404 
12P033L15|http://webapps.fitzmuseum.cam.ac.uk/wndev/assets/12/12P033L15.jpg|404 
12P033L18|http://webapps.fitzmuseum.cam.ac.uk/wndev/assets/12/12P033L18.jpg|404 
12P033L22|http://webapps.fitzmuseum.cam.ac.uk/wndev/assets/12/12P033L22.jpg|404 
12P034L01|http://webapps.fitzmuseum.cam.ac.uk/wndev/assets/12/12P034L01.jpg|404 
12P034L04|http://webapps.fitzmuseum.cam.ac.uk/wndev/assets/12/12P034L04.jpg|404 
12P034L07|http://webapps.fitzmuseum.cam.ac.uk/wndev/assets/12/12P034L07.jpg|404 
12P034L09|http://webapps.fitzmuseum.cam.ac.uk/wndev/assets/12/12P034L09.jpg|404 
12P034L12|http://webapps.fitzmuseum.cam.ac.uk/wndev/assets/12/12P034L12.jpg|404 
12P035L01|http://webapps.fitzmuseum.cam.ac.uk/wndev/assets/12/12P035L01.jpg|404 
12P035L08|http://webapps.fitzmuseum.cam.ac.uk/wndev/assets/12/12P035L08.jpg|404 
12P035L12|http://webapps.fitzmuseum.cam.ac.uk/wndev/assets/12/12P035L12.jpg|404 
12P035L16|http://webapps.fitzmuseum.cam.ac.uk/wndev/assets/12/12P035L16.jpg|404 
12P036L01|http://webapps.fitzmuseum.cam.ac.uk/wndev/assets/12/12P036L01.jpg|404 
12P037L01|http://webapps.fitzmuseum.cam.ac.uk/wndev/assets/12/12P037L01.jpg|404 
12P038L01|http://webapps.fitzmuseum.cam.ac.uk/wndev/assets/12/12P038L01.jpg|404 
12P039L03|http://webapps.fitzmuseum.cam.ac.uk/wndev/assets/12/12P039L03.jpg|404 
12P039L08|http://webapps.fitzmuseum.cam.ac.uk/wndev/assets/12/12P039L08.jpg|404 
12P039L17|http://webapps.fitzmuseum.cam.ac.uk/wndev/assets/12/12P039L17.jpg|404 
12P040L01|http://webapps.fitzmuseum.cam.ac.uk/wndev/assets/12/12P040L01.jpg|404 
12P041L14|http://webapps.fitzmuseum.cam.ac.uk/wndev/assets/12/12P041L14.jpg|404 
12P042L18|http://webapps.fitzmuseum.cam.ac.uk/wndev/assets/12/12P042L18.jpg|404 
12P043L08|http://webapps.fitzmuseum.cam.ac.uk/wndev/assets/12/12P043L08.jpg|404 
12P043L14|http://webapps.fitzmuseum.cam.ac.uk/wndev/assets/12/12P043L14.jpg|404 
12P043L20|http://webapps.fitzmuseum.cam.ac.uk/wndev/assets/12/12P043L20.jpg|404 
12P044L05|http://webapps.fitzmuseum.cam.ac.uk/wndev/assets/12/12P044L05.jpg|404 
12P044L09|http://webapps.fitzmuseum.cam.ac.uk/wndev/assets/12/12P044L09.jpg|404 
13COVERL01|http://webapps.fitzmuseum.cam.ac.uk/wndev/assets/13/13COVERL01.jpg|404 
13P001L01|http://webapps.fitzmuseum.cam.ac.uk/wndev/assets/13/13P001L01.jpg|404 
13P001L11|http://webapps.fitzmuseum.cam.ac.uk/wndev/assets/13/13P001L11.jpg|404 
13P001L14|http://webapps.fitzmuseum.cam.ac.uk/wndev/assets/13/13P001L14.jpg|404 
13P001L17|http://webapps.fitzmuseum.cam.ac.uk/wndev/assets/13/13P001L17.jpg|404 
13P002L01|http://webapps.fitzmuseum.cam.ac.uk/wndev/assets/13/13P002L01.jpg|404 
13P004L01|http://webapps.fitzmuseum.cam.ac.uk/wndev/assets/13/13P004L01.jpg|404 
13P004L04|http://webapps.fitzmuseum.cam.ac.uk/wndev/assets/13/13P004L04.jpg|404 
13P004L11|http://webapps.fitzmuseum.cam.ac.uk/wndev/assets/13/13P004L11.jpg|404 
13P005L01|http://webapps.fitzmuseum.cam.ac.uk/wndev/assets/13/13P005L01.jpg|404 
13P005L18|http://webapps.fitzmuseum.cam.ac.uk/wndev/assets/13/13P005L18.jpg|404 
13P006L01|http://webapps.fitzmuseum.cam.ac.uk/wndev/assets/13/13P006L01.jpg|404 
13P006L12|http://webapps.fitzmuseum.cam.ac.uk/wndev/assets/13/13P006L12.jpg|404 
13P006L17|http://webapps.fitzmuseum.cam.ac.uk/wndev/assets/13/13P006L17.jpg|404 
13P006L20|http://webapps.fitzmuseum.cam.ac.uk/wndev/assets/13/13P006L20.jpg|404 
13P007L01|http://webapps.fitzmuseum.cam.ac.uk/wndev/assets/13/13P007L01.jpg|404 
13P010L01|http://webapps.fitzmuseum.cam.ac.uk/wndev/assets/13/13P010L01.jpg|404 
13P010L13|http://webapps.fitzmuseum.cam.ac.uk/wndev/assets/13/13P010L13.jpg|404 
13P011L01|http://webapps.fitzmuseum.cam.ac.uk/wndev/assets/13/13P011L01.jpg|404 
13P011L08|http://webapps.fitzmuseum.cam.ac.uk/wndev/assets/13/13P011L08.jpg|404 
13P011L16|http://webapps.fitzmuseum.cam.ac.uk/wndev/assets/13/13P011L16.jpg|404 
13P012L01|http://webapps.fitzmuseum.cam.ac.uk/wndev/assets/13/13P012L01.jpg|404 
13P013L01|http://webapps.fitzmuseum.cam.ac.uk/wndev/assets/13/13P013L01.jpg|404 
13P014L01|http://webapps.fitzmuseum.cam.ac.uk/wndev/assets/13/13P014L01.jpg|404 
13P014L06|http://webapps.fitzmuseum.cam.ac.uk/wndev/assets/13/13P014L06.jpg|404 
13P014L08|http://webapps.fitzmuseum.cam.ac.uk/wndev/assets/13/13P014L08.jpg|404 
13P014L14|http://webapps.fitzmuseum.cam.ac.uk/wndev/assets/13/13P014L14.jpg|404 
13P014L17|http://webapps.fitzmuseum.cam.ac.uk/wndev/assets/13/13P014L17.jpg|404 
13P014L20|http://webapps.fitzmuseum.cam.ac.uk/wndev/assets/13/13P014L20.jpg|404 
13P015L01|http://webapps.fitzmuseum.cam.ac.uk/wndev/assets/13/13P015L01.jpg|404 
13P015L09|http://webapps.fitzmuseum.cam.ac.uk/wndev/assets/13/13P015L09.jpg|404 
13P015L13|http://webapps.fitzmuseum.cam.ac.uk/wndev/assets/13/13P015L13.jpg|404 
13P016L01|http://webapps.fitzmuseum.cam.ac.uk/wndev/assets/13/13P016L01.jpg|404 
13P016L23|http://webapps.fitzmuseum.cam.ac.uk/wndev/assets/13/13P016L23.jpg|404 
13P017L09|http://webapps.fitzmuseum.cam.ac.uk/wndev/assets/13/13P017L09.jpg|404 
13P017L17|http://webapps.fitzmuseum.cam.ac.uk/wndev/assets/13/13P017L17.jpg|404 
13P018L01|http://webapps.fitzmuseum.cam.ac.uk/wndev/assets/13/13P018L01.jpg|404 
13P027L01|http://webapps.fitzmuseum.cam.ac.uk/wndev/assets/13/13P027L01.jpg|404 
13P028L01|http://webapps.fitzmuseum.cam.ac.uk/wndev/assets/13/13P028L01.jpg|404 
13P028L08|http://webapps.fitzmuseum.cam.ac.uk/wndev/assets/13/13P028L08.jpg|404 
13P028L20|http://webapps.fitzmuseum.cam.ac.uk/wndev/assets/13/13P028L20.jpg|404 
13P029L01|http://webapps.fitzmuseum.cam.ac.uk/wndev/assets/13/13P029L01.jpg|404 
13P029L04|http://webapps.fitzmuseum.cam.ac.uk/wndev/assets/13/13P029L04.jpg|404 
13P029L06|http://webapps.fitzmuseum.cam.ac.uk/wndev/assets/13/13P029L06.jpg|404 
13P029L11|http://webapps.fitzmuseum.cam.ac.uk/wndev/assets/13/13P029L11.jpg|404 
13P029L13|http://webapps.fitzmuseum.cam.ac.uk/wndev/assets/13/13P029L13.jpg|404 
13P030L01|http://webapps.fitzmuseum.cam.ac.uk/wndev/assets/13/13P030L01.jpg|404 
13P032L01|http://webapps.fitzmuseum.cam.ac.uk/wndev/assets/13/13P032L01.jpg|404 
13P032L09|http://webapps.fitzmuseum.cam.ac.uk/wndev/assets/13/13P032L09.jpg|404 
13P032L20|http://webapps.fitzmuseum.cam.ac.uk/wndev/assets/13/13P032L20.jpg|404 
13P033L01|http://webapps.fitzmuseum.cam.ac.uk/wndev/assets/13/13P033L01.jpg|404 
13P034L01|http://webapps.fitzmuseum.cam.ac.uk/wndev/assets/13/13P034L01.jpg|404 
13P034L14|http://webapps.fitzmuseum.cam.ac.uk/wndev/assets/13/13P034L14.jpg|404 
13P035L01|http://webapps.fitzmuseum.cam.ac.uk/wndev/assets/13/13P035L01.jpg|404 
13P035L05|http://webapps.fitzmuseum.cam.ac.uk/wndev/assets/13/13P035L05.jpg|404 
13P035L15|http://webapps.fitzmuseum.cam.ac.uk/wndev/assets/13/13P035L15.jpg|404 
13P037L01|http://webapps.fitzmuseum.cam.ac.uk/wndev/assets/13/13P037L01.jpg|404 
13P037L09|http://webapps.fitzmuseum.cam.ac.uk/wndev/assets/13/13P037L09.jpg|404 
13P037L13|http://webapps.fitzmuseum.cam.ac.uk/wndev/assets/13/13P037L13.jpg|404 
13P037L17|http://webapps.fitzmuseum.cam.ac.uk/wndev/assets/13/13P037L17.jpg|404 
13P038L01|http://webapps.fitzmuseum.cam.ac.uk/wndev/assets/13/13P038L01.jpg|404 
13P038L02|http://webapps.fitzmuseum.cam.ac.uk/wndev/assets/13/13P038L02.jpg|404 
13P038L08|http://webapps.fitzmuseum.cam.ac.uk/wndev/assets/13/13P038L08.jpg|404 
13P038L18|http://webapps.fitzmuseum.cam.ac.uk/wndev/assets/13/13P038L18.jpg|404 
13P039L01|http://webapps.fitzmuseum.cam.ac.uk/wndev/assets/13/13P039L01.jpg|404 
13P039L09|http://webapps.fitzmuseum.cam.ac.uk/wndev/assets/13/13P039L09.jpg|404 
13P041L15|http://webapps.fitzmuseum.cam.ac.uk/wndev/assets/13/13P041L15.jpg|404 
13P042L01|http://webapps.fitzmuseum.cam.ac.uk/wndev/assets/13/13P042L01.jpg|404 
13P042L17|http://webapps.fitzmuseum.cam.ac.uk/wndev/assets/13/13P042L17.jpg|404 
13P043L01|http://webapps.fitzmuseum.cam.ac.uk/wndev/assets/13/13P043L01.jpg|404 
13P043L18|http://webapps.fitzmuseum.cam.ac.uk/wndev/assets/13/13P043L18.jpg|404 
13P044L12|http://webapps.fitzmuseum.cam.ac.uk/wndev/assets/13/13P044L12.jpg|404 
13P044L18|http://webapps.fitzmuseum.cam.ac.uk/wndev/assets/13/13P044L18.jpg|404 
13Z01L01|http://webapps.fitzmuseum.cam.ac.uk/wndev/assets/13/13Z01L01.jpg|404 
13Z01L02|http://webapps.fitzmuseum.cam.ac.uk/wndev/assets/13/13Z01L02.jpg|404 
13Z01L03|http://webapps.fitzmuseum.cam.ac.uk/wndev/assets/13/13Z01L03.jpg|404 
14COVERL01|http://webapps.fitzmuseum.cam.ac.uk/wndev/assets/14/14COVERL01.jpg|404 
14P001L01|http://webapps.fitzmuseum.cam.ac.uk/wndev/assets/14/14P001L01.jpg|404 
14P001L20|http://webapps.fitzmuseum.cam.ac.uk/wndev/assets/14/14P001L20.jpg|404 
14P002L01|http://webapps.fitzmuseum.cam.ac.uk/wndev/assets/14/14P002L01.jpg|404 
14P002L12|http://webapps.fitzmuseum.cam.ac.uk/wndev/assets/14/14P002L12.jpg|404 
14P002L17|http://webapps.fitzmuseum.cam.ac.uk/wndev/assets/14/14P002L17.jpg|404 
14P003L13|http://webapps.fitzmuseum.cam.ac.uk/wndev/assets/14/14P003L13.jpg|404 
14P003L19|http://webapps.fitzmuseum.cam.ac.uk/wndev/assets/14/14P003L19.jpg|404 
14P004L15|http://webapps.fitzmuseum.cam.ac.uk/wndev/assets/14/14P004L15.jpg|404 
14P005L01|http://webapps.fitzmuseum.cam.ac.uk/wndev/assets/14/14P005L01.jpg|404 
14P005L04|http://webapps.fitzmuseum.cam.ac.uk/wndev/assets/14/14P005L04.jpg|404 
14P005L13|http://webapps.fitzmuseum.cam.ac.uk/wndev/assets/14/14P005L13.jpg|404 
14P006L01|http://webapps.fitzmuseum.cam.ac.uk/wndev/assets/14/14P006L01.jpg|404 
14P006L08|http://webapps.fitzmuseum.cam.ac.uk/wndev/assets/14/14P006L08.jpg|404 
14P006L12|http://webapps.fitzmuseum.cam.ac.uk/wndev/assets/14/14P006L12.jpg|404 
14P007L04|http://webapps.fitzmuseum.cam.ac.uk/wndev/assets/14/14P007L04.jpg|404 
14P008L04|http://webapps.fitzmuseum.cam.ac.uk/wndev/assets/14/14P008L04.jpg|404 
14P009L01|http://webapps.fitzmuseum.cam.ac.uk/wndev/assets/14/14P009L01.jpg|404 
14P010L06|http://webapps.fitzmuseum.cam.ac.uk/wndev/assets/14/14P010L06.jpg|404 
14P011L08|http://webapps.fitzmuseum.cam.ac.uk/wndev/assets/14/14P011L08.jpg|404 
14P011L16|http://webapps.fitzmuseum.cam.ac.uk/wndev/assets/14/14P011L16.jpg|404 
14P012L01|http://webapps.fitzmuseum.cam.ac.uk/wndev/assets/14/14P012L01.jpg|404 
14P012L11|http://webapps.fitzmuseum.cam.ac.uk/wndev/assets/14/14P012L11.jpg|404 
14P013L01|http://webapps.fitzmuseum.cam.ac.uk/wndev/assets/14/14P013L01.jpg|404 
14P014L01|http://webapps.fitzmuseum.cam.ac.uk/wndev/assets/14/14P014L01.jpg|404 
14P015L10|http://webapps.fitzmuseum.cam.ac.uk/wndev/assets/14/14P015L10.jpg|404 
14P016L14|http://webapps.fitzmuseum.cam.ac.uk/wndev/assets/14/14P016L14.jpg|404 
14P017L01|http://webapps.fitzmuseum.cam.ac.uk/wndev/assets/14/14P017L01.jpg|404 
14P018L06|http://webapps.fitzmuseum.cam.ac.uk/wndev/assets/14/14P018L06.jpg|404 
14P019L06|http://webapps.fitzmuseum.cam.ac.uk/wndev/assets/14/14P019L06.jpg|404 
14P019L08|http://webapps.fitzmuseum.cam.ac.uk/wndev/assets/14/14P019L08.jpg|404 
14P019L12|http://webapps.fitzmuseum.cam.ac.uk/wndev/assets/14/14P019L12.jpg|404 
14P020L01|http://webapps.fitzmuseum.cam.ac.uk/wndev/assets/14/14P020L01.jpg|404 
14P020L20|http://webapps.fitzmuseum.cam.ac.uk/wndev/assets/14/14P020L20.jpg|404 
14P022L01|http://webapps.fitzmuseum.cam.ac.uk/wndev/assets/14/14P022L01.jpg|404 
14P022L09|http://webapps.fitzmuseum.cam.ac.uk/wndev/assets/14/14P022L09.jpg|404 
14P023L03|http://webapps.fitzmuseum.cam.ac.uk/wndev/assets/14/14P023L03.jpg|404 
14P023L06|http://webapps.fitzmuseum.cam.ac.uk/wndev/assets/14/14P023L06.jpg|404 
14P023L14|http://webapps.fitzmuseum.cam.ac.uk/wndev/assets/14/14P023L14.jpg|404 
14P023L19|http://webapps.fitzmuseum.cam.ac.uk/wndev/assets/14/14P023L19.jpg|404 
14P024L13|http://webapps.fitzmuseum.cam.ac.uk/wndev/assets/14/14P024L13.jpg|404 
14P025L08|http://webapps.fitzmuseum.cam.ac.uk/wndev/assets/14/14P025L08.jpg|404 
14P025L14|http://webapps.fitzmuseum.cam.ac.uk/wndev/assets/14/14P025L14.jpg|404 
14P025L20|http://webapps.fitzmuseum.cam.ac.uk/wndev/assets/14/14P025L20.jpg|404 
14P025L22|http://webapps.fitzmuseum.cam.ac.uk/wndev/assets/14/14P025L22.jpg|404 
14P026L01|http://webapps.fitzmuseum.cam.ac.uk/wndev/assets/14/14P026L01.jpg|404 
14P027L01|http://webapps.fitzmuseum.cam.ac.uk/wndev/assets/14/14P027L01.jpg|404 
14P027L04|http://webapps.fitzmuseum.cam.ac.uk/wndev/assets/14/14P027L04.jpg|404 
14P027L08|http://webapps.fitzmuseum.cam.ac.uk/wndev/assets/14/14P027L08.jpg|404 
14P027L09|http://webapps.fitzmuseum.cam.ac.uk/wndev/assets/14/14P027L09.jpg|404 
14P027L14|http://webapps.fitzmuseum.cam.ac.uk/wndev/assets/14/14P027L14.jpg|404 
14P027L17|http://webapps.fitzmuseum.cam.ac.uk/wndev/assets/14/14P027L17.jpg|404 
14P028L14|http://webapps.fitzmuseum.cam.ac.uk/wndev/assets/14/14P028L14.jpg|404 
14P028L17|http://webapps.fitzmuseum.cam.ac.uk/wndev/assets/14/14P028L17.jpg|404 
14P028L21|http://webapps.fitzmuseum.cam.ac.uk/wndev/assets/14/14P028L21.jpg|404 
14P029L04|http://webapps.fitzmuseum.cam.ac.uk/wndev/assets/14/14P029L04.jpg|404 
14P029L16|http://webapps.fitzmuseum.cam.ac.uk/wndev/assets/14/14P029L16.jpg|404 
14P031L03|http://webapps.fitzmuseum.cam.ac.uk/wndev/assets/14/14P031L03.jpg|404 
14P031L16|http://webapps.fitzmuseum.cam.ac.uk/wndev/assets/14/14P031L16.jpg|404 
14P032L18|http://webapps.fitzmuseum.cam.ac.uk/wndev/assets/14/14P032L18.jpg|404 
14P033L01|http://webapps.fitzmuseum.cam.ac.uk/wndev/assets/14/14P033L01.jpg|404 
14P033L11|http://webapps.fitzmuseum.cam.ac.uk/wndev/assets/14/14P033L11.jpg|404 
14P033L14|http://webapps.fitzmuseum.cam.ac.uk/wndev/assets/14/14P033L14.jpg|404 
14P033L18|http://webapps.fitzmuseum.cam.ac.uk/wndev/assets/14/14P033L18.jpg|404 
14P034L03|http://webapps.fitzmuseum.cam.ac.uk/wndev/assets/14/14P034L03.jpg|404 
14P034L09|http://webapps.fitzmuseum.cam.ac.uk/wndev/assets/14/14P034L09.jpg|404 
14P034L15|http://webapps.fitzmuseum.cam.ac.uk/wndev/assets/14/14P034L15.jpg|404 
14P034L24|http://webapps.fitzmuseum.cam.ac.uk/wndev/assets/14/14P034L24.jpg|404 
14P035L01|http://webapps.fitzmuseum.cam.ac.uk/wndev/assets/14/14P035L01.jpg|404 
14P035L07|http://webapps.fitzmuseum.cam.ac.uk/wndev/assets/14/14P035L07.jpg|404 
14P036L01|http://webapps.fitzmuseum.cam.ac.uk/wndev/assets/14/14P036L01.jpg|404 
14P036L22|http://webapps.fitzmuseum.cam.ac.uk/wndev/assets/14/14P036L22.jpg|404 
14P037L01|http://webapps.fitzmuseum.cam.ac.uk/wndev/assets/14/14P037L01.jpg|404 
14P038L01|http://webapps.fitzmuseum.cam.ac.uk/wndev/assets/14/14P038L01.jpg|404 
14P038L14|http://webapps.fitzmuseum.cam.ac.uk/wndev/assets/14/14P038L14.jpg|404 
14P039L01|http://webapps.fitzmuseum.cam.ac.uk/wndev/assets/14/14P039L01.jpg|404 
14P040L13|http://webapps.fitzmuseum.cam.ac.uk/wndev/assets/14/14P040L13.jpg|404 
14P040L15|http://webapps.fitzmuseum.cam.ac.uk/wndev/assets/14/14P040L15.jpg|404 
14P040L17|http://webapps.fitzmuseum.cam.ac.uk/wndev/assets/14/14P040L17.jpg|404 
14P040L20|http://webapps.fitzmuseum.cam.ac.uk/wndev/assets/14/14P040L20.jpg|404 
14P040L23|http://webapps.fitzmuseum.cam.ac.uk/wndev/assets/14/14P040L23.jpg|404 
15COVERL01|http://webapps.fitzmuseum.cam.ac.uk/wndev/assets/15/15COVERL01.jpg|404 
15P001L01|http://webapps.fitzmuseum.cam.ac.uk/wndev/assets/15/15P001L01.jpg|404 
15P002L01|http://webapps.fitzmuseum.cam.ac.uk/wndev/assets/15/15P002L01.jpg|404 
15P002L16|http://webapps.fitzmuseum.cam.ac.uk/wndev/assets/15/15P002L16.jpg|404 
15P003L01|http://webapps.fitzmuseum.cam.ac.uk/wndev/assets/15/15P003L01.jpg|404 
15P003L09|http://webapps.fitzmuseum.cam.ac.uk/wndev/assets/15/15P003L09.jpg|404 
15P003L13|http://webapps.fitzmuseum.cam.ac.uk/wndev/assets/15/15P003L13.jpg|404 
15P003L14|http://webapps.fitzmuseum.cam.ac.uk/wndev/assets/15/15P003L14.jpg|404 
15P004L01|http://webapps.fitzmuseum.cam.ac.uk/wndev/assets/15/15P004L01.jpg|404 
15P011L10|http://webapps.fitzmuseum.cam.ac.uk/wndev/assets/15/15P011L10.jpg|404 
15P011L18|http://webapps.fitzmuseum.cam.ac.uk/wndev/assets/15/15P011L18.jpg|404 
15P012L01|http://webapps.fitzmuseum.cam.ac.uk/wndev/assets/15/15P012L01.jpg|404 
15P013L09|http://webapps.fitzmuseum.cam.ac.uk/wndev/assets/15/15P013L09.jpg|404 
15P013L18|http://webapps.fitzmuseum.cam.ac.uk/wndev/assets/15/15P013L18.jpg|404 
15P014L01|http://webapps.fitzmuseum.cam.ac.uk/wndev/assets/15/15P014L01.jpg|404 
15P015L01|http://webapps.fitzmuseum.cam.ac.uk/wndev/assets/15/15P015L01.jpg|404 
15P015L17|http://webapps.fitzmuseum.cam.ac.uk/wndev/assets/15/15P015L17.jpg|404 
15P017L01|http://webapps.fitzmuseum.cam.ac.uk/wndev/assets/15/15P017L01.jpg|404 
15P017L14|http://webapps.fitzmuseum.cam.ac.uk/wndev/assets/15/15P017L14.jpg|404 
15P017L18|http://webapps.fitzmuseum.cam.ac.uk/wndev/assets/15/15P017L18.jpg|404 
15P018L01|http://webapps.fitzmuseum.cam.ac.uk/wndev/assets/15/15P018L01.jpg|404 
15P021L01|http://webapps.fitzmuseum.cam.ac.uk/wndev/assets/15/15P021L01.jpg|404 
15P021L18|http://webapps.fitzmuseum.cam.ac.uk/wndev/assets/15/15P021L18.jpg|404 
15P022L01|http://webapps.fitzmuseum.cam.ac.uk/wndev/assets/15/15P022L01.jpg|404 
15P022L13|http://webapps.fitzmuseum.cam.ac.uk/wndev/assets/15/15P022L13.jpg|404 
15P022L20|http://webapps.fitzmuseum.cam.ac.uk/wndev/assets/15/15P022L20.jpg|404 
15P023L01|http://webapps.fitzmuseum.cam.ac.uk/wndev/assets/15/15P023L01.jpg|404 
15P025L15|http://webapps.fitzmuseum.cam.ac.uk/wndev/assets/15/15P025L15.jpg|404 
15P026L01|http://webapps.fitzmuseum.cam.ac.uk/wndev/assets/15/15P026L01.jpg|404 
15P026L10|http://webapps.fitzmuseum.cam.ac.uk/wndev/assets/15/15P026L10.jpg|404 
15P026L15|http://webapps.fitzmuseum.cam.ac.uk/wndev/assets/15/15P026L15.jpg|404 
15P026L18|http://webapps.fitzmuseum.cam.ac.uk/wndev/assets/15/15P026L18.jpg|404 
15P027L01|http://webapps.fitzmuseum.cam.ac.uk/wndev/assets/15/15P027L01.jpg|404 
15P027L16|http://webapps.fitzmuseum.cam.ac.uk/wndev/assets/15/15P027L16.jpg|404 
15P028L01|http://webapps.fitzmuseum.cam.ac.uk/wndev/assets/15/15P028L01.jpg|404 
15P029L01|http://webapps.fitzmuseum.cam.ac.uk/wndev/assets/15/15P029L01.jpg|404 
15P029L04|http://webapps.fitzmuseum.cam.ac.uk/wndev/assets/15/15P029L04.jpg|404 
15P029L09|http://webapps.fitzmuseum.cam.ac.uk/wndev/assets/15/15P029L09.jpg|404 
15P029L13|http://webapps.fitzmuseum.cam.ac.uk/wndev/assets/15/15P029L13.jpg|404 
15P030L01|http://webapps.fitzmuseum.cam.ac.uk/wndev/assets/15/15P030L01.jpg|404 
15P032L01|http://webapps.fitzmuseum.cam.ac.uk/wndev/assets/15/15P032L01.jpg|404 
15P034L04|http://webapps.fitzmuseum.cam.ac.uk/wndev/assets/15/15P034L04.jpg|404 
15P034L08|http://webapps.fitzmuseum.cam.ac.uk/wndev/assets/15/15P034L08.jpg|404 
15P034L10|http://webapps.fitzmuseum.cam.ac.uk/wndev/assets/15/15P034L10.jpg|404 
15P034L13|http://webapps.fitzmuseum.cam.ac.uk/wndev/assets/15/15P034L13.jpg|404 
15P035L01|http://webapps.fitzmuseum.cam.ac.uk/wndev/assets/15/15P035L01.jpg|404 
15P036L01|http://webapps.fitzmuseum.cam.ac.uk/wndev/assets/15/15P036L01.jpg|404 
15P036L05|http://webapps.fitzmuseum.cam.ac.uk/wndev/assets/15/15P036L05.jpg|404 
15P036L06|http://webapps.fitzmuseum.cam.ac.uk/wndev/assets/15/15P036L06.jpg|404 
15P036L17|http://webapps.fitzmuseum.cam.ac.uk/wndev/assets/15/15P036L17.jpg|404 
15P036L19|http://webapps.fitzmuseum.cam.ac.uk/wndev/assets/15/15P036L19.jpg|404 
15P037L01|http://webapps.fitzmuseum.cam.ac.uk/wndev/assets/15/15P037L01.jpg|404 
15P037L08|http://webapps.fitzmuseum.cam.ac.uk/wndev/assets/15/15P037L08.jpg|404 
15P037L13|http://webapps.fitzmuseum.cam.ac.uk/wndev/assets/15/15P037L13.jpg|404 
15P037L17|http://webapps.fitzmuseum.cam.ac.uk/wndev/assets/15/15P037L17.jpg|404 
15P038L01|http://webapps.fitzmuseum.cam.ac.uk/wndev/assets/15/15P038L01.jpg|404 
15P038L10|http://webapps.fitzmuseum.cam.ac.uk/wndev/assets/15/15P038L10.jpg|404 
15P038L14|http://webapps.fitzmuseum.cam.ac.uk/wndev/assets/15/15P038L14.jpg|404 
15P039L01|http://webapps.fitzmuseum.cam.ac.uk/wndev/assets/15/15P039L01.jpg|404 
15P039L05|http://webapps.fitzmuseum.cam.ac.uk/wndev/assets/15/15P039L05.jpg|404 
15P039L13|http://webapps.fitzmuseum.cam.ac.uk/wndev/assets/15/15P039L13.jpg|404 
15P039L14|http://webapps.fitzmuseum.cam.ac.uk/wndev/assets/15/15P039L14.jpg|404 
15P040L01|http://webapps.fitzmuseum.cam.ac.uk/wndev/assets/15/15P040L01.jpg|404 
15P040L12|http://webapps.fitzmuseum.cam.ac.uk/wndev/assets/15/15P040L12.jpg|404 
15P040L20|http://webapps.fitzmuseum.cam.ac.uk/wndev/assets/15/15P040L20.jpg|404 
16COVERL01|http://webapps.fitzmuseum.cam.ac.uk/wndev/assets/16/16COVERL01.jpg|404 
16P001L01|http://webapps.fitzmuseum.cam.ac.uk/wndev/assets/16/16P001L01.jpg|404 
16P001L13|http://webapps.fitzmuseum.cam.ac.uk/wndev/assets/16/16P001L13.jpg|404 
16P001L22|http://webapps.fitzmuseum.cam.ac.uk/wndev/assets/16/16P001L22.jpg|404 
16P002L01|http://webapps.fitzmuseum.cam.ac.uk/wndev/assets/16/16P002L01.jpg|404 
16P002L09|http://webapps.fitzmuseum.cam.ac.uk/wndev/assets/16/16P002L09.jpg|404 
16P002L13|http://webapps.fitzmuseum.cam.ac.uk/wndev/assets/16/16P002L13.jpg|404 
16P002L19|http://webapps.fitzmuseum.cam.ac.uk/wndev/assets/16/16P002L19.jpg|404 
16P003L01|http://webapps.fitzmuseum.cam.ac.uk/wndev/assets/16/16P003L01.jpg|404 
16P004L17|http://webapps.fitzmuseum.cam.ac.uk/wndev/assets/16/16P004L17.jpg|404 
16P005L01|http://webapps.fitzmuseum.cam.ac.uk/wndev/assets/16/16P005L01.jpg|404 
16P005L05|http://webapps.fitzmuseum.cam.ac.uk/wndev/assets/16/16P005L05.jpg|404 
16P005L10|http://webapps.fitzmuseum.cam.ac.uk/wndev/assets/16/16P005L10.jpg|404 
16P005L13|http://webapps.fitzmuseum.cam.ac.uk/wndev/assets/16/16P005L13.jpg|404 
16P005L19|http://webapps.fitzmuseum.cam.ac.uk/wndev/assets/16/16P005L19.jpg|404 
16P006L01|http://webapps.fitzmuseum.cam.ac.uk/wndev/assets/16/16P006L01.jpg|404 
16P008L01|http://webapps.fitzmuseum.cam.ac.uk/wndev/assets/16/16P008L01.jpg|404 
16P009L01|http://webapps.fitzmuseum.cam.ac.uk/wndev/assets/16/16P009L01.jpg|404 
16P010L01|http://webapps.fitzmuseum.cam.ac.uk/wndev/assets/16/16P010L01.jpg|404 
16P011L01|http://webapps.fitzmuseum.cam.ac.uk/wndev/assets/16/16P011L01.jpg|404 
16P011L10|http://webapps.fitzmuseum.cam.ac.uk/wndev/assets/16/16P011L10.jpg|404 
16P011L15|http://webapps.fitzmuseum.cam.ac.uk/wndev/assets/16/16P011L15.jpg|404 
16P011L17|http://webapps.fitzmuseum.cam.ac.uk/wndev/assets/16/16P011L17.jpg|404 
16P012L01|http://webapps.fitzmuseum.cam.ac.uk/wndev/assets/16/16P012L01.jpg|404 
16P014L01|http://webapps.fitzmuseum.cam.ac.uk/wndev/assets/16/16P014L01.jpg|404 
16P014L06|http://webapps.fitzmuseum.cam.ac.uk/wndev/assets/16/16P014L06.jpg|404 
16P014L15|http://webapps.fitzmuseum.cam.ac.uk/wndev/assets/16/16P014L15.jpg|404 
16P015L01|http://webapps.fitzmuseum.cam.ac.uk/wndev/assets/16/16P015L01.jpg|404 
16P016L01|http://webapps.fitzmuseum.cam.ac.uk/wndev/assets/16/16P016L01.jpg|404 
16P016L04|http://webapps.fitzmuseum.cam.ac.uk/wndev/assets/16/16P016L04.jpg|404 
16P016L09|http://webapps.fitzmuseum.cam.ac.uk/wndev/assets/16/16P016L09.jpg|404 
16P016L14|http://webapps.fitzmuseum.cam.ac.uk/wndev/assets/16/16P016L14.jpg|404 
16P016L16|http://webapps.fitzmuseum.cam.ac.uk/wndev/assets/16/16P016L16.jpg|404 
16P017L01|http://webapps.fitzmuseum.cam.ac.uk/wndev/assets/16/16P017L01.jpg|404 
16P017L17|http://webapps.fitzmuseum.cam.ac.uk/wndev/assets/16/16P017L17.jpg|404 
16P018L08|http://webapps.fitzmuseum.cam.ac.uk/wndev/assets/16/16P018L08.jpg|404 
16P018L14|http://webapps.fitzmuseum.cam.ac.uk/wndev/assets/16/16P018L14.jpg|404 
16P018L17|http://webapps.fitzmuseum.cam.ac.uk/wndev/assets/16/16P018L17.jpg|404 
16P018L19|http://webapps.fitzmuseum.cam.ac.uk/wndev/assets/16/16P018L19.jpg|404 
16P019L01|http://webapps.fitzmuseum.cam.ac.uk/wndev/assets/16/16P019L01.jpg|404 
16P021L01|http://webapps.fitzmuseum.cam.ac.uk/wndev/assets/16/16P021L01.jpg|404 
16P021L13|http://webapps.fitzmuseum.cam.ac.uk/wndev/assets/16/16P021L13.jpg|404 
16P021L18|http://webapps.fitzmuseum.cam.ac.uk/wndev/assets/16/16P021L18.jpg|404 
16P022L01|http://webapps.fitzmuseum.cam.ac.uk/wndev/assets/16/16P022L01.jpg|404 
16P022L06|http://webapps.fitzmuseum.cam.ac.uk/wndev/assets/16/16P022L06.jpg|404 
16P022L09|http://webapps.fitzmuseum.cam.ac.uk/wndev/assets/16/16P022L09.jpg|404 
16P022L10|http://webapps.fitzmuseum.cam.ac.uk/wndev/assets/16/16P022L10.jpg|404 
16P022L14|http://webapps.fitzmuseum.cam.ac.uk/wndev/assets/16/16P022L14.jpg|404 
16P022L16|http://webapps.fitzmuseum.cam.ac.uk/wndev/assets/16/16P022L16.jpg|404 
16P023L01|http://webapps.fitzmuseum.cam.ac.uk/wndev/assets/16/16P023L01.jpg|404 
16P023L06|http://webapps.fitzmuseum.cam.ac.uk/wndev/assets/16/16P023L06.jpg|404 
16P024L01|http://webapps.fitzmuseum.cam.ac.uk/wndev/assets/16/16P024L01.jpg|404 
16P024L16|http://webapps.fitzmuseum.cam.ac.uk/wndev/assets/16/16P024L16.jpg|404 
16P024L18|http://webapps.fitzmuseum.cam.ac.uk/wndev/assets/16/16P024L18.jpg|404 
16P024L20|http://webapps.fitzmuseum.cam.ac.uk/wndev/assets/16/16P024L20.jpg|404 
16P024L21|http://webapps.fitzmuseum.cam.ac.uk/wndev/assets/16/16P024L21.jpg|404 
16P025L01|http://webapps.fitzmuseum.cam.ac.uk/wndev/assets/16/16P025L01.jpg|404 
16P025L05|http://webapps.fitzmuseum.cam.ac.uk/wndev/assets/16/16P025L05.jpg|404 
16P025L10|http://webapps.fitzmuseum.cam.ac.uk/wndev/assets/16/16P025L10.jpg|404 
16P025L15|http://webapps.fitzmuseum.cam.ac.uk/wndev/assets/16/16P025L15.jpg|404 
16P026L01|http://webapps.fitzmuseum.cam.ac.uk/wndev/assets/16/16P026L01.jpg|404 
16P027L14|http://webapps.fitzmuseum.cam.ac.uk/wndev/assets/16/16P027L14.jpg|404 
16P029L01|http://webapps.fitzmuseum.cam.ac.uk/wndev/assets/16/16P029L01.jpg|404 
16P029L03|http://webapps.fitzmuseum.cam.ac.uk/wndev/assets/16/16P029L03.jpg|404 
16P029L05|http://webapps.fitzmuseum.cam.ac.uk/wndev/assets/16/16P029L05.jpg|404 
16P029L08|http://webapps.fitzmuseum.cam.ac.uk/wndev/assets/16/16P029L08.jpg|404 
16P029L11|http://webapps.fitzmuseum.cam.ac.uk/wndev/assets/16/16P029L11.jpg|404 
16P029L16|http://webapps.fitzmuseum.cam.ac.uk/wndev/assets/16/16P029L16.jpg|404 
16P029L20|http://webapps.fitzmuseum.cam.ac.uk/wndev/assets/16/16P029L20.jpg|404 
16P029L23|http://webapps.fitzmuseum.cam.ac.uk/wndev/assets/16/16P029L23.jpg|404 
16P030L01|http://webapps.fitzmuseum.cam.ac.uk/wndev/assets/16/16P030L01.jpg|404 
16P030L03|http://webapps.fitzmuseum.cam.ac.uk/wndev/assets/16/16P030L03.jpg|404 
16P030L05|http://webapps.fitzmuseum.cam.ac.uk/wndev/assets/16/16P030L05.jpg|404 
16P030L06|http://webapps.fitzmuseum.cam.ac.uk/wndev/assets/16/16P030L06.jpg|404 
16P030L14|http://webapps.fitzmuseum.cam.ac.uk/wndev/assets/16/16P030L14.jpg|404 
16P031L01|http://webapps.fitzmuseum.cam.ac.uk/wndev/assets/16/16P031L01.jpg|404 
16P031L16|http://webapps.fitzmuseum.cam.ac.uk/wndev/assets/16/16P031L16.jpg|404 
16P032L01|http://webapps.fitzmuseum.cam.ac.uk/wndev/assets/16/16P032L01.jpg|404 
16P032L12|http://webapps.fitzmuseum.cam.ac.uk/wndev/assets/16/16P032L12.jpg|404 
16P032L19|http://webapps.fitzmuseum.cam.ac.uk/wndev/assets/16/16P032L19.jpg|404 
16P033L01|http://webapps.fitzmuseum.cam.ac.uk/wndev/assets/16/16P033L01.jpg|404 
16P033L17|http://webapps.fitzmuseum.cam.ac.uk/wndev/assets/16/16P033L17.jpg|404 
16P033L21|http://webapps.fitzmuseum.cam.ac.uk/wndev/assets/16/16P033L21.jpg|404 
16P034L01|http://webapps.fitzmuseum.cam.ac.uk/wndev/assets/16/16P034L01.jpg|404 
16P034L20|http://webapps.fitzmuseum.cam.ac.uk/wndev/assets/16/16P034L20.jpg|404 
16P035L01|http://webapps.fitzmuseum.cam.ac.uk/wndev/assets/16/16P035L01.jpg|404 
16P035L12|http://webapps.fitzmuseum.cam.ac.uk/wndev/assets/16/16P035L12.jpg|404 
16P035L17|http://webapps.fitzmuseum.cam.ac.uk/wndev/assets/16/16P035L17.jpg|404 
16P036L04|http://webapps.fitzmuseum.cam.ac.uk/wndev/assets/16/16P036L04.jpg|404 
16P036L12|http://webapps.fitzmuseum.cam.ac.uk/wndev/assets/16/16P036L12.jpg|404 
16P036L18|http://webapps.fitzmuseum.cam.ac.uk/wndev/assets/16/16P036L18.jpg|404 
16P037L01|http://webapps.fitzmuseum.cam.ac.uk/wndev/assets/16/16P037L01.jpg|404 
16P037L12|http://webapps.fitzmuseum.cam.ac.uk/wndev/assets/16/16P037L12.jpg|404 
16P038L13|http://webapps.fitzmuseum.cam.ac.uk/wndev/assets/16/16P038L13.jpg|404 
16P039L10|http://webapps.fitzmuseum.cam.ac.uk/wndev/assets/16/16P039L10.jpg|404 
16P039L12|http://webapps.fitzmuseum.cam.ac.uk/wndev/assets/16/16P039L12.jpg|404 
16P039L15|http://webapps.fitzmuseum.cam.ac.uk/wndev/assets/16/16P039L15.jpg|404 
16P039L18|http://webapps.fitzmuseum.cam.ac.uk/wndev/assets/16/16P039L18.jpg|404 
16P040L01|http://webapps.fitzmuseum.cam.ac.uk/wndev/assets/16/16P040L01.jpg|404 
16P043L21|http://webapps.fitzmuseum.cam.ac.uk/wndev/assets/16/16P043L21.jpg|404 
16P044L01|http://webapps.fitzmuseum.cam.ac.uk/wndev/assets/16/16P044L01.jpg|404 
16P044L07|http://webapps.fitzmuseum.cam.ac.uk/wndev/assets/16/16P044L07.jpg|404 
16P044L12|http://webapps.fitzmuseum.cam.ac.uk/wndev/assets/16/16P044L12.jpg|404 
16P044L15|http://webapps.fitzmuseum.cam.ac.uk/wndev/assets/16/16P044L15.jpg|404 
16P044L18|http://webapps.fitzmuseum.cam.ac.uk/wndev/assets/16/16P044L18.jpg|404 
17COVERL01|http://webapps.fitzmuseum.cam.ac.uk/wndev/assets/17/17COVERL01.jpg|404 
17P001L01|http://webapps.fitzmuseum.cam.ac.uk/wndev/assets/17/17P001L01.jpg|404 
17P001L06|http://webapps.fitzmuseum.cam.ac.uk/wndev/assets/17/17P001L06.jpg|404 
17P001L09|http://webapps.fitzmuseum.cam.ac.uk/wndev/assets/17/17P001L09.jpg|404 
17P001L13|http://webapps.fitzmuseum.cam.ac.uk/wndev/assets/17/17P001L13.jpg|404 
17P001L15|http://webapps.fitzmuseum.cam.ac.uk/wndev/assets/17/17P001L15.jpg|404 
17P001L19|http://webapps.fitzmuseum.cam.ac.uk/wndev/assets/17/17P001L19.jpg|404 
17P002L01|http://webapps.fitzmuseum.cam.ac.uk/wndev/assets/17/17P002L01.jpg|404 
17P002L04|http://webapps.fitzmuseum.cam.ac.uk/wndev/assets/17/17P002L04.jpg|404 
17P002L07|http://webapps.fitzmuseum.cam.ac.uk/wndev/assets/17/17P002L07.jpg|404 
17P003L01|http://webapps.fitzmuseum.cam.ac.uk/wndev/assets/17/17P003L01.jpg|404 
17P003L09|http://webapps.fitzmuseum.cam.ac.uk/wndev/assets/17/17P003L09.jpg|404 
17P003L21|http://webapps.fitzmuseum.cam.ac.uk/wndev/assets/17/17P003L21.jpg|404 
17P004L01|http://webapps.fitzmuseum.cam.ac.uk/wndev/assets/17/17P004L01.jpg|404 
17P004L04|http://webapps.fitzmuseum.cam.ac.uk/wndev/assets/17/17P004L04.jpg|404 
17P004L08|http://webapps.fitzmuseum.cam.ac.uk/wndev/assets/17/17P004L08.jpg|404 
17P004L13|http://webapps.fitzmuseum.cam.ac.uk/wndev/assets/17/17P004L13.jpg|404 
17P004L16|http://webapps.fitzmuseum.cam.ac.uk/wndev/assets/17/17P004L16.jpg|404 
17P004L19|http://webapps.fitzmuseum.cam.ac.uk/wndev/assets/17/17P004L19.jpg|404 
17P005L01|http://webapps.fitzmuseum.cam.ac.uk/wndev/assets/17/17P005L01.jpg|404 
17P006L01|http://webapps.fitzmuseum.cam.ac.uk/wndev/assets/17/17P006L01.jpg|404 
17P006L06|http://webapps.fitzmuseum.cam.ac.uk/wndev/assets/17/17P006L06.jpg|404 
17P006L11|http://webapps.fitzmuseum.cam.ac.uk/wndev/assets/17/17P006L11.jpg|404 
17P006L19|http://webapps.fitzmuseum.cam.ac.uk/wndev/assets/17/17P006L19.jpg|404 
17P007L01|http://webapps.fitzmuseum.cam.ac.uk/wndev/assets/17/17P007L01.jpg|404 
17P007L07|http://webapps.fitzmuseum.cam.ac.uk/wndev/assets/17/17P007L07.jpg|404 
17P007L13|http://webapps.fitzmuseum.cam.ac.uk/wndev/assets/17/17P007L13.jpg|404 
17P007L16|http://webapps.fitzmuseum.cam.ac.uk/wndev/assets/17/17P007L16.jpg|404 
17P007L17|http://webapps.fitzmuseum.cam.ac.uk/wndev/assets/17/17P007L17.jpg|404 
17P007L18|http://webapps.fitzmuseum.cam.ac.uk/wndev/assets/17/17P007L18.jpg|404 
17P008L01|http://webapps.fitzmuseum.cam.ac.uk/wndev/assets/17/17P008L01.jpg|404 
17P008L17|http://webapps.fitzmuseum.cam.ac.uk/wndev/assets/17/17P008L17.jpg|404 
17P009L01|http://webapps.fitzmuseum.cam.ac.uk/wndev/assets/17/17P009L01.jpg|404 
17P009L10|http://webapps.fitzmuseum.cam.ac.uk/wndev/assets/17/17P009L10.jpg|404 
17P009L15|http://webapps.fitzmuseum.cam.ac.uk/wndev/assets/17/17P009L15.jpg|404 
17P009L19|http://webapps.fitzmuseum.cam.ac.uk/wndev/assets/17/17P009L19.jpg|404 
17P010L01|http://webapps.fitzmuseum.cam.ac.uk/wndev/assets/17/17P010L01.jpg|404 
17P010L09|http://webapps.fitzmuseum.cam.ac.uk/wndev/assets/17/17P010L09.jpg|404 
17P010L13|http://webapps.fitzmuseum.cam.ac.uk/wndev/assets/17/17P010L13.jpg|404 
17P010L17|http://webapps.fitzmuseum.cam.ac.uk/wndev/assets/17/17P010L17.jpg|404 
17P011L04|http://webapps.fitzmuseum.cam.ac.uk/wndev/assets/17/17P011L04.jpg|404 
17P011L09|http://webapps.fitzmuseum.cam.ac.uk/wndev/assets/17/17P011L09.jpg|404 
17P011L15|http://webapps.fitzmuseum.cam.ac.uk/wndev/assets/17/17P011L15.jpg|404 
17P012L01|http://webapps.fitzmuseum.cam.ac.uk/wndev/assets/17/17P012L01.jpg|404 
17P012L20|http://webapps.fitzmuseum.cam.ac.uk/wndev/assets/17/17P012L20.jpg|404 
17P013L01|http://webapps.fitzmuseum.cam.ac.uk/wndev/assets/17/17P013L01.jpg|404 
17P013L04|http://webapps.fitzmuseum.cam.ac.uk/wndev/assets/17/17P013L04.jpg|404 
17P013L16|http://webapps.fitzmuseum.cam.ac.uk/wndev/assets/17/17P013L16.jpg|404 
17P013L17|http://webapps.fitzmuseum.cam.ac.uk/wndev/assets/17/17P013L17.jpg|404 
17P013L19|http://webapps.fitzmuseum.cam.ac.uk/wndev/assets/17/17P013L19.jpg|404 
17P014L01|http://webapps.fitzmuseum.cam.ac.uk/wndev/assets/17/17P014L01.jpg|404 
17P014L06|http://webapps.fitzmuseum.cam.ac.uk/wndev/assets/17/17P014L06.jpg|404 
17P014L14|http://webapps.fitzmuseum.cam.ac.uk/wndev/assets/17/17P014L14.jpg|404 
17P015L01|http://webapps.fitzmuseum.cam.ac.uk/wndev/assets/17/17P015L01.jpg|404 
17P015L03|http://webapps.fitzmuseum.cam.ac.uk/wndev/assets/17/17P015L03.jpg|404 
17P015L16|http://webapps.fitzmuseum.cam.ac.uk/wndev/assets/17/17P015L16.jpg|404 
17P016L01|http://webapps.fitzmuseum.cam.ac.uk/wndev/assets/17/17P016L01.jpg|404 
17P018L08|http://webapps.fitzmuseum.cam.ac.uk/wndev/assets/17/17P018L08.jpg|404 
17P019L01|http://webapps.fitzmuseum.cam.ac.uk/wndev/assets/17/17P019L01.jpg|404 
17P020L01|http://webapps.fitzmuseum.cam.ac.uk/wndev/assets/17/17P020L01.jpg|404 
17P020L15|http://webapps.fitzmuseum.cam.ac.uk/wndev/assets/17/17P020L15.jpg|404 
17P021L01|http://webapps.fitzmuseum.cam.ac.uk/wndev/assets/17/17P021L01.jpg|404 
17P021L10|http://webapps.fitzmuseum.cam.ac.uk/wndev/assets/17/17P021L10.jpg|404 
17P021L13|http://webapps.fitzmuseum.cam.ac.uk/wndev/assets/17/17P021L13.jpg|404 
17P022L01|http://webapps.fitzmuseum.cam.ac.uk/wndev/assets/17/17P022L01.jpg|404 
17P024L01|http://webapps.fitzmuseum.cam.ac.uk/wndev/assets/17/17P024L01.jpg|404 
17P030L01|http://webapps.fitzmuseum.cam.ac.uk/wndev/assets/17/17P030L01.jpg|404 
17P030L07|http://webapps.fitzmuseum.cam.ac.uk/wndev/assets/17/17P030L07.jpg|404 
17P030L16|http://webapps.fitzmuseum.cam.ac.uk/wndev/assets/17/17P030L16.jpg|404 
17P031L01|http://webapps.fitzmuseum.cam.ac.uk/wndev/assets/17/17P031L01.jpg|404 
17P032L01|http://webapps.fitzmuseum.cam.ac.uk/wndev/assets/17/17P032L01.jpg|404 
17P032L10|http://webapps.fitzmuseum.cam.ac.uk/wndev/assets/17/17P032L10.jpg|404 
17P033L10|http://webapps.fitzmuseum.cam.ac.uk/wndev/assets/17/17P033L10.jpg|404 
17P034L01|http://webapps.fitzmuseum.cam.ac.uk/wndev/assets/17/17P034L01.jpg|404 
17P034L05|http://webapps.fitzmuseum.cam.ac.uk/wndev/assets/17/17P034L05.jpg|404 
17P034L14|http://webapps.fitzmuseum.cam.ac.uk/wndev/assets/17/17P034L14.jpg|404 
17P034L20|http://webapps.fitzmuseum.cam.ac.uk/wndev/assets/17/17P034L20.jpg|404 
17P035L09|http://webapps.fitzmuseum.cam.ac.uk/wndev/assets/17/17P035L09.jpg|404 
17P036L01|http://webapps.fitzmuseum.cam.ac.uk/wndev/assets/17/17P036L01.jpg|404 
17P036L07|http://webapps.fitzmuseum.cam.ac.uk/wndev/assets/17/17P036L07.jpg|404 
17P037L01|http://webapps.fitzmuseum.cam.ac.uk/wndev/assets/17/17P037L01.jpg|404 
17P037L04|http://webapps.fitzmuseum.cam.ac.uk/wndev/assets/17/17P037L04.jpg|404 
17P037L14|http://webapps.fitzmuseum.cam.ac.uk/wndev/assets/17/17P037L14.jpg|404 
17P038L01|http://webapps.fitzmuseum.cam.ac.uk/wndev/assets/17/17P038L01.jpg|404 
18COVERL01|http://webapps.fitzmuseum.cam.ac.uk/wndev/assets/18/18COVERL01.jpg|404 
18P001L01|http://webapps.fitzmuseum.cam.ac.uk/wndev/assets/18/18P001L01.jpg|404 
18P001L16|http://webapps.fitzmuseum.cam.ac.uk/wndev/assets/18/18P001L16.jpg|404 
18P002L01|http://webapps.fitzmuseum.cam.ac.uk/wndev/assets/18/18P002L01.jpg|404 
18P002L05|http://webapps.fitzmuseum.cam.ac.uk/wndev/assets/18/18P002L05.jpg|404 
18P002L12|http://webapps.fitzmuseum.cam.ac.uk/wndev/assets/18/18P002L12.jpg|404 
18P002L18|http://webapps.fitzmuseum.cam.ac.uk/wndev/assets/18/18P002L18.jpg|404 
18P003L01|http://webapps.fitzmuseum.cam.ac.uk/wndev/assets/18/18P003L01.jpg|404 
18P003L13|http://webapps.fitzmuseum.cam.ac.uk/wndev/assets/18/18P003L13.jpg|404 
18P004L01|http://webapps.fitzmuseum.cam.ac.uk/wndev/assets/18/18P004L01.jpg|404 
18P004L04|http://webapps.fitzmuseum.cam.ac.uk/wndev/assets/18/18P004L04.jpg|404 
18P004L08|http://webapps.fitzmuseum.cam.ac.uk/wndev/assets/18/18P004L08.jpg|404 
18P004L13|http://webapps.fitzmuseum.cam.ac.uk/wndev/assets/18/18P004L13.jpg|404 
18P004L16|http://webapps.fitzmuseum.cam.ac.uk/wndev/assets/18/18P004L16.jpg|404 
18P004L18|http://webapps.fitzmuseum.cam.ac.uk/wndev/assets/18/18P004L18.jpg|404 
18P005L01|http://webapps.fitzmuseum.cam.ac.uk/wndev/assets/18/18P005L01.jpg|404 
18P005L04|http://webapps.fitzmuseum.cam.ac.uk/wndev/assets/18/18P005L04.jpg|404 
18P005L10|http://webapps.fitzmuseum.cam.ac.uk/wndev/assets/18/18P005L10.jpg|404 
18P005L19|http://webapps.fitzmuseum.cam.ac.uk/wndev/assets/18/18P005L19.jpg|404 
18P006L01|http://webapps.fitzmuseum.cam.ac.uk/wndev/assets/18/18P006L01.jpg|404 
18P006L03|http://webapps.fitzmuseum.cam.ac.uk/wndev/assets/18/18P006L03.jpg|404 
18P006L04|http://webapps.fitzmuseum.cam.ac.uk/wndev/assets/18/18P006L04.jpg|404 
18P006L11|http://webapps.fitzmuseum.cam.ac.uk/wndev/assets/18/18P006L11.jpg|404 
18P007L01|http://webapps.fitzmuseum.cam.ac.uk/wndev/assets/18/18P007L01.jpg|404 
18P007L05|http://webapps.fitzmuseum.cam.ac.uk/wndev/assets/18/18P007L05.jpg|404 
18P007L11|http://webapps.fitzmuseum.cam.ac.uk/wndev/assets/18/18P007L11.jpg|404 
18P007L13|http://webapps.fitzmuseum.cam.ac.uk/wndev/assets/18/18P007L13.jpg|404 
18P007L18|http://webapps.fitzmuseum.cam.ac.uk/wndev/assets/18/18P007L18.jpg|404 
18P008L01|http://webapps.fitzmuseum.cam.ac.uk/wndev/assets/18/18P008L01.jpg|404 
18P008L12|http://webapps.fitzmuseum.cam.ac.uk/wndev/assets/18/18P008L12.jpg|404 
18P008L17|http://webapps.fitzmuseum.cam.ac.uk/wndev/assets/18/18P008L17.jpg|404 
18P009L01|http://webapps.fitzmuseum.cam.ac.uk/wndev/assets/18/18P009L01.jpg|404 
18P009L11|http://webapps.fitzmuseum.cam.ac.uk/wndev/assets/18/18P009L11.jpg|404 
18P009L16|http://webapps.fitzmuseum.cam.ac.uk/wndev/assets/18/18P009L16.jpg|404 
18P010L01|http://webapps.fitzmuseum.cam.ac.uk/wndev/assets/18/18P010L01.jpg|404 
18P011L07|http://webapps.fitzmuseum.cam.ac.uk/wndev/assets/18/18P011L07.jpg|404 
18P011L11|http://webapps.fitzmuseum.cam.ac.uk/wndev/assets/18/18P011L11.jpg|404 
18P011L18|http://webapps.fitzmuseum.cam.ac.uk/wndev/assets/18/18P011L18.jpg|404 
18P011L20|http://webapps.fitzmuseum.cam.ac.uk/wndev/assets/18/18P011L20.jpg|404 
18P012L01|http://webapps.fitzmuseum.cam.ac.uk/wndev/assets/18/18P012L01.jpg|404 
18P013L08|http://webapps.fitzmuseum.cam.ac.uk/wndev/assets/18/18P013L08.jpg|404 
18P013L11|http://webapps.fitzmuseum.cam.ac.uk/wndev/assets/18/18P013L11.jpg|404 
18P013L14|http://webapps.fitzmuseum.cam.ac.uk/wndev/assets/18/18P013L14.jpg|404 
18P014L01|http://webapps.fitzmuseum.cam.ac.uk/wndev/assets/18/18P014L01.jpg|404 
18P015L08|http://webapps.fitzmuseum.cam.ac.uk/wndev/assets/18/18P015L08.jpg|404 
18P015L20|http://webapps.fitzmuseum.cam.ac.uk/wndev/assets/18/18P015L20.jpg|404 
18P016L01|http://webapps.fitzmuseum.cam.ac.uk/wndev/assets/18/18P016L01.jpg|404 
18P016L21|http://webapps.fitzmuseum.cam.ac.uk/wndev/assets/18/18P016L21.jpg|404 
18P017L01|http://webapps.fitzmuseum.cam.ac.uk/wndev/assets/18/18P017L01.jpg|404 
18P018L01|http://webapps.fitzmuseum.cam.ac.uk/wndev/assets/18/18P018L01.jpg|404 
18P019L01|http://webapps.fitzmuseum.cam.ac.uk/wndev/assets/18/18P019L01.jpg|404 
18P020L01|http://webapps.fitzmuseum.cam.ac.uk/wndev/assets/18/18P020L01.jpg|404 
18P021L01|http://webapps.fitzmuseum.cam.ac.uk/wndev/assets/18/18P021L01.jpg|404 
18P022L01|http://webapps.fitzmuseum.cam.ac.uk/wndev/assets/18/18P022L01.jpg|404 
18P023L01|http://webapps.fitzmuseum.cam.ac.uk/wndev/assets/18/18P023L01.jpg|404 
18P024L01|http://webapps.fitzmuseum.cam.ac.uk/wndev/assets/18/18P024L01.jpg|404 
18P025L01|http://webapps.fitzmuseum.cam.ac.uk/wndev/assets/18/18P025L01.jpg|404 
18P026L01|http://webapps.fitzmuseum.cam.ac.uk/wndev/assets/18/18P026L01.jpg|404 
18P027L01|http://webapps.fitzmuseum.cam.ac.uk/wndev/assets/18/18P027L01.jpg|404 
18P028L01|http://webapps.fitzmuseum.cam.ac.uk/wndev/assets/18/18P028L01.jpg|404 
18P031L01|http://webapps.fitzmuseum.cam.ac.uk/wndev/assets/18/18P031L01.jpg|404 
18P032L01|http://webapps.fitzmuseum.cam.ac.uk/wndev/assets/18/18P032L01.jpg|404 
18P032L09|http://webapps.fitzmuseum.cam.ac.uk/wndev/assets/18/18P032L09.jpg|404 
18P032L17|http://webapps.fitzmuseum.cam.ac.uk/wndev/assets/18/18P032L17.jpg|404 
18P032L21|http://webapps.fitzmuseum.cam.ac.uk/wndev/assets/18/18P032L21.jpg|404 
18P033L01|http://webapps.fitzmuseum.cam.ac.uk/wndev/assets/18/18P033L01.jpg|404 
18P033L08|http://webapps.fitzmuseum.cam.ac.uk/wndev/assets/18/18P033L08.jpg|404 
18P033L10|http://webapps.fitzmuseum.cam.ac.uk/wndev/assets/18/18P033L10.jpg|404 
18P034L01|http://webapps.fitzmuseum.cam.ac.uk/wndev/assets/18/18P034L01.jpg|404 
18P034L09|http://webapps.fitzmuseum.cam.ac.uk/wndev/assets/18/18P034L09.jpg|404 
18P035L01|http://webapps.fitzmuseum.cam.ac.uk/wndev/assets/18/18P035L01.jpg|404 
18P035L21|http://webapps.fitzmuseum.cam.ac.uk/wndev/assets/18/18P035L21.jpg|404 
18P036L01|http://webapps.fitzmuseum.cam.ac.uk/wndev/assets/18/18P036L01.jpg|404 
18P036L09|http://webapps.fitzmuseum.cam.ac.uk/wndev/assets/18/18P036L09.jpg|404 
18P036L21|http://webapps.fitzmuseum.cam.ac.uk/wndev/assets/18/18P036L21.jpg|404 
18P037L01|http://webapps.fitzmuseum.cam.ac.uk/wndev/assets/18/18P037L01.jpg|404 
18P037L22|http://webapps.fitzmuseum.cam.ac.uk/wndev/assets/18/18P037L22.jpg|404 
18P038L01|http://webapps.fitzmuseum.cam.ac.uk/wndev/assets/18/18P038L01.jpg|404 
18P038L15|http://webapps.fitzmuseum.cam.ac.uk/wndev/assets/18/18P038L15.jpg|404 
18P038L21|http://webapps.fitzmuseum.cam.ac.uk/wndev/assets/18/18P038L21.jpg|404 
18P039L01|http://webapps.fitzmuseum.cam.ac.uk/wndev/assets/18/18P039L01.jpg|404 
18P040L01|http://webapps.fitzmuseum.cam.ac.uk/wndev/assets/18/18P040L01.jpg|404 
18P040L10|http://webapps.fitzmuseum.cam.ac.uk/wndev/assets/18/18P040L10.jpg|404 
18P040L16|http://webapps.fitzmuseum.cam.ac.uk/wndev/assets/18/18P040L16.jpg|404 
18P040L17|http://webapps.fitzmuseum.cam.ac.uk/wndev/assets/18/18P040L17.jpg|404 
19COVERL01|http://webapps.fitzmuseum.cam.ac.uk/wndev/assets/19/19COVERL01.jpg|404 
19P001L01|http://webapps.fitzmuseum.cam.ac.uk/wndev/assets/19/19P001L01.jpg|404 
19P002L01|http://webapps.fitzmuseum.cam.ac.uk/wndev/assets/19/19P002L01.jpg|404 
19P002L10|http://webapps.fitzmuseum.cam.ac.uk/wndev/assets/19/19P002L10.jpg|404 
19P003L05|http://webapps.fitzmuseum.cam.ac.uk/wndev/assets/19/19P003L05.jpg|404 
19P003L08|http://webapps.fitzmuseum.cam.ac.uk/wndev/assets/19/19P003L08.jpg|404 
19P003L13|http://webapps.fitzmuseum.cam.ac.uk/wndev/assets/19/19P003L13.jpg|404 
19P003L15|http://webapps.fitzmuseum.cam.ac.uk/wndev/assets/19/19P003L15.jpg|404 
19P004L01|http://webapps.fitzmuseum.cam.ac.uk/wndev/assets/19/19P004L01.jpg|404 
19P004L12|http://webapps.fitzmuseum.cam.ac.uk/wndev/assets/19/19P004L12.jpg|404 
19P004L14|http://webapps.fitzmuseum.cam.ac.uk/wndev/assets/19/19P004L14.jpg|404 
19P005L01|http://webapps.fitzmuseum.cam.ac.uk/wndev/assets/19/19P005L01.jpg|404 
19P005L16|http://webapps.fitzmuseum.cam.ac.uk/wndev/assets/19/19P005L16.jpg|404 
19P006L01|http://webapps.fitzmuseum.cam.ac.uk/wndev/assets/19/19P006L01.jpg|404 
19P006L05|http://webapps.fitzmuseum.cam.ac.uk/wndev/assets/19/19P006L05.jpg|404 
19P007L01|http://webapps.fitzmuseum.cam.ac.uk/wndev/assets/19/19P007L01.jpg|404 
19P008L01|http://webapps.fitzmuseum.cam.ac.uk/wndev/assets/19/19P008L01.jpg|404 
19P008L07|http://webapps.fitzmuseum.cam.ac.uk/wndev/assets/19/19P008L07.jpg|404 
19P009L01|http://webapps.fitzmuseum.cam.ac.uk/wndev/assets/19/19P009L01.jpg|404 
19P009L11|http://webapps.fitzmuseum.cam.ac.uk/wndev/assets/19/19P009L11.jpg|404 
19P010L01|http://webapps.fitzmuseum.cam.ac.uk/wndev/assets/19/19P010L01.jpg|404 
19P010L09|http://webapps.fitzmuseum.cam.ac.uk/wndev/assets/19/19P010L09.jpg|404 
19P010L12|http://webapps.fitzmuseum.cam.ac.uk/wndev/assets/19/19P010L12.jpg|404 
19P011L01|http://webapps.fitzmuseum.cam.ac.uk/wndev/assets/19/19P011L01.jpg|404 
19P011L07|http://webapps.fitzmuseum.cam.ac.uk/wndev/assets/19/19P011L07.jpg|404 
19P011L17|http://webapps.fitzmuseum.cam.ac.uk/wndev/assets/19/19P011L17.jpg|404 
19P011L21|http://webapps.fitzmuseum.cam.ac.uk/wndev/assets/19/19P011L21.jpg|404 
19P012L01|http://webapps.fitzmuseum.cam.ac.uk/wndev/assets/19/19P012L01.jpg|404 
19P012L04|http://webapps.fitzmuseum.cam.ac.uk/wndev/assets/19/19P012L04.jpg|404 
19P012L12|http://webapps.fitzmuseum.cam.ac.uk/wndev/assets/19/19P012L12.jpg|404 
19P012L15|http://webapps.fitzmuseum.cam.ac.uk/wndev/assets/19/19P012L15.jpg|404 
19P013L01|http://webapps.fitzmuseum.cam.ac.uk/wndev/assets/19/19P013L01.jpg|404 
19P013L04|http://webapps.fitzmuseum.cam.ac.uk/wndev/assets/19/19P013L04.jpg|404 
19P013L05|http://webapps.fitzmuseum.cam.ac.uk/wndev/assets/19/19P013L05.jpg|404 
19P013L12|http://webapps.fitzmuseum.cam.ac.uk/wndev/assets/19/19P013L12.jpg|404 
19P014L04|http://webapps.fitzmuseum.cam.ac.uk/wndev/assets/19/19P014L04.jpg|404 
19P014L12|http://webapps.fitzmuseum.cam.ac.uk/wndev/assets/19/19P014L12.jpg|404 
19P014L16|http://webapps.fitzmuseum.cam.ac.uk/wndev/assets/19/19P014L16.jpg|404 
19P015L04|http://webapps.fitzmuseum.cam.ac.uk/wndev/assets/19/19P015L04.jpg|404 
19P015L07|http://webapps.fitzmuseum.cam.ac.uk/wndev/assets/19/19P015L07.jpg|404 
19P015L11|http://webapps.fitzmuseum.cam.ac.uk/wndev/assets/19/19P015L11.jpg|404 
19P015L19|http://webapps.fitzmuseum.cam.ac.uk/wndev/assets/19/19P015L19.jpg|404 
19P016L01|http://webapps.fitzmuseum.cam.ac.uk/wndev/assets/19/19P016L01.jpg|404 
19P016L08|http://webapps.fitzmuseum.cam.ac.uk/wndev/assets/19/19P016L08.jpg|404 
19P017L01|http://webapps.fitzmuseum.cam.ac.uk/wndev/assets/19/19P017L01.jpg|404 
19P017L11|http://webapps.fitzmuseum.cam.ac.uk/wndev/assets/19/19P017L11.jpg|404 
19P017L18|http://webapps.fitzmuseum.cam.ac.uk/wndev/assets/19/19P017L18.jpg|404 
19P018L01|http://webapps.fitzmuseum.cam.ac.uk/wndev/assets/19/19P018L01.jpg|404 
19P018L08|http://webapps.fitzmuseum.cam.ac.uk/wndev/assets/19/19P018L08.jpg|404 
19P018L20|http://webapps.fitzmuseum.cam.ac.uk/wndev/assets/19/19P018L20.jpg|404 
19P019L01|http://webapps.fitzmuseum.cam.ac.uk/wndev/assets/19/19P019L01.jpg|404 
19Z01L01|http://webapps.fitzmuseum.cam.ac.uk/wndev/assets/19/19Z01L01.jpg|404 
20COVERL01|http://webapps.fitzmuseum.cam.ac.uk/wndev/assets/20/20COVERL01.jpg|404 
20P001L01|http://webapps.fitzmuseum.cam.ac.uk/wndev/assets/20/20P001L01.jpg|404 
20P002L11|http://webapps.fitzmuseum.cam.ac.uk/wndev/assets/20/20P002L11.jpg|404 
20P002L18|http://webapps.fitzmuseum.cam.ac.uk/wndev/assets/20/20P002L18.jpg|404 
20P003L01|http://webapps.fitzmuseum.cam.ac.uk/wndev/assets/20/20P003L01.jpg|404 
20P005L10|http://webapps.fitzmuseum.cam.ac.uk/wndev/assets/20/20P005L10.jpg|404 
20P005L21|http://webapps.fitzmuseum.cam.ac.uk/wndev/assets/20/20P005L21.jpg|404 
20P006L01|http://webapps.fitzmuseum.cam.ac.uk/wndev/assets/20/20P006L01.jpg|404 
20P006L08|http://webapps.fitzmuseum.cam.ac.uk/wndev/assets/20/20P006L08.jpg|404 
20P006L12|http://webapps.fitzmuseum.cam.ac.uk/wndev/assets/20/20P006L12.jpg|404 
20P006L16|http://webapps.fitzmuseum.cam.ac.uk/wndev/assets/20/20P006L16.jpg|404 
20P007L18|http://webapps.fitzmuseum.cam.ac.uk/wndev/assets/20/20P007L18.jpg|404 
20P008L01|http://webapps.fitzmuseum.cam.ac.uk/wndev/assets/20/20P008L01.jpg|404 
20P008L14|http://webapps.fitzmuseum.cam.ac.uk/wndev/assets/20/20P008L14.jpg|404 
20P009L01|http://webapps.fitzmuseum.cam.ac.uk/wndev/assets/20/20P009L01.jpg|404 
20P010L01|http://webapps.fitzmuseum.cam.ac.uk/wndev/assets/20/20P010L01.jpg|404 
20P016L01|http://webapps.fitzmuseum.cam.ac.uk/wndev/assets/20/20P016L01.jpg|404 
20P016L10|http://webapps.fitzmuseum.cam.ac.uk/wndev/assets/20/20P016L10.jpg|404 
20P016L12|http://webapps.fitzmuseum.cam.ac.uk/wndev/assets/20/20P016L12.jpg|404 
20P016L16|http://webapps.fitzmuseum.cam.ac.uk/wndev/assets/20/20P016L16.jpg|404 
20P016L17|http://webapps.fitzmuseum.cam.ac.uk/wndev/assets/20/20P016L17.jpg|404 
20P017L01|http://webapps.fitzmuseum.cam.ac.uk/wndev/assets/20/20P017L01.jpg|404 
20P017L20|http://webapps.fitzmuseum.cam.ac.uk/wndev/assets/20/20P017L20.jpg|404 
20P018L01|http://webapps.fitzmuseum.cam.ac.uk/wndev/assets/20/20P018L01.jpg|404 
20P018L03|http://webapps.fitzmuseum.cam.ac.uk/wndev/assets/20/20P018L03.jpg|404 
20P018L06|http://webapps.fitzmuseum.cam.ac.uk/wndev/assets/20/20P018L06.jpg|404 
20P018L08|http://webapps.fitzmuseum.cam.ac.uk/wndev/assets/20/20P018L08.jpg|404 
20P019L01|http://webapps.fitzmuseum.cam.ac.uk/wndev/assets/20/20P019L01.jpg|404 
20P019L11|http://webapps.fitzmuseum.cam.ac.uk/wndev/assets/20/20P019L11.jpg|404 
20P019L15|http://webapps.fitzmuseum.cam.ac.uk/wndev/assets/20/20P019L15.jpg|404 
20P020L01|http://webapps.fitzmuseum.cam.ac.uk/wndev/assets/20/20P020L01.jpg|404 
20P020L05|http://webapps.fitzmuseum.cam.ac.uk/wndev/assets/20/20P020L05.jpg|404 
20P020L14|http://webapps.fitzmuseum.cam.ac.uk/wndev/assets/20/20P020L14.jpg|404 
20P020L16|http://webapps.fitzmuseum.cam.ac.uk/wndev/assets/20/20P020L16.jpg|404 
20P020L22|http://webapps.fitzmuseum.cam.ac.uk/wndev/assets/20/20P020L22.jpg|404 
20P021L01|http://webapps.fitzmuseum.cam.ac.uk/wndev/assets/20/20P021L01.jpg|404 
20P021L05|http://webapps.fitzmuseum.cam.ac.uk/wndev/assets/20/20P021L05.jpg|404 
20P021L09|http://webapps.fitzmuseum.cam.ac.uk/wndev/assets/20/20P021L09.jpg|404 
20P021L11|http://webapps.fitzmuseum.cam.ac.uk/wndev/assets/20/20P021L11.jpg|404 
20P022L12|http://webapps.fitzmuseum.cam.ac.uk/wndev/assets/20/20P022L12.jpg|404 
20P023L01|http://webapps.fitzmuseum.cam.ac.uk/wndev/assets/20/20P023L01.jpg|404 
20P023L10|http://webapps.fitzmuseum.cam.ac.uk/wndev/assets/20/20P023L10.jpg|404 
20P023L13|http://webapps.fitzmuseum.cam.ac.uk/wndev/assets/20/20P023L13.jpg|404 
20P024L01|http://webapps.fitzmuseum.cam.ac.uk/wndev/assets/20/20P024L01.jpg|404 
20P024L13|http://webapps.fitzmuseum.cam.ac.uk/wndev/assets/20/20P024L13.jpg|404 
20P025L01|http://webapps.fitzmuseum.cam.ac.uk/wndev/assets/20/20P025L01.jpg|404 
20P025L06|http://webapps.fitzmuseum.cam.ac.uk/wndev/assets/20/20P025L06.jpg|404 
20P025L09|http://webapps.fitzmuseum.cam.ac.uk/wndev/assets/20/20P025L09.jpg|404 
20P025L14|http://webapps.fitzmuseum.cam.ac.uk/wndev/assets/20/20P025L14.jpg|404 
20P025L18|http://webapps.fitzmuseum.cam.ac.uk/wndev/assets/20/20P025L18.jpg|404 
20P025L20|http://webapps.fitzmuseum.cam.ac.uk/wndev/assets/20/20P025L20.jpg|404 
20P026L01|http://webapps.fitzmuseum.cam.ac.uk/wndev/assets/20/20P026L01.jpg|404 
20P026L04|http://webapps.fitzmuseum.cam.ac.uk/wndev/assets/20/20P026L04.jpg|404 
20P026L09|http://webapps.fitzmuseum.cam.ac.uk/wndev/assets/20/20P026L09.jpg|404 
20P026L13|http://webapps.fitzmuseum.cam.ac.uk/wndev/assets/20/20P026L13.jpg|404 
20P026L17|http://webapps.fitzmuseum.cam.ac.uk/wndev/assets/20/20P026L17.jpg|404 
20P027L01|http://webapps.fitzmuseum.cam.ac.uk/wndev/assets/20/20P027L01.jpg|404 
20P027L22|http://webapps.fitzmuseum.cam.ac.uk/wndev/assets/20/20P027L22.jpg|404 
20P028L01|http://webapps.fitzmuseum.cam.ac.uk/wndev/assets/20/20P028L01.jpg|404 
20P028L04|http://webapps.fitzmuseum.cam.ac.uk/wndev/assets/20/20P028L04.jpg|404 
20P028L11|http://webapps.fitzmuseum.cam.ac.uk/wndev/assets/20/20P028L11.jpg|404 
20P028L20|http://webapps.fitzmuseum.cam.ac.uk/wndev/assets/20/20P028L20.jpg|404 
20P029L01|http://webapps.fitzmuseum.cam.ac.uk/wndev/assets/20/20P029L01.jpg|404 
20P030L01|http://webapps.fitzmuseum.cam.ac.uk/wndev/assets/20/20P030L01.jpg|404 
20P031L01|http://webapps.fitzmuseum.cam.ac.uk/wndev/assets/20/20P031L01.jpg|404 
20P031L09|http://webapps.fitzmuseum.cam.ac.uk/wndev/assets/20/20P031L09.jpg|404 
20P031L10|http://webapps.fitzmuseum.cam.ac.uk/wndev/assets/20/20P031L10.jpg|404 
20P031L13|http://webapps.fitzmuseum.cam.ac.uk/wndev/assets/20/20P031L13.jpg|404 
20P031L15|http://webapps.fitzmuseum.cam.ac.uk/wndev/assets/20/20P031L15.jpg|404 
20P031L19|http://webapps.fitzmuseum.cam.ac.uk/wndev/assets/20/20P031L19.jpg|404 
20P032L01|http://webapps.fitzmuseum.cam.ac.uk/wndev/assets/20/20P032L01.jpg|404 
20P032L05|http://webapps.fitzmuseum.cam.ac.uk/wndev/assets/20/20P032L05.jpg|404 
20P032L09|http://webapps.fitzmuseum.cam.ac.uk/wndev/assets/20/20P032L09.jpg|404 
20P032L19|http://webapps.fitzmuseum.cam.ac.uk/wndev/assets/20/20P032L19.jpg|404 
20P033L01|http://webapps.fitzmuseum.cam.ac.uk/wndev/assets/20/20P033L01.jpg|404 
20P033L07|http://webapps.fitzmuseum.cam.ac.uk/wndev/assets/20/20P033L07.jpg|404 
20P033L22|http://webapps.fitzmuseum.cam.ac.uk/wndev/assets/20/20P033L22.jpg|404 
20P034L01|http://webapps.fitzmuseum.cam.ac.uk/wndev/assets/20/20P034L01.jpg|404 
20P034L04|http://webapps.fitzmuseum.cam.ac.uk/wndev/assets/20/20P034L04.jpg|404 
20P034L10|http://webapps.fitzmuseum.cam.ac.uk/wndev/assets/20/20P034L10.jpg|404 
20P034L16|http://webapps.fitzmuseum.cam.ac.uk/wndev/assets/20/20P034L16.jpg|404 
20P035L01|http://webapps.fitzmuseum.cam.ac.uk/wndev/assets/20/20P035L01.jpg|404 
20P035L11|http://webapps.fitzmuseum.cam.ac.uk/wndev/assets/20/20P035L11.jpg|404 
20P035L18|http://webapps.fitzmuseum.cam.ac.uk/wndev/assets/20/20P035L18.jpg|404 
20P035L21|http://webapps.fitzmuseum.cam.ac.uk/wndev/assets/20/20P035L21.jpg|404 
20P036L01|http://webapps.fitzmuseum.cam.ac.uk/wndev/assets/20/20P036L01.jpg|404 
20P036L02|http://webapps.fitzmuseum.cam.ac.uk/wndev/assets/20/20P036L02.jpg|404 
21COVERL01|http://webapps.fitzmuseum.cam.ac.uk/wndev/assets/21/21COVERL01.jpg|404 
21P001L01|http://webapps.fitzmuseum.cam.ac.uk/wndev/assets/21/21P001L01.jpg|404 
21P001L17|http://webapps.fitzmuseum.cam.ac.uk/wndev/assets/21/21P001L17.jpg|404 
21P003L06|http://webapps.fitzmuseum.cam.ac.uk/wndev/assets/21/21P003L06.jpg|404 
21P003L15|http://webapps.fitzmuseum.cam.ac.uk/wndev/assets/21/21P003L15.jpg|404 
21P004L05|http://webapps.fitzmuseum.cam.ac.uk/wndev/assets/21/21P004L05.jpg|404 
21P004L11|http://webapps.fitzmuseum.cam.ac.uk/wndev/assets/21/21P004L11.jpg|404 
21P005L07|http://webapps.fitzmuseum.cam.ac.uk/wndev/assets/21/21P005L07.jpg|404 
21P005L12|http://webapps.fitzmuseum.cam.ac.uk/wndev/assets/21/21P005L12.jpg|404 
21P006L01|http://webapps.fitzmuseum.cam.ac.uk/wndev/assets/21/21P006L01.jpg|404 
21P006L08|http://webapps.fitzmuseum.cam.ac.uk/wndev/assets/21/21P006L08.jpg|404 
21P006L20|http://webapps.fitzmuseum.cam.ac.uk/wndev/assets/21/21P006L20.jpg|404 
21P007L01|http://webapps.fitzmuseum.cam.ac.uk/wndev/assets/21/21P007L01.jpg|404 
21P007L05|http://webapps.fitzmuseum.cam.ac.uk/wndev/assets/21/21P007L05.jpg|404 
21P007L09|http://webapps.fitzmuseum.cam.ac.uk/wndev/assets/21/21P007L09.jpg|404 
21P007L12|http://webapps.fitzmuseum.cam.ac.uk/wndev/assets/21/21P007L12.jpg|404 
21P007L19|http://webapps.fitzmuseum.cam.ac.uk/wndev/assets/21/21P007L19.jpg|404 
21P008L01|http://webapps.fitzmuseum.cam.ac.uk/wndev/assets/21/21P008L01.jpg|404 
21P008L17|http://webapps.fitzmuseum.cam.ac.uk/wndev/assets/21/21P008L17.jpg|404 
21P009L01|http://webapps.fitzmuseum.cam.ac.uk/wndev/assets/21/21P009L01.jpg|404 
21P009L02|http://webapps.fitzmuseum.cam.ac.uk/wndev/assets/21/21P009L02.jpg|404 
21P009L09|http://webapps.fitzmuseum.cam.ac.uk/wndev/assets/21/21P009L09.jpg|404 
21P009L15|http://webapps.fitzmuseum.cam.ac.uk/wndev/assets/21/21P009L15.jpg|404 
21P009L17|http://webapps.fitzmuseum.cam.ac.uk/wndev/assets/21/21P009L17.jpg|404 
21P009L21|http://webapps.fitzmuseum.cam.ac.uk/wndev/assets/21/21P009L21.jpg|404 
21P010L01|http://webapps.fitzmuseum.cam.ac.uk/wndev/assets/21/21P010L01.jpg|404 
21P010L04|http://webapps.fitzmuseum.cam.ac.uk/wndev/assets/21/21P010L04.jpg|404 
21P010L11|http://webapps.fitzmuseum.cam.ac.uk/wndev/assets/21/21P010L11.jpg|404 
21P011L01|http://webapps.fitzmuseum.cam.ac.uk/wndev/assets/21/21P011L01.jpg|404 
21P011L05|http://webapps.fitzmuseum.cam.ac.uk/wndev/assets/21/21P011L05.jpg|404 
21P011L11|http://webapps.fitzmuseum.cam.ac.uk/wndev/assets/21/21P011L11.jpg|404 
21P011L20|http://webapps.fitzmuseum.cam.ac.uk/wndev/assets/21/21P011L20.jpg|404 
21P012L01|http://webapps.fitzmuseum.cam.ac.uk/wndev/assets/21/21P012L01.jpg|404 
21P012L08|http://webapps.fitzmuseum.cam.ac.uk/wndev/assets/21/21P012L08.jpg|404 
21P012L14|http://webapps.fitzmuseum.cam.ac.uk/wndev/assets/21/21P012L14.jpg|404 
21P013L01|http://webapps.fitzmuseum.cam.ac.uk/wndev/assets/21/21P013L01.jpg|404 
21P013L19|http://webapps.fitzmuseum.cam.ac.uk/wndev/assets/21/21P013L19.jpg|404 
21P014L01|http://webapps.fitzmuseum.cam.ac.uk/wndev/assets/21/21P014L01.jpg|404 
21P015L01|http://webapps.fitzmuseum.cam.ac.uk/wndev/assets/21/21P015L01.jpg|404 
21P015L05|http://webapps.fitzmuseum.cam.ac.uk/wndev/assets/21/21P015L05.jpg|404 
21P015L15|http://webapps.fitzmuseum.cam.ac.uk/wndev/assets/21/21P015L15.jpg|404 
21P015L19|http://webapps.fitzmuseum.cam.ac.uk/wndev/assets/21/21P015L19.jpg|404 
21P016L01|http://webapps.fitzmuseum.cam.ac.uk/wndev/assets/21/21P016L01.jpg|404 
21P016L18|http://webapps.fitzmuseum.cam.ac.uk/wndev/assets/21/21P016L18.jpg|404 
21P017L01|http://webapps.fitzmuseum.cam.ac.uk/wndev/assets/21/21P017L01.jpg|404 
21P017L05|http://webapps.fitzmuseum.cam.ac.uk/wndev/assets/21/21P017L05.jpg|404 
21P020L09|http://webapps.fitzmuseum.cam.ac.uk/wndev/assets/21/21P020L09.jpg|404 
21P020L20|http://webapps.fitzmuseum.cam.ac.uk/wndev/assets/21/21P020L20.jpg|404 
21P021L01|http://webapps.fitzmuseum.cam.ac.uk/wndev/assets/21/21P021L01.jpg|404 
21P021L04|http://webapps.fitzmuseum.cam.ac.uk/wndev/assets/21/21P021L04.jpg|404 
21P021L08|http://webapps.fitzmuseum.cam.ac.uk/wndev/assets/21/21P021L08.jpg|404 
21P021L15|http://webapps.fitzmuseum.cam.ac.uk/wndev/assets/21/21P021L15.jpg|404 
21P021L18|http://webapps.fitzmuseum.cam.ac.uk/wndev/assets/21/21P021L18.jpg|404 
21P021L20|http://webapps.fitzmuseum.cam.ac.uk/wndev/assets/21/21P021L20.jpg|404 
21P021L21|http://webapps.fitzmuseum.cam.ac.uk/wndev/assets/21/21P021L21.jpg|404 
21P022L01|http://webapps.fitzmuseum.cam.ac.uk/wndev/assets/21/21P022L01.jpg|404 
21P022L18|http://webapps.fitzmuseum.cam.ac.uk/wndev/assets/21/21P022L18.jpg|404 
21P022L21|http://webapps.fitzmuseum.cam.ac.uk/wndev/assets/21/21P022L21.jpg|404 
21P023L01|http://webapps.fitzmuseum.cam.ac.uk/wndev/assets/21/21P023L01.jpg|404 
21P023L04|http://webapps.fitzmuseum.cam.ac.uk/wndev/assets/21/21P023L04.jpg|404 
21P023L14|http://webapps.fitzmuseum.cam.ac.uk/wndev/assets/21/21P023L14.jpg|404 
21P023L18|http://webapps.fitzmuseum.cam.ac.uk/wndev/assets/21/21P023L18.jpg|404 
21P023L23|http://webapps.fitzmuseum.cam.ac.uk/wndev/assets/21/21P023L23.jpg|404 
21P024L01|http://webapps.fitzmuseum.cam.ac.uk/wndev/assets/21/21P024L01.jpg|404 
21P025L01|http://webapps.fitzmuseum.cam.ac.uk/wndev/assets/21/21P025L01.jpg|404 
21P025L22|http://webapps.fitzmuseum.cam.ac.uk/wndev/assets/21/21P025L22.jpg|404 
21P026L01|http://webapps.fitzmuseum.cam.ac.uk/wndev/assets/21/21P026L01.jpg|404 
21P026L13|http://webapps.fitzmuseum.cam.ac.uk/wndev/assets/21/21P026L13.jpg|404 
21P026L20|http://webapps.fitzmuseum.cam.ac.uk/wndev/assets/21/21P026L20.jpg|404 
21P027L01|http://webapps.fitzmuseum.cam.ac.uk/wndev/assets/21/21P027L01.jpg|404 
21P028L01|http://webapps.fitzmuseum.cam.ac.uk/wndev/assets/21/21P028L01.jpg|404 
21P028L13|http://webapps.fitzmuseum.cam.ac.uk/wndev/assets/21/21P028L13.jpg|404 
21P029L01|http://webapps.fitzmuseum.cam.ac.uk/wndev/assets/21/21P029L01.jpg|404 
21P029L08|http://webapps.fitzmuseum.cam.ac.uk/wndev/assets/21/21P029L08.jpg|404 
21P029L12|http://webapps.fitzmuseum.cam.ac.uk/wndev/assets/21/21P029L12.jpg|404 
21P029L15|http://webapps.fitzmuseum.cam.ac.uk/wndev/assets/21/21P029L15.jpg|404 
21P030L01|http://webapps.fitzmuseum.cam.ac.uk/wndev/assets/21/21P030L01.jpg|404 
21P032L01|http://webapps.fitzmuseum.cam.ac.uk/wndev/assets/21/21P032L01.jpg|404 
21P032L06|http://webapps.fitzmuseum.cam.ac.uk/wndev/assets/21/21P032L06.jpg|404 
21P032L12|http://webapps.fitzmuseum.cam.ac.uk/wndev/assets/21/21P032L12.jpg|404 
21P033L01|http://webapps.fitzmuseum.cam.ac.uk/wndev/assets/21/21P033L01.jpg|404 
21P034L01|http://webapps.fitzmuseum.cam.ac.uk/wndev/assets/21/21P034L01.jpg|404 
21P034L09|http://webapps.fitzmuseum.cam.ac.uk/wndev/assets/21/21P034L09.jpg|404 
21P035L01|http://webapps.fitzmuseum.cam.ac.uk/wndev/assets/21/21P035L01.jpg|404 
21P035L13|http://webapps.fitzmuseum.cam.ac.uk/wndev/assets/21/21P035L13.jpg|404 
21P036L01|http://webapps.fitzmuseum.cam.ac.uk/wndev/assets/21/21P036L01.jpg|404 
21P036L03|http://webapps.fitzmuseum.cam.ac.uk/wndev/assets/21/21P036L03.jpg|404 
21P037L07|http://webapps.fitzmuseum.cam.ac.uk/wndev/assets/21/21P037L07.jpg|404 
21P037L13|http://webapps.fitzmuseum.cam.ac.uk/wndev/assets/21/21P037L13.jpg|404 
21P038L02|http://webapps.fitzmuseum.cam.ac.uk/wndev/assets/21/21P038L02.jpg|404 
21P038L06|http://webapps.fitzmuseum.cam.ac.uk/wndev/assets/21/21P038L06.jpg|404 
21P038L10|http://webapps.fitzmuseum.cam.ac.uk/wndev/assets/21/21P038L10.jpg|404 
21P038L14|http://webapps.fitzmuseum.cam.ac.uk/wndev/assets/21/21P038L14.jpg|404 
21P038L17|http://webapps.fitzmuseum.cam.ac.uk/wndev/assets/21/21P038L17.jpg|404 
21P038L20|http://webapps.fitzmuseum.cam.ac.uk/wndev/assets/21/21P038L20.jpg|404 
21P039L01|http://webapps.fitzmuseum.cam.ac.uk/wndev/assets/21/21P039L01.jpg|404 
21P039L06|http://webapps.fitzmuseum.cam.ac.uk/wndev/assets/21/21P039L06.jpg|404 
21P039L15|http://webapps.fitzmuseum.cam.ac.uk/wndev/assets/21/21P039L15.jpg|404 
21P040L01|http://webapps.fitzmuseum.cam.ac.uk/wndev/assets/21/21P040L01.jpg|404 
21P040L05|http://webapps.fitzmuseum.cam.ac.uk/wndev/assets/21/21P040L05.jpg|404 
21P040L16|http://webapps.fitzmuseum.cam.ac.uk/wndev/assets/21/21P040L16.jpg|404 
22COVERL01|http://webapps.fitzmuseum.cam.ac.uk/wndev/assets/22/22COVERL01.jpg|404 
22P001L01|http://webapps.fitzmuseum.cam.ac.uk/wndev/assets/22/22P001L01.jpg|404 
22P001L20|http://webapps.fitzmuseum.cam.ac.uk/wndev/assets/22/22P001L20.jpg|404 
22P002L01|http://webapps.fitzmuseum.cam.ac.uk/wndev/assets/22/22P002L01.jpg|404 
22P002L07|http://webapps.fitzmuseum.cam.ac.uk/wndev/assets/22/22P002L07.jpg|404 
22P003L05|http://webapps.fitzmuseum.cam.ac.uk/wndev/assets/22/22P003L05.jpg|404 
22P003L20|http://webapps.fitzmuseum.cam.ac.uk/wndev/assets/22/22P003L20.jpg|404 
22P005L16|http://webapps.fitzmuseum.cam.ac.uk/wndev/assets/22/22P005L16.jpg|404 
22P006L01|http://webapps.fitzmuseum.cam.ac.uk/wndev/assets/22/22P006L01.jpg|404 
22P006L13|http://webapps.fitzmuseum.cam.ac.uk/wndev/assets/22/22P006L13.jpg|404 
22P007L01|http://webapps.fitzmuseum.cam.ac.uk/wndev/assets/22/22P007L01.jpg|404 
22P007L08|http://webapps.fitzmuseum.cam.ac.uk/wndev/assets/22/22P007L08.jpg|404 
22P007L12|http://webapps.fitzmuseum.cam.ac.uk/wndev/assets/22/22P007L12.jpg|404 
22P007L20|http://webapps.fitzmuseum.cam.ac.uk/wndev/assets/22/22P007L20.jpg|404 
22P008L01|http://webapps.fitzmuseum.cam.ac.uk/wndev/assets/22/22P008L01.jpg|404 
22P008L13|http://webapps.fitzmuseum.cam.ac.uk/wndev/assets/22/22P008L13.jpg|404 
22P009L01|http://webapps.fitzmuseum.cam.ac.uk/wndev/assets/22/22P009L01.jpg|404 
22P009L14|http://webapps.fitzmuseum.cam.ac.uk/wndev/assets/22/22P009L14.jpg|404 
22P009L22|http://webapps.fitzmuseum.cam.ac.uk/wndev/assets/22/22P009L22.jpg|404 
22P010L01|http://webapps.fitzmuseum.cam.ac.uk/wndev/assets/22/22P010L01.jpg|404 
22P010L12|http://webapps.fitzmuseum.cam.ac.uk/wndev/assets/22/22P010L12.jpg|404 
22P010L21|http://webapps.fitzmuseum.cam.ac.uk/wndev/assets/22/22P010L21.jpg|404 
22P011L01|http://webapps.fitzmuseum.cam.ac.uk/wndev/assets/22/22P011L01.jpg|404 
22P011L10|http://webapps.fitzmuseum.cam.ac.uk/wndev/assets/22/22P011L10.jpg|404 
22P011L13|http://webapps.fitzmuseum.cam.ac.uk/wndev/assets/22/22P011L13.jpg|404 
22P011L20|http://webapps.fitzmuseum.cam.ac.uk/wndev/assets/22/22P011L20.jpg|404 
22P012L01|http://webapps.fitzmuseum.cam.ac.uk/wndev/assets/22/22P012L01.jpg|404 
22P012L16|http://webapps.fitzmuseum.cam.ac.uk/wndev/assets/22/22P012L16.jpg|404 
22P013L01|http://webapps.fitzmuseum.cam.ac.uk/wndev/assets/22/22P013L01.jpg|404 
22P013L04|http://webapps.fitzmuseum.cam.ac.uk/wndev/assets/22/22P013L04.jpg|404 
22P014L09|http://webapps.fitzmuseum.cam.ac.uk/wndev/assets/22/22P014L09.jpg|404 
22P014L12|http://webapps.fitzmuseum.cam.ac.uk/wndev/assets/22/22P014L12.jpg|404 
22P014L14|http://webapps.fitzmuseum.cam.ac.uk/wndev/assets/22/22P014L14.jpg|404 
22P014L18|http://webapps.fitzmuseum.cam.ac.uk/wndev/assets/22/22P014L18.jpg|404 
22P015L01|http://webapps.fitzmuseum.cam.ac.uk/wndev/assets/22/22P015L01.jpg|404 
22P015L10|http://webapps.fitzmuseum.cam.ac.uk/wndev/assets/22/22P015L10.jpg|404 
22P015L17|http://webapps.fitzmuseum.cam.ac.uk/wndev/assets/22/22P015L17.jpg|404 
22P016L01|http://webapps.fitzmuseum.cam.ac.uk/wndev/assets/22/22P016L01.jpg|404 
22P016L21|http://webapps.fitzmuseum.cam.ac.uk/wndev/assets/22/22P016L21.jpg|404 
22P017L01|http://webapps.fitzmuseum.cam.ac.uk/wndev/assets/22/22P017L01.jpg|404 
22P017L09|http://webapps.fitzmuseum.cam.ac.uk/wndev/assets/22/22P017L09.jpg|404 
22P017L15|http://webapps.fitzmuseum.cam.ac.uk/wndev/assets/22/22P017L15.jpg|404 
22P017L21|http://webapps.fitzmuseum.cam.ac.uk/wndev/assets/22/22P017L21.jpg|404 
22P018L01|http://webapps.fitzmuseum.cam.ac.uk/wndev/assets/22/22P018L01.jpg|404 
22P018L17|http://webapps.fitzmuseum.cam.ac.uk/wndev/assets/22/22P018L17.jpg|404 
22P021L05|http://webapps.fitzmuseum.cam.ac.uk/wndev/assets/22/22P021L05.jpg|404 
22P021L11|http://webapps.fitzmuseum.cam.ac.uk/wndev/assets/22/22P021L11.jpg|404 
22P021L17|http://webapps.fitzmuseum.cam.ac.uk/wndev/assets/22/22P021L17.jpg|404 
22P021L20|http://webapps.fitzmuseum.cam.ac.uk/wndev/assets/22/22P021L20.jpg|404 
22P021L22|http://webapps.fitzmuseum.cam.ac.uk/wndev/assets/22/22P021L22.jpg|404 
22P022L01|http://webapps.fitzmuseum.cam.ac.uk/wndev/assets/22/22P022L01.jpg|404 
22P024L09|http://webapps.fitzmuseum.cam.ac.uk/wndev/assets/22/22P024L09.jpg|404 
22P024L14|http://webapps.fitzmuseum.cam.ac.uk/wndev/assets/22/22P024L14.jpg|404 
22P025L14|http://webapps.fitzmuseum.cam.ac.uk/wndev/assets/22/22P025L14.jpg|404 
22P026L05|http://webapps.fitzmuseum.cam.ac.uk/wndev/assets/22/22P026L05.jpg|404 
22P026L10|http://webapps.fitzmuseum.cam.ac.uk/wndev/assets/22/22P026L10.jpg|404 
22P026L19|http://webapps.fitzmuseum.cam.ac.uk/wndev/assets/22/22P026L19.jpg|404 
22P027L01|http://webapps.fitzmuseum.cam.ac.uk/wndev/assets/22/22P027L01.jpg|404 
22P027L12|http://webapps.fitzmuseum.cam.ac.uk/wndev/assets/22/22P027L12.jpg|404 
22P027L18|http://webapps.fitzmuseum.cam.ac.uk/wndev/assets/22/22P027L18.jpg|404 
22P027L21|http://webapps.fitzmuseum.cam.ac.uk/wndev/assets/22/22P027L21.jpg|404 
22P027L22|http://webapps.fitzmuseum.cam.ac.uk/wndev/assets/22/22P027L22.jpg|404 
22P028L01|http://webapps.fitzmuseum.cam.ac.uk/wndev/assets/22/22P028L01.jpg|404 
22P029L01|http://webapps.fitzmuseum.cam.ac.uk/wndev/assets/22/22P029L01.jpg|404 
22P029L05|http://webapps.fitzmuseum.cam.ac.uk/wndev/assets/22/22P029L05.jpg|404 
22P029L12|http://webapps.fitzmuseum.cam.ac.uk/wndev/assets/22/22P029L12.jpg|404 
22P029L21|http://webapps.fitzmuseum.cam.ac.uk/wndev/assets/22/22P029L21.jpg|404 
22P030L03|http://webapps.fitzmuseum.cam.ac.uk/wndev/assets/22/22P030L03.jpg|404 
22P038L01|http://webapps.fitzmuseum.cam.ac.uk/wndev/assets/22/22P038L01.jpg|404 
22P038L06|http://webapps.fitzmuseum.cam.ac.uk/wndev/assets/22/22P038L06.jpg|404 
22P038L19|http://webapps.fitzmuseum.cam.ac.uk/wndev/assets/22/22P038L19.jpg|404 
22P039L01|http://webapps.fitzmuseum.cam.ac.uk/wndev/assets/22/22P039L01.jpg|404 
22P040L01|http://webapps.fitzmuseum.cam.ac.uk/wndev/assets/22/22P040L01.jpg|404 
22P040L18|http://webapps.fitzmuseum.cam.ac.uk/wndev/assets/22/22P040L18.jpg|404 
23COVERL01|http://webapps.fitzmuseum.cam.ac.uk/wndev/assets/23/23COVERL01.jpg|404 
23P001L01|http://webapps.fitzmuseum.cam.ac.uk/wndev/assets/23/23P001L01.jpg|404 
23P001L12|http://webapps.fitzmuseum.cam.ac.uk/wndev/assets/23/23P001L12.jpg|404 
23P002L01|http://webapps.fitzmuseum.cam.ac.uk/wndev/assets/23/23P002L01.jpg|404 
23P003L01|http://webapps.fitzmuseum.cam.ac.uk/wndev/assets/23/23P003L01.jpg|404 
23P003L15|http://webapps.fitzmuseum.cam.ac.uk/wndev/assets/23/23P003L15.jpg|404 
23P003L22|http://webapps.fitzmuseum.cam.ac.uk/wndev/assets/23/23P003L22.jpg|404 
23P004L01|http://webapps.fitzmuseum.cam.ac.uk/wndev/assets/23/23P004L01.jpg|404 
23P004L10|http://webapps.fitzmuseum.cam.ac.uk/wndev/assets/23/23P004L10.jpg|404 
23P004L13|http://webapps.fitzmuseum.cam.ac.uk/wndev/assets/23/23P004L13.jpg|404 
23P004L16|http://webapps.fitzmuseum.cam.ac.uk/wndev/assets/23/23P004L16.jpg|404 
23P004L20|http://webapps.fitzmuseum.cam.ac.uk/wndev/assets/23/23P004L20.jpg|404 
23P005L01|http://webapps.fitzmuseum.cam.ac.uk/wndev/assets/23/23P005L01.jpg|404 
23P005L13|http://webapps.fitzmuseum.cam.ac.uk/wndev/assets/23/23P005L13.jpg|404 
23P005L15|http://webapps.fitzmuseum.cam.ac.uk/wndev/assets/23/23P005L15.jpg|404 
23P006L01|http://webapps.fitzmuseum.cam.ac.uk/wndev/assets/23/23P006L01.jpg|404 
23P006L10|http://webapps.fitzmuseum.cam.ac.uk/wndev/assets/23/23P006L10.jpg|404 
23P006L15|http://webapps.fitzmuseum.cam.ac.uk/wndev/assets/23/23P006L15.jpg|404 
23P006L20|http://webapps.fitzmuseum.cam.ac.uk/wndev/assets/23/23P006L20.jpg|404 
23P007L01|http://webapps.fitzmuseum.cam.ac.uk/wndev/assets/23/23P007L01.jpg|404 
23P007L03|http://webapps.fitzmuseum.cam.ac.uk/wndev/assets/23/23P007L03.jpg|404 
23P007L09|http://webapps.fitzmuseum.cam.ac.uk/wndev/assets/23/23P007L09.jpg|404 
23P007L17|http://webapps.fitzmuseum.cam.ac.uk/wndev/assets/23/23P007L17.jpg|404 
23P008L01|http://webapps.fitzmuseum.cam.ac.uk/wndev/assets/23/23P008L01.jpg|404 
23P008L09|http://webapps.fitzmuseum.cam.ac.uk/wndev/assets/23/23P008L09.jpg|404 
23P009L06|http://webapps.fitzmuseum.cam.ac.uk/wndev/assets/23/23P009L06.jpg|404 
23P009L09|http://webapps.fitzmuseum.cam.ac.uk/wndev/assets/23/23P009L09.jpg|404 
23P009L11|http://webapps.fitzmuseum.cam.ac.uk/wndev/assets/23/23P009L11.jpg|404 
23P009L14|http://webapps.fitzmuseum.cam.ac.uk/wndev/assets/23/23P009L14.jpg|404 
23P009L16|http://webapps.fitzmuseum.cam.ac.uk/wndev/assets/23/23P009L16.jpg|404 
23P009L18|http://webapps.fitzmuseum.cam.ac.uk/wndev/assets/23/23P009L18.jpg|404 
23P009L20|http://webapps.fitzmuseum.cam.ac.uk/wndev/assets/23/23P009L20.jpg|404 
23P010L01|http://webapps.fitzmuseum.cam.ac.uk/wndev/assets/23/23P010L01.jpg|404 
23P010L13|http://webapps.fitzmuseum.cam.ac.uk/wndev/assets/23/23P010L13.jpg|404 
23P010L17|http://webapps.fitzmuseum.cam.ac.uk/wndev/assets/23/23P010L17.jpg|404 
23P010L21|http://webapps.fitzmuseum.cam.ac.uk/wndev/assets/23/23P010L21.jpg|404 
23P011L01|http://webapps.fitzmuseum.cam.ac.uk/wndev/assets/23/23P011L01.jpg|404 
23P013L12|http://webapps.fitzmuseum.cam.ac.uk/wndev/assets/23/23P013L12.jpg|404 
23P014L01|http://webapps.fitzmuseum.cam.ac.uk/wndev/assets/23/23P014L01.jpg|404 
23P015L16|http://webapps.fitzmuseum.cam.ac.uk/wndev/assets/23/23P015L16.jpg|404 
23P015L19|http://webapps.fitzmuseum.cam.ac.uk/wndev/assets/23/23P015L19.jpg|404 
23P016L01|http://webapps.fitzmuseum.cam.ac.uk/wndev/assets/23/23P016L01.jpg|404 
23P016L05|http://webapps.fitzmuseum.cam.ac.uk/wndev/assets/23/23P016L05.jpg|404 
23P016L11|http://webapps.fitzmuseum.cam.ac.uk/wndev/assets/23/23P016L11.jpg|404 
23P016L17|http://webapps.fitzmuseum.cam.ac.uk/wndev/assets/23/23P016L17.jpg|404 
23P017L01|http://webapps.fitzmuseum.cam.ac.uk/wndev/assets/23/23P017L01.jpg|404 
23P017L03|http://webapps.fitzmuseum.cam.ac.uk/wndev/assets/23/23P017L03.jpg|404 
23P017L07|http://webapps.fitzmuseum.cam.ac.uk/wndev/assets/23/23P017L07.jpg|404 
23P017L10|http://webapps.fitzmuseum.cam.ac.uk/wndev/assets/23/23P017L10.jpg|404 
23P017L13|http://webapps.fitzmuseum.cam.ac.uk/wndev/assets/23/23P017L13.jpg|404 
23P017L21|http://webapps.fitzmuseum.cam.ac.uk/wndev/assets/23/23P017L21.jpg|404 
23P018L01|http://webapps.fitzmuseum.cam.ac.uk/wndev/assets/23/23P018L01.jpg|404 
23P018L07|http://webapps.fitzmuseum.cam.ac.uk/wndev/assets/23/23P018L07.jpg|404 
23P018L18|http://webapps.fitzmuseum.cam.ac.uk/wndev/assets/23/23P018L18.jpg|404 
23P019L01|http://webapps.fitzmuseum.cam.ac.uk/wndev/assets/23/23P019L01.jpg|404 
23P019L09|http://webapps.fitzmuseum.cam.ac.uk/wndev/assets/23/23P019L09.jpg|404 
23P020L07|http://webapps.fitzmuseum.cam.ac.uk/wndev/assets/23/23P020L07.jpg|404 
23P020L10|http://webapps.fitzmuseum.cam.ac.uk/wndev/assets/23/23P020L10.jpg|404 
23P020L12|http://webapps.fitzmuseum.cam.ac.uk/wndev/assets/23/23P020L12.jpg|404 
23P020L17|http://webapps.fitzmuseum.cam.ac.uk/wndev/assets/23/23P020L17.jpg|404 
23P020L20|http://webapps.fitzmuseum.cam.ac.uk/wndev/assets/23/23P020L20.jpg|404 
23P021L01|http://webapps.fitzmuseum.cam.ac.uk/wndev/assets/23/23P021L01.jpg|404 
23P021L06|http://webapps.fitzmuseum.cam.ac.uk/wndev/assets/23/23P021L06.jpg|404 
23P021L10|http://webapps.fitzmuseum.cam.ac.uk/wndev/assets/23/23P021L10.jpg|404 
23P022L01|http://webapps.fitzmuseum.cam.ac.uk/wndev/assets/23/23P022L01.jpg|404 
23P023L01|http://webapps.fitzmuseum.cam.ac.uk/wndev/assets/23/23P023L01.jpg|404 
23P023L14|http://webapps.fitzmuseum.cam.ac.uk/wndev/assets/23/23P023L14.jpg|404 
23P024L01|http://webapps.fitzmuseum.cam.ac.uk/wndev/assets/23/23P024L01.jpg|404 
23P024L07|http://webapps.fitzmuseum.cam.ac.uk/wndev/assets/23/23P024L07.jpg|404 
23P024L15|http://webapps.fitzmuseum.cam.ac.uk/wndev/assets/23/23P024L15.jpg|404 
23P025L01|http://webapps.fitzmuseum.cam.ac.uk/wndev/assets/23/23P025L01.jpg|404 
23P025L04|http://webapps.fitzmuseum.cam.ac.uk/wndev/assets/23/23P025L04.jpg|404 
23P025L12|http://webapps.fitzmuseum.cam.ac.uk/wndev/assets/23/23P025L12.jpg|404 
23P026L01|http://webapps.fitzmuseum.cam.ac.uk/wndev/assets/23/23P026L01.jpg|404 
23P027L05|http://webapps.fitzmuseum.cam.ac.uk/wndev/assets/23/23P027L05.jpg|404 
23P027L11|http://webapps.fitzmuseum.cam.ac.uk/wndev/assets/23/23P027L11.jpg|404 
23P027L20|http://webapps.fitzmuseum.cam.ac.uk/wndev/assets/23/23P027L20.jpg|404 
23P028L01|http://webapps.fitzmuseum.cam.ac.uk/wndev/assets/23/23P028L01.jpg|404 
23P030L01|http://webapps.fitzmuseum.cam.ac.uk/wndev/assets/23/23P030L01.jpg|404 
23P030L05|http://webapps.fitzmuseum.cam.ac.uk/wndev/assets/23/23P030L05.jpg|404 
23P031L01|http://webapps.fitzmuseum.cam.ac.uk/wndev/assets/23/23P031L01.jpg|404 
23P031L10|http://webapps.fitzmuseum.cam.ac.uk/wndev/assets/23/23P031L10.jpg|404 
23P031L18|http://webapps.fitzmuseum.cam.ac.uk/wndev/assets/23/23P031L18.jpg|404 
23P031L22|http://webapps.fitzmuseum.cam.ac.uk/wndev/assets/23/23P031L22.jpg|404 
23P032L01|http://webapps.fitzmuseum.cam.ac.uk/wndev/assets/23/23P032L01.jpg|404 
23P032L11|http://webapps.fitzmuseum.cam.ac.uk/wndev/assets/23/23P032L11.jpg|404 
23P032L14|http://webapps.fitzmuseum.cam.ac.uk/wndev/assets/23/23P032L14.jpg|404 
23P032L17|http://webapps.fitzmuseum.cam.ac.uk/wndev/assets/23/23P032L17.jpg|404 
23P033L01|http://webapps.fitzmuseum.cam.ac.uk/wndev/assets/23/23P033L01.jpg|404 
23P034L01|http://webapps.fitzmuseum.cam.ac.uk/wndev/assets/23/23P034L01.jpg|404 
23P034L06|http://webapps.fitzmuseum.cam.ac.uk/wndev/assets/23/23P034L06.jpg|404 
23P034L10|http://webapps.fitzmuseum.cam.ac.uk/wndev/assets/23/23P034L10.jpg|404 
23P037L11|http://webapps.fitzmuseum.cam.ac.uk/wndev/assets/23/23P037L11.jpg|404 
23P037L21|http://webapps.fitzmuseum.cam.ac.uk/wndev/assets/23/23P037L21.jpg|404 
23P038L01|http://webapps.fitzmuseum.cam.ac.uk/wndev/assets/23/23P038L01.jpg|404 
23P038L07|http://webapps.fitzmuseum.cam.ac.uk/wndev/assets/23/23P038L07.jpg|404 
23P038L14|http://webapps.fitzmuseum.cam.ac.uk/wndev/assets/23/23P038L14.jpg|404 
23P038L20|http://webapps.fitzmuseum.cam.ac.uk/wndev/assets/23/23P038L20.jpg|404 
23P039L01|http://webapps.fitzmuseum.cam.ac.uk/wndev/assets/23/23P039L01.jpg|404 
24COVERL01|http://webapps.fitzmuseum.cam.ac.uk/wndev/assets/24/24COVERL01.jpg|404 
24P001L01|http://webapps.fitzmuseum.cam.ac.uk/wndev/assets/24/24P001L01.jpg|404 
24P001L05|http://webapps.fitzmuseum.cam.ac.uk/wndev/assets/24/24P001L05.jpg|404 
24P001L08|http://webapps.fitzmuseum.cam.ac.uk/wndev/assets/24/24P001L08.jpg|404 
24P001L10|http://webapps.fitzmuseum.cam.ac.uk/wndev/assets/24/24P001L10.jpg|404 
24P001L18|http://webapps.fitzmuseum.cam.ac.uk/wndev/assets/24/24P001L18.jpg|404 
24P002L01|http://webapps.fitzmuseum.cam.ac.uk/wndev/assets/24/24P002L01.jpg|404 
24P002L03|http://webapps.fitzmuseum.cam.ac.uk/wndev/assets/24/24P002L03.jpg|404 
24P002L15|http://webapps.fitzmuseum.cam.ac.uk/wndev/assets/24/24P002L15.jpg|404 
24P003L01|http://webapps.fitzmuseum.cam.ac.uk/wndev/assets/24/24P003L01.jpg|404 
24P003L15|http://webapps.fitzmuseum.cam.ac.uk/wndev/assets/24/24P003L15.jpg|404 
24P004L01|http://webapps.fitzmuseum.cam.ac.uk/wndev/assets/24/24P004L01.jpg|404 
24P004L06|http://webapps.fitzmuseum.cam.ac.uk/wndev/assets/24/24P004L06.jpg|404 
24P004L08|http://webapps.fitzmuseum.cam.ac.uk/wndev/assets/24/24P004L08.jpg|404 
24P004L12|http://webapps.fitzmuseum.cam.ac.uk/wndev/assets/24/24P004L12.jpg|404 
24P005L01|http://webapps.fitzmuseum.cam.ac.uk/wndev/assets/24/24P005L01.jpg|404 
24P005L08|http://webapps.fitzmuseum.cam.ac.uk/wndev/assets/24/24P005L08.jpg|404 
24P005L10|http://webapps.fitzmuseum.cam.ac.uk/wndev/assets/24/24P005L10.jpg|404 
24P005L14|http://webapps.fitzmuseum.cam.ac.uk/wndev/assets/24/24P005L14.jpg|404 
24P005L17|http://webapps.fitzmuseum.cam.ac.uk/wndev/assets/24/24P005L17.jpg|404 
24P006L01|http://webapps.fitzmuseum.cam.ac.uk/wndev/assets/24/24P006L01.jpg|404 
24P006L22|http://webapps.fitzmuseum.cam.ac.uk/wndev/assets/24/24P006L22.jpg|404 
24P007L01|http://webapps.fitzmuseum.cam.ac.uk/wndev/assets/24/24P007L01.jpg|404 
24P007L08|http://webapps.fitzmuseum.cam.ac.uk/wndev/assets/24/24P007L08.jpg|404 
24P007L11|http://webapps.fitzmuseum.cam.ac.uk/wndev/assets/24/24P007L11.jpg|404 
24P007L14|http://webapps.fitzmuseum.cam.ac.uk/wndev/assets/24/24P007L14.jpg|404 
24P007L17|http://webapps.fitzmuseum.cam.ac.uk/wndev/assets/24/24P007L17.jpg|404 
24P007L22|http://webapps.fitzmuseum.cam.ac.uk/wndev/assets/24/24P007L22.jpg|404 
24P008L01|http://webapps.fitzmuseum.cam.ac.uk/wndev/assets/24/24P008L01.jpg|404 
24P008L10|http://webapps.fitzmuseum.cam.ac.uk/wndev/assets/24/24P008L10.jpg|404 
24P008L18|http://webapps.fitzmuseum.cam.ac.uk/wndev/assets/24/24P008L18.jpg|404 
24P008L21|http://webapps.fitzmuseum.cam.ac.uk/wndev/assets/24/24P008L21.jpg|404 
24P008L23|http://webapps.fitzmuseum.cam.ac.uk/wndev/assets/24/24P008L23.jpg|404 
24P009L01|http://webapps.fitzmuseum.cam.ac.uk/wndev/assets/24/24P009L01.jpg|404 
24P009L14|http://webapps.fitzmuseum.cam.ac.uk/wndev/assets/24/24P009L14.jpg|404 
24P009L19|http://webapps.fitzmuseum.cam.ac.uk/wndev/assets/24/24P009L19.jpg|404 
24P010L01|http://webapps.fitzmuseum.cam.ac.uk/wndev/assets/24/24P010L01.jpg|404 
24P010L13|http://webapps.fitzmuseum.cam.ac.uk/wndev/assets/24/24P010L13.jpg|404 
24P011L05|http://webapps.fitzmuseum.cam.ac.uk/wndev/assets/24/24P011L05.jpg|404 
24P011L11|http://webapps.fitzmuseum.cam.ac.uk/wndev/assets/24/24P011L11.jpg|404 
24P011L17|http://webapps.fitzmuseum.cam.ac.uk/wndev/assets/24/24P011L17.jpg|404 
24P012L01|http://webapps.fitzmuseum.cam.ac.uk/wndev/assets/24/24P012L01.jpg|404 
24P012L04|http://webapps.fitzmuseum.cam.ac.uk/wndev/assets/24/24P012L04.jpg|404 
24P012L08|http://webapps.fitzmuseum.cam.ac.uk/wndev/assets/24/24P012L08.jpg|404 
24P012L18|http://webapps.fitzmuseum.cam.ac.uk/wndev/assets/24/24P012L18.jpg|404 
24P013L01|http://webapps.fitzmuseum.cam.ac.uk/wndev/assets/24/24P013L01.jpg|404 
24P013L12|http://webapps.fitzmuseum.cam.ac.uk/wndev/assets/24/24P013L12.jpg|404 
24P013L19|http://webapps.fitzmuseum.cam.ac.uk/wndev/assets/24/24P013L19.jpg|404 
24P014L01|http://webapps.fitzmuseum.cam.ac.uk/wndev/assets/24/24P014L01.jpg|404 
24P015L15|http://webapps.fitzmuseum.cam.ac.uk/wndev/assets/24/24P015L15.jpg|404 
24P016L01|http://webapps.fitzmuseum.cam.ac.uk/wndev/assets/24/24P016L01.jpg|404 
24P017L01|http://webapps.fitzmuseum.cam.ac.uk/wndev/assets/24/24P017L01.jpg|404 
24P018L01|http://webapps.fitzmuseum.cam.ac.uk/wndev/assets/24/24P018L01.jpg|404 
24P018L06|http://webapps.fitzmuseum.cam.ac.uk/wndev/assets/24/24P018L06.jpg|404 
24P018L16|http://webapps.fitzmuseum.cam.ac.uk/wndev/assets/24/24P018L16.jpg|404 
24P018L21|http://webapps.fitzmuseum.cam.ac.uk/wndev/assets/24/24P018L21.jpg|404 
24P019L01|http://webapps.fitzmuseum.cam.ac.uk/wndev/assets/24/24P019L01.jpg|404 
24P019L04|http://webapps.fitzmuseum.cam.ac.uk/wndev/assets/24/24P019L04.jpg|404 
24P019L06|http://webapps.fitzmuseum.cam.ac.uk/wndev/assets/24/24P019L06.jpg|404 
24P019L18|http://webapps.fitzmuseum.cam.ac.uk/wndev/assets/24/24P019L18.jpg|404 
24P019L20|http://webapps.fitzmuseum.cam.ac.uk/wndev/assets/24/24P019L20.jpg|404 
24P020L01|http://webapps.fitzmuseum.cam.ac.uk/wndev/assets/24/24P020L01.jpg|404 
24P020L20|http://webapps.fitzmuseum.cam.ac.uk/wndev/assets/24/24P020L20.jpg|404 
24P021L01|http://webapps.fitzmuseum.cam.ac.uk/wndev/assets/24/24P021L01.jpg|404 
24P021L08|http://webapps.fitzmuseum.cam.ac.uk/wndev/assets/24/24P021L08.jpg|404 
24P021L11|http://webapps.fitzmuseum.cam.ac.uk/wndev/assets/24/24P021L11.jpg|404 
24P021L16|http://webapps.fitzmuseum.cam.ac.uk/wndev/assets/24/24P021L16.jpg|404 
24P021L18|http://webapps.fitzmuseum.cam.ac.uk/wndev/assets/24/24P021L18.jpg|404 
24P022L01|http://webapps.fitzmuseum.cam.ac.uk/wndev/assets/24/24P022L01.jpg|404 
24P022L05|http://webapps.fitzmuseum.cam.ac.uk/wndev/assets/24/24P022L05.jpg|404 
24P022L12|http://webapps.fitzmuseum.cam.ac.uk/wndev/assets/24/24P022L12.jpg|404 
24P022L14|http://webapps.fitzmuseum.cam.ac.uk/wndev/assets/24/24P022L14.jpg|404 
24P022L16|http://webapps.fitzmuseum.cam.ac.uk/wndev/assets/24/24P022L16.jpg|404 
24P022L19|http://webapps.fitzmuseum.cam.ac.uk/wndev/assets/24/24P022L19.jpg|404 
24P023L01|http://webapps.fitzmuseum.cam.ac.uk/wndev/assets/24/24P023L01.jpg|404 
24P023L05|http://webapps.fitzmuseum.cam.ac.uk/wndev/assets/24/24P023L05.jpg|404 
24P023L07|http://webapps.fitzmuseum.cam.ac.uk/wndev/assets/24/24P023L07.jpg|404 
24P023L13|http://webapps.fitzmuseum.cam.ac.uk/wndev/assets/24/24P023L13.jpg|404 
24P023L17|http://webapps.fitzmuseum.cam.ac.uk/wndev/assets/24/24P023L17.jpg|404 
24P023L20|http://webapps.fitzmuseum.cam.ac.uk/wndev/assets/24/24P023L20.jpg|404 
24P024L01|http://webapps.fitzmuseum.cam.ac.uk/wndev/assets/24/24P024L01.jpg|404 
24P024L17|http://webapps.fitzmuseum.cam.ac.uk/wndev/assets/24/24P024L17.jpg|404 
24P025L01|http://webapps.fitzmuseum.cam.ac.uk/wndev/assets/24/24P025L01.jpg|404 
24P025L04|http://webapps.fitzmuseum.cam.ac.uk/wndev/assets/24/24P025L04.jpg|404 
24P025L13|http://webapps.fitzmuseum.cam.ac.uk/wndev/assets/24/24P025L13.jpg|404 
24P025L19|http://webapps.fitzmuseum.cam.ac.uk/wndev/assets/24/24P025L19.jpg|404 
24P026L01|http://webapps.fitzmuseum.cam.ac.uk/wndev/assets/24/24P026L01.jpg|404 
24P027L01|http://webapps.fitzmuseum.cam.ac.uk/wndev/assets/24/24P027L01.jpg|404 
24P027L14|http://webapps.fitzmuseum.cam.ac.uk/wndev/assets/24/24P027L14.jpg|404 
24P028L01|http://webapps.fitzmuseum.cam.ac.uk/wndev/assets/24/24P028L01.jpg|404 
24P028L10|http://webapps.fitzmuseum.cam.ac.uk/wndev/assets/24/24P028L10.jpg|404 
24P028L17|http://webapps.fitzmuseum.cam.ac.uk/wndev/assets/24/24P028L17.jpg|404 
24P029L01|http://webapps.fitzmuseum.cam.ac.uk/wndev/assets/24/24P029L01.jpg|404 
24P030L01|http://webapps.fitzmuseum.cam.ac.uk/wndev/assets/24/24P030L01.jpg|404 
24P030L12|http://webapps.fitzmuseum.cam.ac.uk/wndev/assets/24/24P030L12.jpg|404 
24P030L15|http://webapps.fitzmuseum.cam.ac.uk/wndev/assets/24/24P030L15.jpg|404 
24P031L01|http://webapps.fitzmuseum.cam.ac.uk/wndev/assets/24/24P031L01.jpg|404 
24P031L07|http://webapps.fitzmuseum.cam.ac.uk/wndev/assets/24/24P031L07.jpg|404 
24P031L12|http://webapps.fitzmuseum.cam.ac.uk/wndev/assets/24/24P031L12.jpg|404 
24P032L01|http://webapps.fitzmuseum.cam.ac.uk/wndev/assets/24/24P032L01.jpg|404 
24P033L01|http://webapps.fitzmuseum.cam.ac.uk/wndev/assets/24/24P033L01.jpg|404 
24P033L09|http://webapps.fitzmuseum.cam.ac.uk/wndev/assets/24/24P033L09.jpg|404 
24P033L20|http://webapps.fitzmuseum.cam.ac.uk/wndev/assets/24/24P033L20.jpg|404 
24P034L01|http://webapps.fitzmuseum.cam.ac.uk/wndev/assets/24/24P034L01.jpg|404 
24P034L14|http://webapps.fitzmuseum.cam.ac.uk/wndev/assets/24/24P034L14.jpg|404 
24P035L01|http://webapps.fitzmuseum.cam.ac.uk/wndev/assets/24/24P035L01.jpg|404 
24P036L05|http://webapps.fitzmuseum.cam.ac.uk/wndev/assets/24/24P036L05.jpg|404 
24P036L13|http://webapps.fitzmuseum.cam.ac.uk/wndev/assets/24/24P036L13.jpg|404 
24P036L16|http://webapps.fitzmuseum.cam.ac.uk/wndev/assets/24/24P036L16.jpg|404 
24P036L22|http://webapps.fitzmuseum.cam.ac.uk/wndev/assets/24/24P036L22.jpg|404 
24P037L01|http://webapps.fitzmuseum.cam.ac.uk/wndev/assets/24/24P037L01.jpg|404 
24P037L10|http://webapps.fitzmuseum.cam.ac.uk/wndev/assets/24/24P037L10.jpg|404 
24P037L12|http://webapps.fitzmuseum.cam.ac.uk/wndev/assets/24/24P037L12.jpg|404 
24P037L18|http://webapps.fitzmuseum.cam.ac.uk/wndev/assets/24/24P037L18.jpg|404 
24P037L21|http://webapps.fitzmuseum.cam.ac.uk/wndev/assets/24/24P037L21.jpg|404 
24P038L01|http://webapps.fitzmuseum.cam.ac.uk/wndev/assets/24/24P038L01.jpg|404 
24P038L11|http://webapps.fitzmuseum.cam.ac.uk/wndev/assets/24/24P038L11.jpg|404 
24P038L17|http://webapps.fitzmuseum.cam.ac.uk/wndev/assets/24/24P038L17.jpg|404 
24P038L20|http://webapps.fitzmuseum.cam.ac.uk/wndev/assets/24/24P038L20.jpg|404 
25COVERL01|http://webapps.fitzmuseum.cam.ac.uk/wndev/assets/25/25COVERL01.jpg|404 
25P001L01|http://webapps.fitzmuseum.cam.ac.uk/wndev/assets/25/25P001L01.jpg|404 
25P001L07|http://webapps.fitzmuseum.cam.ac.uk/wndev/assets/25/25P001L07.jpg|404 
25P001L13|http://webapps.fitzmuseum.cam.ac.uk/wndev/assets/25/25P001L13.jpg|404 
25P001L17|http://webapps.fitzmuseum.cam.ac.uk/wndev/assets/25/25P001L17.jpg|404 
25P001L21|http://webapps.fitzmuseum.cam.ac.uk/wndev/assets/25/25P001L21.jpg|404 
25P002L01|http://webapps.fitzmuseum.cam.ac.uk/wndev/assets/25/25P002L01.jpg|404 
25P002L17|http://webapps.fitzmuseum.cam.ac.uk/wndev/assets/25/25P002L17.jpg|404 
25P002L22|http://webapps.fitzmuseum.cam.ac.uk/wndev/assets/25/25P002L22.jpg|404 
25P003L01|http://webapps.fitzmuseum.cam.ac.uk/wndev/assets/25/25P003L01.jpg|404 
25P003L05|http://webapps.fitzmuseum.cam.ac.uk/wndev/assets/25/25P003L05.jpg|404 
25P003L10|http://webapps.fitzmuseum.cam.ac.uk/wndev/assets/25/25P003L10.jpg|404 
25P003L14|http://webapps.fitzmuseum.cam.ac.uk/wndev/assets/25/25P003L14.jpg|404 
25P003L18|http://webapps.fitzmuseum.cam.ac.uk/wndev/assets/25/25P003L18.jpg|404 
25P004L01|http://webapps.fitzmuseum.cam.ac.uk/wndev/assets/25/25P004L01.jpg|404 
25P004L12|http://webapps.fitzmuseum.cam.ac.uk/wndev/assets/25/25P004L12.jpg|404 
25P004L20|http://webapps.fitzmuseum.cam.ac.uk/wndev/assets/25/25P004L20.jpg|404 
25P004L22|http://webapps.fitzmuseum.cam.ac.uk/wndev/assets/25/25P004L22.jpg|404 
25P005L01|http://webapps.fitzmuseum.cam.ac.uk/wndev/assets/25/25P005L01.jpg|404 
25P005L16|http://webapps.fitzmuseum.cam.ac.uk/wndev/assets/25/25P005L16.jpg|404 
25P006L01|http://webapps.fitzmuseum.cam.ac.uk/wndev/assets/25/25P006L01.jpg|404 
25P006L21|http://webapps.fitzmuseum.cam.ac.uk/wndev/assets/25/25P006L21.jpg|404 
25P007L01|http://webapps.fitzmuseum.cam.ac.uk/wndev/assets/25/25P007L01.jpg|404 
25P007L07|http://webapps.fitzmuseum.cam.ac.uk/wndev/assets/25/25P007L07.jpg|404 
25P007L14|http://webapps.fitzmuseum.cam.ac.uk/wndev/assets/25/25P007L14.jpg|404 
25P008L01|http://webapps.fitzmuseum.cam.ac.uk/wndev/assets/25/25P008L01.jpg|404 
25P008L11|http://webapps.fitzmuseum.cam.ac.uk/wndev/assets/25/25P008L11.jpg|404 
25P008L17|http://webapps.fitzmuseum.cam.ac.uk/wndev/assets/25/25P008L17.jpg|404 
25P009L01|http://webapps.fitzmuseum.cam.ac.uk/wndev/assets/25/25P009L01.jpg|404 
25P009L09|http://webapps.fitzmuseum.cam.ac.uk/wndev/assets/25/25P009L09.jpg|404 
25P009L16|http://webapps.fitzmuseum.cam.ac.uk/wndev/assets/25/25P009L16.jpg|404 
25P009L19|http://webapps.fitzmuseum.cam.ac.uk/wndev/assets/25/25P009L19.jpg|404 
25P010L01|http://webapps.fitzmuseum.cam.ac.uk/wndev/assets/25/25P010L01.jpg|404 
25P011L16|http://webapps.fitzmuseum.cam.ac.uk/wndev/assets/25/25P011L16.jpg|404 
25P011L22|http://webapps.fitzmuseum.cam.ac.uk/wndev/assets/25/25P011L22.jpg|404 
25P012L06|http://webapps.fitzmuseum.cam.ac.uk/wndev/assets/25/25P012L06.jpg|404 
25P012L17|http://webapps.fitzmuseum.cam.ac.uk/wndev/assets/25/25P012L17.jpg|404 
25P013L01|http://webapps.fitzmuseum.cam.ac.uk/wndev/assets/25/25P013L01.jpg|404 
25P013L10|http://webapps.fitzmuseum.cam.ac.uk/wndev/assets/25/25P013L10.jpg|404 
25P014L09|http://webapps.fitzmuseum.cam.ac.uk/wndev/assets/25/25P014L09.jpg|404 
25P014L11|http://webapps.fitzmuseum.cam.ac.uk/wndev/assets/25/25P014L11.jpg|404 
25P014L20|http://webapps.fitzmuseum.cam.ac.uk/wndev/assets/25/25P014L20.jpg|404 
25P015L13|http://webapps.fitzmuseum.cam.ac.uk/wndev/assets/25/25P015L13.jpg|404 
25P015L19|http://webapps.fitzmuseum.cam.ac.uk/wndev/assets/25/25P015L19.jpg|404 
25P016L04|http://webapps.fitzmuseum.cam.ac.uk/wndev/assets/25/25P016L04.jpg|404 
25P016L09|http://webapps.fitzmuseum.cam.ac.uk/wndev/assets/25/25P016L09.jpg|404 
25P016L19|http://webapps.fitzmuseum.cam.ac.uk/wndev/assets/25/25P016L19.jpg|404 
25P017L06|http://webapps.fitzmuseum.cam.ac.uk/wndev/assets/25/25P017L06.jpg|404 
25P017L10|http://webapps.fitzmuseum.cam.ac.uk/wndev/assets/25/25P017L10.jpg|404 
25P017L23|http://webapps.fitzmuseum.cam.ac.uk/wndev/assets/25/25P017L23.jpg|404 
25P018L01|http://webapps.fitzmuseum.cam.ac.uk/wndev/assets/25/25P018L01.jpg|404 
25P018L08|http://webapps.fitzmuseum.cam.ac.uk/wndev/assets/25/25P018L08.jpg|404 
25P018L19|http://webapps.fitzmuseum.cam.ac.uk/wndev/assets/25/25P018L19.jpg|404 
25P018L23|http://webapps.fitzmuseum.cam.ac.uk/wndev/assets/25/25P018L23.jpg|404 
25P019L01|http://webapps.fitzmuseum.cam.ac.uk/wndev/assets/25/25P019L01.jpg|404 
25P019L07|http://webapps.fitzmuseum.cam.ac.uk/wndev/assets/25/25P019L07.jpg|404 
25P019L12|http://webapps.fitzmuseum.cam.ac.uk/wndev/assets/25/25P019L12.jpg|404 
25P019L22|http://webapps.fitzmuseum.cam.ac.uk/wndev/assets/25/25P019L22.jpg|404 
25P020L01|http://webapps.fitzmuseum.cam.ac.uk/wndev/assets/25/25P020L01.jpg|404 
25P021L11|http://webapps.fitzmuseum.cam.ac.uk/wndev/assets/25/25P021L11.jpg|404 
25P021L21|http://webapps.fitzmuseum.cam.ac.uk/wndev/assets/25/25P021L21.jpg|404 
25P022L01|http://webapps.fitzmuseum.cam.ac.uk/wndev/assets/25/25P022L01.jpg|404 
25P022L11|http://webapps.fitzmuseum.cam.ac.uk/wndev/assets/25/25P022L11.jpg|404 
25P022L16|http://webapps.fitzmuseum.cam.ac.uk/wndev/assets/25/25P022L16.jpg|404 
25P023L01|http://webapps.fitzmuseum.cam.ac.uk/wndev/assets/25/25P023L01.jpg|404 
25P023L07|http://webapps.fitzmuseum.cam.ac.uk/wndev/assets/25/25P023L07.jpg|404 
25P023L12|http://webapps.fitzmuseum.cam.ac.uk/wndev/assets/25/25P023L12.jpg|404 
25P024L01|http://webapps.fitzmuseum.cam.ac.uk/wndev/assets/25/25P024L01.jpg|404 
25P024L04|http://webapps.fitzmuseum.cam.ac.uk/wndev/assets/25/25P024L04.jpg|404 
25P024L16|http://webapps.fitzmuseum.cam.ac.uk/wndev/assets/25/25P024L16.jpg|404 
25P024L18|http://webapps.fitzmuseum.cam.ac.uk/wndev/assets/25/25P024L18.jpg|404 
25P025L01|http://webapps.fitzmuseum.cam.ac.uk/wndev/assets/25/25P025L01.jpg|404 
25P026L11|http://webapps.fitzmuseum.cam.ac.uk/wndev/assets/25/25P026L11.jpg|404 
25P026L20|http://webapps.fitzmuseum.cam.ac.uk/wndev/assets/25/25P026L20.jpg|404 
25P027L01|http://webapps.fitzmuseum.cam.ac.uk/wndev/assets/25/25P027L01.jpg|404 
25P027L10|http://webapps.fitzmuseum.cam.ac.uk/wndev/assets/25/25P027L10.jpg|404 
25P027L13|http://webapps.fitzmuseum.cam.ac.uk/wndev/assets/25/25P027L13.jpg|404 
25P027L15|http://webapps.fitzmuseum.cam.ac.uk/wndev/assets/25/25P027L15.jpg|404 
25P027L22|http://webapps.fitzmuseum.cam.ac.uk/wndev/assets/25/25P027L22.jpg|404 
25P028L01|http://webapps.fitzmuseum.cam.ac.uk/wndev/assets/25/25P028L01.jpg|404 
25P028L07|http://webapps.fitzmuseum.cam.ac.uk/wndev/assets/25/25P028L07.jpg|404 
25P029L02|http://webapps.fitzmuseum.cam.ac.uk/wndev/assets/25/25P029L02.jpg|404 
25P029L16|http://webapps.fitzmuseum.cam.ac.uk/wndev/assets/25/25P029L16.jpg|404 
25P029L20|http://webapps.fitzmuseum.cam.ac.uk/wndev/assets/25/25P029L20.jpg|404 
25P030L01|http://webapps.fitzmuseum.cam.ac.uk/wndev/assets/25/25P030L01.jpg|404 
25P030L15|http://webapps.fitzmuseum.cam.ac.uk/wndev/assets/25/25P030L15.jpg|404 
25P031L01|http://webapps.fitzmuseum.cam.ac.uk/wndev/assets/25/25P031L01.jpg|404 
25P039L01|http://webapps.fitzmuseum.cam.ac.uk/wndev/assets/25/25P039L01.jpg|404 
25P039L06|http://webapps.fitzmuseum.cam.ac.uk/wndev/assets/25/25P039L06.jpg|404 
25P040L01|http://webapps.fitzmuseum.cam.ac.uk/wndev/assets/25/25P040L01.jpg|404 
25P040L13|http://webapps.fitzmuseum.cam.ac.uk/wndev/assets/25/25P040L13.jpg|404 
26COVERL01|http://webapps.fitzmuseum.cam.ac.uk/wndev/assets/26/26COVERL01.jpg|404 
26P001L01|http://webapps.fitzmuseum.cam.ac.uk/wndev/assets/26/26P001L01.jpg|404 
26P002L12|http://webapps.fitzmuseum.cam.ac.uk/wndev/assets/26/26P002L12.jpg|404 
26P002L19|http://webapps.fitzmuseum.cam.ac.uk/wndev/assets/26/26P002L19.jpg|404 
26P002L21|http://webapps.fitzmuseum.cam.ac.uk/wndev/assets/26/26P002L21.jpg|404 
26P003L01|http://webapps.fitzmuseum.cam.ac.uk/wndev/assets/26/26P003L01.jpg|404 
26P003L15|http://webapps.fitzmuseum.cam.ac.uk/wndev/assets/26/26P003L15.jpg|404 
26P004L01|http://webapps.fitzmuseum.cam.ac.uk/wndev/assets/26/26P004L01.jpg|404 
26P004L11|http://webapps.fitzmuseum.cam.ac.uk/wndev/assets/26/26P004L11.jpg|404 
26P004L16|http://webapps.fitzmuseum.cam.ac.uk/wndev/assets/26/26P004L16.jpg|404 
26P005L01|http://webapps.fitzmuseum.cam.ac.uk/wndev/assets/26/26P005L01.jpg|404 
26P006L01|http://webapps.fitzmuseum.cam.ac.uk/wndev/assets/26/26P006L01.jpg|404 
26P006L12|http://webapps.fitzmuseum.cam.ac.uk/wndev/assets/26/26P006L12.jpg|404 
26P006L14|http://webapps.fitzmuseum.cam.ac.uk/wndev/assets/26/26P006L14.jpg|404 
26P007L01|http://webapps.fitzmuseum.cam.ac.uk/wndev/assets/26/26P007L01.jpg|404 
26P007L19|http://webapps.fitzmuseum.cam.ac.uk/wndev/assets/26/26P007L19.jpg|404 
26P008L01|http://webapps.fitzmuseum.cam.ac.uk/wndev/assets/26/26P008L01.jpg|404 
26P008L10|http://webapps.fitzmuseum.cam.ac.uk/wndev/assets/26/26P008L10.jpg|404 
26P008L20|http://webapps.fitzmuseum.cam.ac.uk/wndev/assets/26/26P008L20.jpg|404 
26P009L01|http://webapps.fitzmuseum.cam.ac.uk/wndev/assets/26/26P009L01.jpg|404 
26P009L12|http://webapps.fitzmuseum.cam.ac.uk/wndev/assets/26/26P009L12.jpg|404 
26P010L01|http://webapps.fitzmuseum.cam.ac.uk/wndev/assets/26/26P010L01.jpg|404 
26P011L01|http://webapps.fitzmuseum.cam.ac.uk/wndev/assets/26/26P011L01.jpg|404 
26P011L06|http://webapps.fitzmuseum.cam.ac.uk/wndev/assets/26/26P011L06.jpg|404 
26P011L20|http://webapps.fitzmuseum.cam.ac.uk/wndev/assets/26/26P011L20.jpg|404 
26P012L01|http://webapps.fitzmuseum.cam.ac.uk/wndev/assets/26/26P012L01.jpg|404 
26P012L10|http://webapps.fitzmuseum.cam.ac.uk/wndev/assets/26/26P012L10.jpg|404 
26P012L12|http://webapps.fitzmuseum.cam.ac.uk/wndev/assets/26/26P012L12.jpg|404 
26P012L19|http://webapps.fitzmuseum.cam.ac.uk/wndev/assets/26/26P012L19.jpg|404 
26P013L08|http://webapps.fitzmuseum.cam.ac.uk/wndev/assets/26/26P013L08.jpg|404 
26P013L16|http://webapps.fitzmuseum.cam.ac.uk/wndev/assets/26/26P013L16.jpg|404 
26P014L01|http://webapps.fitzmuseum.cam.ac.uk/wndev/assets/26/26P014L01.jpg|404 
26P014L15|http://webapps.fitzmuseum.cam.ac.uk/wndev/assets/26/26P014L15.jpg|404 
26P016L01|http://webapps.fitzmuseum.cam.ac.uk/wndev/assets/26/26P016L01.jpg|404 
26P016L08|http://webapps.fitzmuseum.cam.ac.uk/wndev/assets/26/26P016L08.jpg|404 
26P016L11|http://webapps.fitzmuseum.cam.ac.uk/wndev/assets/26/26P016L11.jpg|404 
26P016L19|http://webapps.fitzmuseum.cam.ac.uk/wndev/assets/26/26P016L19.jpg|404 
26P016L21|http://webapps.fitzmuseum.cam.ac.uk/wndev/assets/26/26P016L21.jpg|404 
26P017L01|http://webapps.fitzmuseum.cam.ac.uk/wndev/assets/26/26P017L01.jpg|404 
26P017L13|http://webapps.fitzmuseum.cam.ac.uk/wndev/assets/26/26P017L13.jpg|404 
26P017L19|http://webapps.fitzmuseum.cam.ac.uk/wndev/assets/26/26P017L19.jpg|404 
26P018L01|http://webapps.fitzmuseum.cam.ac.uk/wndev/assets/26/26P018L01.jpg|404 
26P019L08|http://webapps.fitzmuseum.cam.ac.uk/wndev/assets/26/26P019L08.jpg|404 
26P020L23|http://webapps.fitzmuseum.cam.ac.uk/wndev/assets/26/26P020L23.jpg|404 
26P021L01|http://webapps.fitzmuseum.cam.ac.uk/wndev/assets/26/26P021L01.jpg|404 
26P021L08|http://webapps.fitzmuseum.cam.ac.uk/wndev/assets/26/26P021L08.jpg|404 
26P021L22|http://webapps.fitzmuseum.cam.ac.uk/wndev/assets/26/26P021L22.jpg|404 
26P022L01|http://webapps.fitzmuseum.cam.ac.uk/wndev/assets/26/26P022L01.jpg|404 
26P027L01|http://webapps.fitzmuseum.cam.ac.uk/wndev/assets/26/26P027L01.jpg|404 
26P027L16|http://webapps.fitzmuseum.cam.ac.uk/wndev/assets/26/26P027L16.jpg|404 
26P027L20|http://webapps.fitzmuseum.cam.ac.uk/wndev/assets/26/26P027L20.jpg|404 
26P028L01|http://webapps.fitzmuseum.cam.ac.uk/wndev/assets/26/26P028L01.jpg|404 
26P028L13|http://webapps.fitzmuseum.cam.ac.uk/wndev/assets/26/26P028L13.jpg|404 
26P028L19|http://webapps.fitzmuseum.cam.ac.uk/wndev/assets/26/26P028L19.jpg|404 
26P029L01|http://webapps.fitzmuseum.cam.ac.uk/wndev/assets/26/26P029L01.jpg|404 
26P029L06|http://webapps.fitzmuseum.cam.ac.uk/wndev/assets/26/26P029L06.jpg|404 
26P029L11|http://webapps.fitzmuseum.cam.ac.uk/wndev/assets/26/26P029L11.jpg|404 
26P030L01|http://webapps.fitzmuseum.cam.ac.uk/wndev/assets/26/26P030L01.jpg|404 
26P030L04|http://webapps.fitzmuseum.cam.ac.uk/wndev/assets/26/26P030L04.jpg|404 
26P030L13|http://webapps.fitzmuseum.cam.ac.uk/wndev/assets/26/26P030L13.jpg|404 
26P031L03|http://webapps.fitzmuseum.cam.ac.uk/wndev/assets/26/26P031L03.jpg|404 
26P031L13|http://webapps.fitzmuseum.cam.ac.uk/wndev/assets/26/26P031L13.jpg|404 
26P032L03|http://webapps.fitzmuseum.cam.ac.uk/wndev/assets/26/26P032L03.jpg|404 
26P032L09|http://webapps.fitzmuseum.cam.ac.uk/wndev/assets/26/26P032L09.jpg|404 
26P032L19|http://webapps.fitzmuseum.cam.ac.uk/wndev/assets/26/26P032L19.jpg|404 
26P033L01|http://webapps.fitzmuseum.cam.ac.uk/wndev/assets/26/26P033L01.jpg|404 
26P033L05|http://webapps.fitzmuseum.cam.ac.uk/wndev/assets/26/26P033L05.jpg|404 
26P033L12|http://webapps.fitzmuseum.cam.ac.uk/wndev/assets/26/26P033L12.jpg|404 
26P033L16|http://webapps.fitzmuseum.cam.ac.uk/wndev/assets/26/26P033L16.jpg|404 
26P033L19|http://webapps.fitzmuseum.cam.ac.uk/wndev/assets/26/26P033L19.jpg|404 
26P034L01|http://webapps.fitzmuseum.cam.ac.uk/wndev/assets/26/26P034L01.jpg|404 
26P034L08|http://webapps.fitzmuseum.cam.ac.uk/wndev/assets/26/26P034L08.jpg|404 
26P034L14|http://webapps.fitzmuseum.cam.ac.uk/wndev/assets/26/26P034L14.jpg|404 
26P035L04|http://webapps.fitzmuseum.cam.ac.uk/wndev/assets/26/26P035L04.jpg|404 
26P036L01|http://webapps.fitzmuseum.cam.ac.uk/wndev/assets/26/26P036L01.jpg|404 
26P036L13|http://webapps.fitzmuseum.cam.ac.uk/wndev/assets/26/26P036L13.jpg|404 
26P036L16|http://webapps.fitzmuseum.cam.ac.uk/wndev/assets/26/26P036L16.jpg|404 
26P037L03|http://webapps.fitzmuseum.cam.ac.uk/wndev/assets/26/26P037L03.jpg|404 
26P038L01|http://webapps.fitzmuseum.cam.ac.uk/wndev/assets/26/26P038L01.jpg|404 
26P038L05|http://webapps.fitzmuseum.cam.ac.uk/wndev/assets/26/26P038L05.jpg|404 
26P038L12|http://webapps.fitzmuseum.cam.ac.uk/wndev/assets/26/26P038L12.jpg|404 
26P038L22|http://webapps.fitzmuseum.cam.ac.uk/wndev/assets/26/26P038L22.jpg|404 
26P039L01|http://webapps.fitzmuseum.cam.ac.uk/wndev/assets/26/26P039L01.jpg|404 
26P039L04|http://webapps.fitzmuseum.cam.ac.uk/wndev/assets/26/26P039L04.jpg|404 
26P039L07|http://webapps.fitzmuseum.cam.ac.uk/wndev/assets/26/26P039L07.jpg|404 
26P039L12|http://webapps.fitzmuseum.cam.ac.uk/wndev/assets/26/26P039L12.jpg|404 
26P039L17|http://webapps.fitzmuseum.cam.ac.uk/wndev/assets/26/26P039L17.jpg|404 
26P040L01|http://webapps.fitzmuseum.cam.ac.uk/wndev/assets/26/26P040L01.jpg|404 
26P040L17|http://webapps.fitzmuseum.cam.ac.uk/wndev/assets/26/26P040L17.jpg|404 
26P040L20|http://webapps.fitzmuseum.cam.ac.uk/wndev/assets/26/26P040L20.jpg|404 
27COVERL01|http://webapps.fitzmuseum.cam.ac.uk/wndev/assets/27/27COVERL01.jpg|404 
27P001L01|http://webapps.fitzmuseum.cam.ac.uk/wndev/assets/27/27P001L01.jpg|404 
27P001L13|http://webapps.fitzmuseum.cam.ac.uk/wndev/assets/27/27P001L13.jpg|404 
27P001L18|http://webapps.fitzmuseum.cam.ac.uk/wndev/assets/27/27P001L18.jpg|404 
27P002L09|http://webapps.fitzmuseum.cam.ac.uk/wndev/assets/27/27P002L09.jpg|404 
27P002L17|http://webapps.fitzmuseum.cam.ac.uk/wndev/assets/27/27P002L17.jpg|404 
27P003L01|http://webapps.fitzmuseum.cam.ac.uk/wndev/assets/27/27P003L01.jpg|404 
27P003L06|http://webapps.fitzmuseum.cam.ac.uk/wndev/assets/27/27P003L06.jpg|404 
27P003L13|http://webapps.fitzmuseum.cam.ac.uk/wndev/assets/27/27P003L13.jpg|404 
27P003L21|http://webapps.fitzmuseum.cam.ac.uk/wndev/assets/27/27P003L21.jpg|404 
27P004L01|http://webapps.fitzmuseum.cam.ac.uk/wndev/assets/27/27P004L01.jpg|404 
27P004L04|http://webapps.fitzmuseum.cam.ac.uk/wndev/assets/27/27P004L04.jpg|404 
27P004L13|http://webapps.fitzmuseum.cam.ac.uk/wndev/assets/27/27P004L13.jpg|404 
27P005L01|http://webapps.fitzmuseum.cam.ac.uk/wndev/assets/27/27P005L01.jpg|404 
27P005L06|http://webapps.fitzmuseum.cam.ac.uk/wndev/assets/27/27P005L06.jpg|404 
27P005L17|http://webapps.fitzmuseum.cam.ac.uk/wndev/assets/27/27P005L17.jpg|404 
27P005L19|http://webapps.fitzmuseum.cam.ac.uk/wndev/assets/27/27P005L19.jpg|404 
27P006L01|http://webapps.fitzmuseum.cam.ac.uk/wndev/assets/27/27P006L01.jpg|404 
27P006L07|http://webapps.fitzmuseum.cam.ac.uk/wndev/assets/27/27P006L07.jpg|404 
27P006L14|http://webapps.fitzmuseum.cam.ac.uk/wndev/assets/27/27P006L14.jpg|404 
27P006L16|http://webapps.fitzmuseum.cam.ac.uk/wndev/assets/27/27P006L16.jpg|404 
27P006L21|http://webapps.fitzmuseum.cam.ac.uk/wndev/assets/27/27P006L21.jpg|404 
27P007L05|http://webapps.fitzmuseum.cam.ac.uk/wndev/assets/27/27P007L05.jpg|404 
27P007L14|http://webapps.fitzmuseum.cam.ac.uk/wndev/assets/27/27P007L14.jpg|404 
27P007L19|http://webapps.fitzmuseum.cam.ac.uk/wndev/assets/27/27P007L19.jpg|404 
27P008L01|http://webapps.fitzmuseum.cam.ac.uk/wndev/assets/27/27P008L01.jpg|404 
27P009L01|http://webapps.fitzmuseum.cam.ac.uk/wndev/assets/27/27P009L01.jpg|404 
27P010L14|http://webapps.fitzmuseum.cam.ac.uk/wndev/assets/27/27P010L14.jpg|404 
27P011L01|http://webapps.fitzmuseum.cam.ac.uk/wndev/assets/27/27P011L01.jpg|404 
27P013L18|http://webapps.fitzmuseum.cam.ac.uk/wndev/assets/27/27P013L18.jpg|404 
27P014L01|http://webapps.fitzmuseum.cam.ac.uk/wndev/assets/27/27P014L01.jpg|404 
27P014L11|http://webapps.fitzmuseum.cam.ac.uk/wndev/assets/27/27P014L11.jpg|404 
27P015L01|http://webapps.fitzmuseum.cam.ac.uk/wndev/assets/27/27P015L01.jpg|404 
27P016L05|http://webapps.fitzmuseum.cam.ac.uk/wndev/assets/27/27P016L05.jpg|404 
27P016L14|http://webapps.fitzmuseum.cam.ac.uk/wndev/assets/27/27P016L14.jpg|404 
27P016L20|http://webapps.fitzmuseum.cam.ac.uk/wndev/assets/27/27P016L20.jpg|404 
27P017L01|http://webapps.fitzmuseum.cam.ac.uk/wndev/assets/27/27P017L01.jpg|404 
27P017L09|http://webapps.fitzmuseum.cam.ac.uk/wndev/assets/27/27P017L09.jpg|404 
27P017L16|http://webapps.fitzmuseum.cam.ac.uk/wndev/assets/27/27P017L16.jpg|404 
27P018L07|http://webapps.fitzmuseum.cam.ac.uk/wndev/assets/27/27P018L07.jpg|404 
27P018L17|http://webapps.fitzmuseum.cam.ac.uk/wndev/assets/27/27P018L17.jpg|404 
27P019L01|http://webapps.fitzmuseum.cam.ac.uk/wndev/assets/27/27P019L01.jpg|404 
27P020L01|http://webapps.fitzmuseum.cam.ac.uk/wndev/assets/27/27P020L01.jpg|404 
27P020L06|http://webapps.fitzmuseum.cam.ac.uk/wndev/assets/27/27P020L06.jpg|404 
27P020L22|http://webapps.fitzmuseum.cam.ac.uk/wndev/assets/27/27P020L22.jpg|404 
27P021L01|http://webapps.fitzmuseum.cam.ac.uk/wndev/assets/27/27P021L01.jpg|404 
27P021L04|http://webapps.fitzmuseum.cam.ac.uk/wndev/assets/27/27P021L04.jpg|404 
27P021L07|http://webapps.fitzmuseum.cam.ac.uk/wndev/assets/27/27P021L07.jpg|404 
27P021L11|http://webapps.fitzmuseum.cam.ac.uk/wndev/assets/27/27P021L11.jpg|404 
27P021L14|http://webapps.fitzmuseum.cam.ac.uk/wndev/assets/27/27P021L14.jpg|404 
27P022L01|http://webapps.fitzmuseum.cam.ac.uk/wndev/assets/27/27P022L01.jpg|404 
27P022L20|http://webapps.fitzmuseum.cam.ac.uk/wndev/assets/27/27P022L20.jpg|404 
27P023L01|http://webapps.fitzmuseum.cam.ac.uk/wndev/assets/27/27P023L01.jpg|404 
27P023L17|http://webapps.fitzmuseum.cam.ac.uk/wndev/assets/27/27P023L17.jpg|404 
27P023L22|http://webapps.fitzmuseum.cam.ac.uk/wndev/assets/27/27P023L22.jpg|404 
27P024L01|http://webapps.fitzmuseum.cam.ac.uk/wndev/assets/27/27P024L01.jpg|404 
27P024L15|http://webapps.fitzmuseum.cam.ac.uk/wndev/assets/27/27P024L15.jpg|404 
27P024L19|http://webapps.fitzmuseum.cam.ac.uk/wndev/assets/27/27P024L19.jpg|404 
27P025L06|http://webapps.fitzmuseum.cam.ac.uk/wndev/assets/27/27P025L06.jpg|404 
27P025L15|http://webapps.fitzmuseum.cam.ac.uk/wndev/assets/27/27P025L15.jpg|404 
27P025L17|http://webapps.fitzmuseum.cam.ac.uk/wndev/assets/27/27P025L17.jpg|404 
27P025L18|http://webapps.fitzmuseum.cam.ac.uk/wndev/assets/27/27P025L18.jpg|404 
27P026L11|http://webapps.fitzmuseum.cam.ac.uk/wndev/assets/27/27P026L11.jpg|404 
27P026L17|http://webapps.fitzmuseum.cam.ac.uk/wndev/assets/27/27P026L17.jpg|404 
28COVERL01|http://webapps.fitzmuseum.cam.ac.uk/wndev/assets/28/28COVERL01.jpg|404 
28P001L01|http://webapps.fitzmuseum.cam.ac.uk/wndev/assets/28/28P001L01.jpg|404 
28P002L01|http://webapps.fitzmuseum.cam.ac.uk/wndev/assets/28/28P002L01.jpg|404 
28P002L09|http://webapps.fitzmuseum.cam.ac.uk/wndev/assets/28/28P002L09.jpg|404 
28P002L13|http://webapps.fitzmuseum.cam.ac.uk/wndev/assets/28/28P002L13.jpg|404 
28P003L01|http://webapps.fitzmuseum.cam.ac.uk/wndev/assets/28/28P003L01.jpg|404 
28P003L09|http://webapps.fitzmuseum.cam.ac.uk/wndev/assets/28/28P003L09.jpg|404 
28P003L19|http://webapps.fitzmuseum.cam.ac.uk/wndev/assets/28/28P003L19.jpg|404 
28P003L21|http://webapps.fitzmuseum.cam.ac.uk/wndev/assets/28/28P003L21.jpg|404 
28P004L01|http://webapps.fitzmuseum.cam.ac.uk/wndev/assets/28/28P004L01.jpg|404 
28P004L06|http://webapps.fitzmuseum.cam.ac.uk/wndev/assets/28/28P004L06.jpg|404 
28P004L13|http://webapps.fitzmuseum.cam.ac.uk/wndev/assets/28/28P004L13.jpg|404 
28P004L17|http://webapps.fitzmuseum.cam.ac.uk/wndev/assets/28/28P004L17.jpg|404 
28P005L01|http://webapps.fitzmuseum.cam.ac.uk/wndev/assets/28/28P005L01.jpg|404 
28P005L12|http://webapps.fitzmuseum.cam.ac.uk/wndev/assets/28/28P005L12.jpg|404 
28P006L11|http://webapps.fitzmuseum.cam.ac.uk/wndev/assets/28/28P006L11.jpg|404 
28P006L15|http://webapps.fitzmuseum.cam.ac.uk/wndev/assets/28/28P006L15.jpg|404 
28P007L01|http://webapps.fitzmuseum.cam.ac.uk/wndev/assets/28/28P007L01.jpg|404 
28P007L06|http://webapps.fitzmuseum.cam.ac.uk/wndev/assets/28/28P007L06.jpg|404 
28P007L10|http://webapps.fitzmuseum.cam.ac.uk/wndev/assets/28/28P007L10.jpg|404 
28P007L13|http://webapps.fitzmuseum.cam.ac.uk/wndev/assets/28/28P007L13.jpg|404 
28P007L15|http://webapps.fitzmuseum.cam.ac.uk/wndev/assets/28/28P007L15.jpg|404 
28P007L19|http://webapps.fitzmuseum.cam.ac.uk/wndev/assets/28/28P007L19.jpg|404 
28P007L21|http://webapps.fitzmuseum.cam.ac.uk/wndev/assets/28/28P007L21.jpg|404 
28P008L01|http://webapps.fitzmuseum.cam.ac.uk/wndev/assets/28/28P008L01.jpg|404 
28P008L15|http://webapps.fitzmuseum.cam.ac.uk/wndev/assets/28/28P008L15.jpg|404 
28P009L06|http://webapps.fitzmuseum.cam.ac.uk/wndev/assets/28/28P009L06.jpg|404 
28P009L11|http://webapps.fitzmuseum.cam.ac.uk/wndev/assets/28/28P009L11.jpg|404 
28P009L13|http://webapps.fitzmuseum.cam.ac.uk/wndev/assets/28/28P009L13.jpg|404 
28P009L18|http://webapps.fitzmuseum.cam.ac.uk/wndev/assets/28/28P009L18.jpg|404 
28P009L20|http://webapps.fitzmuseum.cam.ac.uk/wndev/assets/28/28P009L20.jpg|404 
28P010L01|http://webapps.fitzmuseum.cam.ac.uk/wndev/assets/28/28P010L01.jpg|404 
28P010L13|http://webapps.fitzmuseum.cam.ac.uk/wndev/assets/28/28P010L13.jpg|404 
28P010L16|http://webapps.fitzmuseum.cam.ac.uk/wndev/assets/28/28P010L16.jpg|404 
28P010L19|http://webapps.fitzmuseum.cam.ac.uk/wndev/assets/28/28P010L19.jpg|404 
28P010L22|http://webapps.fitzmuseum.cam.ac.uk/wndev/assets/28/28P010L22.jpg|404 
28P011L01|http://webapps.fitzmuseum.cam.ac.uk/wndev/assets/28/28P011L01.jpg|404 
28P011L19|http://webapps.fitzmuseum.cam.ac.uk/wndev/assets/28/28P011L19.jpg|404 
28P012L01|http://webapps.fitzmuseum.cam.ac.uk/wndev/assets/28/28P012L01.jpg|404 
28P012L17|http://webapps.fitzmuseum.cam.ac.uk/wndev/assets/28/28P012L17.jpg|404 
28P012L20|http://webapps.fitzmuseum.cam.ac.uk/wndev/assets/28/28P012L20.jpg|404 
28P014L01|http://webapps.fitzmuseum.cam.ac.uk/wndev/assets/28/28P014L01.jpg|404 
28P014L07|http://webapps.fitzmuseum.cam.ac.uk/wndev/assets/28/28P014L07.jpg|404 
28P015L01|http://webapps.fitzmuseum.cam.ac.uk/wndev/assets/28/28P015L01.jpg|404 
28P015L18|http://webapps.fitzmuseum.cam.ac.uk/wndev/assets/28/28P015L18.jpg|404 
28P016L01|http://webapps.fitzmuseum.cam.ac.uk/wndev/assets/28/28P016L01.jpg|404 
28P016L19|http://webapps.fitzmuseum.cam.ac.uk/wndev/assets/28/28P016L19.jpg|404 
28P017L01|http://webapps.fitzmuseum.cam.ac.uk/wndev/assets/28/28P017L01.jpg|404 
28P017L15|http://webapps.fitzmuseum.cam.ac.uk/wndev/assets/28/28P017L15.jpg|404 
28P018L01|http://webapps.fitzmuseum.cam.ac.uk/wndev/assets/28/28P018L01.jpg|404 
28P018L09|http://webapps.fitzmuseum.cam.ac.uk/wndev/assets/28/28P018L09.jpg|404 
28P019L01|http://webapps.fitzmuseum.cam.ac.uk/wndev/assets/28/28P019L01.jpg|404 
28P019L11|http://webapps.fitzmuseum.cam.ac.uk/wndev/assets/28/28P019L11.jpg|404 
29COVERL01|http://webapps.fitzmuseum.cam.ac.uk/wndev/assets/29/29COVERL01.jpg|404 
29P001L01|http://webapps.fitzmuseum.cam.ac.uk/wndev/assets/29/29P001L01.jpg|404 
29P002L03|http://webapps.fitzmuseum.cam.ac.uk/wndev/assets/29/29P002L03.jpg|404 
29P002L11|http://webapps.fitzmuseum.cam.ac.uk/wndev/assets/29/29P002L11.jpg|404 
29P003L01|http://webapps.fitzmuseum.cam.ac.uk/wndev/assets/29/29P003L01.jpg|404 
29P003L07|http://webapps.fitzmuseum.cam.ac.uk/wndev/assets/29/29P003L07.jpg|404 
29P003L13|http://webapps.fitzmuseum.cam.ac.uk/wndev/assets/29/29P003L13.jpg|404 
29P003L17|http://webapps.fitzmuseum.cam.ac.uk/wndev/assets/29/29P003L17.jpg|404 
29P003L23|http://webapps.fitzmuseum.cam.ac.uk/wndev/assets/29/29P003L23.jpg|404 
29P004L01|http://webapps.fitzmuseum.cam.ac.uk/wndev/assets/29/29P004L01.jpg|404 
29P004L12|http://webapps.fitzmuseum.cam.ac.uk/wndev/assets/29/29P004L12.jpg|404 
29P004L15|http://webapps.fitzmuseum.cam.ac.uk/wndev/assets/29/29P004L15.jpg|404 
29P004L17|http://webapps.fitzmuseum.cam.ac.uk/wndev/assets/29/29P004L17.jpg|404 
29P004L20|http://webapps.fitzmuseum.cam.ac.uk/wndev/assets/29/29P004L20.jpg|404 
29P005L01|http://webapps.fitzmuseum.cam.ac.uk/wndev/assets/29/29P005L01.jpg|404 
29P005L05|http://webapps.fitzmuseum.cam.ac.uk/wndev/assets/29/29P005L05.jpg|404 
29P005L08|http://webapps.fitzmuseum.cam.ac.uk/wndev/assets/29/29P005L08.jpg|404 
29P005L12|http://webapps.fitzmuseum.cam.ac.uk/wndev/assets/29/29P005L12.jpg|404 
29P005L14|http://webapps.fitzmuseum.cam.ac.uk/wndev/assets/29/29P005L14.jpg|404 
29P005L16|http://webapps.fitzmuseum.cam.ac.uk/wndev/assets/29/29P005L16.jpg|404 
29P005L19|http://webapps.fitzmuseum.cam.ac.uk/wndev/assets/29/29P005L19.jpg|404 
29P005L22|http://webapps.fitzmuseum.cam.ac.uk/wndev/assets/29/29P005L22.jpg|404 
29P006L01|http://webapps.fitzmuseum.cam.ac.uk/wndev/assets/29/29P006L01.jpg|404 
29P006L03|http://webapps.fitzmuseum.cam.ac.uk/wndev/assets/29/29P006L03.jpg|404 
29P006L05|http://webapps.fitzmuseum.cam.ac.uk/wndev/assets/29/29P006L05.jpg|404 
29P006L14|http://webapps.fitzmuseum.cam.ac.uk/wndev/assets/29/29P006L14.jpg|404 
29P006L18|http://webapps.fitzmuseum.cam.ac.uk/wndev/assets/29/29P006L18.jpg|404 
29P006L20|http://webapps.fitzmuseum.cam.ac.uk/wndev/assets/29/29P006L20.jpg|404 
29P007L01|http://webapps.fitzmuseum.cam.ac.uk/wndev/assets/29/29P007L01.jpg|404 
29P007L03|http://webapps.fitzmuseum.cam.ac.uk/wndev/assets/29/29P007L03.jpg|404 
29P007L19|http://webapps.fitzmuseum.cam.ac.uk/wndev/assets/29/29P007L19.jpg|404 
29P008L01|http://webapps.fitzmuseum.cam.ac.uk/wndev/assets/29/29P008L01.jpg|404 
29P008L13|http://webapps.fitzmuseum.cam.ac.uk/wndev/assets/29/29P008L13.jpg|404 
29P008L19|http://webapps.fitzmuseum.cam.ac.uk/wndev/assets/29/29P008L19.jpg|404 
29P008L21|http://webapps.fitzmuseum.cam.ac.uk/wndev/assets/29/29P008L21.jpg|404 
29P009L01|http://webapps.fitzmuseum.cam.ac.uk/wndev/assets/29/29P009L01.jpg|404 
29P010L01|http://webapps.fitzmuseum.cam.ac.uk/wndev/assets/29/29P010L01.jpg|404 
29P010L07|http://webapps.fitzmuseum.cam.ac.uk/wndev/assets/29/29P010L07.jpg|404 
29P011L01|http://webapps.fitzmuseum.cam.ac.uk/wndev/assets/29/29P011L01.jpg|404 
29P011L04|http://webapps.fitzmuseum.cam.ac.uk/wndev/assets/29/29P011L04.jpg|404 
29P011L07|http://webapps.fitzmuseum.cam.ac.uk/wndev/assets/29/29P011L07.jpg|404 
29P011L09|http://webapps.fitzmuseum.cam.ac.uk/wndev/assets/29/29P011L09.jpg|404 
29P011L16|http://webapps.fitzmuseum.cam.ac.uk/wndev/assets/29/29P011L16.jpg|404 
29P011L19|http://webapps.fitzmuseum.cam.ac.uk/wndev/assets/29/29P011L19.jpg|404 
29P012L01|http://webapps.fitzmuseum.cam.ac.uk/wndev/assets/29/29P012L01.jpg|404 
29P013L01|http://webapps.fitzmuseum.cam.ac.uk/wndev/assets/29/29P013L01.jpg|404 
29P013L04|http://webapps.fitzmuseum.cam.ac.uk/wndev/assets/29/29P013L04.jpg|404 
29P013L08|http://webapps.fitzmuseum.cam.ac.uk/wndev/assets/29/29P013L08.jpg|404 
29P013L13|http://webapps.fitzmuseum.cam.ac.uk/wndev/assets/29/29P013L13.jpg|404 
29P014L14|http://webapps.fitzmuseum.cam.ac.uk/wndev/assets/29/29P014L14.jpg|404 
29P014L18|http://webapps.fitzmuseum.cam.ac.uk/wndev/assets/29/29P014L18.jpg|404 
29P014L21|http://webapps.fitzmuseum.cam.ac.uk/wndev/assets/29/29P014L21.jpg|404 
29P015L01|http://webapps.fitzmuseum.cam.ac.uk/wndev/assets/29/29P015L01.jpg|404 
29P015L22|http://webapps.fitzmuseum.cam.ac.uk/wndev/assets/29/29P015L22.jpg|404 
29P016L01|http://webapps.fitzmuseum.cam.ac.uk/wndev/assets/29/29P016L01.jpg|404 
29P016L11|http://webapps.fitzmuseum.cam.ac.uk/wndev/assets/29/29P016L11.jpg|404 
29P016L15|http://webapps.fitzmuseum.cam.ac.uk/wndev/assets/29/29P016L15.jpg|404 
29P016L18|http://webapps.fitzmuseum.cam.ac.uk/wndev/assets/29/29P016L18.jpg|404 
2CCOVERL01|http://webapps.fitzmuseum.cam.ac.uk/wndev/assets/2C/2CCOVERL01.jpg|404 
2CF04L01|http://webapps.fitzmuseum.cam.ac.uk/wndev/assets/2C/2CF04L01.jpg|404 
2CP001L01|http://webapps.fitzmuseum.cam.ac.uk/wndev/assets/2C/2CP001L01.jpg|404 
2CP005L01|http://webapps.fitzmuseum.cam.ac.uk/wndev/assets/2C/2CP005L01.jpg|404 
2CP006L01|http://webapps.fitzmuseum.cam.ac.uk/wndev/assets/2C/2CP006L01.jpg|404 
2CP007L01|http://webapps.fitzmuseum.cam.ac.uk/wndev/assets/2C/2CP007L01.jpg|404 
2CP009L01|http://webapps.fitzmuseum.cam.ac.uk/wndev/assets/2C/2CP009L01.jpg|404 
2CP011L01|http://webapps.fitzmuseum.cam.ac.uk/wndev/assets/2C/2CP011L01.jpg|404 
2CP012L01|http://webapps.fitzmuseum.cam.ac.uk/wndev/assets/2C/2CP012L01.jpg|404 
2CP013L01|http://webapps.fitzmuseum.cam.ac.uk/wndev/assets/2C/2CP013L01.jpg|404 
2CP014L01|http://webapps.fitzmuseum.cam.ac.uk/wndev/assets/2C/2CP014L01.jpg|404 
2CP016L01|http://webapps.fitzmuseum.cam.ac.uk/wndev/assets/2C/2CP016L01.jpg|404 
2CP017L01|http://webapps.fitzmuseum.cam.ac.uk/wndev/assets/2C/2CP017L01.jpg|404 
2CP018L01|http://webapps.fitzmuseum.cam.ac.uk/wndev/assets/2C/2CP018L01.jpg|404 
2CP018L08|http://webapps.fitzmuseum.cam.ac.uk/wndev/assets/2C/2CP018L08.jpg|404 
2CP019L01|http://webapps.fitzmuseum.cam.ac.uk/wndev/assets/2C/2CP019L01.jpg|404 
2CP021L01|http://webapps.fitzmuseum.cam.ac.uk/wndev/assets/2C/2CP021L01.jpg|404 
2CP023L01|http://webapps.fitzmuseum.cam.ac.uk/wndev/assets/2C/2CP023L01.jpg|404 
2CP023L11|http://webapps.fitzmuseum.cam.ac.uk/wndev/assets/2C/2CP023L11.jpg|404 
2CP024L01|http://webapps.fitzmuseum.cam.ac.uk/wndev/assets/2C/2CP024L01.jpg|404 
2CP025L01|http://webapps.fitzmuseum.cam.ac.uk/wndev/assets/2C/2CP025L01.jpg|404 
2CP026L01|http://webapps.fitzmuseum.cam.ac.uk/wndev/assets/2C/2CP026L01.jpg|404 
2CP028L01|http://webapps.fitzmuseum.cam.ac.uk/wndev/assets/2C/2CP028L01.jpg|404 
2CP030L01|http://webapps.fitzmuseum.cam.ac.uk/wndev/assets/2C/2CP030L01.jpg|404 
2CP032L01|http://webapps.fitzmuseum.cam.ac.uk/wndev/assets/2C/2CP032L01.jpg|404 
2CP037L01|http://webapps.fitzmuseum.cam.ac.uk/wndev/assets/2C/2CP037L01.jpg|404 
2CP038L01|http://webapps.fitzmuseum.cam.ac.uk/wndev/assets/2C/2CP038L01.jpg|404 
2CP039L01|http://webapps.fitzmuseum.cam.ac.uk/wndev/assets/2C/2CP039L01.jpg|404 
2CP040L01|http://webapps.fitzmuseum.cam.ac.uk/wndev/assets/2C/2CP040L01.jpg|404 
2CP042L01|http://webapps.fitzmuseum.cam.ac.uk/wndev/assets/2C/2CP042L01.jpg|404 
2CP043L01|http://webapps.fitzmuseum.cam.ac.uk/wndev/assets/2C/2CP043L01.jpg|404 
2CP044L01|http://webapps.fitzmuseum.cam.ac.uk/wndev/assets/2C/2CP044L01.jpg|404 
2CP045L01|http://webapps.fitzmuseum.cam.ac.uk/wndev/assets/2C/2CP045L01.jpg|404 
2CP046L01|http://webapps.fitzmuseum.cam.ac.uk/wndev/assets/2C/2CP046L01.jpg|404 
2CP047L01|http://webapps.fitzmuseum.cam.ac.uk/wndev/assets/2C/2CP047L01.jpg|404 
2CP049L01|http://webapps.fitzmuseum.cam.ac.uk/wndev/assets/2C/2CP049L01.jpg|404 
2CP050L01|http://webapps.fitzmuseum.cam.ac.uk/wndev/assets/2C/2CP050L01.jpg|404 
2CP050L08|http://webapps.fitzmuseum.cam.ac.uk/wndev/assets/2C/2CP050L08.jpg|404 
2CP052L01|http://webapps.fitzmuseum.cam.ac.uk/wndev/assets/2C/2CP052L01.jpg|404 
2CP053L01|http://webapps.fitzmuseum.cam.ac.uk/wndev/assets/2C/2CP053L01.jpg|404 
2CP054L01|http://webapps.fitzmuseum.cam.ac.uk/wndev/assets/2C/2CP054L01.jpg|404 
2CP055L01|http://webapps.fitzmuseum.cam.ac.uk/wndev/assets/2C/2CP055L01.jpg|404 
2CP056L01|http://webapps.fitzmuseum.cam.ac.uk/wndev/assets/2C/2CP056L01.jpg|404 
2CP056L10|http://webapps.fitzmuseum.cam.ac.uk/wndev/assets/2C/2CP056L10.jpg|404 
2CP057L01|http://webapps.fitzmuseum.cam.ac.uk/wndev/assets/2C/2CP057L01.jpg|404 
2CP059L01|http://webapps.fitzmuseum.cam.ac.uk/wndev/assets/2C/2CP059L01.jpg|404 
2CP060L01|http://webapps.fitzmuseum.cam.ac.uk/wndev/assets/2C/2CP060L01.jpg|404 
2CP061L01|http://webapps.fitzmuseum.cam.ac.uk/wndev/assets/2C/2CP061L01.jpg|404 
2CP062L01|http://webapps.fitzmuseum.cam.ac.uk/wndev/assets/2C/2CP062L01.jpg|404 
2CP064L01|http://webapps.fitzmuseum.cam.ac.uk/wndev/assets/2C/2CP064L01.jpg|404 
2CP065L01|http://webapps.fitzmuseum.cam.ac.uk/wndev/assets/2C/2CP065L01.jpg|404 
2CP066L01|http://webapps.fitzmuseum.cam.ac.uk/wndev/assets/2C/2CP066L01.jpg|404 
2CP067L01|http://webapps.fitzmuseum.cam.ac.uk/wndev/assets/2C/2CP067L01.jpg|404 
2CP068L01|http://webapps.fitzmuseum.cam.ac.uk/wndev/assets/2C/2CP068L01.jpg|404 
2CP069L01|http://webapps.fitzmuseum.cam.ac.uk/wndev/assets/2C/2CP069L01.jpg|404 
2CP074L01|http://webapps.fitzmuseum.cam.ac.uk/wndev/assets/2C/2CP074L01.jpg|404 
2CP077L01|http://webapps.fitzmuseum.cam.ac.uk/wndev/assets/2C/2CP077L01.jpg|404 
2CP078L01|http://webapps.fitzmuseum.cam.ac.uk/wndev/assets/2C/2CP078L01.jpg|404 
2CP079L01|http://webapps.fitzmuseum.cam.ac.uk/wndev/assets/2C/2CP079L01.jpg|404 
2CP084L01|http://webapps.fitzmuseum.cam.ac.uk/wndev/assets/2C/2CP084L01.jpg|404 
2CP085L01|http://webapps.fitzmuseum.cam.ac.uk/wndev/assets/2C/2CP085L01.jpg|404 
2CP090L01|http://webapps.fitzmuseum.cam.ac.uk/wndev/assets/2C/2CP090L01.jpg|404 
2CP091L01|http://webapps.fitzmuseum.cam.ac.uk/wndev/assets/2C/2CP091L01.jpg|404 
2CP093L01|http://webapps.fitzmuseum.cam.ac.uk/wndev/assets/2C/2CP093L01.jpg|404 
2CP097L01|http://webapps.fitzmuseum.cam.ac.uk/wndev/assets/2C/2CP097L01.jpg|404 
2CP098L01|http://webapps.fitzmuseum.cam.ac.uk/wndev/assets/2C/2CP098L01.jpg|404 
2CP101L01|http://webapps.fitzmuseum.cam.ac.uk/wndev/assets/2C/2CP101L01.jpg|404 
2CP103L01|http://webapps.fitzmuseum.cam.ac.uk/wndev/assets/2C/2CP103L01.jpg|404 
2CP105L01|http://webapps.fitzmuseum.cam.ac.uk/wndev/assets/2C/2CP105L01.jpg|404 
2CP106L01|http://webapps.fitzmuseum.cam.ac.uk/wndev/assets/2C/2CP106L01.jpg|404 
2CP107L01|http://webapps.fitzmuseum.cam.ac.uk/wndev/assets/2C/2CP107L01.jpg|404 
2CP108L01|http://webapps.fitzmuseum.cam.ac.uk/wndev/assets/2C/2CP108L01.jpg|404 
2CP111L01|http://webapps.fitzmuseum.cam.ac.uk/wndev/assets/2C/2CP111L01.jpg|404 
2CP112L01|http://webapps.fitzmuseum.cam.ac.uk/wndev/assets/2C/2CP112L01.jpg|404 
2CP113L01|http://webapps.fitzmuseum.cam.ac.uk/wndev/assets/2C/2CP113L01.jpg|404 
2CP113L07|http://webapps.fitzmuseum.cam.ac.uk/wndev/assets/2C/2CP113L07.jpg|404 
2CP114L01|http://webapps.fitzmuseum.cam.ac.uk/wndev/assets/2C/2CP114L01.jpg|404 
2CP116L01|http://webapps.fitzmuseum.cam.ac.uk/wndev/assets/2C/2CP116L01.jpg|404 
2CP118L01|http://webapps.fitzmuseum.cam.ac.uk/wndev/assets/2C/2CP118L01.jpg|404 
2CP119L01|http://webapps.fitzmuseum.cam.ac.uk/wndev/assets/2C/2CP119L01.jpg|404 
2CP120L01|http://webapps.fitzmuseum.cam.ac.uk/wndev/assets/2C/2CP120L01.jpg|404 
2CP122L01|http://webapps.fitzmuseum.cam.ac.uk/wndev/assets/2C/2CP122L01.jpg|404 
2CP127L01|http://webapps.fitzmuseum.cam.ac.uk/wndev/assets/2C/2CP127L01.jpg|404 
2CP130L01|http://webapps.fitzmuseum.cam.ac.uk/wndev/assets/2C/2CP130L01.jpg|404 
2CP131L01|http://webapps.fitzmuseum.cam.ac.uk/wndev/assets/2C/2CP131L01.jpg|404 
2CP132L01|http://webapps.fitzmuseum.cam.ac.uk/wndev/assets/2C/2CP132L01.jpg|404 
2CP134L01|http://webapps.fitzmuseum.cam.ac.uk/wndev/assets/2C/2CP134L01.jpg|404 
2CP135L01|http://webapps.fitzmuseum.cam.ac.uk/wndev/assets/2C/2CP135L01.jpg|404 
2CP135L08|http://webapps.fitzmuseum.cam.ac.uk/wndev/assets/2C/2CP135L08.jpg|404 
2CP137L01|http://webapps.fitzmuseum.cam.ac.uk/wndev/assets/2C/2CP137L01.jpg|404 
2CP143L01|http://webapps.fitzmuseum.cam.ac.uk/wndev/assets/2C/2CP143L01.jpg|404 
2CP144L01|http://webapps.fitzmuseum.cam.ac.uk/wndev/assets/2C/2CP144L01.jpg|404 
2CP145L01|http://webapps.fitzmuseum.cam.ac.uk/wndev/assets/2C/2CP145L01.jpg|404 
2CP147L01|http://webapps.fitzmuseum.cam.ac.uk/wndev/assets/2C/2CP147L01.jpg|404 
2CP148L01|http://webapps.fitzmuseum.cam.ac.uk/wndev/assets/2C/2CP148L01.jpg|404 
2CP153L01|http://webapps.fitzmuseum.cam.ac.uk/wndev/assets/2C/2CP153L01.jpg|404 
2CP154L01|http://webapps.fitzmuseum.cam.ac.uk/wndev/assets/2C/2CP154L01.jpg|404 
2CP156L01|http://webapps.fitzmuseum.cam.ac.uk/wndev/assets/2C/2CP156L01.jpg|404 
2CP161L01|http://webapps.fitzmuseum.cam.ac.uk/wndev/assets/2C/2CP161L01.jpg|404 
2CP163L01|http://webapps.fitzmuseum.cam.ac.uk/wndev/assets/2C/2CP163L01.jpg|404 
2CP164L01|http://webapps.fitzmuseum.cam.ac.uk/wndev/assets/2C/2CP164L01.jpg|404 
2CP166L01|http://webapps.fitzmuseum.cam.ac.uk/wndev/assets/2C/2CP166L01.jpg|404 
2CP167L01|http://webapps.fitzmuseum.cam.ac.uk/wndev/assets/2C/2CP167L01.jpg|404 
2CP168L01|http://webapps.fitzmuseum.cam.ac.uk/wndev/assets/2C/2CP168L01.jpg|404 
2CP170L01|http://webapps.fitzmuseum.cam.ac.uk/wndev/assets/2C/2CP170L01.jpg|404 
2CP175L01|http://webapps.fitzmuseum.cam.ac.uk/wndev/assets/2C/2CP175L01.jpg|404 
2CP176L01|http://webapps.fitzmuseum.cam.ac.uk/wndev/assets/2C/2CP176L01.jpg|404 
2CP177L01|http://webapps.fitzmuseum.cam.ac.uk/wndev/assets/2C/2CP177L01.jpg|404 
2CP178L01|http://webapps.fitzmuseum.cam.ac.uk/wndev/assets/2C/2CP178L01.jpg|404 
2CP178L17|http://webapps.fitzmuseum.cam.ac.uk/wndev/assets/2C/2CP178L17.jpg|404 
2CP180L01|http://webapps.fitzmuseum.cam.ac.uk/wndev/assets/2C/2CP180L01.jpg|404 
2CP182L01|http://webapps.fitzmuseum.cam.ac.uk/wndev/assets/2C/2CP182L01.jpg|404 
2CP184L01|http://webapps.fitzmuseum.cam.ac.uk/wndev/assets/2C/2CP184L01.jpg|404 
2CP186L01|http://webapps.fitzmuseum.cam.ac.uk/wndev/assets/2C/2CP186L01.jpg|404 
2CP188L01|http://webapps.fitzmuseum.cam.ac.uk/wndev/assets/2C/2CP188L01.jpg|404 
2CP190L01|http://webapps.fitzmuseum.cam.ac.uk/wndev/assets/2C/2CP190L01.jpg|404 
2CP195L01|http://webapps.fitzmuseum.cam.ac.uk/wndev/assets/2C/2CP195L01.jpg|404 
2CP196L01|http://webapps.fitzmuseum.cam.ac.uk/wndev/assets/2C/2CP196L01.jpg|404 
2CP197L01|http://webapps.fitzmuseum.cam.ac.uk/wndev/assets/2C/2CP197L01.jpg|404 
2CP200L01|http://webapps.fitzmuseum.cam.ac.uk/wndev/assets/2C/2CP200L01.jpg|404 
2CP202L01|http://webapps.fitzmuseum.cam.ac.uk/wndev/assets/2C/2CP202L01.jpg|404 
2CP204L01|http://webapps.fitzmuseum.cam.ac.uk/wndev/assets/2C/2CP204L01.jpg|404 
2CP205L01|http://webapps.fitzmuseum.cam.ac.uk/wndev/assets/2C/2CP205L01.jpg|404 
2CP207L01|http://webapps.fitzmuseum.cam.ac.uk/wndev/assets/2C/2CP207L01.jpg|404 
2CP208L01|http://webapps.fitzmuseum.cam.ac.uk/wndev/assets/2C/2CP208L01.jpg|404 
2CP208L20|http://webapps.fitzmuseum.cam.ac.uk/wndev/assets/2C/2CP208L20.jpg|404 
2CP210L01|http://webapps.fitzmuseum.cam.ac.uk/wndev/assets/2C/2CP210L01.jpg|404 
2CP215L01|http://webapps.fitzmuseum.cam.ac.uk/wndev/assets/2C/2CP215L01.jpg|404 
2CP216L01|http://webapps.fitzmuseum.cam.ac.uk/wndev/assets/2C/2CP216L01.jpg|404 
2CP217L01|http://webapps.fitzmuseum.cam.ac.uk/wndev/assets/2C/2CP217L01.jpg|404 
2CP218L01|http://webapps.fitzmuseum.cam.ac.uk/wndev/assets/2C/2CP218L01.jpg|404 
2CP219L01|http://webapps.fitzmuseum.cam.ac.uk/wndev/assets/2C/2CP219L01.jpg|404 
2CP221L01|http://webapps.fitzmuseum.cam.ac.uk/wndev/assets/2C/2CP221L01.jpg|404 
2CP222L01|http://webapps.fitzmuseum.cam.ac.uk/wndev/assets/2C/2CP222L01.jpg|404 
2CP223L01|http://webapps.fitzmuseum.cam.ac.uk/wndev/assets/2C/2CP223L01.jpg|404 
2CP224L01|http://webapps.fitzmuseum.cam.ac.uk/wndev/assets/2C/2CP224L01.jpg|404 
2CP226L01|http://webapps.fitzmuseum.cam.ac.uk/wndev/assets/2C/2CP226L01.jpg|404 
2CP228L01|http://webapps.fitzmuseum.cam.ac.uk/wndev/assets/2C/2CP228L01.jpg|404 
2CP230L01|http://webapps.fitzmuseum.cam.ac.uk/wndev/assets/2C/2CP230L01.jpg|404 
2CP235L01|http://webapps.fitzmuseum.cam.ac.uk/wndev/assets/2C/2CP235L01.jpg|404 
2CP237L01|http://webapps.fitzmuseum.cam.ac.uk/wndev/assets/2C/2CP237L01.jpg|404 
2CP239L01|http://webapps.fitzmuseum.cam.ac.uk/wndev/assets/2C/2CP239L01.jpg|404 
2CP241L01|http://webapps.fitzmuseum.cam.ac.uk/wndev/assets/2C/2CP241L01.jpg|404 
2CP243L01|http://webapps.fitzmuseum.cam.ac.uk/wndev/assets/2C/2CP243L01.jpg|404 
2CP244L01|http://webapps.fitzmuseum.cam.ac.uk/wndev/assets/2C/2CP244L01.jpg|404 
2CP245L01|http://webapps.fitzmuseum.cam.ac.uk/wndev/assets/2C/2CP245L01.jpg|404 
2CP246L01|http://webapps.fitzmuseum.cam.ac.uk/wndev/assets/2C/2CP246L01.jpg|404 
2CP247L01|http://webapps.fitzmuseum.cam.ac.uk/wndev/assets/2C/2CP247L01.jpg|404 
2CP249L01|http://webapps.fitzmuseum.cam.ac.uk/wndev/assets/2C/2CP249L01.jpg|404 
2CP251L01|http://webapps.fitzmuseum.cam.ac.uk/wndev/assets/2C/2CP251L01.jpg|404 
2CP253L01|http://webapps.fitzmuseum.cam.ac.uk/wndev/assets/2C/2CP253L01.jpg|404 
2CP254L01|http://webapps.fitzmuseum.cam.ac.uk/wndev/assets/2C/2CP254L01.jpg|404 
2CP259L01|http://webapps.fitzmuseum.cam.ac.uk/wndev/assets/2C/2CP259L01.jpg|404 
2CP262L01|http://webapps.fitzmuseum.cam.ac.uk/wndev/assets/2C/2CP262L01.jpg|404 
2CP263L01|http://webapps.fitzmuseum.cam.ac.uk/wndev/assets/2C/2CP263L01.jpg|404 
2CP264L01|http://webapps.fitzmuseum.cam.ac.uk/wndev/assets/2C/2CP264L01.jpg|404 
2CP265L01|http://webapps.fitzmuseum.cam.ac.uk/wndev/assets/2C/2CP265L01.jpg|404 
2CP266L01|http://webapps.fitzmuseum.cam.ac.uk/wndev/assets/2C/2CP266L01.jpg|404 
2CP268L01|http://webapps.fitzmuseum.cam.ac.uk/wndev/assets/2C/2CP268L01.jpg|404 
2CP269L01|http://webapps.fitzmuseum.cam.ac.uk/wndev/assets/2C/2CP269L01.jpg|404 
2MCOVERL01|http://webapps.fitzmuseum.cam.ac.uk/wndev/assets/2M/2MCOVERL01.jpg|404 
2MP001L01|http://webapps.fitzmuseum.cam.ac.uk/wndev/assets/2M/2MP001L01.jpg|404 
2MP001L14|http://webapps.fitzmuseum.cam.ac.uk/wndev/assets/2M/2MP001L14.jpg|404 
2MP003L01|http://webapps.fitzmuseum.cam.ac.uk/wndev/assets/2M/2MP003L01.jpg|404 
2MP004L01|http://webapps.fitzmuseum.cam.ac.uk/wndev/assets/2M/2MP004L01.jpg|404 
2MP005L01|http://webapps.fitzmuseum.cam.ac.uk/wndev/assets/2M/2MP005L01.jpg|404 
2MP005L12|http://webapps.fitzmuseum.cam.ac.uk/wndev/assets/2M/2MP005L12.jpg|404 
2MP006L01|http://webapps.fitzmuseum.cam.ac.uk/wndev/assets/2M/2MP006L01.jpg|404 
2MP007L01|http://webapps.fitzmuseum.cam.ac.uk/wndev/assets/2M/2MP007L01.jpg|404 
2MP008L01|http://webapps.fitzmuseum.cam.ac.uk/wndev/assets/2M/2MP008L01.jpg|404 
2MP009L01|http://webapps.fitzmuseum.cam.ac.uk/wndev/assets/2M/2MP009L01.jpg|404 
2MP010L01|http://webapps.fitzmuseum.cam.ac.uk/wndev/assets/2M/2MP010L01.jpg|404 
2MP011L01|http://webapps.fitzmuseum.cam.ac.uk/wndev/assets/2M/2MP011L01.jpg|404 
2MP011L16|http://webapps.fitzmuseum.cam.ac.uk/wndev/assets/2M/2MP011L16.jpg|404 
2MP012L01|http://webapps.fitzmuseum.cam.ac.uk/wndev/assets/2M/2MP012L01.jpg|404 
2MP013L01|http://webapps.fitzmuseum.cam.ac.uk/wndev/assets/2M/2MP013L01.jpg|404 
2MP014L01|http://webapps.fitzmuseum.cam.ac.uk/wndev/assets/2M/2MP014L01.jpg|404 
2MP015L01|http://webapps.fitzmuseum.cam.ac.uk/wndev/assets/2M/2MP015L01.jpg|404 
2MP016L01|http://webapps.fitzmuseum.cam.ac.uk/wndev/assets/2M/2MP016L01.jpg|404 
2MP017L01|http://webapps.fitzmuseum.cam.ac.uk/wndev/assets/2M/2MP017L01.jpg|404 
2MP018L01|http://webapps.fitzmuseum.cam.ac.uk/wndev/assets/2M/2MP018L01.jpg|404 
2MP020L01|http://webapps.fitzmuseum.cam.ac.uk/wndev/assets/2M/2MP020L01.jpg|404 
2MP021L01|http://webapps.fitzmuseum.cam.ac.uk/wndev/assets/2M/2MP021L01.jpg|404 
2MP021L14|http://webapps.fitzmuseum.cam.ac.uk/wndev/assets/2M/2MP021L14.jpg|404 
2MP023L01|http://webapps.fitzmuseum.cam.ac.uk/wndev/assets/2M/2MP023L01.jpg|404 
2MP024L01|http://webapps.fitzmuseum.cam.ac.uk/wndev/assets/2M/2MP024L01.jpg|404 
2MP025L01|http://webapps.fitzmuseum.cam.ac.uk/wndev/assets/2M/2MP025L01.jpg|404 
2MP026L01|http://webapps.fitzmuseum.cam.ac.uk/wndev/assets/2M/2MP026L01.jpg|404 
2MP026L16|http://webapps.fitzmuseum.cam.ac.uk/wndev/assets/2M/2MP026L16.jpg|404 
2MP027L01|http://webapps.fitzmuseum.cam.ac.uk/wndev/assets/2M/2MP027L01.jpg|404 
2MP028L01|http://webapps.fitzmuseum.cam.ac.uk/wndev/assets/2M/2MP028L01.jpg|404 
2MP029L01|http://webapps.fitzmuseum.cam.ac.uk/wndev/assets/2M/2MP029L01.jpg|404 
2MP030L01|http://webapps.fitzmuseum.cam.ac.uk/wndev/assets/2M/2MP030L01.jpg|404 
2MP031L01|http://webapps.fitzmuseum.cam.ac.uk/wndev/assets/2M/2MP031L01.jpg|404 
2MP032L01|http://webapps.fitzmuseum.cam.ac.uk/wndev/assets/2M/2MP032L01.jpg|404 
2MP033L01|http://webapps.fitzmuseum.cam.ac.uk/wndev/assets/2M/2MP033L01.jpg|404 
2MP034L01|http://webapps.fitzmuseum.cam.ac.uk/wndev/assets/2M/2MP034L01.jpg|404 
2MP035L01|http://webapps.fitzmuseum.cam.ac.uk/wndev/assets/2M/2MP035L01.jpg|404 
2MP036L01|http://webapps.fitzmuseum.cam.ac.uk/wndev/assets/2M/2MP036L01.jpg|404 
2MP037L01|http://webapps.fitzmuseum.cam.ac.uk/wndev/assets/2M/2MP037L01.jpg|404 
2MP038L01|http://webapps.fitzmuseum.cam.ac.uk/wndev/assets/2M/2MP038L01.jpg|404 
2MP039L01|http://webapps.fitzmuseum.cam.ac.uk/wndev/assets/2M/2MP039L01.jpg|404 
2MP040L01|http://webapps.fitzmuseum.cam.ac.uk/wndev/assets/2M/2MP040L01.jpg|404 
2MP041L01|http://webapps.fitzmuseum.cam.ac.uk/wndev/assets/2M/2MP041L01.jpg|404 
2MP042L01|http://webapps.fitzmuseum.cam.ac.uk/wndev/assets/2M/2MP042L01.jpg|404 
2MP043L01|http://webapps.fitzmuseum.cam.ac.uk/wndev/assets/2M/2MP043L01.jpg|404 
2MP044L01|http://webapps.fitzmuseum.cam.ac.uk/wndev/assets/2M/2MP044L01.jpg|404 
2MP045L01|http://webapps.fitzmuseum.cam.ac.uk/wndev/assets/2M/2MP045L01.jpg|404 
2MP045L12|http://webapps.fitzmuseum.cam.ac.uk/wndev/assets/2M/2MP045L12.jpg|404 
2MP046L01|http://webapps.fitzmuseum.cam.ac.uk/wndev/assets/2M/2MP046L01.jpg|404 
2MP047L01|http://webapps.fitzmuseum.cam.ac.uk/wndev/assets/2M/2MP047L01.jpg|404 
2MP048L01|http://webapps.fitzmuseum.cam.ac.uk/wndev/assets/2M/2MP048L01.jpg|404 
2MP049L01|http://webapps.fitzmuseum.cam.ac.uk/wndev/assets/2M/2MP049L01.jpg|404 
2MP050L01|http://webapps.fitzmuseum.cam.ac.uk/wndev/assets/2M/2MP050L01.jpg|404 
2MP050L15|http://webapps.fitzmuseum.cam.ac.uk/wndev/assets/2M/2MP050L15.jpg|404 
2MP051L01|http://webapps.fitzmuseum.cam.ac.uk/wndev/assets/2M/2MP051L01.jpg|404 
2MP052L01|http://webapps.fitzmuseum.cam.ac.uk/wndev/assets/2M/2MP052L01.jpg|404 
2MP053L01|http://webapps.fitzmuseum.cam.ac.uk/wndev/assets/2M/2MP053L01.jpg|404 
2MP054L01|http://webapps.fitzmuseum.cam.ac.uk/wndev/assets/2M/2MP054L01.jpg|404 
2MP054L15|http://webapps.fitzmuseum.cam.ac.uk/wndev/assets/2M/2MP054L15.jpg|404 
2MP055L01|http://webapps.fitzmuseum.cam.ac.uk/wndev/assets/2M/2MP055L01.jpg|404 
2MP056L01|http://webapps.fitzmuseum.cam.ac.uk/wndev/assets/2M/2MP056L01.jpg|404 
2MP057L01|http://webapps.fitzmuseum.cam.ac.uk/wndev/assets/2M/2MP057L01.jpg|404 
2MP058L01|http://webapps.fitzmuseum.cam.ac.uk/wndev/assets/2M/2MP058L01.jpg|404 
2MP059L01|http://webapps.fitzmuseum.cam.ac.uk/wndev/assets/2M/2MP059L01.jpg|404 
2MP060L01|http://webapps.fitzmuseum.cam.ac.uk/wndev/assets/2M/2MP060L01.jpg|404 
2MP061L01|http://webapps.fitzmuseum.cam.ac.uk/wndev/assets/2M/2MP061L01.jpg|404 
2MP062L01|http://webapps.fitzmuseum.cam.ac.uk/wndev/assets/2M/2MP062L01.jpg|404 
2MP063L01|http://webapps.fitzmuseum.cam.ac.uk/wndev/assets/2M/2MP063L01.jpg|404 
2MP064L01|http://webapps.fitzmuseum.cam.ac.uk/wndev/assets/2M/2MP064L01.jpg|404 
2MP065L01|http://webapps.fitzmuseum.cam.ac.uk/wndev/assets/2M/2MP065L01.jpg|404 
2MP066L01|http://webapps.fitzmuseum.cam.ac.uk/wndev/assets/2M/2MP066L01.jpg|404 
2MP067L01|http://webapps.fitzmuseum.cam.ac.uk/wndev/assets/2M/2MP067L01.jpg|404 
2MP067L12|http://webapps.fitzmuseum.cam.ac.uk/wndev/assets/2M/2MP067L12.jpg|404 
2MP068L01|http://webapps.fitzmuseum.cam.ac.uk/wndev/assets/2M/2MP068L01.jpg|404 
2MP069L01|http://webapps.fitzmuseum.cam.ac.uk/wndev/assets/2M/2MP069L01.jpg|404 
2MP070L01|http://webapps.fitzmuseum.cam.ac.uk/wndev/assets/2M/2MP070L01.jpg|404 
2MP071L01|http://webapps.fitzmuseum.cam.ac.uk/wndev/assets/2M/2MP071L01.jpg|404 
2MP072L01|http://webapps.fitzmuseum.cam.ac.uk/wndev/assets/2M/2MP072L01.jpg|404 
2MP073L01|http://webapps.fitzmuseum.cam.ac.uk/wndev/assets/2M/2MP073L01.jpg|404 
2MP074L01|http://webapps.fitzmuseum.cam.ac.uk/wndev/assets/2M/2MP074L01.jpg|404 
2MP075L01|http://webapps.fitzmuseum.cam.ac.uk/wndev/assets/2M/2MP075L01.jpg|404 
2MP075L14|http://webapps.fitzmuseum.cam.ac.uk/wndev/assets/2M/2MP075L14.jpg|404 
2MP076L01|http://webapps.fitzmuseum.cam.ac.uk/wndev/assets/2M/2MP076L01.jpg|404 
2MP076L14|http://webapps.fitzmuseum.cam.ac.uk/wndev/assets/2M/2MP076L14.jpg|404 
2MP077L01|http://webapps.fitzmuseum.cam.ac.uk/wndev/assets/2M/2MP077L01.jpg|404 
2MP078L01|http://webapps.fitzmuseum.cam.ac.uk/wndev/assets/2M/2MP078L01.jpg|404 
2MP079L01|http://webapps.fitzmuseum.cam.ac.uk/wndev/assets/2M/2MP079L01.jpg|404 
2MP080L01|http://webapps.fitzmuseum.cam.ac.uk/wndev/assets/2M/2MP080L01.jpg|404 
2MP081L01|http://webapps.fitzmuseum.cam.ac.uk/wndev/assets/2M/2MP081L01.jpg|404 
2MP082L01|http://webapps.fitzmuseum.cam.ac.uk/wndev/assets/2M/2MP082L01.jpg|404 
2MP083L01|http://webapps.fitzmuseum.cam.ac.uk/wndev/assets/2M/2MP083L01.jpg|404 
2MP084L01|http://webapps.fitzmuseum.cam.ac.uk/wndev/assets/2M/2MP084L01.jpg|404 
2MP085L01|http://webapps.fitzmuseum.cam.ac.uk/wndev/assets/2M/2MP085L01.jpg|404 
2MP085L11|http://webapps.fitzmuseum.cam.ac.uk/wndev/assets/2M/2MP085L11.jpg|404 
2MP085L17|http://webapps.fitzmuseum.cam.ac.uk/wndev/assets/2M/2MP085L17.jpg|404 
2MP086L01|http://webapps.fitzmuseum.cam.ac.uk/wndev/assets/2M/2MP086L01.jpg|404 
2MP087L01|http://webapps.fitzmuseum.cam.ac.uk/wndev/assets/2M/2MP087L01.jpg|404 
2MP088L01|http://webapps.fitzmuseum.cam.ac.uk/wndev/assets/2M/2MP088L01.jpg|404 
2MP089L01|http://webapps.fitzmuseum.cam.ac.uk/wndev/assets/2M/2MP089L01.jpg|404 
2MP090L01|http://webapps.fitzmuseum.cam.ac.uk/wndev/assets/2M/2MP090L01.jpg|404 
2MP091L01|http://webapps.fitzmuseum.cam.ac.uk/wndev/assets/2M/2MP091L01.jpg|404 
2MP091L12|http://webapps.fitzmuseum.cam.ac.uk/wndev/assets/2M/2MP091L12.jpg|404 
2MP092L01|http://webapps.fitzmuseum.cam.ac.uk/wndev/assets/2M/2MP092L01.jpg|404 
2MP093L01|http://webapps.fitzmuseum.cam.ac.uk/wndev/assets/2M/2MP093L01.jpg|404 
2MP094L01|http://webapps.fitzmuseum.cam.ac.uk/wndev/assets/2M/2MP094L01.jpg|404 
2MP095L01|http://webapps.fitzmuseum.cam.ac.uk/wndev/assets/2M/2MP095L01.jpg|404 
2MP096L01|http://webapps.fitzmuseum.cam.ac.uk/wndev/assets/2M/2MP096L01.jpg|404 
2MP097L01|http://webapps.fitzmuseum.cam.ac.uk/wndev/assets/2M/2MP097L01.jpg|404 
2MP098L01|http://webapps.fitzmuseum.cam.ac.uk/wndev/assets/2M/2MP098L01.jpg|404 
2MP099L01|http://webapps.fitzmuseum.cam.ac.uk/wndev/assets/2M/2MP099L01.jpg|404 
2MP100L01|http://webapps.fitzmuseum.cam.ac.uk/wndev/assets/2M/2MP100L01.jpg|404 
2MP101L01|http://webapps.fitzmuseum.cam.ac.uk/wndev/assets/2M/2MP101L01.jpg|404 
2MP101L05|http://webapps.fitzmuseum.cam.ac.uk/wndev/assets/2M/2MP101L05.jpg|404 
2MP102L01|http://webapps.fitzmuseum.cam.ac.uk/wndev/assets/2M/2MP102L01.jpg|404 
2MP102L10|http://webapps.fitzmuseum.cam.ac.uk/wndev/assets/2M/2MP102L10.jpg|404 
2MP103L01|http://webapps.fitzmuseum.cam.ac.uk/wndev/assets/2M/2MP103L01.jpg|404 
2MP104L01|http://webapps.fitzmuseum.cam.ac.uk/wndev/assets/2M/2MP104L01.jpg|404 
2MP105L01|http://webapps.fitzmuseum.cam.ac.uk/wndev/assets/2M/2MP105L01.jpg|404 
2MP106L01|http://webapps.fitzmuseum.cam.ac.uk/wndev/assets/2M/2MP106L01.jpg|404 
2MP107L01|http://webapps.fitzmuseum.cam.ac.uk/wndev/assets/2M/2MP107L01.jpg|404 
2MP108L01|http://webapps.fitzmuseum.cam.ac.uk/wndev/assets/2M/2MP108L01.jpg|404 
2MP109L01|http://webapps.fitzmuseum.cam.ac.uk/wndev/assets/2M/2MP109L01.jpg|404 
2MP110L01|http://webapps.fitzmuseum.cam.ac.uk/wndev/assets/2M/2MP110L01.jpg|404 
2MP111L01|http://webapps.fitzmuseum.cam.ac.uk/wndev/assets/2M/2MP111L01.jpg|404 
2MP111L15|http://webapps.fitzmuseum.cam.ac.uk/wndev/assets/2M/2MP111L15.jpg|404 
2MP112L01|http://webapps.fitzmuseum.cam.ac.uk/wndev/assets/2M/2MP112L01.jpg|404 
2MP112L07|http://webapps.fitzmuseum.cam.ac.uk/wndev/assets/2M/2MP112L07.jpg|404 
2MP113L01|http://webapps.fitzmuseum.cam.ac.uk/wndev/assets/2M/2MP113L01.jpg|404 
2MP114L01|http://webapps.fitzmuseum.cam.ac.uk/wndev/assets/2M/2MP114L01.jpg|404 
2MP115L01|http://webapps.fitzmuseum.cam.ac.uk/wndev/assets/2M/2MP115L01.jpg|404 
2MP116L01|http://webapps.fitzmuseum.cam.ac.uk/wndev/assets/2M/2MP116L01.jpg|404 
2MP117L01|http://webapps.fitzmuseum.cam.ac.uk/wndev/assets/2M/2MP117L01.jpg|404 
2MP118L01|http://webapps.fitzmuseum.cam.ac.uk/wndev/assets/2M/2MP118L01.jpg|404 
2MP119L01|http://webapps.fitzmuseum.cam.ac.uk/wndev/assets/2M/2MP119L01.jpg|404 
2MP120L01|http://webapps.fitzmuseum.cam.ac.uk/wndev/assets/2M/2MP120L01.jpg|404 
2MP121L01|http://webapps.fitzmuseum.cam.ac.uk/wndev/assets/2M/2MP121L01.jpg|404 
2MP122L01|http://webapps.fitzmuseum.cam.ac.uk/wndev/assets/2M/2MP122L01.jpg|404 
2MP123L01|http://webapps.fitzmuseum.cam.ac.uk/wndev/assets/2M/2MP123L01.jpg|404 
2MP124L01|http://webapps.fitzmuseum.cam.ac.uk/wndev/assets/2M/2MP124L01.jpg|404 
2MP125L01|http://webapps.fitzmuseum.cam.ac.uk/wndev/assets/2M/2MP125L01.jpg|404 
2MP126L01|http://webapps.fitzmuseum.cam.ac.uk/wndev/assets/2M/2MP126L01.jpg|404 
2MP127L01|http://webapps.fitzmuseum.cam.ac.uk/wndev/assets/2M/2MP127L01.jpg|404 
2MP128L01|http://webapps.fitzmuseum.cam.ac.uk/wndev/assets/2M/2MP128L01.jpg|404 
2MP129L01|http://webapps.fitzmuseum.cam.ac.uk/wndev/assets/2M/2MP129L01.jpg|404 
2MP129L11|http://webapps.fitzmuseum.cam.ac.uk/wndev/assets/2M/2MP129L11.jpg|404 
2MP130L01|http://webapps.fitzmuseum.cam.ac.uk/wndev/assets/2M/2MP130L01.jpg|404 
2MP131L01|http://webapps.fitzmuseum.cam.ac.uk/wndev/assets/2M/2MP131L01.jpg|404 
2MP132L01|http://webapps.fitzmuseum.cam.ac.uk/wndev/assets/2M/2MP132L01.jpg|404 
2MP133L01|http://webapps.fitzmuseum.cam.ac.uk/wndev/assets/2M/2MP133L01.jpg|404 
2MP134L01|http://webapps.fitzmuseum.cam.ac.uk/wndev/assets/2M/2MP134L01.jpg|404 
2MP135L01|http://webapps.fitzmuseum.cam.ac.uk/wndev/assets/2M/2MP135L01.jpg|404 
2MP136L01|http://webapps.fitzmuseum.cam.ac.uk/wndev/assets/2M/2MP136L01.jpg|404 
2MP137L01|http://webapps.fitzmuseum.cam.ac.uk/wndev/assets/2M/2MP137L01.jpg|404 
2MP138L01|http://webapps.fitzmuseum.cam.ac.uk/wndev/assets/2M/2MP138L01.jpg|404 
2MP139L01|http://webapps.fitzmuseum.cam.ac.uk/wndev/assets/2M/2MP139L01.jpg|404 
2MP141L01|http://webapps.fitzmuseum.cam.ac.uk/wndev/assets/2M/2MP141L01.jpg|404 
2MP142L01|http://webapps.fitzmuseum.cam.ac.uk/wndev/assets/2M/2MP142L01.jpg|404 
2MP143L01|http://webapps.fitzmuseum.cam.ac.uk/wndev/assets/2M/2MP143L01.jpg|404 
2MP144L01|http://webapps.fitzmuseum.cam.ac.uk/wndev/assets/2M/2MP144L01.jpg|404 
2MP145L01|http://webapps.fitzmuseum.cam.ac.uk/wndev/assets/2M/2MP145L01.jpg|404 
2MP146L01|http://webapps.fitzmuseum.cam.ac.uk/wndev/assets/2M/2MP146L01.jpg|404 
2MP147L01|http://webapps.fitzmuseum.cam.ac.uk/wndev/assets/2M/2MP147L01.jpg|404 
2MP148L01|http://webapps.fitzmuseum.cam.ac.uk/wndev/assets/2M/2MP148L01.jpg|404 
2MP149L01|http://webapps.fitzmuseum.cam.ac.uk/wndev/assets/2M/2MP149L01.jpg|404 
2MP150L01|http://webapps.fitzmuseum.cam.ac.uk/wndev/assets/2M/2MP150L01.jpg|404 
2MP151L01|http://webapps.fitzmuseum.cam.ac.uk/wndev/assets/2M/2MP151L01.jpg|404 
2MP152L01|http://webapps.fitzmuseum.cam.ac.uk/wndev/assets/2M/2MP152L01.jpg|404 
2MP152L15|http://webapps.fitzmuseum.cam.ac.uk/wndev/assets/2M/2MP152L15.jpg|404 
2MP153L01|http://webapps.fitzmuseum.cam.ac.uk/wndev/assets/2M/2MP153L01.jpg|404 
2MP154L01|http://webapps.fitzmuseum.cam.ac.uk/wndev/assets/2M/2MP154L01.jpg|404 
2MP155L01|http://webapps.fitzmuseum.cam.ac.uk/wndev/assets/2M/2MP155L01.jpg|404 
2MP156L01|http://webapps.fitzmuseum.cam.ac.uk/wndev/assets/2M/2MP156L01.jpg|404 
2MP157L01|http://webapps.fitzmuseum.cam.ac.uk/wndev/assets/2M/2MP157L01.jpg|404 
2MP158L01|http://webapps.fitzmuseum.cam.ac.uk/wndev/assets/2M/2MP158L01.jpg|404 
2MP159L01|http://webapps.fitzmuseum.cam.ac.uk/wndev/assets/2M/2MP159L01.jpg|404 
2MP160L01|http://webapps.fitzmuseum.cam.ac.uk/wndev/assets/2M/2MP160L01.jpg|404 
2MP160L19|http://webapps.fitzmuseum.cam.ac.uk/wndev/assets/2M/2MP160L19.jpg|404 
2MP161L01|http://webapps.fitzmuseum.cam.ac.uk/wndev/assets/2M/2MP161L01.jpg|404 
2MP162L01|http://webapps.fitzmuseum.cam.ac.uk/wndev/assets/2M/2MP162L01.jpg|404 
2MP163L01|http://webapps.fitzmuseum.cam.ac.uk/wndev/assets/2M/2MP163L01.jpg|404 
2MP164L01|http://webapps.fitzmuseum.cam.ac.uk/wndev/assets/2M/2MP164L01.jpg|404 
2MP165L01|http://webapps.fitzmuseum.cam.ac.uk/wndev/assets/2M/2MP165L01.jpg|404 
2MP166L01|http://webapps.fitzmuseum.cam.ac.uk/wndev/assets/2M/2MP166L01.jpg|404 
2MP167L01|http://webapps.fitzmuseum.cam.ac.uk/wndev/assets/2M/2MP167L01.jpg|404 
2MP168L01|http://webapps.fitzmuseum.cam.ac.uk/wndev/assets/2M/2MP168L01.jpg|404 
2MP169L01|http://webapps.fitzmuseum.cam.ac.uk/wndev/assets/2M/2MP169L01.jpg|404 
2MP170L01|http://webapps.fitzmuseum.cam.ac.uk/wndev/assets/2M/2MP170L01.jpg|404 
2MP171L01|http://webapps.fitzmuseum.cam.ac.uk/wndev/assets/2M/2MP171L01.jpg|404 
2MP172L01|http://webapps.fitzmuseum.cam.ac.uk/wndev/assets/2M/2MP172L01.jpg|404 
2MP173L01|http://webapps.fitzmuseum.cam.ac.uk/wndev/assets/2M/2MP173L01.jpg|404 
2MP174L01|http://webapps.fitzmuseum.cam.ac.uk/wndev/assets/2M/2MP174L01.jpg|404 
2MP174L13|http://webapps.fitzmuseum.cam.ac.uk/wndev/assets/2M/2MP174L13.jpg|404 
2MP174L20|http://webapps.fitzmuseum.cam.ac.uk/wndev/assets/2M/2MP174L20.jpg|404 
2MP175L01|http://webapps.fitzmuseum.cam.ac.uk/wndev/assets/2M/2MP175L01.jpg|404 
2MP176L01|http://webapps.fitzmuseum.cam.ac.uk/wndev/assets/2M/2MP176L01.jpg|404 
2MP177L01|http://webapps.fitzmuseum.cam.ac.uk/wndev/assets/2M/2MP177L01.jpg|404 
2MP178L01|http://webapps.fitzmuseum.cam.ac.uk/wndev/assets/2M/2MP178L01.jpg|404 
2MP179L01|http://webapps.fitzmuseum.cam.ac.uk/wndev/assets/2M/2MP179L01.jpg|404 
2MP179L12|http://webapps.fitzmuseum.cam.ac.uk/wndev/assets/2M/2MP179L12.jpg|404 
2MP179L14|http://webapps.fitzmuseum.cam.ac.uk/wndev/assets/2M/2MP179L14.jpg|404 
2MP179L16|http://webapps.fitzmuseum.cam.ac.uk/wndev/assets/2M/2MP179L16.jpg|404 
2MP179L18|http://webapps.fitzmuseum.cam.ac.uk/wndev/assets/2M/2MP179L18.jpg|404 
2MP180L01|http://webapps.fitzmuseum.cam.ac.uk/wndev/assets/2M/2MP180L01.jpg|404 
2MP181L01|http://webapps.fitzmuseum.cam.ac.uk/wndev/assets/2M/2MP181L01.jpg|404 
2PCOVERL01|http://webapps.fitzmuseum.cam.ac.uk/wndev/assets/2P/2PCOVERL01.jpg|404 
2PP001L01|http://webapps.fitzmuseum.cam.ac.uk/wndev/assets/2P/2PP001L01.jpg|404 
2PP005AL01|http://webapps.fitzmuseum.cam.ac.uk/wndev/assets/2P/2PP005AL01.jpg|404 
2PP007BL01|http://webapps.fitzmuseum.cam.ac.uk/wndev/assets/2P/2PP007BL01.jpg|404 
2PP008BL07|http://webapps.fitzmuseum.cam.ac.uk/wndev/assets/2P/2PP008BL07.jpg|404 
2PP010BL01|http://webapps.fitzmuseum.cam.ac.uk/wndev/assets/2P/2PP010BL01.jpg|404 
2PP011BL01|http://webapps.fitzmuseum.cam.ac.uk/wndev/assets/2P/2PP011BL01.jpg|404 
2PP012BL01|http://webapps.fitzmuseum.cam.ac.uk/wndev/assets/2P/2PP012BL01.jpg|404 
2PP014AL01|http://webapps.fitzmuseum.cam.ac.uk/wndev/assets/2P/2PP014AL01.jpg|404 
2PP015BL01|http://webapps.fitzmuseum.cam.ac.uk/wndev/assets/2P/2PP015BL01.jpg|404 
2PP016AL01|http://webapps.fitzmuseum.cam.ac.uk/wndev/assets/2P/2PP016AL01.jpg|404 
2PP016BL01|http://webapps.fitzmuseum.cam.ac.uk/wndev/assets/2P/2PP016BL01.jpg|404 
2PP017AL08|http://webapps.fitzmuseum.cam.ac.uk/wndev/assets/2P/2PP017AL08.jpg|404 
2PP017BL01|http://webapps.fitzmuseum.cam.ac.uk/wndev/assets/2P/2PP017BL01.jpg|404 
2PP018AL01|http://webapps.fitzmuseum.cam.ac.uk/wndev/assets/2P/2PP018AL01.jpg|404 
2PP018BL01|http://webapps.fitzmuseum.cam.ac.uk/wndev/assets/2P/2PP018BL01.jpg|404 
2PP019AL01|http://webapps.fitzmuseum.cam.ac.uk/wndev/assets/2P/2PP019AL01.jpg|404 
2PP019BL01|http://webapps.fitzmuseum.cam.ac.uk/wndev/assets/2P/2PP019BL01.jpg|404 
2PP019BL17|http://webapps.fitzmuseum.cam.ac.uk/wndev/assets/2P/2PP019BL17.jpg|404 
2PP020AL01|http://webapps.fitzmuseum.cam.ac.uk/wndev/assets/2P/2PP020AL01.jpg|404 
2PP021AL01|http://webapps.fitzmuseum.cam.ac.uk/wndev/assets/2P/2PP021AL01.jpg|404 
2PP021BL01|http://webapps.fitzmuseum.cam.ac.uk/wndev/assets/2P/2PP021BL01.jpg|404 
2PP022AL01|http://webapps.fitzmuseum.cam.ac.uk/wndev/assets/2P/2PP022AL01.jpg|404 
2PP022BL01|http://webapps.fitzmuseum.cam.ac.uk/wndev/assets/2P/2PP022BL01.jpg|404 
2PP023AL01|http://webapps.fitzmuseum.cam.ac.uk/wndev/assets/2P/2PP023AL01.jpg|404 
2PP024AL01|http://webapps.fitzmuseum.cam.ac.uk/wndev/assets/2P/2PP024AL01.jpg|404 
2PP024BL01|http://webapps.fitzmuseum.cam.ac.uk/wndev/assets/2P/2PP024BL01.jpg|404 
2PP025AL01|http://webapps.fitzmuseum.cam.ac.uk/wndev/assets/2P/2PP025AL01.jpg|404 
2PP025BL01|http://webapps.fitzmuseum.cam.ac.uk/wndev/assets/2P/2PP025BL01.jpg|404 
2PP026AL01|http://webapps.fitzmuseum.cam.ac.uk/wndev/assets/2P/2PP026AL01.jpg|404 
2PP026AL11|http://webapps.fitzmuseum.cam.ac.uk/wndev/assets/2P/2PP026AL11.jpg|404 
2PP027AL01|http://webapps.fitzmuseum.cam.ac.uk/wndev/assets/2P/2PP027AL01.jpg|404 
2PP028AL01|http://webapps.fitzmuseum.cam.ac.uk/wndev/assets/2P/2PP028AL01.jpg|404 
2PP029AL01|http://webapps.fitzmuseum.cam.ac.uk/wndev/assets/2P/2PP029AL01.jpg|404 
2PP029BL01|http://webapps.fitzmuseum.cam.ac.uk/wndev/assets/2P/2PP029BL01.jpg|404 
2PP031BL01|http://webapps.fitzmuseum.cam.ac.uk/wndev/assets/2P/2PP031BL01.jpg|404 
2PP035BL01|http://webapps.fitzmuseum.cam.ac.uk/wndev/assets/2P/2PP035BL01.jpg|404 
2PP036AL01|http://webapps.fitzmuseum.cam.ac.uk/wndev/assets/2P/2PP036AL01.jpg|404 
2PP036AL03|http://webapps.fitzmuseum.cam.ac.uk/wndev/assets/2P/2PP036AL03.jpg|404 
2PP036AL06|http://webapps.fitzmuseum.cam.ac.uk/wndev/assets/2P/2PP036AL06.jpg|404 
2PP036AL10|http://webapps.fitzmuseum.cam.ac.uk/wndev/assets/2P/2PP036AL10.jpg|404 
2PP036BL01|http://webapps.fitzmuseum.cam.ac.uk/wndev/assets/2P/2PP036BL01.jpg|404 
2PP037AL01|http://webapps.fitzmuseum.cam.ac.uk/wndev/assets/2P/2PP037AL01.jpg|404 
2PP037AL06|http://webapps.fitzmuseum.cam.ac.uk/wndev/assets/2P/2PP037AL06.jpg|404 
2PP037BL01|http://webapps.fitzmuseum.cam.ac.uk/wndev/assets/2P/2PP037BL01.jpg|404 
2PP038AL01|http://webapps.fitzmuseum.cam.ac.uk/wndev/assets/2P/2PP038AL01.jpg|404 
2PP038AL12|http://webapps.fitzmuseum.cam.ac.uk/wndev/assets/2P/2PP038AL12.jpg|404 
2PP038BL01|http://webapps.fitzmuseum.cam.ac.uk/wndev/assets/2P/2PP038BL01.jpg|404 
2PP038BL07|http://webapps.fitzmuseum.cam.ac.uk/wndev/assets/2P/2PP038BL07.jpg|404 
2PP039AL01|http://webapps.fitzmuseum.cam.ac.uk/wndev/assets/2P/2PP039AL01.jpg|404 
2PP039BL01|http://webapps.fitzmuseum.cam.ac.uk/wndev/assets/2P/2PP039BL01.jpg|404 
3PCOVERL01|http://webapps.fitzmuseum.cam.ac.uk/wndev/assets/3P/3PCOVERL01.jpg|404 
3PP004L01|http://webapps.fitzmuseum.cam.ac.uk/wndev/assets/3P/3PP004L01.jpg|404 
3PP006L03|http://webapps.fitzmuseum.cam.ac.uk/wndev/assets/3P/3PP006L03.jpg|404 
3PP006L12|http://webapps.fitzmuseum.cam.ac.uk/wndev/assets/3P/3PP006L12.jpg|404 
3PP012L01|http://webapps.fitzmuseum.cam.ac.uk/wndev/assets/3P/3PP012L01.jpg|404 
3PP013L01|http://webapps.fitzmuseum.cam.ac.uk/wndev/assets/3P/3PP013L01.jpg|404 
3PP014L01|http://webapps.fitzmuseum.cam.ac.uk/wndev/assets/3P/3PP014L01.jpg|404 
3PP016L01|http://webapps.fitzmuseum.cam.ac.uk/wndev/assets/3P/3PP016L01.jpg|404 
3PP017L01|http://webapps.fitzmuseum.cam.ac.uk/wndev/assets/3P/3PP017L01.jpg|404 
3PP018L01|http://webapps.fitzmuseum.cam.ac.uk/wndev/assets/3P/3PP018L01.jpg|404 
3PP019L01|http://webapps.fitzmuseum.cam.ac.uk/wndev/assets/3P/3PP019L01.jpg|404 
3PP020L09|http://webapps.fitzmuseum.cam.ac.uk/wndev/assets/3P/3PP020L09.jpg|404 
3PP023L01|http://webapps.fitzmuseum.cam.ac.uk/wndev/assets/3P/3PP023L01.jpg|404 
3PP024L05|http://webapps.fitzmuseum.cam.ac.uk/wndev/assets/3P/3PP024L05.jpg|404 
3PP026L01|http://webapps.fitzmuseum.cam.ac.uk/wndev/assets/3P/3PP026L01.jpg|404 
3PP027L03|http://webapps.fitzmuseum.cam.ac.uk/wndev/assets/3P/3PP027L03.jpg|404 
3PP029L01|http://webapps.fitzmuseum.cam.ac.uk/wndev/assets/3P/3PP029L01.jpg|404 
3PP030L01|http://webapps.fitzmuseum.cam.ac.uk/wndev/assets/3P/3PP030L01.jpg|404 
3PP032L01|http://webapps.fitzmuseum.cam.ac.uk/wndev/assets/3P/3PP032L01.jpg|404 
3PP035L04|http://webapps.fitzmuseum.cam.ac.uk/wndev/assets/3P/3PP035L04.jpg|404 
3PP037L07|http://webapps.fitzmuseum.cam.ac.uk/wndev/assets/3P/3PP037L07.jpg|404 
3PP038L01|http://webapps.fitzmuseum.cam.ac.uk/wndev/assets/3P/3PP038L01.jpg|404 
3PP039L01|http://webapps.fitzmuseum.cam.ac.uk/wndev/assets/3P/3PP039L01.jpg|404 
3PP040L01|http://webapps.fitzmuseum.cam.ac.uk/wndev/assets/3P/3PP040L01.jpg|404 
3PP042L01|http://webapps.fitzmuseum.cam.ac.uk/wndev/assets/3P/3PP042L01.jpg|404 
3PP048L01|http://webapps.fitzmuseum.cam.ac.uk/wndev/assets/3P/3PP048L01.jpg|404 
3PP052L03|http://webapps.fitzmuseum.cam.ac.uk/wndev/assets/3P/3PP052L03.jpg|404 
3PP052L13|http://webapps.fitzmuseum.cam.ac.uk/wndev/assets/3P/3PP052L13.jpg|404 
3PP054L01|http://webapps.fitzmuseum.cam.ac.uk/wndev/assets/3P/3PP054L01.jpg|404 
3PP056L01|http://webapps.fitzmuseum.cam.ac.uk/wndev/assets/3P/3PP056L01.jpg|404 
3PP058L01|http://webapps.fitzmuseum.cam.ac.uk/wndev/assets/3P/3PP058L01.jpg|404 
3PP061L01|http://webapps.fitzmuseum.cam.ac.uk/wndev/assets/3P/3PP061L01.jpg|404 
3PP062L01|http://webapps.fitzmuseum.cam.ac.uk/wndev/assets/3P/3PP062L01.jpg|404 
3PP066L01|http://webapps.fitzmuseum.cam.ac.uk/wndev/assets/3P/3PP066L01.jpg|404 
3PP069L06|http://webapps.fitzmuseum.cam.ac.uk/wndev/assets/3P/3PP069L06.jpg|404 
3PP070L01|http://webapps.fitzmuseum.cam.ac.uk/wndev/assets/3P/3PP070L01.jpg|404 
3PP070L04|http://webapps.fitzmuseum.cam.ac.uk/wndev/assets/3P/3PP070L04.jpg|404 
3PP071L01|http://webapps.fitzmuseum.cam.ac.uk/wndev/assets/3P/3PP071L01.jpg|404 
3PP072L01|http://webapps.fitzmuseum.cam.ac.uk/wndev/assets/3P/3PP072L01.jpg|404 
3PP074L01|http://webapps.fitzmuseum.cam.ac.uk/wndev/assets/3P/3PP074L01.jpg|404 
3PP074L13|http://webapps.fitzmuseum.cam.ac.uk/wndev/assets/3P/3PP074L13.jpg|404 
3PP075L01|http://webapps.fitzmuseum.cam.ac.uk/wndev/assets/3P/3PP075L01.jpg|404 
3PP076L01|http://webapps.fitzmuseum.cam.ac.uk/wndev/assets/3P/3PP076L01.jpg|404 
3PP076L08|http://webapps.fitzmuseum.cam.ac.uk/wndev/assets/3P/3PP076L08.jpg|404 
3PP076L15|http://webapps.fitzmuseum.cam.ac.uk/wndev/assets/3P/3PP076L15.jpg|404 
3PP077L01|http://webapps.fitzmuseum.cam.ac.uk/wndev/assets/3P/3PP077L01.jpg|404 
3PP077L07|http://webapps.fitzmuseum.cam.ac.uk/wndev/assets/3P/3PP077L07.jpg|404 
3PP078L01|http://webapps.fitzmuseum.cam.ac.uk/wndev/assets/3P/3PP078L01.jpg|404 
3PP078L05|http://webapps.fitzmuseum.cam.ac.uk/wndev/assets/3P/3PP078L05.jpg|404 
3PP079L01|http://webapps.fitzmuseum.cam.ac.uk/wndev/assets/3P/3PP079L01.jpg|404 
3PP080L01|http://webapps.fitzmuseum.cam.ac.uk/wndev/assets/3P/3PP080L01.jpg|404 
3PP082L01|http://webapps.fitzmuseum.cam.ac.uk/wndev/assets/3P/3PP082L01.jpg|404 
3PP084L01|http://webapps.fitzmuseum.cam.ac.uk/wndev/assets/3P/3PP084L01.jpg|404 
3PP086L01|http://webapps.fitzmuseum.cam.ac.uk/wndev/assets/3P/3PP086L01.jpg|404 
3PP087L01|http://webapps.fitzmuseum.cam.ac.uk/wndev/assets/3P/3PP087L01.jpg|404 
3PP088L01|http://webapps.fitzmuseum.cam.ac.uk/wndev/assets/3P/3PP088L01.jpg|404 
3PP090L01|http://webapps.fitzmuseum.cam.ac.uk/wndev/assets/3P/3PP090L01.jpg|404 
3PP092L01|http://webapps.fitzmuseum.cam.ac.uk/wndev/assets/3P/3PP092L01.jpg|404 
3PP094L01|http://webapps.fitzmuseum.cam.ac.uk/wndev/assets/3P/3PP094L01.jpg|404 
3PP096L01|http://webapps.fitzmuseum.cam.ac.uk/wndev/assets/3P/3PP096L01.jpg|404 
3PP098L01|http://webapps.fitzmuseum.cam.ac.uk/wndev/assets/3P/3PP098L01.jpg|404 
3PP100L01|http://webapps.fitzmuseum.cam.ac.uk/wndev/assets/3P/3PP100L01.jpg|404 
3PP102L01|http://webapps.fitzmuseum.cam.ac.uk/wndev/assets/3P/3PP102L01.jpg|404 
3PP104L01|http://webapps.fitzmuseum.cam.ac.uk/wndev/assets/3P/3PP104L01.jpg|404 
3PP106L01|http://webapps.fitzmuseum.cam.ac.uk/wndev/assets/3P/3PP106L01.jpg|404 
3PP108L01|http://webapps.fitzmuseum.cam.ac.uk/wndev/assets/3P/3PP108L01.jpg|404 
3PP110L01|http://webapps.fitzmuseum.cam.ac.uk/wndev/assets/3P/3PP110L01.jpg|404 
3PP112L01|http://webapps.fitzmuseum.cam.ac.uk/wndev/assets/3P/3PP112L01.jpg|404 
3PP112L09|http://webapps.fitzmuseum.cam.ac.uk/wndev/assets/3P/3PP112L09.jpg|404 
3PP114L01|http://webapps.fitzmuseum.cam.ac.uk/wndev/assets/3P/3PP114L01.jpg|404 
3PP116L01|http://webapps.fitzmuseum.cam.ac.uk/wndev/assets/3P/3PP116L01.jpg|404 
3PP116L17|http://webapps.fitzmuseum.cam.ac.uk/wndev/assets/3P/3PP116L17.jpg|404 
3PP118L01|http://webapps.fitzmuseum.cam.ac.uk/wndev/assets/3P/3PP118L01.jpg|404 
3PP120L01|http://webapps.fitzmuseum.cam.ac.uk/wndev/assets/3P/3PP120L01.jpg|404 
3PP120L10|http://webapps.fitzmuseum.cam.ac.uk/wndev/assets/3P/3PP120L10.jpg|404 
3PP122L01|http://webapps.fitzmuseum.cam.ac.uk/wndev/assets/3P/3PP122L01.jpg|404 
3PP124L01|http://webapps.fitzmuseum.cam.ac.uk/wndev/assets/3P/3PP124L01.jpg|404 
3PP124L06|http://webapps.fitzmuseum.cam.ac.uk/wndev/assets/3P/3PP124L06.jpg|404 
3PP124L13|http://webapps.fitzmuseum.cam.ac.uk/wndev/assets/3P/3PP124L13.jpg|404 
3PP126L01|http://webapps.fitzmuseum.cam.ac.uk/wndev/assets/3P/3PP126L01.jpg|404 
3PP126L05|http://webapps.fitzmuseum.cam.ac.uk/wndev/assets/3P/3PP126L05.jpg|404 
3PP126L12|http://webapps.fitzmuseum.cam.ac.uk/wndev/assets/3P/3PP126L12.jpg|404 
3PP128L01|http://webapps.fitzmuseum.cam.ac.uk/wndev/assets/3P/3PP128L01.jpg|404 
3PP128L08|http://webapps.fitzmuseum.cam.ac.uk/wndev/assets/3P/3PP128L08.jpg|404 
3PP128L14|http://webapps.fitzmuseum.cam.ac.uk/wndev/assets/3P/3PP128L14.jpg|404 
3PP130L01|http://webapps.fitzmuseum.cam.ac.uk/wndev/assets/3P/3PP130L01.jpg|404 
3PP132L01|http://webapps.fitzmuseum.cam.ac.uk/wndev/assets/3P/3PP132L01.jpg|404 
3PP134L01|http://webapps.fitzmuseum.cam.ac.uk/wndev/assets/3P/3PP134L01.jpg|404 
3PP135AL01|http://webapps.fitzmuseum.cam.ac.uk/wndev/assets/3P/3PP135AL01.jpg|404 
3PP135AL03|http://webapps.fitzmuseum.cam.ac.uk/wndev/assets/3P/3PP135AL03.jpg|404 
3PP136L01|http://webapps.fitzmuseum.cam.ac.uk/wndev/assets/3P/3PP136L01.jpg|404 
3PP138L01|http://webapps.fitzmuseum.cam.ac.uk/wndev/assets/3P/3PP138L01.jpg|404 
3PP138L10|http://webapps.fitzmuseum.cam.ac.uk/wndev/assets/3P/3PP138L10.jpg|404 
3PP139L01|http://webapps.fitzmuseum.cam.ac.uk/wndev/assets/3P/3PP139L01.jpg|404 
3PP139L03|http://webapps.fitzmuseum.cam.ac.uk/wndev/assets/3P/3PP139L03.jpg|404 
3PP139L06|http://webapps.fitzmuseum.cam.ac.uk/wndev/assets/3P/3PP139L06.jpg|404 
3PP140L01|http://webapps.fitzmuseum.cam.ac.uk/wndev/assets/3P/3PP140L01.jpg|404 
3PP142L01|http://webapps.fitzmuseum.cam.ac.uk/wndev/assets/3P/3PP142L01.jpg|404 
3PP144L01|http://webapps.fitzmuseum.cam.ac.uk/wndev/assets/3P/3PP144L01.jpg|404 
3PP148L01|http://webapps.fitzmuseum.cam.ac.uk/wndev/assets/3P/3PP148L01.jpg|404 
3PP150L01|http://webapps.fitzmuseum.cam.ac.uk/wndev/assets/3P/3PP150L01.jpg|404 
3PP152L01|http://webapps.fitzmuseum.cam.ac.uk/wndev/assets/3P/3PP152L01.jpg|404 
3PP154L01|http://webapps.fitzmuseum.cam.ac.uk/wndev/assets/3P/3PP154L01.jpg|404 
3PP156L01|http://webapps.fitzmuseum.cam.ac.uk/wndev/assets/3P/3PP156L01.jpg|404 
3PP158L01|http://webapps.fitzmuseum.cam.ac.uk/wndev/assets/3P/3PP158L01.jpg|404 
3PP160L01|http://webapps.fitzmuseum.cam.ac.uk/wndev/assets/3P/3PP160L01.jpg|404 
3PP162L01|http://webapps.fitzmuseum.cam.ac.uk/wndev/assets/3P/3PP162L01.jpg|404 
3PP164L01|http://webapps.fitzmuseum.cam.ac.uk/wndev/assets/3P/3PP164L01.jpg|404 
3PP166L01|http://webapps.fitzmuseum.cam.ac.uk/wndev/assets/3P/3PP166L01.jpg|404 
3PP168L01|http://webapps.fitzmuseum.cam.ac.uk/wndev/assets/3P/3PP168L01.jpg|404 
3PP169L01|http://webapps.fitzmuseum.cam.ac.uk/wndev/assets/3P/3PP169L01.jpg|404 
3PP170L01|http://webapps.fitzmuseum.cam.ac.uk/wndev/assets/3P/3PP170L01.jpg|404 
3PP172L01|http://webapps.fitzmuseum.cam.ac.uk/wndev/assets/3P/3PP172L01.jpg|404 
3PP174L01|http://webapps.fitzmuseum.cam.ac.uk/wndev/assets/3P/3PP174L01.jpg|404 
3PP176L01|http://webapps.fitzmuseum.cam.ac.uk/wndev/assets/3P/3PP176L01.jpg|404 
3PP177L01|http://webapps.fitzmuseum.cam.ac.uk/wndev/assets/3P/3PP177L01.jpg|404 
3PP178L01|http://webapps.fitzmuseum.cam.ac.uk/wndev/assets/3P/3PP178L01.jpg|404 
3PP178L06|http://webapps.fitzmuseum.cam.ac.uk/wndev/assets/3P/3PP178L06.jpg|404 
3PP178L09|http://webapps.fitzmuseum.cam.ac.uk/wndev/assets/3P/3PP178L09.jpg|404 
3PP180L01|http://webapps.fitzmuseum.cam.ac.uk/wndev/assets/3P/3PP180L01.jpg|404 
3PP182L01|http://webapps.fitzmuseum.cam.ac.uk/wndev/assets/3P/3PP182L01.jpg|404 
3PP184L01|http://webapps.fitzmuseum.cam.ac.uk/wndev/assets/3P/3PP184L01.jpg|404 
3PP186L01|http://webapps.fitzmuseum.cam.ac.uk/wndev/assets/3P/3PP186L01.jpg|404 
3PP188L01|http://webapps.fitzmuseum.cam.ac.uk/wndev/assets/3P/3PP188L01.jpg|404 
3PP190L01|http://webapps.fitzmuseum.cam.ac.uk/wndev/assets/3P/3PP190L01.jpg|404 
3PP192L01|http://webapps.fitzmuseum.cam.ac.uk/wndev/assets/3P/3PP192L01.jpg|404 
3PP194L01|http://webapps.fitzmuseum.cam.ac.uk/wndev/assets/3P/3PP194L01.jpg|404 
3PP196L01|http://webapps.fitzmuseum.cam.ac.uk/wndev/assets/3P/3PP196L01.jpg|404 
3PP198L01|http://webapps.fitzmuseum.cam.ac.uk/wndev/assets/3P/3PP198L01.jpg|404 
3PP200L01|http://webapps.fitzmuseum.cam.ac.uk/wndev/assets/3P/3PP200L01.jpg|404 
3PP202L01|http://webapps.fitzmuseum.cam.ac.uk/wndev/assets/3P/3PP202L01.jpg|404 
3PP204L01|http://webapps.fitzmuseum.cam.ac.uk/wndev/assets/3P/3PP204L01.jpg|404 
3PP206L01|http://webapps.fitzmuseum.cam.ac.uk/wndev/assets/3P/3PP206L01.jpg|404 
3PP208L01|http://webapps.fitzmuseum.cam.ac.uk/wndev/assets/3P/3PP208L01.jpg|404 
3PP210L01|http://webapps.fitzmuseum.cam.ac.uk/wndev/assets/3P/3PP210L01.jpg|404 
3PP212L01|http://webapps.fitzmuseum.cam.ac.uk/wndev/assets/3P/3PP212L01.jpg|404 
3PP214L01|http://webapps.fitzmuseum.cam.ac.uk/wndev/assets/3P/3PP214L01.jpg|404 
3PP216L01|http://webapps.fitzmuseum.cam.ac.uk/wndev/assets/3P/3PP216L01.jpg|404 
3PP218L01|http://webapps.fitzmuseum.cam.ac.uk/wndev/assets/3P/3PP218L01.jpg|404 
3PP220L01|http://webapps.fitzmuseum.cam.ac.uk/wndev/assets/3P/3PP220L01.jpg|404 
3PP222L01|http://webapps.fitzmuseum.cam.ac.uk/wndev/assets/3P/3PP222L01.jpg|404 
3PP224L01|http://webapps.fitzmuseum.cam.ac.uk/wndev/assets/3P/3PP224L01.jpg|404 
3PP226L01|http://webapps.fitzmuseum.cam.ac.uk/wndev/assets/3P/3PP226L01.jpg|404 
3PP227L01|http://webapps.fitzmuseum.cam.ac.uk/wndev/assets/3P/3PP227L01.jpg|404 
3PP228L01|http://webapps.fitzmuseum.cam.ac.uk/wndev/assets/3P/3PP228L01.jpg|404 
3PP229L01|http://webapps.fitzmuseum.cam.ac.uk/wndev/assets/3P/3PP229L01.jpg|404 
3PP230L01|http://webapps.fitzmuseum.cam.ac.uk/wndev/assets/3P/3PP230L01.jpg|404 
3PP230L12|http://webapps.fitzmuseum.cam.ac.uk/wndev/assets/3P/3PP230L12.jpg|404 
3PP231L01|http://webapps.fitzmuseum.cam.ac.uk/wndev/assets/3P/3PP231L01.jpg|404 
3PP232L01|http://webapps.fitzmuseum.cam.ac.uk/wndev/assets/3P/3PP232L01.jpg|404 
3PP233L01|http://webapps.fitzmuseum.cam.ac.uk/wndev/assets/3P/3PP233L01.jpg|404 
3PP234L01|http://webapps.fitzmuseum.cam.ac.uk/wndev/assets/3P/3PP234L01.jpg|404 
3PP236L01|http://webapps.fitzmuseum.cam.ac.uk/wndev/assets/3P/3PP236L01.jpg|404 
3PP238L01|http://webapps.fitzmuseum.cam.ac.uk/wndev/assets/3P/3PP238L01.jpg|404 
3PP240L01|http://webapps.fitzmuseum.cam.ac.uk/wndev/assets/3P/3PP240L01.jpg|404 
3PP242L01|http://webapps.fitzmuseum.cam.ac.uk/wndev/assets/3P/3PP242L01.jpg|404 
3PP244L01|http://webapps.fitzmuseum.cam.ac.uk/wndev/assets/3P/3PP244L01.jpg|404 
3PP248L01|http://webapps.fitzmuseum.cam.ac.uk/wndev/assets/3P/3PP248L01.jpg|404 
3PP249L01|http://webapps.fitzmuseum.cam.ac.uk/wndev/assets/3P/3PP249L01.jpg|404 
3PP249L11|http://webapps.fitzmuseum.cam.ac.uk/wndev/assets/3P/3PP249L11.jpg|404 
3PP250L01|http://webapps.fitzmuseum.cam.ac.uk/wndev/assets/3P/3PP250L01.jpg|404 
3PP251L01|http://webapps.fitzmuseum.cam.ac.uk/wndev/assets/3P/3PP251L01.jpg|404 
3PP253L01|http://webapps.fitzmuseum.cam.ac.uk/wndev/assets/3P/3PP253L01.jpg|404 
3PP254L01|http://webapps.fitzmuseum.cam.ac.uk/wndev/assets/3P/3PP254L01.jpg|404 
3PP255L01|http://webapps.fitzmuseum.cam.ac.uk/wndev/assets/3P/3PP255L01.jpg|404 
3PP256L01|http://webapps.fitzmuseum.cam.ac.uk/wndev/assets/3P/3PP256L01.jpg|404 
3PP258L01|http://webapps.fitzmuseum.cam.ac.uk/wndev/assets/3P/3PP258L01.jpg|404 
3PP259L01|http://webapps.fitzmuseum.cam.ac.uk/wndev/assets/3P/3PP259L01.jpg|404 
3PP260L01|http://webapps.fitzmuseum.cam.ac.uk/wndev/assets/3P/3PP260L01.jpg|404 
3PP262L01|http://webapps.fitzmuseum.cam.ac.uk/wndev/assets/3P/3PP262L01.jpg|404 
3PP264L01|http://webapps.fitzmuseum.cam.ac.uk/wndev/assets/3P/3PP264L01.jpg|404 
3PP266L01|http://webapps.fitzmuseum.cam.ac.uk/wndev/assets/3P/3PP266L01.jpg|404 
3PP268L01|http://webapps.fitzmuseum.cam.ac.uk/wndev/assets/3P/3PP268L01.jpg|404 
3PP270L01|http://webapps.fitzmuseum.cam.ac.uk/wndev/assets/3P/3PP270L01.jpg|404 
3PP272L01|http://webapps.fitzmuseum.cam.ac.uk/wndev/assets/3P/3PP272L01.jpg|404 
3PP274L01|http://webapps.fitzmuseum.cam.ac.uk/wndev/assets/3P/3PP274L01.jpg|404 
3PP276L01|http://webapps.fitzmuseum.cam.ac.uk/wndev/assets/3P/3PP276L01.jpg|404 
3PP278L01|http://webapps.fitzmuseum.cam.ac.uk/wndev/assets/3P/3PP278L01.jpg|404 
3PP279L01|http://webapps.fitzmuseum.cam.ac.uk/wndev/assets/3P/3PP279L01.jpg|404 
3PP280L01|http://webapps.fitzmuseum.cam.ac.uk/wndev/assets/3P/3PP280L01.jpg|404 
3PP282L01|http://webapps.fitzmuseum.cam.ac.uk/wndev/assets/3P/3PP282L01.jpg|404 
3PP284L01|http://webapps.fitzmuseum.cam.ac.uk/wndev/assets/3P/3PP284L01.jpg|404 
3PP286L01|http://webapps.fitzmuseum.cam.ac.uk/wndev/assets/3P/3PP286L01.jpg|404 
3PP288L01|http://webapps.fitzmuseum.cam.ac.uk/wndev/assets/3P/3PP288L01.jpg|404 
3PP290L01|http://webapps.fitzmuseum.cam.ac.uk/wndev/assets/3P/3PP290L01.jpg|404 
3PP292L01|http://webapps.fitzmuseum.cam.ac.uk/wndev/assets/3P/3PP292L01.jpg|404 
3PP294L01|http://webapps.fitzmuseum.cam.ac.uk/wndev/assets/3P/3PP294L01.jpg|404 
3PP296L01|http://webapps.fitzmuseum.cam.ac.uk/wndev/assets/3P/3PP296L01.jpg|404 
3PP297L01|http://webapps.fitzmuseum.cam.ac.uk/wndev/assets/3P/3PP297L01.jpg|404 
3PP298L01|http://webapps.fitzmuseum.cam.ac.uk/wndev/assets/3P/3PP298L01.jpg|404 
3PP298L11|http://webapps.fitzmuseum.cam.ac.uk/wndev/assets/3P/3PP298L11.jpg|404 
3PP300L01|http://webapps.fitzmuseum.cam.ac.uk/wndev/assets/3P/3PP300L01.jpg|404 
3PP302L01|http://webapps.fitzmuseum.cam.ac.uk/wndev/assets/3P/3PP302L01.jpg|404 
3PP304L01|http://webapps.fitzmuseum.cam.ac.uk/wndev/assets/3P/3PP304L01.jpg|404 
3PP305L01|http://webapps.fitzmuseum.cam.ac.uk/wndev/assets/3P/3PP305L01.jpg|404 
3PP306L01|http://webapps.fitzmuseum.cam.ac.uk/wndev/assets/3P/3PP306L01.jpg|404 
3PP306L11|http://webapps.fitzmuseum.cam.ac.uk/wndev/assets/3P/3PP306L11.jpg|404 
3PP307L01|http://webapps.fitzmuseum.cam.ac.uk/wndev/assets/3P/3PP307L01.jpg|404 
3PP308L01|http://webapps.fitzmuseum.cam.ac.uk/wndev/assets/3P/3PP308L01.jpg|404 
3PP310L01|http://webapps.fitzmuseum.cam.ac.uk/wndev/assets/3P/3PP310L01.jpg|404 
3PP314L01|http://webapps.fitzmuseum.cam.ac.uk/wndev/assets/3P/3PP314L01.jpg|404 
3PP316L01|http://webapps.fitzmuseum.cam.ac.uk/wndev/assets/3P/3PP316L01.jpg|404 
3PP318L01|http://webapps.fitzmuseum.cam.ac.uk/wndev/assets/3P/3PP318L01.jpg|404 
3PP320L01|http://webapps.fitzmuseum.cam.ac.uk/wndev/assets/3P/3PP320L01.jpg|404 
3PP322L01|http://webapps.fitzmuseum.cam.ac.uk/wndev/assets/3P/3PP322L01.jpg|404 
3PP324L01|http://webapps.fitzmuseum.cam.ac.uk/wndev/assets/3P/3PP324L01.jpg|404 
3PP325L01|http://webapps.fitzmuseum.cam.ac.uk/wndev/assets/3P/3PP325L01.jpg|404 
3PP326L01|http://webapps.fitzmuseum.cam.ac.uk/wndev/assets/3P/3PP326L01.jpg|404 
3PP328L01|http://webapps.fitzmuseum.cam.ac.uk/wndev/assets/3P/3PP328L01.jpg|404 
3PP330L01|http://webapps.fitzmuseum.cam.ac.uk/wndev/assets/3P/3PP330L01.jpg|404 
3PP334L01|http://webapps.fitzmuseum.cam.ac.uk/wndev/assets/3P/3PP334L01.jpg|404 
3PP335L01|http://webapps.fitzmuseum.cam.ac.uk/wndev/assets/3P/3PP335L01.jpg|404 
3PP336L01|http://webapps.fitzmuseum.cam.ac.uk/wndev/assets/3P/3PP336L01.jpg|404 
3PP338L01|http://webapps.fitzmuseum.cam.ac.uk/wndev/assets/3P/3PP338L01.jpg|404 
3PP339L01|http://webapps.fitzmuseum.cam.ac.uk/wndev/assets/3P/3PP339L01.jpg|404 
3PP340L01|http://webapps.fitzmuseum.cam.ac.uk/wndev/assets/3P/3PP340L01.jpg|404 
3PP341L01|http://webapps.fitzmuseum.cam.ac.uk/wndev/assets/3P/3PP341L01.jpg|404 
3PP342L01|http://webapps.fitzmuseum.cam.ac.uk/wndev/assets/3P/3PP342L01.jpg|404 
3PP343L01|http://webapps.fitzmuseum.cam.ac.uk/wndev/assets/3P/3PP343L01.jpg|404 
3PP344L01|http://webapps.fitzmuseum.cam.ac.uk/wndev/assets/3P/3PP344L01.jpg|404 
3PP344L13|http://webapps.fitzmuseum.cam.ac.uk/wndev/assets/3P/3PP344L13.jpg|404 
3PP345L01|http://webapps.fitzmuseum.cam.ac.uk/wndev/assets/3P/3PP345L01.jpg|404 
3PP346L01|http://webapps.fitzmuseum.cam.ac.uk/wndev/assets/3P/3PP346L01.jpg|404 
3PP346L03|http://webapps.fitzmuseum.cam.ac.uk/wndev/assets/3P/3PP346L03.jpg|404 
3PP346L06|http://webapps.fitzmuseum.cam.ac.uk/wndev/assets/3P/3PP346L06.jpg|404 
3PP347L01|http://webapps.fitzmuseum.cam.ac.uk/wndev/assets/3P/3PP347L01.jpg|404 
3PP347L09|http://webapps.fitzmuseum.cam.ac.uk/wndev/assets/3P/3PP347L09.jpg|404 
3PP347L12|http://webapps.fitzmuseum.cam.ac.uk/wndev/assets/3P/3PP347L12.jpg|404 
3PP349L01|http://webapps.fitzmuseum.cam.ac.uk/wndev/assets/3P/3PP349L01.jpg|404 
3PP350L08|http://webapps.fitzmuseum.cam.ac.uk/wndev/assets/3P/3PP350L08.jpg|404 
3PP350L15|http://webapps.fitzmuseum.cam.ac.uk/wndev/assets/3P/3PP350L15.jpg|404 
3PP351L01|http://webapps.fitzmuseum.cam.ac.uk/wndev/assets/3P/3PP351L01.jpg|404 
3PP351L07|http://webapps.fitzmuseum.cam.ac.uk/wndev/assets/3P/3PP351L07.jpg|404 
3PP352L01|http://webapps.fitzmuseum.cam.ac.uk/wndev/assets/3P/3PP352L01.jpg|404 
3PP352L12|http://webapps.fitzmuseum.cam.ac.uk/wndev/assets/3P/3PP352L12.jpg|404 
3PP353L01|http://webapps.fitzmuseum.cam.ac.uk/wndev/assets/3P/3PP353L01.jpg|404 
3PP356L01|http://webapps.fitzmuseum.cam.ac.uk/wndev/assets/3P/3PP356L01.jpg|404 
3PP356L13|http://webapps.fitzmuseum.cam.ac.uk/wndev/assets/3P/3PP356L13.jpg|404 
3PP356L16|http://webapps.fitzmuseum.cam.ac.uk/wndev/assets/3P/3PP356L16.jpg|404 
3PP357L01|http://webapps.fitzmuseum.cam.ac.uk/wndev/assets/3P/3PP357L01.jpg|404 
3PP357L11|http://webapps.fitzmuseum.cam.ac.uk/wndev/assets/3P/3PP357L11.jpg|404 
3PP357L15|http://webapps.fitzmuseum.cam.ac.uk/wndev/assets/3P/3PP357L15.jpg|404 
3PP357L17|http://webapps.fitzmuseum.cam.ac.uk/wndev/assets/3P/3PP357L17.jpg|404 
3PP358L01|http://webapps.fitzmuseum.cam.ac.uk/wndev/assets/3P/3PP358L01.jpg|404 
3PP358L08|http://webapps.fitzmuseum.cam.ac.uk/wndev/assets/3P/3PP358L08.jpg|404 
3PP358L10|http://webapps.fitzmuseum.cam.ac.uk/wndev/assets/3P/3PP358L10.jpg|404 
3PP358L13|http://webapps.fitzmuseum.cam.ac.uk/wndev/assets/3P/3PP358L13.jpg|404 
3PP359L01|http://webapps.fitzmuseum.cam.ac.uk/wndev/assets/3P/3PP359L01.jpg|404 
3PP359L06|http://webapps.fitzmuseum.cam.ac.uk/wndev/assets/3P/3PP359L06.jpg|404 
3PP359L11|http://webapps.fitzmuseum.cam.ac.uk/wndev/assets/3P/3PP359L11.jpg|404 
3PP359L14|http://webapps.fitzmuseum.cam.ac.uk/wndev/assets/3P/3PP359L14.jpg|404 
3PP360L01|http://webapps.fitzmuseum.cam.ac.uk/wndev/assets/3P/3PP360L01.jpg|404 
3PP360L04|http://webapps.fitzmuseum.cam.ac.uk/wndev/assets/3P/3PP360L04.jpg|404 
3PP360L06|http://webapps.fitzmuseum.cam.ac.uk/wndev/assets/3P/3PP360L06.jpg|404 
3PP360L09|http://webapps.fitzmuseum.cam.ac.uk/wndev/assets/3P/3PP360L09.jpg|404 
3PP360L12|http://webapps.fitzmuseum.cam.ac.uk/wndev/assets/3P/3PP360L12.jpg|404 
3PP360L14|http://webapps.fitzmuseum.cam.ac.uk/wndev/assets/3P/3PP360L14.jpg|404 
3PP361L01|http://webapps.fitzmuseum.cam.ac.uk/wndev/assets/3P/3PP361L01.jpg|404 
3PP361L08|http://webapps.fitzmuseum.cam.ac.uk/wndev/assets/3P/3PP361L08.jpg|404 
3PP362L01|http://webapps.fitzmuseum.cam.ac.uk/wndev/assets/3P/3PP362L01.jpg|404 
4PCOVERL01|http://webapps.fitzmuseum.cam.ac.uk/wndev/assets/4P/4PCOVERL01.jpg|404 
4PF02L01|http://webapps.fitzmuseum.cam.ac.uk/wndev/assets/4P/4PF02L01.jpg|404 
4PINA1L01|http://webapps.fitzmuseum.cam.ac.uk/wndev/assets/4P/4PINA1L01.jpg|404 
4PINB1L01|http://webapps.fitzmuseum.cam.ac.uk/wndev/assets/4P/4PINB1L01.jpg|404 
4PINB2L01|http://webapps.fitzmuseum.cam.ac.uk/wndev/assets/4P/4PINB2L01.jpg|404 
4PINC1L01|http://webapps.fitzmuseum.cam.ac.uk/wndev/assets/4P/4PINC1L01.jpg|404 
4PINC2L01|http://webapps.fitzmuseum.cam.ac.uk/wndev/assets/4P/4PINC2L01.jpg|404 
4PIND1L01|http://webapps.fitzmuseum.cam.ac.uk/wndev/assets/4P/4PIND1L01.jpg|404 
4PIND2L01|http://webapps.fitzmuseum.cam.ac.uk/wndev/assets/4P/4PIND2L01.jpg|404 
4PINE1L01|http://webapps.fitzmuseum.cam.ac.uk/wndev/assets/4P/4PINE1L01.jpg|404 
4PINE2L01|http://webapps.fitzmuseum.cam.ac.uk/wndev/assets/4P/4PINE2L01.jpg|404 
4PINF2L01|http://webapps.fitzmuseum.cam.ac.uk/wndev/assets/4P/4PINF2L01.jpg|404 
4PING1L01|http://webapps.fitzmuseum.cam.ac.uk/wndev/assets/4P/4PING1L01.jpg|404 
4PING2L01|http://webapps.fitzmuseum.cam.ac.uk/wndev/assets/4P/4PING2L01.jpg|404 
4PINH1L01|http://webapps.fitzmuseum.cam.ac.uk/wndev/assets/4P/4PINH1L01.jpg|404 
4PINH2L01|http://webapps.fitzmuseum.cam.ac.uk/wndev/assets/4P/4PINH2L01.jpg|404 
4PINI1L01|http://webapps.fitzmuseum.cam.ac.uk/wndev/assets/4P/4PINI1L01.jpg|404 
4PINJ1L01|http://webapps.fitzmuseum.cam.ac.uk/wndev/assets/4P/4PINJ1L01.jpg|404 
4PINK2L01|http://webapps.fitzmuseum.cam.ac.uk/wndev/assets/4P/4PINK2L01.jpg|404 
4PINL1L01|http://webapps.fitzmuseum.cam.ac.uk/wndev/assets/4P/4PINL1L01.jpg|404 
4PINL2L01|http://webapps.fitzmuseum.cam.ac.uk/wndev/assets/4P/4PINL2L01.jpg|404 
4PINM1L01|http://webapps.fitzmuseum.cam.ac.uk/wndev/assets/4P/4PINM1L01.jpg|404 
4PINM2L01|http://webapps.fitzmuseum.cam.ac.uk/wndev/assets/4P/4PINM2L01.jpg|404 
4PINN1L01|http://webapps.fitzmuseum.cam.ac.uk/wndev/assets/4P/4PINN1L01.jpg|404 
4PINN2L01|http://webapps.fitzmuseum.cam.ac.uk/wndev/assets/4P/4PINN2L01.jpg|404 
4PINO1L01|http://webapps.fitzmuseum.cam.ac.uk/wndev/assets/4P/4PINO1L01.jpg|404 
4PINO2L01|http://webapps.fitzmuseum.cam.ac.uk/wndev/assets/4P/4PINO2L01.jpg|404 
4PINP1L01|http://webapps.fitzmuseum.cam.ac.uk/wndev/assets/4P/4PINP1L01.jpg|404 
4PINP2L01|http://webapps.fitzmuseum.cam.ac.uk/wndev/assets/4P/4PINP2L01.jpg|404 
4PINQ1L01|http://webapps.fitzmuseum.cam.ac.uk/wndev/assets/4P/4PINQ1L01.jpg|404 
4PINQ2L01|http://webapps.fitzmuseum.cam.ac.uk/wndev/assets/4P/4PINQ2L01.jpg|404 
4PINR1L01|http://webapps.fitzmuseum.cam.ac.uk/wndev/assets/4P/4PINR1L01.jpg|404 
4PINR2L01|http://webapps.fitzmuseum.cam.ac.uk/wndev/assets/4P/4PINR2L01.jpg|404 
4PINS1L01|http://webapps.fitzmuseum.cam.ac.uk/wndev/assets/4P/4PINS1L01.jpg|404 
4PINS2L01|http://webapps.fitzmuseum.cam.ac.uk/wndev/assets/4P/4PINS2L01.jpg|404 
4PINT1L01|http://webapps.fitzmuseum.cam.ac.uk/wndev/assets/4P/4PINT1L01.jpg|404 
4PINT2L01|http://webapps.fitzmuseum.cam.ac.uk/wndev/assets/4P/4PINT2L01.jpg|404 
4PINV1L01|http://webapps.fitzmuseum.cam.ac.uk/wndev/assets/4P/4PINV1L01.jpg|404 
4PINV2L01|http://webapps.fitzmuseum.cam.ac.uk/wndev/assets/4P/4PINV2L01.jpg|404 
4PINW1L01|http://webapps.fitzmuseum.cam.ac.uk/wndev/assets/4P/4PINW1L01.jpg|404 
4PINW2L01|http://webapps.fitzmuseum.cam.ac.uk/wndev/assets/4P/4PINW2L01.jpg|404 
4PINX1L01|http://webapps.fitzmuseum.cam.ac.uk/wndev/assets/4P/4PINX1L01.jpg|404 
4PINY1L01|http://webapps.fitzmuseum.cam.ac.uk/wndev/assets/4P/4PINY1L01.jpg|404 
4PINY2L01|http://webapps.fitzmuseum.cam.ac.uk/wndev/assets/4P/4PINY2L01.jpg|404 
4PINZ1L01|http://webapps.fitzmuseum.cam.ac.uk/wndev/assets/4P/4PINZ1L01.jpg|404 
4PINZ2L01|http://webapps.fitzmuseum.cam.ac.uk/wndev/assets/4P/4PINZ2L01.jpg|404 
4PP001AL01|http://webapps.fitzmuseum.cam.ac.uk/wndev/assets/4P/4PP001AL01.jpg|404 
4PP002AL01|http://webapps.fitzmuseum.cam.ac.uk/wndev/assets/4P/4PP002AL01.jpg|404 
4PP003AL01|http://webapps.fitzmuseum.cam.ac.uk/wndev/assets/4P/4PP003AL01.jpg|404 
4PP004AL01|http://webapps.fitzmuseum.cam.ac.uk/wndev/assets/4P/4PP004AL01.jpg|404 
4PP005AL01|http://webapps.fitzmuseum.cam.ac.uk/wndev/assets/4P/4PP005AL01.jpg|404 
4PP006AL01|http://webapps.fitzmuseum.cam.ac.uk/wndev/assets/4P/4PP006AL01.jpg|404 
4PP008AL01|http://webapps.fitzmuseum.cam.ac.uk/wndev/assets/4P/4PP008AL01.jpg|404 
4PP009AL01|http://webapps.fitzmuseum.cam.ac.uk/wndev/assets/4P/4PP009AL01.jpg|404 
4PP010AL01|http://webapps.fitzmuseum.cam.ac.uk/wndev/assets/4P/4PP010AL01.jpg|404 
4PP011AL01|http://webapps.fitzmuseum.cam.ac.uk/wndev/assets/4P/4PP011AL01.jpg|404 
4PP012AL01|http://webapps.fitzmuseum.cam.ac.uk/wndev/assets/4P/4PP012AL01.jpg|404 
4PP015AL01|http://webapps.fitzmuseum.cam.ac.uk/wndev/assets/4P/4PP015AL01.jpg|404 
4PP016AL01|http://webapps.fitzmuseum.cam.ac.uk/wndev/assets/4P/4PP016AL01.jpg|404 
4PP019AL01|http://webapps.fitzmuseum.cam.ac.uk/wndev/assets/4P/4PP019AL01.jpg|404 
4PP019BL02|http://webapps.fitzmuseum.cam.ac.uk/wndev/assets/4P/4PP019BL02.jpg|404 
4PP020AL01|http://webapps.fitzmuseum.cam.ac.uk/wndev/assets/4P/4PP020AL01.jpg|404 
4PP023AL01|http://webapps.fitzmuseum.cam.ac.uk/wndev/assets/4P/4PP023AL01.jpg|404 
4PP024AL01|http://webapps.fitzmuseum.cam.ac.uk/wndev/assets/4P/4PP024AL01.jpg|404 
4PP025AL01|http://webapps.fitzmuseum.cam.ac.uk/wndev/assets/4P/4PP025AL01.jpg|404 
4PP026AL01|http://webapps.fitzmuseum.cam.ac.uk/wndev/assets/4P/4PP026AL01.jpg|404 
4PP027AL01|http://webapps.fitzmuseum.cam.ac.uk/wndev/assets/4P/4PP027AL01.jpg|404 
4PP028AL01|http://webapps.fitzmuseum.cam.ac.uk/wndev/assets/4P/4PP028AL01.jpg|404 
4PP029AL01|http://webapps.fitzmuseum.cam.ac.uk/wndev/assets/4P/4PP029AL01.jpg|404 
4PP030AL01|http://webapps.fitzmuseum.cam.ac.uk/wndev/assets/4P/4PP030AL01.jpg|404 
4PP031AL01|http://webapps.fitzmuseum.cam.ac.uk/wndev/assets/4P/4PP031AL01.jpg|404 
4PP032AL01|http://webapps.fitzmuseum.cam.ac.uk/wndev/assets/4P/4PP032AL01.jpg|404 
4PP033AL01|http://webapps.fitzmuseum.cam.ac.uk/wndev/assets/4P/4PP033AL01.jpg|404 
4PP034AL01|http://webapps.fitzmuseum.cam.ac.uk/wndev/assets/4P/4PP034AL01.jpg|404 
4PP035AL01|http://webapps.fitzmuseum.cam.ac.uk/wndev/assets/4P/4PP035AL01.jpg|404 
4PP036AL01|http://webapps.fitzmuseum.cam.ac.uk/wndev/assets/4P/4PP036AL01.jpg|404 
4PP037AL01|http://webapps.fitzmuseum.cam.ac.uk/wndev/assets/4P/4PP037AL01.jpg|404 
4PP038AL01|http://webapps.fitzmuseum.cam.ac.uk/wndev/assets/4P/4PP038AL01.jpg|404 
4PP039AL01|http://webapps.fitzmuseum.cam.ac.uk/wndev/assets/4P/4PP039AL01.jpg|404 
4PP040AL01|http://webapps.fitzmuseum.cam.ac.uk/wndev/assets/4P/4PP040AL01.jpg|404 
4PP042AL01|http://webapps.fitzmuseum.cam.ac.uk/wndev/assets/4P/4PP042AL01.jpg|404 
4PP043AL01|http://webapps.fitzmuseum.cam.ac.uk/wndev/assets/4P/4PP043AL01.jpg|404 
4PP044AL01|http://webapps.fitzmuseum.cam.ac.uk/wndev/assets/4P/4PP044AL01.jpg|404 
4PP045AL01|http://webapps.fitzmuseum.cam.ac.uk/wndev/assets/4P/4PP045AL01.jpg|404 
4PP046AL01|http://webapps.fitzmuseum.cam.ac.uk/wndev/assets/4P/4PP046AL01.jpg|404 
4PP047AL01|http://webapps.fitzmuseum.cam.ac.uk/wndev/assets/4P/4PP047AL01.jpg|404 
4PP048AL01|http://webapps.fitzmuseum.cam.ac.uk/wndev/assets/4P/4PP048AL01.jpg|404 
4PP049AL01|http://webapps.fitzmuseum.cam.ac.uk/wndev/assets/4P/4PP049AL01.jpg|404 
4PP051AL01|http://webapps.fitzmuseum.cam.ac.uk/wndev/assets/4P/4PP051AL01.jpg|404 
4PP056AL01|http://webapps.fitzmuseum.cam.ac.uk/wndev/assets/4P/4PP056AL01.jpg|404 
4PP057AL01|http://webapps.fitzmuseum.cam.ac.uk/wndev/assets/4P/4PP057AL01.jpg|404 
4PP058AL01|http://webapps.fitzmuseum.cam.ac.uk/wndev/assets/4P/4PP058AL01.jpg|404 
4PP059AL01|http://webapps.fitzmuseum.cam.ac.uk/wndev/assets/4P/4PP059AL01.jpg|404 
4PP065AL01|http://webapps.fitzmuseum.cam.ac.uk/wndev/assets/4P/4PP065AL01.jpg|404 
4PP066AL01|http://webapps.fitzmuseum.cam.ac.uk/wndev/assets/4P/4PP066AL01.jpg|404 
4PP066BL17|http://webapps.fitzmuseum.cam.ac.uk/wndev/assets/4P/4PP066BL17.jpg|404 
4PP068AL01|http://webapps.fitzmuseum.cam.ac.uk/wndev/assets/4P/4PP068AL01.jpg|404 
4PP070AL01|http://webapps.fitzmuseum.cam.ac.uk/wndev/assets/4P/4PP070AL01.jpg|404 
4PP071AL01|http://webapps.fitzmuseum.cam.ac.uk/wndev/assets/4P/4PP071AL01.jpg|404 
4PP073AL01|http://webapps.fitzmuseum.cam.ac.uk/wndev/assets/4P/4PP073AL01.jpg|404 
4PP073BL10|http://webapps.fitzmuseum.cam.ac.uk/wndev/assets/4P/4PP073BL10.jpg|404 
4PP074AL01|http://webapps.fitzmuseum.cam.ac.uk/wndev/assets/4P/4PP074AL01.jpg|404 
4PP075AL01|http://webapps.fitzmuseum.cam.ac.uk/wndev/assets/4P/4PP075AL01.jpg|404 
4PP075BL14|http://webapps.fitzmuseum.cam.ac.uk/wndev/assets/4P/4PP075BL14.jpg|404 
4PP077AL01|http://webapps.fitzmuseum.cam.ac.uk/wndev/assets/4P/4PP077AL01.jpg|404 
4PP077BL12|http://webapps.fitzmuseum.cam.ac.uk/wndev/assets/4P/4PP077BL12.jpg|404 
4PP078AL01|http://webapps.fitzmuseum.cam.ac.uk/wndev/assets/4P/4PP078AL01.jpg|404 
4PP080AL01|http://webapps.fitzmuseum.cam.ac.uk/wndev/assets/4P/4PP080AL01.jpg|404 
4PP081AL01|http://webapps.fitzmuseum.cam.ac.uk/wndev/assets/4P/4PP081AL01.jpg|404 
4PP082AL01|http://webapps.fitzmuseum.cam.ac.uk/wndev/assets/4P/4PP082AL01.jpg|404 
4PP083AL01|http://webapps.fitzmuseum.cam.ac.uk/wndev/assets/4P/4PP083AL01.jpg|404 
4PP084AL01|http://webapps.fitzmuseum.cam.ac.uk/wndev/assets/4P/4PP084AL01.jpg|404 
4PP085AL01|http://webapps.fitzmuseum.cam.ac.uk/wndev/assets/4P/4PP085AL01.jpg|404 
4PP088AL01|http://webapps.fitzmuseum.cam.ac.uk/wndev/assets/4P/4PP088AL01.jpg|404 
4PP090AL01|http://webapps.fitzmuseum.cam.ac.uk/wndev/assets/4P/4PP090AL01.jpg|404 
4PP093AL01|http://webapps.fitzmuseum.cam.ac.uk/wndev/assets/4P/4PP093AL01.jpg|404 
4PP094AL01|http://webapps.fitzmuseum.cam.ac.uk/wndev/assets/4P/4PP094AL01.jpg|404 
4PP097AL01|http://webapps.fitzmuseum.cam.ac.uk/wndev/assets/4P/4PP097AL01.jpg|404 
4PP098AL01|http://webapps.fitzmuseum.cam.ac.uk/wndev/assets/4P/4PP098AL01.jpg|404 
4PP100AL01|http://webapps.fitzmuseum.cam.ac.uk/wndev/assets/4P/4PP100AL01.jpg|404 
4PP101AL01|http://webapps.fitzmuseum.cam.ac.uk/wndev/assets/4P/4PP101AL01.jpg|404 
4PP102AL01|http://webapps.fitzmuseum.cam.ac.uk/wndev/assets/4P/4PP102AL01.jpg|404 
4PP103AL01|http://webapps.fitzmuseum.cam.ac.uk/wndev/assets/4P/4PP103AL01.jpg|404 
4PP104AL01|http://webapps.fitzmuseum.cam.ac.uk/wndev/assets/4P/4PP104AL01.jpg|404 
4PP105AL01|http://webapps.fitzmuseum.cam.ac.uk/wndev/assets/4P/4PP105AL01.jpg|404 
4PP106AL01|http://webapps.fitzmuseum.cam.ac.uk/wndev/assets/4P/4PP106AL01.jpg|404 
4PP107AL01|http://webapps.fitzmuseum.cam.ac.uk/wndev/assets/4P/4PP107AL01.jpg|404 
4PP108AL01|http://webapps.fitzmuseum.cam.ac.uk/wndev/assets/4P/4PP108AL01.jpg|404 
4PP109AL01|http://webapps.fitzmuseum.cam.ac.uk/wndev/assets/4P/4PP109AL01.jpg|404 
4PP109BL16|http://webapps.fitzmuseum.cam.ac.uk/wndev/assets/4P/4PP109BL16.jpg|404 
4PP110AL01|http://webapps.fitzmuseum.cam.ac.uk/wndev/assets/4P/4PP110AL01.jpg|404 
4PP113AL01|http://webapps.fitzmuseum.cam.ac.uk/wndev/assets/4P/4PP113AL01.jpg|404 
4PP114AL01|http://webapps.fitzmuseum.cam.ac.uk/wndev/assets/4P/4PP114AL01.jpg|404 
4PP114BL03|http://webapps.fitzmuseum.cam.ac.uk/wndev/assets/4P/4PP114BL03.jpg|404 
4PP114BL13|http://webapps.fitzmuseum.cam.ac.uk/wndev/assets/4P/4PP114BL13.jpg|404 
4PP115AL01|http://webapps.fitzmuseum.cam.ac.uk/wndev/assets/4P/4PP115AL01.jpg|404 
4PP116AL01|http://webapps.fitzmuseum.cam.ac.uk/wndev/assets/4P/4PP116AL01.jpg|404 
4PP117AL01|http://webapps.fitzmuseum.cam.ac.uk/wndev/assets/4P/4PP117AL01.jpg|404 
4PP120AL16|http://webapps.fitzmuseum.cam.ac.uk/wndev/assets/4P/4PP120AL16.jpg|404 
4PP122AL01|http://webapps.fitzmuseum.cam.ac.uk/wndev/assets/4P/4PP122AL01.jpg|404 
4PP125AL01|http://webapps.fitzmuseum.cam.ac.uk/wndev/assets/4P/4PP125AL01.jpg|404 
4PP129AL01|http://webapps.fitzmuseum.cam.ac.uk/wndev/assets/4P/4PP129AL01.jpg|404 
4PP129AL07|http://webapps.fitzmuseum.cam.ac.uk/wndev/assets/4P/4PP129AL07.jpg|404 
4PP129AL18|http://webapps.fitzmuseum.cam.ac.uk/wndev/assets/4P/4PP129AL18.jpg|404 
4PP130AL01|http://webapps.fitzmuseum.cam.ac.uk/wndev/assets/4P/4PP130AL01.jpg|404 
4PP130AL13|http://webapps.fitzmuseum.cam.ac.uk/wndev/assets/4P/4PP130AL13.jpg|404 
4PP131AL01|http://webapps.fitzmuseum.cam.ac.uk/wndev/assets/4P/4PP131AL01.jpg|404 
4PP131AL08|http://webapps.fitzmuseum.cam.ac.uk/wndev/assets/4P/4PP131AL08.jpg|404 
4PP131AL12|http://webapps.fitzmuseum.cam.ac.uk/wndev/assets/4P/4PP131AL12.jpg|404 
4PP132AL01|http://webapps.fitzmuseum.cam.ac.uk/wndev/assets/4P/4PP132AL01.jpg|404 
4PP133AL01|http://webapps.fitzmuseum.cam.ac.uk/wndev/assets/4P/4PP133AL01.jpg|404 
4PP133AL13|http://webapps.fitzmuseum.cam.ac.uk/wndev/assets/4P/4PP133AL13.jpg|404 
4PP134AL01|http://webapps.fitzmuseum.cam.ac.uk/wndev/assets/4P/4PP134AL01.jpg|404 
4PP135AL01|http://webapps.fitzmuseum.cam.ac.uk/wndev/assets/4P/4PP135AL01.jpg|404 
4PP136AL01|http://webapps.fitzmuseum.cam.ac.uk/wndev/assets/4P/4PP136AL01.jpg|404 
4PP137AL21|http://webapps.fitzmuseum.cam.ac.uk/wndev/assets/4P/4PP137AL21.jpg|404 
4PP139AL10|http://webapps.fitzmuseum.cam.ac.uk/wndev/assets/4P/4PP139AL10.jpg|404 
4PP141AL01|http://webapps.fitzmuseum.cam.ac.uk/wndev/assets/4P/4PP141AL01.jpg|404 
4PP142AL01|http://webapps.fitzmuseum.cam.ac.uk/wndev/assets/4P/4PP142AL01.jpg|404 
4PP142AL13|http://webapps.fitzmuseum.cam.ac.uk/wndev/assets/4P/4PP142AL13.jpg|404 
4PP142AL17|http://webapps.fitzmuseum.cam.ac.uk/wndev/assets/4P/4PP142AL17.jpg|404 
4PP143AL11|http://webapps.fitzmuseum.cam.ac.uk/wndev/assets/4P/4PP143AL11.jpg|404 
4PP144AL01|http://webapps.fitzmuseum.cam.ac.uk/wndev/assets/4P/4PP144AL01.jpg|404 
4PP144AL06|http://webapps.fitzmuseum.cam.ac.uk/wndev/assets/4P/4PP144AL06.jpg|404 
4PP144AL10|http://webapps.fitzmuseum.cam.ac.uk/wndev/assets/4P/4PP144AL10.jpg|404 
4PP145AL01|http://webapps.fitzmuseum.cam.ac.uk/wndev/assets/4P/4PP145AL01.jpg|404 
4PP146AL09|http://webapps.fitzmuseum.cam.ac.uk/wndev/assets/4P/4PP146AL09.jpg|404 
4PP147AL01|http://webapps.fitzmuseum.cam.ac.uk/wndev/assets/4P/4PP147AL01.jpg|404 
4PP148AL01|http://webapps.fitzmuseum.cam.ac.uk/wndev/assets/4P/4PP148AL01.jpg|404 
4PP148AL14|http://webapps.fitzmuseum.cam.ac.uk/wndev/assets/4P/4PP148AL14.jpg|404 
4PP150AL01|http://webapps.fitzmuseum.cam.ac.uk/wndev/assets/4P/4PP150AL01.jpg|404 
4PP151AL09|http://webapps.fitzmuseum.cam.ac.uk/wndev/assets/4P/4PP151AL09.jpg|404 
4PP151AL15|http://webapps.fitzmuseum.cam.ac.uk/wndev/assets/4P/4PP151AL15.jpg|404 
4PP152AL01|http://webapps.fitzmuseum.cam.ac.uk/wndev/assets/4P/4PP152AL01.jpg|404 
4PP153AL01|http://webapps.fitzmuseum.cam.ac.uk/wndev/assets/4P/4PP153AL01.jpg|404 
4PP153AL11|http://webapps.fitzmuseum.cam.ac.uk/wndev/assets/4P/4PP153AL11.jpg|404 
4PP153AL18|http://webapps.fitzmuseum.cam.ac.uk/wndev/assets/4P/4PP153AL18.jpg|404 
4PP154AL01|http://webapps.fitzmuseum.cam.ac.uk/wndev/assets/4P/4PP154AL01.jpg|404 
4PP154AL05|http://webapps.fitzmuseum.cam.ac.uk/wndev/assets/4P/4PP154AL05.jpg|404 
4PP154AL13|http://webapps.fitzmuseum.cam.ac.uk/wndev/assets/4P/4PP154AL13.jpg|404 
4PP155AL01|http://webapps.fitzmuseum.cam.ac.uk/wndev/assets/4P/4PP155AL01.jpg|404 
4PP156AL01|http://webapps.fitzmuseum.cam.ac.uk/wndev/assets/4P/4PP156AL01.jpg|404 
4PP157AL01|http://webapps.fitzmuseum.cam.ac.uk/wndev/assets/4P/4PP157AL01.jpg|404 
4PP158AL01|http://webapps.fitzmuseum.cam.ac.uk/wndev/assets/4P/4PP158AL01.jpg|404 
4PP158AL11|http://webapps.fitzmuseum.cam.ac.uk/wndev/assets/4P/4PP158AL11.jpg|404 
4PP159AL01|http://webapps.fitzmuseum.cam.ac.uk/wndev/assets/4P/4PP159AL01.jpg|404 
7PCOVERL01|http://webapps.fitzmuseum.cam.ac.uk/wndev/assets/7P/7PCOVERL01.jpg|404 
7PF05L01|http://webapps.fitzmuseum.cam.ac.uk/wndev/assets/7P/7PF05L01.jpg|404 
7PF06L01|http://webapps.fitzmuseum.cam.ac.uk/wndev/assets/7P/7PF06L01.jpg|404 
7PINA1L01|http://webapps.fitzmuseum.cam.ac.uk/wndev/assets/7P/7PINA1L01.jpg|404 
7PP001L02|http://webapps.fitzmuseum.cam.ac.uk/wndev/assets/7P/7PP001L02.jpg|404 
7PP003L01|http://webapps.fitzmuseum.cam.ac.uk/wndev/assets/7P/7PP003L01.jpg|404 
7PP006L01|http://webapps.fitzmuseum.cam.ac.uk/wndev/assets/7P/7PP006L01.jpg|404 
7PP008L01|http://webapps.fitzmuseum.cam.ac.uk/wndev/assets/7P/7PP008L01.jpg|404 
7PP009L01|http://webapps.fitzmuseum.cam.ac.uk/wndev/assets/7P/7PP009L01.jpg|404 
7PP010L01|http://webapps.fitzmuseum.cam.ac.uk/wndev/assets/7P/7PP010L01.jpg|404 
7PP011L01|http://webapps.fitzmuseum.cam.ac.uk/wndev/assets/7P/7PP011L01.jpg|404 
7PP012L01|http://webapps.fitzmuseum.cam.ac.uk/wndev/assets/7P/7PP012L01.jpg|404 
7PP013L01|http://webapps.fitzmuseum.cam.ac.uk/wndev/assets/7P/7PP013L01.jpg|404 
7PP014L01|http://webapps.fitzmuseum.cam.ac.uk/wndev/assets/7P/7PP014L01.jpg|404 
7PP015L01|http://webapps.fitzmuseum.cam.ac.uk/wndev/assets/7P/7PP015L01.jpg|404 
7PP017L01|http://webapps.fitzmuseum.cam.ac.uk/wndev/assets/7P/7PP017L01.jpg|404 
7PP019L01|http://webapps.fitzmuseum.cam.ac.uk/wndev/assets/7P/7PP019L01.jpg|404 
7PP020L01|http://webapps.fitzmuseum.cam.ac.uk/wndev/assets/7P/7PP020L01.jpg|404 
7PP021L01|http://webapps.fitzmuseum.cam.ac.uk/wndev/assets/7P/7PP021L01.jpg|404 
7PP022L01|http://webapps.fitzmuseum.cam.ac.uk/wndev/assets/7P/7PP022L01.jpg|404 
7PP024L01|http://webapps.fitzmuseum.cam.ac.uk/wndev/assets/7P/7PP024L01.jpg|404 
7PP026L04|http://webapps.fitzmuseum.cam.ac.uk/wndev/assets/7P/7PP026L04.jpg|404 
7PP027L01|http://webapps.fitzmuseum.cam.ac.uk/wndev/assets/7P/7PP027L01.jpg|404 
7PP028L01|http://webapps.fitzmuseum.cam.ac.uk/wndev/assets/7P/7PP028L01.jpg|404 
7PP029L01|http://webapps.fitzmuseum.cam.ac.uk/wndev/assets/7P/7PP029L01.jpg|404 
7PP034L01|http://webapps.fitzmuseum.cam.ac.uk/wndev/assets/7P/7PP034L01.jpg|404 
7PP035L01|http://webapps.fitzmuseum.cam.ac.uk/wndev/assets/7P/7PP035L01.jpg|404 
7PP036L01|http://webapps.fitzmuseum.cam.ac.uk/wndev/assets/7P/7PP036L01.jpg|404 
7PP038L01|http://webapps.fitzmuseum.cam.ac.uk/wndev/assets/7P/7PP038L01.jpg|404 
7PP039L01|http://webapps.fitzmuseum.cam.ac.uk/wndev/assets/7P/7PP039L01.jpg|404 
7PP040L01|http://webapps.fitzmuseum.cam.ac.uk/wndev/assets/7P/7PP040L01.jpg|404 
7PP044L01|http://webapps.fitzmuseum.cam.ac.uk/wndev/assets/7P/7PP044L01.jpg|404 
7PP045L01|http://webapps.fitzmuseum.cam.ac.uk/wndev/assets/7P/7PP045L01.jpg|404 
7PP047L01|http://webapps.fitzmuseum.cam.ac.uk/wndev/assets/7P/7PP047L01.jpg|404 
7PP049L01|http://webapps.fitzmuseum.cam.ac.uk/wndev/assets/7P/7PP049L01.jpg|404 
7PP051L01|http://webapps.fitzmuseum.cam.ac.uk/wndev/assets/7P/7PP051L01.jpg|404 
7PP056L01|http://webapps.fitzmuseum.cam.ac.uk/wndev/assets/7P/7PP056L01.jpg|404 
7PP057L01|http://webapps.fitzmuseum.cam.ac.uk/wndev/assets/7P/7PP057L01.jpg|404 
7PP059L01|http://webapps.fitzmuseum.cam.ac.uk/wndev/assets/7P/7PP059L01.jpg|404 
7PP061L01|http://webapps.fitzmuseum.cam.ac.uk/wndev/assets/7P/7PP061L01.jpg|404 
7PP068L01|http://webapps.fitzmuseum.cam.ac.uk/wndev/assets/7P/7PP068L01.jpg|404 
7PP070L01|http://webapps.fitzmuseum.cam.ac.uk/wndev/assets/7P/7PP070L01.jpg|404 
7PP071L01|http://webapps.fitzmuseum.cam.ac.uk/wndev/assets/7P/7PP071L01.jpg|404 
7PP072L01|http://webapps.fitzmuseum.cam.ac.uk/wndev/assets/7P/7PP072L01.jpg|404 
7PP074L01|http://webapps.fitzmuseum.cam.ac.uk/wndev/assets/7P/7PP074L01.jpg|404 
7PP076L01|http://webapps.fitzmuseum.cam.ac.uk/wndev/assets/7P/7PP076L01.jpg|404 
7PP077L01|http://webapps.fitzmuseum.cam.ac.uk/wndev/assets/7P/7PP077L01.jpg|404 
7PP078L01|http://webapps.fitzmuseum.cam.ac.uk/wndev/assets/7P/7PP078L01.jpg|404 
7PP079L01|http://webapps.fitzmuseum.cam.ac.uk/wndev/assets/7P/7PP079L01.jpg|404 
7PP080L01|http://webapps.fitzmuseum.cam.ac.uk/wndev/assets/7P/7PP080L01.jpg|404 
7PP081L01|http://webapps.fitzmuseum.cam.ac.uk/wndev/assets/7P/7PP081L01.jpg|404 
7PP084L01|http://webapps.fitzmuseum.cam.ac.uk/wndev/assets/7P/7PP084L01.jpg|404 
7PP085L01|http://webapps.fitzmuseum.cam.ac.uk/wndev/assets/7P/7PP085L01.jpg|404 
7PP087L01|http://webapps.fitzmuseum.cam.ac.uk/wndev/assets/7P/7PP087L01.jpg|404 
7PP089L01|http://webapps.fitzmuseum.cam.ac.uk/wndev/assets/7P/7PP089L01.jpg|404 
7PP090L01|http://webapps.fitzmuseum.cam.ac.uk/wndev/assets/7P/7PP090L01.jpg|404 
7PP092L01|http://webapps.fitzmuseum.cam.ac.uk/wndev/assets/7P/7PP092L01.jpg|404 
7PP095L01|http://webapps.fitzmuseum.cam.ac.uk/wndev/assets/7P/7PP095L01.jpg|404 
7PP096L01|http://webapps.fitzmuseum.cam.ac.uk/wndev/assets/7P/7PP096L01.jpg|404 
7PP097L01|http://webapps.fitzmuseum.cam.ac.uk/wndev/assets/7P/7PP097L01.jpg|404 
7PP100L01|http://webapps.fitzmuseum.cam.ac.uk/wndev/assets/7P/7PP100L01.jpg|404 
7PP101L01|http://webapps.fitzmuseum.cam.ac.uk/wndev/assets/7P/7PP101L01.jpg|404 
7PP103L01|http://webapps.fitzmuseum.cam.ac.uk/wndev/assets/7P/7PP103L01.jpg|404 
7PP104L01|http://webapps.fitzmuseum.cam.ac.uk/wndev/assets/7P/7PP104L01.jpg|404 
7PP105L01|http://webapps.fitzmuseum.cam.ac.uk/wndev/assets/7P/7PP105L01.jpg|404 
7PP106L01|http://webapps.fitzmuseum.cam.ac.uk/wndev/assets/7P/7PP106L01.jpg|404 
7PP107L01|http://webapps.fitzmuseum.cam.ac.uk/wndev/assets/7P/7PP107L01.jpg|404 
7PP111L01|http://webapps.fitzmuseum.cam.ac.uk/wndev/assets/7P/7PP111L01.jpg|404 
7PP112L01|http://webapps.fitzmuseum.cam.ac.uk/wndev/assets/7P/7PP112L01.jpg|404 
7PP114L01|http://webapps.fitzmuseum.cam.ac.uk/wndev/assets/7P/7PP114L01.jpg|404 
7PP115L01|http://webapps.fitzmuseum.cam.ac.uk/wndev/assets/7P/7PP115L01.jpg|404 
7PP116L01|http://webapps.fitzmuseum.cam.ac.uk/wndev/assets/7P/7PP116L01.jpg|404 
7PP117L01|http://webapps.fitzmuseum.cam.ac.uk/wndev/assets/7P/7PP117L01.jpg|404 
7PP119L01|http://webapps.fitzmuseum.cam.ac.uk/wndev/assets/7P/7PP119L01.jpg|404 
7PP120L01|http://webapps.fitzmuseum.cam.ac.uk/wndev/assets/7P/7PP120L01.jpg|404 
7PP122L01|http://webapps.fitzmuseum.cam.ac.uk/wndev/assets/7P/7PP122L01.jpg|404 
7PP123L01|http://webapps.fitzmuseum.cam.ac.uk/wndev/assets/7P/7PP123L01.jpg|404 
7PP124L01|http://webapps.fitzmuseum.cam.ac.uk/wndev/assets/7P/7PP124L01.jpg|404 
7PP125L01|http://webapps.fitzmuseum.cam.ac.uk/wndev/assets/7P/7PP125L01.jpg|404 
7PP126L01|http://webapps.fitzmuseum.cam.ac.uk/wndev/assets/7P/7PP126L01.jpg|404 
7PP127L01|http://webapps.fitzmuseum.cam.ac.uk/wndev/assets/7P/7PP127L01.jpg|404 
7PP127L11|http://webapps.fitzmuseum.cam.ac.uk/wndev/assets/7P/7PP127L11.jpg|404 
7PP128L01|http://webapps.fitzmuseum.cam.ac.uk/wndev/assets/7P/7PP128L01.jpg|404 
7PP128L11|http://webapps.fitzmuseum.cam.ac.uk/wndev/assets/7P/7PP128L11.jpg|404 
7PP129L01|http://webapps.fitzmuseum.cam.ac.uk/wndev/assets/7P/7PP129L01.jpg|404 
7PP130L01|http://webapps.fitzmuseum.cam.ac.uk/wndev/assets/7P/7PP130L01.jpg|404 
7PP132L01|http://webapps.fitzmuseum.cam.ac.uk/wndev/assets/7P/7PP132L01.jpg|404 
7PP133L01|http://webapps.fitzmuseum.cam.ac.uk/wndev/assets/7P/7PP133L01.jpg|404 
7PP134L01|http://webapps.fitzmuseum.cam.ac.uk/wndev/assets/7P/7PP134L01.jpg|404 
7PP136L01|http://webapps.fitzmuseum.cam.ac.uk/wndev/assets/7P/7PP136L01.jpg|404 
7PP137L01|http://webapps.fitzmuseum.cam.ac.uk/wndev/assets/7P/7PP137L01.jpg|404 
7PP138L01|http://webapps.fitzmuseum.cam.ac.uk/wndev/assets/7P/7PP138L01.jpg|404 
7PP139L01|http://webapps.fitzmuseum.cam.ac.uk/wndev/assets/7P/7PP139L01.jpg|404 
7PP140L01|http://webapps.fitzmuseum.cam.ac.uk/wndev/assets/7P/7PP140L01.jpg|404 
7PP142L01|http://webapps.fitzmuseum.cam.ac.uk/wndev/assets/7P/7PP142L01.jpg|404 
7PP143L01|http://webapps.fitzmuseum.cam.ac.uk/wndev/assets/7P/7PP143L01.jpg|404 
7PP144L01|http://webapps.fitzmuseum.cam.ac.uk/wndev/assets/7P/7PP144L01.jpg|404 
7PP145L01|http://webapps.fitzmuseum.cam.ac.uk/wndev/assets/7P/7PP145L01.jpg|404 
7PP147L01|http://webapps.fitzmuseum.cam.ac.uk/wndev/assets/7P/7PP147L01.jpg|404 
7PP148L01|http://webapps.fitzmuseum.cam.ac.uk/wndev/assets/7P/7PP148L01.jpg|404 
7PP149L01|http://webapps.fitzmuseum.cam.ac.uk/wndev/assets/7P/7PP149L01.jpg|404 
7PP150L01|http://webapps.fitzmuseum.cam.ac.uk/wndev/assets/7P/7PP150L01.jpg|404 
7PP153L01|http://webapps.fitzmuseum.cam.ac.uk/wndev/assets/7P/7PP153L01.jpg|404 
7PP154L01|http://webapps.fitzmuseum.cam.ac.uk/wndev/assets/7P/7PP154L01.jpg|404 
7PP155L01|http://webapps.fitzmuseum.cam.ac.uk/wndev/assets/7P/7PP155L01.jpg|404 
7PP156L01|http://webapps.fitzmuseum.cam.ac.uk/wndev/assets/7P/7PP156L01.jpg|404 
7PP157L01|http://webapps.fitzmuseum.cam.ac.uk/wndev/assets/7P/7PP157L01.jpg|404 
7PP158L01|http://webapps.fitzmuseum.cam.ac.uk/wndev/assets/7P/7PP158L01.jpg|404 
7PP160L01|http://webapps.fitzmuseum.cam.ac.uk/wndev/assets/7P/7PP160L01.jpg|404 
7PP161L01|http://webapps.fitzmuseum.cam.ac.uk/wndev/assets/7P/7PP161L01.jpg|404 
7PP162L01|http://webapps.fitzmuseum.cam.ac.uk/wndev/assets/7P/7PP162L01.jpg|404 
7PP163L01|http://webapps.fitzmuseum.cam.ac.uk/wndev/assets/7P/7PP163L01.jpg|404 
7PP165L01|http://webapps.fitzmuseum.cam.ac.uk/wndev/assets/7P/7PP165L01.jpg|404 
7PP167L01|http://webapps.fitzmuseum.cam.ac.uk/wndev/assets/7P/7PP167L01.jpg|404 
7PP168L01|http://webapps.fitzmuseum.cam.ac.uk/wndev/assets/7P/7PP168L01.jpg|404 
7PP169L01|http://webapps.fitzmuseum.cam.ac.uk/wndev/assets/7P/7PP169L01.jpg|404 
7PP170L01|http://webapps.fitzmuseum.cam.ac.uk/wndev/assets/7P/7PP170L01.jpg|404 
7PP171L01|http://webapps.fitzmuseum.cam.ac.uk/wndev/assets/7P/7PP171L01.jpg|404 
7PP172L01|http://webapps.fitzmuseum.cam.ac.uk/wndev/assets/7P/7PP172L01.jpg|404 
7PP173L01|http://webapps.fitzmuseum.cam.ac.uk/wndev/assets/7P/7PP173L01.jpg|404 
7PP175L01|http://webapps.fitzmuseum.cam.ac.uk/wndev/assets/7P/7PP175L01.jpg|404 
7PP176L01|http://webapps.fitzmuseum.cam.ac.uk/wndev/assets/7P/7PP176L01.jpg|404 
7PP177L01|http://webapps.fitzmuseum.cam.ac.uk/wndev/assets/7P/7PP177L01.jpg|404 
7PP179L01|http://webapps.fitzmuseum.cam.ac.uk/wndev/assets/7P/7PP179L01.jpg|404 
7PP180L01|http://webapps.fitzmuseum.cam.ac.uk/wndev/assets/7P/7PP180L01.jpg|404 
7PP181L01|http://webapps.fitzmuseum.cam.ac.uk/wndev/assets/7P/7PP181L01.jpg|404 
7PP182L01|http://webapps.fitzmuseum.cam.ac.uk/wndev/assets/7P/7PP182L01.jpg|404 
7PP183L01|http://webapps.fitzmuseum.cam.ac.uk/wndev/assets/7P/7PP183L01.jpg|404 
7PP185L01|http://webapps.fitzmuseum.cam.ac.uk/wndev/assets/7P/7PP185L01.jpg|404 
7PP188L01|http://webapps.fitzmuseum.cam.ac.uk/wndev/assets/7P/7PP188L01.jpg|404 
7PP190L01|http://webapps.fitzmuseum.cam.ac.uk/wndev/assets/7P/7PP190L01.jpg|404 
7PP193L01|http://webapps.fitzmuseum.cam.ac.uk/wndev/assets/7P/7PP193L01.jpg|404 
7PP195L01|http://webapps.fitzmuseum.cam.ac.uk/wndev/assets/7P/7PP195L01.jpg|404 
7PP196L01|http://webapps.fitzmuseum.cam.ac.uk/wndev/assets/7P/7PP196L01.jpg|404 
7PP197L01|http://webapps.fitzmuseum.cam.ac.uk/wndev/assets/7P/7PP197L01.jpg|404 
7PP199L01|http://webapps.fitzmuseum.cam.ac.uk/wndev/assets/7P/7PP199L01.jpg|404 
7PP200L01|http://webapps.fitzmuseum.cam.ac.uk/wndev/assets/7P/7PP200L01.jpg|404 
7PP201L01|http://webapps.fitzmuseum.cam.ac.uk/wndev/assets/7P/7PP201L01.jpg|404 
7PP202L01|http://webapps.fitzmuseum.cam.ac.uk/wndev/assets/7P/7PP202L01.jpg|404 
7PP203L01|http://webapps.fitzmuseum.cam.ac.uk/wndev/assets/7P/7PP203L01.jpg|404 
7PP204L01|http://webapps.fitzmuseum.cam.ac.uk/wndev/assets/7P/7PP204L01.jpg|404 
7PP205L01|http://webapps.fitzmuseum.cam.ac.uk/wndev/assets/7P/7PP205L01.jpg|404 
7PP206L01|http://webapps.fitzmuseum.cam.ac.uk/wndev/assets/7P/7PP206L01.jpg|404 
7PP207L01|http://webapps.fitzmuseum.cam.ac.uk/wndev/assets/7P/7PP207L01.jpg|404 
7PP209L01|http://webapps.fitzmuseum.cam.ac.uk/wndev/assets/7P/7PP209L01.jpg|404 
7PP210L01|http://webapps.fitzmuseum.cam.ac.uk/wndev/assets/7P/7PP210L01.jpg|404 
7PP212L01|http://webapps.fitzmuseum.cam.ac.uk/wndev/assets/7P/7PP212L01.jpg|404 
7PP213L01|http://webapps.fitzmuseum.cam.ac.uk/wndev/assets/7P/7PP213L01.jpg|404 
7PP214L01|http://webapps.fitzmuseum.cam.ac.uk/wndev/assets/7P/7PP214L01.jpg|404 
7PP215L01|http://webapps.fitzmuseum.cam.ac.uk/wndev/assets/7P/7PP215L01.jpg|404 
7PP216L01|http://webapps.fitzmuseum.cam.ac.uk/wndev/assets/7P/7PP216L01.jpg|404 
7PP218L01|http://webapps.fitzmuseum.cam.ac.uk/wndev/assets/7P/7PP218L01.jpg|404 
7PP220L01|http://webapps.fitzmuseum.cam.ac.uk/wndev/assets/7P/7PP220L01.jpg|404 
7PP221L01|http://webapps.fitzmuseum.cam.ac.uk/wndev/assets/7P/7PP221L01.jpg|404 
7PP222L01|http://webapps.fitzmuseum.cam.ac.uk/wndev/assets/7P/7PP222L01.jpg|404 
7PP222L13|http://webapps.fitzmuseum.cam.ac.uk/wndev/assets/7P/7PP222L13.jpg|404 
7PP224L01|http://webapps.fitzmuseum.cam.ac.uk/wndev/assets/7P/7PP224L01.jpg|404 
7PP225L01|http://webapps.fitzmuseum.cam.ac.uk/wndev/assets/7P/7PP225L01.jpg|404 
7PP226L01|http://webapps.fitzmuseum.cam.ac.uk/wndev/assets/7P/7PP226L01.jpg|404 
7PP228L01|http://webapps.fitzmuseum.cam.ac.uk/wndev/assets/7P/7PP228L01.jpg|404 
7PP229L01|http://webapps.fitzmuseum.cam.ac.uk/wndev/assets/7P/7PP229L01.jpg|404 
7PP230L01|http://webapps.fitzmuseum.cam.ac.uk/wndev/assets/7P/7PP230L01.jpg|404 
7PP232L01|http://webapps.fitzmuseum.cam.ac.uk/wndev/assets/7P/7PP232L01.jpg|404 
7PP234L01|http://webapps.fitzmuseum.cam.ac.uk/wndev/assets/7P/7PP234L01.jpg|404 
7PP236L01|http://webapps.fitzmuseum.cam.ac.uk/wndev/assets/7P/7PP236L01.jpg|404 
7PP237L01|http://webapps.fitzmuseum.cam.ac.uk/wndev/assets/7P/7PP237L01.jpg|404 
7PP238L01|http://webapps.fitzmuseum.cam.ac.uk/wndev/assets/7P/7PP238L01.jpg|404 
7PP239L01|http://webapps.fitzmuseum.cam.ac.uk/wndev/assets/7P/7PP239L01.jpg|404 
7PP240L01|http://webapps.fitzmuseum.cam.ac.uk/wndev/assets/7P/7PP240L01.jpg|404 
7PP241L01|http://webapps.fitzmuseum.cam.ac.uk/wndev/assets/7P/7PP241L01.jpg|404 
7PP242L01|http://webapps.fitzmuseum.cam.ac.uk/wndev/assets/7P/7PP242L01.jpg|404 
7PP247L01|http://webapps.fitzmuseum.cam.ac.uk/wndev/assets/7P/7PP247L01.jpg|404 
7PP248L01|http://webapps.fitzmuseum.cam.ac.uk/wndev/assets/7P/7PP248L01.jpg|404 
7PP250L01|http://webapps.fitzmuseum.cam.ac.uk/wndev/assets/7P/7PP250L01.jpg|404 
7PP252L01|http://webapps.fitzmuseum.cam.ac.uk/wndev/assets/7P/7PP252L01.jpg|404 
7PP253L01|http://webapps.fitzmuseum.cam.ac.uk/wndev/assets/7P/7PP253L01.jpg|404 
7PP255L01|http://webapps.fitzmuseum.cam.ac.uk/wndev/assets/7P/7PP255L01.jpg|404 
7PP256L01|http://webapps.fitzmuseum.cam.ac.uk/wndev/assets/7P/7PP256L01.jpg|404 
7PP257L01|http://webapps.fitzmuseum.cam.ac.uk/wndev/assets/7P/7PP257L01.jpg|404 
7PP259L01|http://webapps.fitzmuseum.cam.ac.uk/wndev/assets/7P/7PP259L01.jpg|404 
7PP260L01|http://webapps.fitzmuseum.cam.ac.uk/wndev/assets/7P/7PP260L01.jpg|404 
7PP261L01|http://webapps.fitzmuseum.cam.ac.uk/wndev/assets/7P/7PP261L01.jpg|404 
7PP262L01|http://webapps.fitzmuseum.cam.ac.uk/wndev/assets/7P/7PP262L01.jpg|404 
7PP263L01|http://webapps.fitzmuseum.cam.ac.uk/wndev/assets/7P/7PP263L01.jpg|404 
7PP265L01|http://webapps.fitzmuseum.cam.ac.uk/wndev/assets/7P/7PP265L01.jpg|404 
7PP266L01|http://webapps.fitzmuseum.cam.ac.uk/wndev/assets/7P/7PP266L01.jpg|404 
7PP267L01|http://webapps.fitzmuseum.cam.ac.uk/wndev/assets/7P/7PP267L01.jpg|404 
7PP268L01|http://webapps.fitzmuseum.cam.ac.uk/wndev/assets/7P/7PP268L01.jpg|404 
7PP268L07|http://webapps.fitzmuseum.cam.ac.uk/wndev/assets/7P/7PP268L07.jpg|404 
7PP268L14|http://webapps.fitzmuseum.cam.ac.uk/wndev/assets/7P/7PP268L14.jpg|404 
7PP269L01|http://webapps.fitzmuseum.cam.ac.uk/wndev/assets/7P/7PP269L01.jpg|404 
7PP270L01|http://webapps.fitzmuseum.cam.ac.uk/wndev/assets/7P/7PP270L01.jpg|404 
7PP272L01|http://webapps.fitzmuseum.cam.ac.uk/wndev/assets/7P/7PP272L01.jpg|404 
7PP274L01|http://webapps.fitzmuseum.cam.ac.uk/wndev/assets/7P/7PP274L01.jpg|404 
7PP275L01|http://webapps.fitzmuseum.cam.ac.uk/wndev/assets/7P/7PP275L01.jpg|404 
7PP286L01|http://webapps.fitzmuseum.cam.ac.uk/wndev/assets/7P/7PP286L01.jpg|404 
7PP289L01|http://webapps.fitzmuseum.cam.ac.uk/wndev/assets/7P/7PP289L01.jpg|404 
7PP293L01|http://webapps.fitzmuseum.cam.ac.uk/wndev/assets/7P/7PP293L01.jpg|404 
7PP295L01|http://webapps.fitzmuseum.cam.ac.uk/wndev/assets/7P/7PP295L01.jpg|404 
7PP296L01|http://webapps.fitzmuseum.cam.ac.uk/wndev/assets/7P/7PP296L01.jpg|404 
7PP300L01|http://webapps.fitzmuseum.cam.ac.uk/wndev/assets/7P/7PP300L01.jpg|404 
7PP301L01|http://webapps.fitzmuseum.cam.ac.uk/wndev/assets/7P/7PP301L01.jpg|404 
7PP303L01|http://webapps.fitzmuseum.cam.ac.uk/wndev/assets/7P/7PP303L01.jpg|404 
7PP305L01|http://webapps.fitzmuseum.cam.ac.uk/wndev/assets/7P/7PP305L01.jpg|404 
7PP307L01|http://webapps.fitzmuseum.cam.ac.uk/wndev/assets/7P/7PP307L01.jpg|404 
7PP309L01|http://webapps.fitzmuseum.cam.ac.uk/wndev/assets/7P/7PP309L01.jpg|404 
7PP312L01|http://webapps.fitzmuseum.cam.ac.uk/wndev/assets/7P/7PP312L01.jpg|404 
7PP316L01|http://webapps.fitzmuseum.cam.ac.uk/wndev/assets/7P/7PP316L01.jpg|404 
7PP317L01|http://webapps.fitzmuseum.cam.ac.uk/wndev/assets/7P/7PP317L01.jpg|404 
7PP319L01|http://webapps.fitzmuseum.cam.ac.uk/wndev/assets/7P/7PP319L01.jpg|404 
7PP321L01|http://webapps.fitzmuseum.cam.ac.uk/wndev/assets/7P/7PP321L01.jpg|404 
7PP324L01|http://webapps.fitzmuseum.cam.ac.uk/wndev/assets/7P/7PP324L01.jpg|404 
7PP328L01|http://webapps.fitzmuseum.cam.ac.uk/wndev/assets/7P/7PP328L01.jpg|404 
7PP329L01|http://webapps.fitzmuseum.cam.ac.uk/wndev/assets/7P/7PP329L01.jpg|404 
7PP331L01|http://webapps.fitzmuseum.cam.ac.uk/wndev/assets/7P/7PP331L01.jpg|404 
7PP332L01|http://webapps.fitzmuseum.cam.ac.uk/wndev/assets/7P/7PP332L01.jpg|404 
7PP334L01|http://webapps.fitzmuseum.cam.ac.uk/wndev/assets/7P/7PP334L01.jpg|404 
7PP336L01|http://webapps.fitzmuseum.cam.ac.uk/wndev/assets/7P/7PP336L01.jpg|404 
7PP338L01|http://webapps.fitzmuseum.cam.ac.uk/wndev/assets/7P/7PP338L01.jpg|404 
7PP339L01|http://webapps.fitzmuseum.cam.ac.uk/wndev/assets/7P/7PP339L01.jpg|404 
7PP340L01|http://webapps.fitzmuseum.cam.ac.uk/wndev/assets/7P/7PP340L01.jpg|404 
7PP341L01|http://webapps.fitzmuseum.cam.ac.uk/wndev/assets/7P/7PP341L01.jpg|404 
7PP342L01|http://webapps.fitzmuseum.cam.ac.uk/wndev/assets/7P/7PP342L01.jpg|404 
7PZ01L01|http://webapps.fitzmuseum.cam.ac.uk/wndev/assets/7P/7PZ01L01.jpg|404 
9PCOVERL01|http://webapps.fitzmuseum.cam.ac.uk/wndev/assets/9P/9PCOVERL01.jpg|404 
9PF02L01|http://webapps.fitzmuseum.cam.ac.uk/wndev/assets/9P/9PF02L01.jpg|404 
9PP001L01|http://webapps.fitzmuseum.cam.ac.uk/wndev/assets/9P/9PP001L01.jpg|404 
9PP002L13|http://webapps.fitzmuseum.cam.ac.uk/wndev/assets/9P/9PP002L13.jpg|404 
9PP002L19|http://webapps.fitzmuseum.cam.ac.uk/wndev/assets/9P/9PP002L19.jpg|404 
9PP003L01|http://webapps.fitzmuseum.cam.ac.uk/wndev/assets/9P/9PP003L01.jpg|404 
9PP005L13|http://webapps.fitzmuseum.cam.ac.uk/wndev/assets/9P/9PP005L13.jpg|404 
9PP006L18|http://webapps.fitzmuseum.cam.ac.uk/wndev/assets/9P/9PP006L18.jpg|404 
9PP007L07|http://webapps.fitzmuseum.cam.ac.uk/wndev/assets/9P/9PP007L07.jpg|404 
9PP007L20|http://webapps.fitzmuseum.cam.ac.uk/wndev/assets/9P/9PP007L20.jpg|404 
9PP008L05|http://webapps.fitzmuseum.cam.ac.uk/wndev/assets/9P/9PP008L05.jpg|404 
9PP008L16|http://webapps.fitzmuseum.cam.ac.uk/wndev/assets/9P/9PP008L16.jpg|404 
9PP009L08|http://webapps.fitzmuseum.cam.ac.uk/wndev/assets/9P/9PP009L08.jpg|404 
9PP009L20|http://webapps.fitzmuseum.cam.ac.uk/wndev/assets/9P/9PP009L20.jpg|404 
9PP010L24|http://webapps.fitzmuseum.cam.ac.uk/wndev/assets/9P/9PP010L24.jpg|404 
9PP011L17|http://webapps.fitzmuseum.cam.ac.uk/wndev/assets/9P/9PP011L17.jpg|404 
9PP014L16|http://webapps.fitzmuseum.cam.ac.uk/wndev/assets/9P/9PP014L16.jpg|404 
9PP015L01|http://webapps.fitzmuseum.cam.ac.uk/wndev/assets/9P/9PP015L01.jpg|404 
9PP016L01|http://webapps.fitzmuseum.cam.ac.uk/wndev/assets/9P/9PP016L01.jpg|404 
9PP017L01|http://webapps.fitzmuseum.cam.ac.uk/wndev/assets/9P/9PP017L01.jpg|404 
9PP018L01|http://webapps.fitzmuseum.cam.ac.uk/wndev/assets/9P/9PP018L01.jpg|404 
9PP019L01|http://webapps.fitzmuseum.cam.ac.uk/wndev/assets/9P/9PP019L01.jpg|404 
9PP019L16|http://webapps.fitzmuseum.cam.ac.uk/wndev/assets/9P/9PP019L16.jpg|404 
9PP020L01|http://webapps.fitzmuseum.cam.ac.uk/wndev/assets/9P/9PP020L01.jpg|404 
9PP021L14|http://webapps.fitzmuseum.cam.ac.uk/wndev/assets/9P/9PP021L14.jpg|404 
9PP025L07|http://webapps.fitzmuseum.cam.ac.uk/wndev/assets/9P/9PP025L07.jpg|404 
9PP025L10|http://webapps.fitzmuseum.cam.ac.uk/wndev/assets/9P/9PP025L10.jpg|404 
9PP026L15|http://webapps.fitzmuseum.cam.ac.uk/wndev/assets/9P/9PP026L15.jpg|404 
9PP027L01|http://webapps.fitzmuseum.cam.ac.uk/wndev/assets/9P/9PP027L01.jpg|404 
9PP028L19|http://webapps.fitzmuseum.cam.ac.uk/wndev/assets/9P/9PP028L19.jpg|404 
9PP029L15|http://webapps.fitzmuseum.cam.ac.uk/wndev/assets/9P/9PP029L15.jpg|404 
9PP030L01|http://webapps.fitzmuseum.cam.ac.uk/wndev/assets/9P/9PP030L01.jpg|404 
9PP030L17|http://webapps.fitzmuseum.cam.ac.uk/wndev/assets/9P/9PP030L17.jpg|404 
9PP031L22|http://webapps.fitzmuseum.cam.ac.uk/wndev/assets/9P/9PP031L22.jpg|404 
9PP033L10|http://webapps.fitzmuseum.cam.ac.uk/wndev/assets/9P/9PP033L10.jpg|404 
9PP033L16|http://webapps.fitzmuseum.cam.ac.uk/wndev/assets/9P/9PP033L16.jpg|404 
9PP034L07|http://webapps.fitzmuseum.cam.ac.uk/wndev/assets/9P/9PP034L07.jpg|404 
9PP034L14|http://webapps.fitzmuseum.cam.ac.uk/wndev/assets/9P/9PP034L14.jpg|404 
9PP035L01|http://webapps.fitzmuseum.cam.ac.uk/wndev/assets/9P/9PP035L01.jpg|404 
9PP036L01|http://webapps.fitzmuseum.cam.ac.uk/wndev/assets/9P/9PP036L01.jpg|404 
9PP036L09|http://webapps.fitzmuseum.cam.ac.uk/wndev/assets/9P/9PP036L09.jpg|404 
9PP036L20|http://webapps.fitzmuseum.cam.ac.uk/wndev/assets/9P/9PP036L20.jpg|404 
9PP037L07|http://webapps.fitzmuseum.cam.ac.uk/wndev/assets/9P/9PP037L07.jpg|404 
9PP038L01|http://webapps.fitzmuseum.cam.ac.uk/wndev/assets/9P/9PP038L01.jpg|404 
9PP038L21|http://webapps.fitzmuseum.cam.ac.uk/wndev/assets/9P/9PP038L21.jpg|404 
9PP040L01|http://webapps.fitzmuseum.cam.ac.uk/wndev/assets/9P/9PP040L01.jpg|404 
9PP041L08|http://webapps.fitzmuseum.cam.ac.uk/wndev/assets/9P/9PP041L08.jpg|404 
9PP042L01|http://webapps.fitzmuseum.cam.ac.uk/wndev/assets/9P/9PP042L01.jpg|404 
9PP043L13|http://webapps.fitzmuseum.cam.ac.uk/wndev/assets/9P/9PP043L13.jpg|404 
9PP044L01|http://webapps.fitzmuseum.cam.ac.uk/wndev/assets/9P/9PP044L01.jpg|404 
9PP046L12|http://webapps.fitzmuseum.cam.ac.uk/wndev/assets/9P/9PP046L12.jpg|404 
9PP048L15|http://webapps.fitzmuseum.cam.ac.uk/wndev/assets/9P/9PP048L15.jpg|404 
9PP049L17|http://webapps.fitzmuseum.cam.ac.uk/wndev/assets/9P/9PP049L17.jpg|404 
9PP050L16|http://webapps.fitzmuseum.cam.ac.uk/wndev/assets/9P/9PP050L16.jpg|404 
9PP051L01|http://webapps.fitzmuseum.cam.ac.uk/wndev/assets/9P/9PP051L01.jpg|404 
9PP053L17|http://webapps.fitzmuseum.cam.ac.uk/wndev/assets/9P/9PP053L17.jpg|404 
9PP055L01|http://webapps.fitzmuseum.cam.ac.uk/wndev/assets/9P/9PP055L01.jpg|404 
9PP056L03|http://webapps.fitzmuseum.cam.ac.uk/wndev/assets/9P/9PP056L03.jpg|404 
9PP057L01|http://webapps.fitzmuseum.cam.ac.uk/wndev/assets/9P/9PP057L01.jpg|404 
9PP058L01|http://webapps.fitzmuseum.cam.ac.uk/wndev/assets/9P/9PP058L01.jpg|404 
9PP059L01|http://webapps.fitzmuseum.cam.ac.uk/wndev/assets/9P/9PP059L01.jpg|404 
9PP059L19|http://webapps.fitzmuseum.cam.ac.uk/wndev/assets/9P/9PP059L19.jpg|404 
9PP062L01|http://webapps.fitzmuseum.cam.ac.uk/wndev/assets/9P/9PP062L01.jpg|404 
9PP062L09|http://webapps.fitzmuseum.cam.ac.uk/wndev/assets/9P/9PP062L09.jpg|404 
9PP063L12|http://webapps.fitzmuseum.cam.ac.uk/wndev/assets/9P/9PP063L12.jpg|404 
9PP066L01|http://webapps.fitzmuseum.cam.ac.uk/wndev/assets/9P/9PP066L01.jpg|404 
9PP066L06|http://webapps.fitzmuseum.cam.ac.uk/wndev/assets/9P/9PP066L06.jpg|404 
9PP066L14|http://webapps.fitzmuseum.cam.ac.uk/wndev/assets/9P/9PP066L14.jpg|404 
9PP067L01|http://webapps.fitzmuseum.cam.ac.uk/wndev/assets/9P/9PP067L01.jpg|404 
9PP067L13|http://webapps.fitzmuseum.cam.ac.uk/wndev/assets/9P/9PP067L13.jpg|404 
9PP068L04|http://webapps.fitzmuseum.cam.ac.uk/wndev/assets/9P/9PP068L04.jpg|404 
9PP068L13|http://webapps.fitzmuseum.cam.ac.uk/wndev/assets/9P/9PP068L13.jpg|404 
9PP069L10|http://webapps.fitzmuseum.cam.ac.uk/wndev/assets/9P/9PP069L10.jpg|404 
9PP070L12|http://webapps.fitzmuseum.cam.ac.uk/wndev/assets/9P/9PP070L12.jpg|404 
9PP071L01|http://webapps.fitzmuseum.cam.ac.uk/wndev/assets/9P/9PP071L01.jpg|404 
9PP071L16|http://webapps.fitzmuseum.cam.ac.uk/wndev/assets/9P/9PP071L16.jpg|404 
9PP071L20|http://webapps.fitzmuseum.cam.ac.uk/wndev/assets/9P/9PP071L20.jpg|404 
9PP072L08|http://webapps.fitzmuseum.cam.ac.uk/wndev/assets/9P/9PP072L08.jpg|404 
9PP074L01|http://webapps.fitzmuseum.cam.ac.uk/wndev/assets/9P/9PP074L01.jpg|404 
9PP074L17|http://webapps.fitzmuseum.cam.ac.uk/wndev/assets/9P/9PP074L17.jpg|404 
9PP075L08|http://webapps.fitzmuseum.cam.ac.uk/wndev/assets/9P/9PP075L08.jpg|404 
9PP076L05|http://webapps.fitzmuseum.cam.ac.uk/wndev/assets/9P/9PP076L05.jpg|404 
9PP076L16|http://webapps.fitzmuseum.cam.ac.uk/wndev/assets/9P/9PP076L16.jpg|404 
9PP077L12|http://webapps.fitzmuseum.cam.ac.uk/wndev/assets/9P/9PP077L12.jpg|404 
9PP078L01|http://webapps.fitzmuseum.cam.ac.uk/wndev/assets/9P/9PP078L01.jpg|404 
9PP078L11|http://webapps.fitzmuseum.cam.ac.uk/wndev/assets/9P/9PP078L11.jpg|404 
9PP081L17|http://webapps.fitzmuseum.cam.ac.uk/wndev/assets/9P/9PP081L17.jpg|404 
9PP083L01|http://webapps.fitzmuseum.cam.ac.uk/wndev/assets/9P/9PP083L01.jpg|404 
9PP083L18|http://webapps.fitzmuseum.cam.ac.uk/wndev/assets/9P/9PP083L18.jpg|404 
9PP084L18|http://webapps.fitzmuseum.cam.ac.uk/wndev/assets/9P/9PP084L18.jpg|404 
9PP085L19|http://webapps.fitzmuseum.cam.ac.uk/wndev/assets/9P/9PP085L19.jpg|404 
9PP086L01|http://webapps.fitzmuseum.cam.ac.uk/wndev/assets/9P/9PP086L01.jpg|404 
9PP087L01|http://webapps.fitzmuseum.cam.ac.uk/wndev/assets/9P/9PP087L01.jpg|404 
9PP088L01|http://webapps.fitzmuseum.cam.ac.uk/wndev/assets/9P/9PP088L01.jpg|404 
9PP089L01|http://webapps.fitzmuseum.cam.ac.uk/wndev/assets/9P/9PP089L01.jpg|404 
9PP098L01|http://webapps.fitzmuseum.cam.ac.uk/wndev/assets/9P/9PP098L01.jpg|404 
9PP099L05|http://webapps.fitzmuseum.cam.ac.uk/wndev/assets/9P/9PP099L05.jpg|404 
9PP099L18|http://webapps.fitzmuseum.cam.ac.uk/wndev/assets/9P/9PP099L18.jpg|404 
9PP101L01|http://webapps.fitzmuseum.cam.ac.uk/wndev/assets/9P/9PP101L01.jpg|404 
9PP101L07|http://webapps.fitzmuseum.cam.ac.uk/wndev/assets/9P/9PP101L07.jpg|404 
9PP101L11|http://webapps.fitzmuseum.cam.ac.uk/wndev/assets/9P/9PP101L11.jpg|404 
9PP101L16|http://webapps.fitzmuseum.cam.ac.uk/wndev/assets/9P/9PP101L16.jpg|404 
9PP102L01|http://webapps.fitzmuseum.cam.ac.uk/wndev/assets/9P/9PP102L01.jpg|404 
9PP102L13|http://webapps.fitzmuseum.cam.ac.uk/wndev/assets/9P/9PP102L13.jpg|404 
9PP103L01|http://webapps.fitzmuseum.cam.ac.uk/wndev/assets/9P/9PP103L01.jpg|404 
9PP103L16|http://webapps.fitzmuseum.cam.ac.uk/wndev/assets/9P/9PP103L16.jpg|404 
9PP104L18|http://webapps.fitzmuseum.cam.ac.uk/wndev/assets/9P/9PP104L18.jpg|404 
9PP105L11|http://webapps.fitzmuseum.cam.ac.uk/wndev/assets/9P/9PP105L11.jpg|404 
9PP105L19|http://webapps.fitzmuseum.cam.ac.uk/wndev/assets/9P/9PP105L19.jpg|404 
9PP106L12|http://webapps.fitzmuseum.cam.ac.uk/wndev/assets/9P/9PP106L12.jpg|404 
9PP107L01|http://webapps.fitzmuseum.cam.ac.uk/wndev/assets/9P/9PP107L01.jpg|404 
9PP107L20|http://webapps.fitzmuseum.cam.ac.uk/wndev/assets/9P/9PP107L20.jpg|404 
9PP108L01|http://webapps.fitzmuseum.cam.ac.uk/wndev/assets/9P/9PP108L01.jpg|404 
9PP108L13|http://webapps.fitzmuseum.cam.ac.uk/wndev/assets/9P/9PP108L13.jpg|404 
9PP109L06|http://webapps.fitzmuseum.cam.ac.uk/wndev/assets/9P/9PP109L06.jpg|404 
9PP109L18|http://webapps.fitzmuseum.cam.ac.uk/wndev/assets/9P/9PP109L18.jpg|404 
9PP111L01|http://webapps.fitzmuseum.cam.ac.uk/wndev/assets/9P/9PP111L01.jpg|404 
9PP112L01|http://webapps.fitzmuseum.cam.ac.uk/wndev/assets/9P/9PP112L01.jpg|404 
9PP112L19|http://webapps.fitzmuseum.cam.ac.uk/wndev/assets/9P/9PP112L19.jpg|404 
9PP115L20|http://webapps.fitzmuseum.cam.ac.uk/wndev/assets/9P/9PP115L20.jpg|404 
9PP116L16|http://webapps.fitzmuseum.cam.ac.uk/wndev/assets/9P/9PP116L16.jpg|404 
9PP117L06|http://webapps.fitzmuseum.cam.ac.uk/wndev/assets/9P/9PP117L06.jpg|404 
9PP118L01|http://webapps.fitzmuseum.cam.ac.uk/wndev/assets/9P/9PP118L01.jpg|404 
9PP119L01|http://webapps.fitzmuseum.cam.ac.uk/wndev/assets/9P/9PP119L01.jpg|404 
9PP119L14|http://webapps.fitzmuseum.cam.ac.uk/wndev/assets/9P/9PP119L14.jpg|404 
9PP121L01|http://webapps.fitzmuseum.cam.ac.uk/wndev/assets/9P/9PP121L01.jpg|404 
9PP122L10|http://webapps.fitzmuseum.cam.ac.uk/wndev/assets/9P/9PP122L10.jpg|404 
9PP124L01|http://webapps.fitzmuseum.cam.ac.uk/wndev/assets/9P/9PP124L01.jpg|404 
9PP124L17|http://webapps.fitzmuseum.cam.ac.uk/wndev/assets/9P/9PP124L17.jpg|404 
9PP125L01|http://webapps.fitzmuseum.cam.ac.uk/wndev/assets/9P/9PP125L01.jpg|404 
9PP126L01|http://webapps.fitzmuseum.cam.ac.uk/wndev/assets/9P/9PP126L01.jpg|404 
9PP126L13|http://webapps.fitzmuseum.cam.ac.uk/wndev/assets/9P/9PP126L13.jpg|404 
9PP126L21|http://webapps.fitzmuseum.cam.ac.uk/wndev/assets/9P/9PP126L21.jpg|404 
9PP127L04|http://webapps.fitzmuseum.cam.ac.uk/wndev/assets/9P/9PP127L04.jpg|404 
9PP128L01|http://webapps.fitzmuseum.cam.ac.uk/wndev/assets/9P/9PP128L01.jpg|404 
9PP128L15|http://webapps.fitzmuseum.cam.ac.uk/wndev/assets/9P/9PP128L15.jpg|404 
9PP129L06|http://webapps.fitzmuseum.cam.ac.uk/wndev/assets/9P/9PP129L06.jpg|404 
9PP130L01|http://webapps.fitzmuseum.cam.ac.uk/wndev/assets/9P/9PP130L01.jpg|404 
9PP131L01|http://webapps.fitzmuseum.cam.ac.uk/wndev/assets/9P/9PP131L01.jpg|404 
9PP131L16|http://webapps.fitzmuseum.cam.ac.uk/wndev/assets/9P/9PP131L16.jpg|404 
9PP132L09|http://webapps.fitzmuseum.cam.ac.uk/wndev/assets/9P/9PP132L09.jpg|404 
9PP132L20|http://webapps.fitzmuseum.cam.ac.uk/wndev/assets/9P/9PP132L20.jpg|404 
9PP133L12|http://webapps.fitzmuseum.cam.ac.uk/wndev/assets/9P/9PP133L12.jpg|404 
9PP134L11|http://webapps.fitzmuseum.cam.ac.uk/wndev/assets/9P/9PP134L11.jpg|404 
9PP135L07|http://webapps.fitzmuseum.cam.ac.uk/wndev/assets/9P/9PP135L07.jpg|404 
9PP136L18|http://webapps.fitzmuseum.cam.ac.uk/wndev/assets/9P/9PP136L18.jpg|404 
9PP137L12|http://webapps.fitzmuseum.cam.ac.uk/wndev/assets/9P/9PP137L12.jpg|404 
9PP138L10|http://webapps.fitzmuseum.cam.ac.uk/wndev/assets/9P/9PP138L10.jpg|404 
9PP139L07|http://webapps.fitzmuseum.cam.ac.uk/wndev/assets/9P/9PP139L07.jpg|404 
9PP139L20|http://webapps.fitzmuseum.cam.ac.uk/wndev/assets/9P/9PP139L20.jpg|404 
9PP140L06|http://webapps.fitzmuseum.cam.ac.uk/wndev/assets/9P/9PP140L06.jpg|404 
9PP140L13|http://webapps.fitzmuseum.cam.ac.uk/wndev/assets/9P/9PP140L13.jpg|404 
9PP141L01|http://webapps.fitzmuseum.cam.ac.uk/wndev/assets/9P/9PP141L01.jpg|404 
9PP142L13|http://webapps.fitzmuseum.cam.ac.uk/wndev/assets/9P/9PP142L13.jpg|404 
9PP143L08|http://webapps.fitzmuseum.cam.ac.uk/wndev/assets/9P/9PP143L08.jpg|404 
9PP144L01|http://webapps.fitzmuseum.cam.ac.uk/wndev/assets/9P/9PP144L01.jpg|404 
9PP145L01|http://webapps.fitzmuseum.cam.ac.uk/wndev/assets/9P/9PP145L01.jpg|404 
9PP148L01|http://webapps.fitzmuseum.cam.ac.uk/wndev/assets/9P/9PP148L01.jpg|404 
9PP151L01|http://webapps.fitzmuseum.cam.ac.uk/wndev/assets/9P/9PP151L01.jpg|404 
9PP152L01|http://webapps.fitzmuseum.cam.ac.uk/wndev/assets/9P/9PP152L01.jpg|404 
9PP152L19|http://webapps.fitzmuseum.cam.ac.uk/wndev/assets/9P/9PP152L19.jpg|404 
9PP153L08|http://webapps.fitzmuseum.cam.ac.uk/wndev/assets/9P/9PP153L08.jpg|404 
9PP154L01|http://webapps.fitzmuseum.cam.ac.uk/wndev/assets/9P/9PP154L01.jpg|404 
9PP154L12|http://webapps.fitzmuseum.cam.ac.uk/wndev/assets/9P/9PP154L12.jpg|404 
9PP155L13|http://webapps.fitzmuseum.cam.ac.uk/wndev/assets/9P/9PP155L13.jpg|404 
9PP156L01|http://webapps.fitzmuseum.cam.ac.uk/wndev/assets/9P/9PP156L01.jpg|404 
9PP156L15|http://webapps.fitzmuseum.cam.ac.uk/wndev/assets/9P/9PP156L15.jpg|404 
9PP157L16|http://webapps.fitzmuseum.cam.ac.uk/wndev/assets/9P/9PP157L16.jpg|404 
9PP158L13|http://webapps.fitzmuseum.cam.ac.uk/wndev/assets/9P/9PP158L13.jpg|404 
9PP159L09|http://webapps.fitzmuseum.cam.ac.uk/wndev/assets/9P/9PP159L09.jpg|404 
9PP160L01|http://webapps.fitzmuseum.cam.ac.uk/wndev/assets/9P/9PP160L01.jpg|404 
9PP160L18|http://webapps.fitzmuseum.cam.ac.uk/wndev/assets/9P/9PP160L18.jpg|404 
9PP161L11|http://webapps.fitzmuseum.cam.ac.uk/wndev/assets/9P/9PP161L11.jpg|404 
9PP162L07|http://webapps.fitzmuseum.cam.ac.uk/wndev/assets/9P/9PP162L07.jpg|404 
9PP163L07|http://webapps.fitzmuseum.cam.ac.uk/wndev/assets/9P/9PP163L07.jpg|404 
9PP164L12|http://webapps.fitzmuseum.cam.ac.uk/wndev/assets/9P/9PP164L12.jpg|404 
9PP165L01|http://webapps.fitzmuseum.cam.ac.uk/wndev/assets/9P/9PP165L01.jpg|404 
9PP165L17|http://webapps.fitzmuseum.cam.ac.uk/wndev/assets/9P/9PP165L17.jpg|404 
9PP168L01|http://webapps.fitzmuseum.cam.ac.uk/wndev/assets/9P/9PP168L01.jpg|404 
9PP169L01|http://webapps.fitzmuseum.cam.ac.uk/wndev/assets/9P/9PP169L01.jpg|404 
9PP169L12|http://webapps.fitzmuseum.cam.ac.uk/wndev/assets/9P/9PP169L12.jpg|404 
9PP171L01|http://webapps.fitzmuseum.cam.ac.uk/wndev/assets/9P/9PP171L01.jpg|404 
9PP171L17|http://webapps.fitzmuseum.cam.ac.uk/wndev/assets/9P/9PP171L17.jpg|404 
9PP172L01|http://webapps.fitzmuseum.cam.ac.uk/wndev/assets/9P/9PP172L01.jpg|404 
9PP172L18|http://webapps.fitzmuseum.cam.ac.uk/wndev/assets/9P/9PP172L18.jpg|404 
9PP173L10|http://webapps.fitzmuseum.cam.ac.uk/wndev/assets/9P/9PP173L10.jpg|404 
9PP174L10|http://webapps.fitzmuseum.cam.ac.uk/wndev/assets/9P/9PP174L10.jpg|404 
9PP175L01|http://webapps.fitzmuseum.cam.ac.uk/wndev/assets/9P/9PP175L01.jpg|404 
9PP176L01|http://webapps.fitzmuseum.cam.ac.uk/wndev/assets/9P/9PP176L01.jpg|404 
9PP177L15|http://webapps.fitzmuseum.cam.ac.uk/wndev/assets/9P/9PP177L15.jpg|404 
9PP179L14|http://webapps.fitzmuseum.cam.ac.uk/wndev/assets/9P/9PP179L14.jpg|404 
9PP181L07|http://webapps.fitzmuseum.cam.ac.uk/wndev/assets/9P/9PP181L07.jpg|404 
9PP182L06|http://webapps.fitzmuseum.cam.ac.uk/wndev/assets/9P/9PP182L06.jpg|404 
9PP183L16|http://webapps.fitzmuseum.cam.ac.uk/wndev/assets/9P/9PP183L16.jpg|404 
9PP184L01|http://webapps.fitzmuseum.cam.ac.uk/wndev/assets/9P/9PP184L01.jpg|404 
9PP184L18|http://webapps.fitzmuseum.cam.ac.uk/wndev/assets/9P/9PP184L18.jpg|404 
9PP185L09|http://webapps.fitzmuseum.cam.ac.uk/wndev/assets/9P/9PP185L09.jpg|404 
9PP186L04|http://webapps.fitzmuseum.cam.ac.uk/wndev/assets/9P/9PP186L04.jpg|404 
01F01L01|http://webapps.fitzmuseum.cam.ac.uk/wndev/assets/01/01F01L.jpg|404 
01P001L01|http://webapps.fitzmuseum.cam.ac.uk/wndev/assets/01/01P001L.jpg|404 
01P001L12|http://webapps.fitzmuseum.cam.ac.uk/wndev/assets/01/01P001L.jpg|404 
01P001L17|http://webapps.fitzmuseum.cam.ac.uk/wndev/assets/01/01P001L.jpg|404 
01P002L01|http://webapps.fitzmuseum.cam.ac.uk/wndev/assets/01/01P002L.jpg|404 
01P002L11|http://webapps.fitzmuseum.cam.ac.uk/wndev/assets/01/01P002L.jpg|404 
01P002L13|http://webapps.fitzmuseum.cam.ac.uk/wndev/assets/01/01P002L.jpg|404 
01P003L01|http://webapps.fitzmuseum.cam.ac.uk/wndev/assets/01/01P003L.jpg|404 
01P003L03|http://webapps.fitzmuseum.cam.ac.uk/wndev/assets/01/01P003L.jpg|404 
01P003L08|http://webapps.fitzmuseum.cam.ac.uk/wndev/assets/01/01P003L.jpg|404 
01P003L09|http://webapps.fitzmuseum.cam.ac.uk/wndev/assets/01/01P003L.jpg|404 
01P004L01|http://webapps.fitzmuseum.cam.ac.uk/wndev/assets/01/01P004L.jpg|404 
01P004L05|http://webapps.fitzmuseum.cam.ac.uk/wndev/assets/01/01P004L.jpg|404 
01P004L09|http://webapps.fitzmuseum.cam.ac.uk/wndev/assets/01/01P004L.jpg|404 
01P004L11|http://webapps.fitzmuseum.cam.ac.uk/wndev/assets/01/01P004L.jpg|404 
01P004L15|http://webapps.fitzmuseum.cam.ac.uk/wndev/assets/01/01P004L.jpg|404 
01P004L19|http://webapps.fitzmuseum.cam.ac.uk/wndev/assets/01/01P004L.jpg|404 
01P005L01|http://webapps.fitzmuseum.cam.ac.uk/wndev/assets/01/01P005L.jpg|404 
01P005L05|http://webapps.fitzmuseum.cam.ac.uk/wndev/assets/01/01P005L.jpg|404 
01P005L07|http://webapps.fitzmuseum.cam.ac.uk/wndev/assets/01/01P005L.jpg|404 
01P005L10|http://webapps.fitzmuseum.cam.ac.uk/wndev/assets/01/01P005L.jpg|404 
01P005L14|http://webapps.fitzmuseum.cam.ac.uk/wndev/assets/01/01P005L.jpg|404 
01P005L15|http://webapps.fitzmuseum.cam.ac.uk/wndev/assets/01/01P005L.jpg|404 
01P005L18|http://webapps.fitzmuseum.cam.ac.uk/wndev/assets/01/01P005L.jpg|404 
01P006L01|http://webapps.fitzmuseum.cam.ac.uk/wndev/assets/01/01P006L.jpg|404 
01P006L04|http://webapps.fitzmuseum.cam.ac.uk/wndev/assets/01/01P006L.jpg|404 
01P006L07|http://webapps.fitzmuseum.cam.ac.uk/wndev/assets/01/01P006L.jpg|404 
01P006L08|http://webapps.fitzmuseum.cam.ac.uk/wndev/assets/01/01P006L.jpg|404 
01P006L09|http://webapps.fitzmuseum.cam.ac.uk/wndev/assets/01/01P006L.jpg|404 
01P006L10|http://webapps.fitzmuseum.cam.ac.uk/wndev/assets/01/01P006L.jpg|404 
01P006L11|http://webapps.fitzmuseum.cam.ac.uk/wndev/assets/01/01P006L.jpg|404 
01P006L16|http://webapps.fitzmuseum.cam.ac.uk/wndev/assets/01/01P006L.jpg|404 
01P006L17|http://webapps.fitzmuseum.cam.ac.uk/wndev/assets/01/01P006L.jpg|404 
01P006L19|http://webapps.fitzmuseum.cam.ac.uk/wndev/assets/01/01P006L.jpg|404 
01P007L01|http://webapps.fitzmuseum.cam.ac.uk/wndev/assets/01/01P007L.jpg|404 
01P007L08|http://webapps.fitzmuseum.cam.ac.uk/wndev/assets/01/01P007L.jpg|404 
01P007L15|http://webapps.fitzmuseum.cam.ac.uk/wndev/assets/01/01P007L.jpg|404 
01P007L18|http://webapps.fitzmuseum.cam.ac.uk/wndev/assets/01/01P007L.jpg|404 
01P008L01|http://webapps.fitzmuseum.cam.ac.uk/wndev/assets/01/01P008L.jpg|404 
01P008L03|http://webapps.fitzmuseum.cam.ac.uk/wndev/assets/01/01P008L.jpg|404 
01P008L05|http://webapps.fitzmuseum.cam.ac.uk/wndev/assets/01/01P008L.jpg|404 
01P008L10|http://webapps.fitzmuseum.cam.ac.uk/wndev/assets/01/01P008L.jpg|404 
01P008L13|http://webapps.fitzmuseum.cam.ac.uk/wndev/assets/01/01P008L.jpg|404 
01P008L15|http://webapps.fitzmuseum.cam.ac.uk/wndev/assets/01/01P008L.jpg|404 
01P009L01|http://webapps.fitzmuseum.cam.ac.uk/wndev/assets/01/01P009L.jpg|404 
01P009L03|http://webapps.fitzmuseum.cam.ac.uk/wndev/assets/01/01P009L.jpg|404 
01P009L06|http://webapps.fitzmuseum.cam.ac.uk/wndev/assets/01/01P009L.jpg|404 
01P010L01|http://webapps.fitzmuseum.cam.ac.uk/wndev/assets/01/01P010L.jpg|404 
01P010L03|http://webapps.fitzmuseum.cam.ac.uk/wndev/assets/01/01P010L.jpg|404 
01P010L05|http://webapps.fitzmuseum.cam.ac.uk/wndev/assets/01/01P010L.jpg|404 
01P010L07|http://webapps.fitzmuseum.cam.ac.uk/wndev/assets/01/01P010L.jpg|404 
01P010L09|http://webapps.fitzmuseum.cam.ac.uk/wndev/assets/01/01P010L.jpg|404 
01P010L14|http://webapps.fitzmuseum.cam.ac.uk/wndev/assets/01/01P010L.jpg|404 
01P010L19|http://webapps.fitzmuseum.cam.ac.uk/wndev/assets/01/01P010L.jpg|404 
01P011L01|http://webapps.fitzmuseum.cam.ac.uk/wndev/assets/01/01P011L.jpg|404 
01P011L05|http://webapps.fitzmuseum.cam.ac.uk/wndev/assets/01/01P011L.jpg|404 
01P011L07|http://webapps.fitzmuseum.cam.ac.uk/wndev/assets/01/01P011L.jpg|404 
01P011L13|http://webapps.fitzmuseum.cam.ac.uk/wndev/assets/01/01P011L.jpg|404 
01P011L15|http://webapps.fitzmuseum.cam.ac.uk/wndev/assets/01/01P011L.jpg|404 
01P011L21|http://webapps.fitzmuseum.cam.ac.uk/wndev/assets/01/01P011L.jpg|404 
01P012L01|http://webapps.fitzmuseum.cam.ac.uk/wndev/assets/01/01P012L.jpg|404 
01P012L04|http://webapps.fitzmuseum.cam.ac.uk/wndev/assets/01/01P012L.jpg|404 
01P012L11|http://webapps.fitzmuseum.cam.ac.uk/wndev/assets/01/01P012L.jpg|404 
01P012L13|http://webapps.fitzmuseum.cam.ac.uk/wndev/assets/01/01P012L.jpg|404 
01P012L16|http://webapps.fitzmuseum.cam.ac.uk/wndev/assets/01/01P012L.jpg|404 
01P012L17|http://webapps.fitzmuseum.cam.ac.uk/wndev/assets/01/01P012L.jpg|404 
01P013L01|http://webapps.fitzmuseum.cam.ac.uk/wndev/assets/01/01P013L.jpg|404 
01P013L03|http://webapps.fitzmuseum.cam.ac.uk/wndev/assets/01/01P013L.jpg|404 
01P013L06|http://webapps.fitzmuseum.cam.ac.uk/wndev/assets/01/01P013L.jpg|404 
01P013L08|http://webapps.fitzmuseum.cam.ac.uk/wndev/assets/01/01P013L.jpg|404 
01P013L10|http://webapps.fitzmuseum.cam.ac.uk/wndev/assets/01/01P013L.jpg|404 
01P013L13|http://webapps.fitzmuseum.cam.ac.uk/wndev/assets/01/01P013L.jpg|404 
01P013L15|http://webapps.fitzmuseum.cam.ac.uk/wndev/assets/01/01P013L.jpg|404 
01F01L01|http://webapps.fitzmuseum.cam.ac.uk/wndev/assets/01/01F01L.jpg|404 
01P001L01|http://webapps.fitzmuseum.cam.ac.uk/wndev/assets/01/01P001L.jpg|404 
01P001L12|http://webapps.fitzmuseum.cam.ac.uk/wndev/assets/01/01P001L.jpg|404 
01P001L17|http://webapps.fitzmuseum.cam.ac.uk/wndev/assets/01/01P001L.jpg|404 
01P002L01|http://webapps.fitzmuseum.cam.ac.uk/wndev/assets/01/01P002L.jpg|404 
01P002L11|http://webapps.fitzmuseum.cam.ac.uk/wndev/assets/01/01P002L.jpg|404 
01P002L13|http://webapps.fitzmuseum.cam.ac.uk/wndev/assets/01/01P002L.jpg|404 
01P003L01|http://webapps.fitzmuseum.cam.ac.uk/wndev/assets/01/01P003L.jpg|404 
01P003L03|http://webapps.fitzmuseum.cam.ac.uk/wndev/assets/01/01P003L.jpg|404 
01P003L08|http://webapps.fitzmuseum.cam.ac.uk/wndev/assets/01/01P003L.jpg|404 
01P003L09|http://webapps.fitzmuseum.cam.ac.uk/wndev/assets/01/01P003L.jpg|404 
01P004L01|http://webapps.fitzmuseum.cam.ac.uk/wndev/assets/01/01P004L.jpg|404 
01P004L05|http://webapps.fitzmuseum.cam.ac.uk/wndev/assets/01/01P004L.jpg|404 
01P004L09|http://webapps.fitzmuseum.cam.ac.uk/wndev/assets/01/01P004L.jpg|404 
01P004L11|http://webapps.fitzmuseum.cam.ac.uk/wndev/assets/01/01P004L.jpg|404 
01P004L15|http://webapps.fitzmuseum.cam.ac.uk/wndev/assets/01/01P004L.jpg|404 
01P004L19|http://webapps.fitzmuseum.cam.ac.uk/wndev/assets/01/01P004L.jpg|404 
01P005L01|http://webapps.fitzmuseum.cam.ac.uk/wndev/assets/01/01P005L.jpg|404 
01P005L05|http://webapps.fitzmuseum.cam.ac.uk/wndev/assets/01/01P005L.jpg|404 
01P005L07|http://webapps.fitzmuseum.cam.ac.uk/wndev/assets/01/01P005L.jpg|404 
01P005L10|http://webapps.fitzmuseum.cam.ac.uk/wndev/assets/01/01P005L.jpg|404 
01P005L14|http://webapps.fitzmuseum.cam.ac.uk/wndev/assets/01/01P005L.jpg|404 
01P005L15|http://webapps.fitzmuseum.cam.ac.uk/wndev/assets/01/01P005L.jpg|404 
01P005L18|http://webapps.fitzmuseum.cam.ac.uk/wndev/assets/01/01P005L.jpg|404 
01P006L01|http://webapps.fitzmuseum.cam.ac.uk/wndev/assets/01/01P006L.jpg|404 
01P006L04|http://webapps.fitzmuseum.cam.ac.uk/wndev/assets/01/01P006L.jpg|404 
01P006L07|http://webapps.fitzmuseum.cam.ac.uk/wndev/assets/01/01P006L.jpg|404 
01P006L08|http://webapps.fitzmuseum.cam.ac.uk/wndev/assets/01/01P006L.jpg|404 
01P006L09|http://webapps.fitzmuseum.cam.ac.uk/wndev/assets/01/01P006L.jpg|404 
01P006L10|http://webapps.fitzmuseum.cam.ac.uk/wndev/assets/01/01P006L.jpg|404 
01P006L11|http://webapps.fitzmuseum.cam.ac.uk/wndev/assets/01/01P006L.jpg|404 
01P006L16|http://webapps.fitzmuseum.cam.ac.uk/wndev/assets/01/01P006L.jpg|404 
01P006L17|http://webapps.fitzmuseum.cam.ac.uk/wndev/assets/01/01P006L.jpg|404 
01P006L19|http://webapps.fitzmuseum.cam.ac.uk/wndev/assets/01/01P006L.jpg|404 
01P007L01|http://webapps.fitzmuseum.cam.ac.uk/wndev/assets/01/01P007L.jpg|404 
01P007L08|http://webapps.fitzmuseum.cam.ac.uk/wndev/assets/01/01P007L.jpg|404 
01P007L15|http://webapps.fitzmuseum.cam.ac.uk/wndev/assets/01/01P007L.jpg|404 
01P007L18|http://webapps.fitzmuseum.cam.ac.uk/wndev/assets/01/01P007L.jpg|404 
01P008L01|http://webapps.fitzmuseum.cam.ac.uk/wndev/assets/01/01P008L.jpg|404 
01P008L03|http://webapps.fitzmuseum.cam.ac.uk/wndev/assets/01/01P008L.jpg|404 
01P008L05|http://webapps.fitzmuseum.cam.ac.uk/wndev/assets/01/01P008L.jpg|404 
01P008L10|http://webapps.fitzmuseum.cam.ac.uk/wndev/assets/01/01P008L.jpg|404 
01P008L13|http://webapps.fitzmuseum.cam.ac.uk/wndev/assets/01/01P008L.jpg|404 
01P008L15|http://webapps.fitzmuseum.cam.ac.uk/wndev/assets/01/01P008L.jpg|404 
01P009L01|http://webapps.fitzmuseum.cam.ac.uk/wndev/assets/01/01P009L.jpg|404 
01P009L03|http://webapps.fitzmuseum.cam.ac.uk/wndev/assets/01/01P009L.jpg|404 
01P009L06|http://webapps.fitzmuseum.cam.ac.uk/wndev/assets/01/01P009L.jpg|404 
01P010L01|http://webapps.fitzmuseum.cam.ac.uk/wndev/assets/01/01P010L.jpg|404 
01P010L03|http://webapps.fitzmuseum.cam.ac.uk/wndev/assets/01/01P010L.jpg|404 
01P010L05|http://webapps.fitzmuseum.cam.ac.uk/wndev/assets/01/01P010L.jpg|404 
01P010L07|http://webapps.fitzmuseum.cam.ac.uk/wndev/assets/01/01P010L.jpg|404 
01P010L09|http://webapps.fitzmuseum.cam.ac.uk/wndev/assets/01/01P010L.jpg|404 
01P010L14|http://webapps.fitzmuseum.cam.ac.uk/wndev/assets/01/01P010L.jpg|404 
01P010L19|http://webapps.fitzmuseum.cam.ac.uk/wndev/assets/01/01P010L.jpg|404 
01P011L01|http://webapps.fitzmuseum.cam.ac.uk/wndev/assets/01/01P011L.jpg|404 
01P011L05|http://webapps.fitzmuseum.cam.ac.uk/wndev/assets/01/01P011L.jpg|404 
01P011L07|http://webapps.fitzmuseum.cam.ac.uk/wndev/assets/01/01P011L.jpg|404 
01P011L13|http://webapps.fitzmuseum.cam.ac.uk/wndev/assets/01/01P011L.jpg|404 
01P011L15|http://webapps.fitzmuseum.cam.ac.uk/wndev/assets/01/01P011L.jpg|404 
01P011L21|http://webapps.fitzmuseum.cam.ac.uk/wndev/assets/01/01P011L.jpg|404 
01P012L01|http://webapps.fitzmuseum.cam.ac.uk/wndev/assets/01/01P012L.jpg|404 
01P012L04|http://webapps.fitzmuseum.cam.ac.uk/wndev/assets/01/01P012L.jpg|404 
01P012L11|http://webapps.fitzmuseum.cam.ac.uk/wndev/assets/01/01P012L.jpg|404 
01P012L13|http://webapps.fitzmuseum.cam.ac.uk/wndev/assets/01/01P012L.jpg|404 
01P012L16|http://webapps.fitzmuseum.cam.ac.uk/wndev/assets/01/01P012L.jpg|404 
01P012L17|http://webapps.fitzmuseum.cam.ac.uk/wndev/assets/01/01P012L.jpg|404 
01P013L01|http://webapps.fitzmuseum.cam.ac.uk/wndev/assets/01/01P013L.jpg|404 
01P013L03|http://webapps.fitzmuseum.cam.ac.uk/wndev/assets/01/01P013L.jpg|404 
01P013L06|http://webapps.fitzmuseum.cam.ac.uk/wndev/assets/01/01P013L.jpg|404 
01P013L08|http://webapps.fitzmuseum.cam.ac.uk/wndev/assets/01/01P013L.jpg|404 
01P013L10|http://webapps.fitzmuseum.cam.ac.uk/wndev/assets/01/01P013L.jpg|404 
01P013L13|http://webapps.fitzmuseum.cam.ac.uk/wndev/assets/01/01P013L.jpg|404 
01P013L15|http://webapps.fitzmuseum.cam.ac.uk/wndev/assets/01/01P013L.jpg|404 
A3P001AL01|http://webapps.fitzmuseum.cam.ac.uk/wndev/assets/A3/A3P001A.jpg|404 
DRP056AL1|http://webapps.fitzmuseum.cam.ac.uk/wndev/assets/DR/DRP056.jpg|404 
M2COVER|http://webapps.fitzmuseum.cam.ac.uk/wndev/assets/M2/M2CO.jpg|404 
M2P012BL011|http://webapps.fitzmuseum.cam.ac.uk/wndev/assets/M2/M2P012BL.jpg|404 
P2P047BL1|http://webapps.fitzmuseum.cam.ac.uk/wndev/assets/P2/P2P047.jpg|404 
P4P061LL07|http://webapps.fitzmuseum.cam.ac.uk/wndev/assets/P4/P4P061L.jpg|404 
P4P155AL011|http://webapps.fitzmuseum.cam.ac.uk/wndev/assets/P4/P4P155AL.jpg|404 
X3P054L1|http://webapps.fitzmuseum.cam.ac.uk/wndev/assets/X3/X3P05.jpg|404 
X4P021L1|http://webapps.fitzmuseum.cam.ac.uk/wndev/assets/X4/X4P02.jpg|404 
X8P101L7|http://webapps.fitzmuseum.cam.ac.uk/wndev/assets/X8/X8P10.jpg|404 
